[0.031s][info][gc,init] CardTable entry size: 512
[0.032s][info][gc     ] Using G1
[2.623s][info][gc,init] Version: 21.0.6+7-LTS (release)
[2.623s][info][gc,init] CPUs: 4 total, 4 available
[2.623s][info][gc,init] Memory: 23980M
[2.623s][info][gc,init] Large Page Support: Disabled
[2.623s][info][gc,init] NUMA Support: Disabled
[2.623s][info][gc,init] Compressed Oops: Enabled (Zero based)
[2.623s][info][gc,init] Heap Region Size: 8M
[2.623s][info][gc,init] Heap Min Capacity: 8G
[2.623s][info][gc,init] Heap Initial Capacity: 8G
[2.623s][info][gc,init] Heap Max Capacity: 8G
[2.624s][info][gc,init] Pre-touch: Enabled
[2.624s][info][gc,init] Parallel Workers: 4
[2.624s][info][gc,init] Concurrent Workers: 1
[2.624s][info][gc,init] Concurrent Refinement Workers: 4
[2.624s][info][gc,init] Periodic GC: Disabled
[2.637s][info][gc,metaspace] CDS archive(s) mapped at: [0x0000004800000000-0x0000004800ca0000-0x0000004800ca0000), size 13238272, SharedBaseAddress: 0x0000004800000000, ArchiveRelocationMode: 1.
[2.637s][info][gc,metaspace] Compressed class space mapped at: 0x0000004801000000-0x0000004841000000, reserved size: 1073741824
[2.637s][info][gc,metaspace] Narrow klass base: 0x0000004800000000, Narrow klass shift: 0, Narrow klass range: 0x100000000
[3.964s][info][gc,start    ] GC(0) Pause Young (Concurrent Start) (Metadata GC Threshold)
[3.964s][info][gc,task     ] GC(0) Using 4 workers of 4 for evacuation
[3.973s][info][gc,phases   ] GC(0)   Pre Evacuate Collection Set: 0.4ms
[3.973s][info][gc,phases   ] GC(0)   Merge Heap Roots: 0.1ms
[3.973s][info][gc,phases   ] GC(0)   Evacuate Collection Set: 6.8ms
[3.973s][info][gc,phases   ] GC(0)   Post Evacuate Collection Set: 1.0ms
[3.973s][info][gc,phases   ] GC(0)   Other: 1.0ms
[3.973s][info][gc,heap     ] GC(0) Eden regions: 11->0(202)
[3.973s][info][gc,heap     ] GC(0) Survivor regions: 0->2(26)
[3.973s][info][gc,heap     ] GC(0) Old regions: 1->1
[3.973s][info][gc,heap     ] GC(0) Humongous regions: 0->0
[3.973s][info][gc,metaspace] GC(0) Metaspace: 21188K(21504K)->21188K(21504K) NonClass: 18718K(18880K)->18718K(18880K) Class: 2469K(2624K)->2469K(2624K)
[3.973s][info][gc          ] GC(0) Pause Young (Concurrent Start) (Metadata GC Threshold) 85M->9M(8192M) 9.414ms
[3.973s][info][gc          ] GC(1) Concurrent Mark Cycle
[3.973s][info][gc,marking  ] GC(1) Concurrent Scan Root Regions
[3.973s][info][gc,cpu      ] GC(0) User=0.03s Sys=0.00s Real=0.01s
[3.979s][info][gc,marking  ] GC(1) Concurrent Scan Root Regions 5.937ms
[3.979s][info][gc,marking  ] GC(1) Concurrent Mark
[3.979s][info][gc,marking  ] GC(1) Concurrent Mark From Roots
[3.979s][info][gc,task     ] GC(1) Using 1 workers of 1 for marking
[3.982s][info][gc,marking  ] GC(1) Concurrent Mark From Roots 3.374ms
[3.982s][info][gc,marking  ] GC(1) Concurrent Preclean
[3.982s][info][gc,marking  ] GC(1) Concurrent Preclean 0.007ms
[3.983s][info][gc,start    ] GC(1) Pause Remark
[3.987s][info][gc          ] GC(1) Pause Remark 21M->21M(8192M) 4.614ms
[3.987s][info][gc,cpu      ] GC(1) User=0.01s Sys=0.00s Real=0.00s
[3.987s][info][gc,marking  ] GC(1) Concurrent Mark 8.438ms
[3.987s][info][gc,marking  ] GC(1) Concurrent Rebuild Remembered Sets and Scrub Regions
[3.988s][info][gc,marking  ] GC(1) Concurrent Rebuild Remembered Sets and Scrub Regions 0.743ms
[3.989s][info][gc,start    ] GC(1) Pause Cleanup
[3.989s][info][gc          ] GC(1) Pause Cleanup 21M->21M(8192M) 0.194ms
[3.989s][info][gc,cpu      ] GC(1) User=0.00s Sys=0.00s Real=0.01s
[3.989s][info][gc,marking  ] GC(1) Concurrent Clear Claimed Marks
[3.989s][info][gc,marking  ] GC(1) Concurrent Clear Claimed Marks 0.052ms
[3.989s][info][gc,marking  ] GC(1) Concurrent Cleanup for Next Mark
[3.996s][info][gc,marking  ] GC(1) Concurrent Cleanup for Next Mark 7.035ms
[3.996s][info][gc          ] GC(1) Concurrent Mark Cycle 23.326ms
[5.347s][info][gc,start    ] GC(2) Pause Young (Prepare Mixed) (Metadata GC Threshold)
[5.347s][info][gc,task     ] GC(2) Using 4 workers of 4 for evacuation
[5.361s][info][gc,phases   ] GC(2)   Pre Evacuate Collection Set: 0.2ms
[5.361s][info][gc,phases   ] GC(2)   Merge Heap Roots: 0.0ms
[5.361s][info][gc,phases   ] GC(2)   Evacuate Collection Set: 12.5ms
[5.361s][info][gc,phases   ] GC(2)   Post Evacuate Collection Set: 0.8ms
[5.361s][info][gc,phases   ] GC(2)   Other: 0.0ms
[5.361s][info][gc,heap     ] GC(2) Eden regions: 10->0(201)
[5.361s][info][gc,heap     ] GC(2) Survivor regions: 2->3(26)
[5.361s][info][gc,heap     ] GC(2) Old regions: 1->1
[5.361s][info][gc,heap     ] GC(2) Humongous regions: 2->2
[5.361s][info][gc,metaspace] GC(2) Metaspace: 35495K(35968K)->35495K(35968K) NonClass: 31247K(31488K)->31247K(31488K) Class: 4247K(4480K)->4247K(4480K)
[5.361s][info][gc          ] GC(2) Pause Young (Prepare Mixed) (Metadata GC Threshold) 105M->33M(8192M) 13.957ms
[5.361s][info][gc,cpu      ] GC(2) User=0.04s Sys=0.01s Real=0.02s
[5.390s][info][gc,start    ] GC(3) Pause Young (Mixed) (Metadata GC Threshold)
[5.390s][info][gc,task     ] GC(3) Using 4 workers of 4 for evacuation
[5.404s][info][gc,phases   ] GC(3)   Pre Evacuate Collection Set: 0.3ms
[5.404s][info][gc,phases   ] GC(3)   Merge Heap Roots: 0.0ms
[5.404s][info][gc,phases   ] GC(3)   Evacuate Collection Set: 13.1ms
[5.404s][info][gc,phases   ] GC(3)   Post Evacuate Collection Set: 0.9ms
[5.404s][info][gc,phases   ] GC(3)   Other: 0.0ms
[5.404s][info][gc,heap     ] GC(3) Eden regions: 1->0(201)
[5.404s][info][gc,heap     ] GC(3) Survivor regions: 3->3(26)
[5.404s][info][gc,heap     ] GC(3) Old regions: 1->1
[5.404s][info][gc,heap     ] GC(3) Humongous regions: 2->2
[5.404s][info][gc,metaspace] GC(3) Metaspace: 35867K(36288K)->35867K(36288K) NonClass: 31566K(31808K)->31566K(31808K) Class: 4300K(4480K)->4300K(4480K)
[5.404s][info][gc          ] GC(3) Pause Young (Mixed) (Metadata GC Threshold) 41M->34M(8192M) 14.537ms
[5.404s][info][gc,cpu      ] GC(3) User=0.03s Sys=0.00s Real=0.01s
[5.432s][info][gc,start    ] GC(4) Pause Young (Concurrent Start) (Metadata GC Threshold)
[5.432s][info][gc,task     ] GC(4) Using 4 workers of 4 for evacuation
[5.447s][info][gc,phases   ] GC(4)   Pre Evacuate Collection Set: 0.2ms
[5.447s][info][gc,phases   ] GC(4)   Merge Heap Roots: 0.0ms
[5.447s][info][gc,phases   ] GC(4)   Evacuate Collection Set: 13.8ms
[5.447s][info][gc,phases   ] GC(4)   Post Evacuate Collection Set: 0.9ms
[5.447s][info][gc,phases   ] GC(4)   Other: 0.1ms
[5.447s][info][gc,heap     ] GC(4) Eden regions: 1->0(201)
[5.447s][info][gc,heap     ] GC(4) Survivor regions: 3->3(26)
[5.447s][info][gc,heap     ] GC(4) Old regions: 1->1
[5.447s][info][gc,heap     ] GC(4) Humongous regions: 2->2
[5.447s][info][gc,metaspace] GC(4) Metaspace: 36218K(36608K)->36218K(36608K) NonClass: 31859K(32064K)->31859K(32064K) Class: 4359K(4544K)->4359K(4544K)
[5.447s][info][gc          ] GC(4) Pause Young (Concurrent Start) (Metadata GC Threshold) 42M->34M(8192M) 15.275ms
[5.447s][info][gc,cpu      ] GC(4) User=0.03s Sys=0.01s Real=0.01s
[5.447s][info][gc          ] GC(5) Concurrent Mark Cycle
[5.447s][info][gc,marking  ] GC(5) Concurrent Scan Root Regions
[5.454s][info][gc,marking  ] GC(5) Concurrent Scan Root Regions 7.040ms
[5.454s][info][gc,marking  ] GC(5) Concurrent Mark
[5.454s][info][gc,marking  ] GC(5) Concurrent Mark From Roots
[5.455s][info][gc,task     ] GC(5) Using 1 workers of 1 for marking
[5.456s][info][gc,marking  ] GC(5) Concurrent Mark From Roots 1.706ms
[5.456s][info][gc,marking  ] GC(5) Concurrent Preclean
[5.456s][info][gc,marking  ] GC(5) Concurrent Preclean 0.007ms
[5.456s][info][gc,start    ] GC(5) Pause Remark
[5.460s][info][gc          ] GC(5) Pause Remark 42M->42M(8192M) 3.473ms
[5.460s][info][gc,cpu      ] GC(5) User=0.01s Sys=0.00s Real=0.01s
[5.460s][info][gc,marking  ] GC(5) Concurrent Mark 5.519ms
[5.460s][info][gc,marking  ] GC(5) Concurrent Rebuild Remembered Sets and Scrub Regions
[5.461s][info][gc,marking  ] GC(5) Concurrent Rebuild Remembered Sets and Scrub Regions 0.570ms
[5.461s][info][gc,start    ] GC(5) Pause Cleanup
[5.461s][info][gc          ] GC(5) Pause Cleanup 42M->42M(8192M) 0.129ms
[5.461s][info][gc,cpu      ] GC(5) User=0.00s Sys=0.00s Real=0.00s
[5.461s][info][gc,marking  ] GC(5) Concurrent Clear Claimed Marks
[5.461s][info][gc,marking  ] GC(5) Concurrent Clear Claimed Marks 0.044ms
[5.461s][info][gc,marking  ] GC(5) Concurrent Cleanup for Next Mark
[5.468s][info][gc,marking  ] GC(5) Concurrent Cleanup for Next Mark 6.598ms
[5.468s][info][gc          ] GC(5) Concurrent Mark Cycle 20.315ms
