[0.031s][info][gc,init] CardTable entry size: 512
[0.031s][info][gc     ] Using G1
[2.832s][info][gc,init] Version: 21.0.6+7-LTS (release)
[2.832s][info][gc,init] CPUs: 4 total, 4 available
[2.833s][info][gc,init] Memory: 23980M
[2.833s][info][gc,init] Large Page Support: Disabled
[2.833s][info][gc,init] NUMA Support: Disabled
[2.833s][info][gc,init] Compressed Oops: Enabled (Zero based)
[2.833s][info][gc,init] Heap Region Size: 8M
[2.833s][info][gc,init] Heap Min Capacity: 8G
[2.833s][info][gc,init] Heap Initial Capacity: 8G
[2.833s][info][gc,init] Heap Max Capacity: 8G
[2.833s][info][gc,init] Pre-touch: Enabled
[2.833s][info][gc,init] Parallel Workers: 4
[2.833s][info][gc,init] Concurrent Workers: 1
[2.833s][info][gc,init] Concurrent Refinement Workers: 4
[2.833s][info][gc,init] Periodic GC: Disabled
[2.846s][info][gc,metaspace] CDS archive(s) mapped at: [0x000000d800000000-0x000000d800ca0000-0x000000d800ca0000), size 13238272, SharedBaseAddress: 0x000000d800000000, ArchiveRelocationMode: 1.
[2.846s][info][gc,metaspace] Compressed class space mapped at: 0x000000d801000000-0x000000d841000000, reserved size: 1073741824
[2.846s][info][gc,metaspace] Narrow klass base: 0x000000d800000000, Narrow klass shift: 0, Narrow klass range: 0x100000000
[4.126s][info][gc,start    ] GC(0) Pause Young (Concurrent Start) (Metadata GC Threshold)
[4.126s][info][gc,task     ] GC(0) Using 4 workers of 4 for evacuation
[4.132s][info][gc,phases   ] GC(0)   Pre Evacuate Collection Set: 0.2ms
[4.132s][info][gc,phases   ] GC(0)   Merge Heap Roots: 0.1ms
[4.132s][info][gc,phases   ] GC(0)   Evacuate Collection Set: 5.0ms
[4.132s][info][gc,phases   ] GC(0)   Post Evacuate Collection Set: 0.6ms
[4.132s][info][gc,phases   ] GC(0)   Other: 0.1ms
[4.132s][info][gc,heap     ] GC(0) Eden regions: 11->0(202)
[4.132s][info][gc,heap     ] GC(0) Survivor regions: 0->2(26)
[4.132s][info][gc,heap     ] GC(0) Old regions: 1->1
[4.132s][info][gc,heap     ] GC(0) Humongous regions: 0->0
[4.132s][info][gc,metaspace] GC(0) Metaspace: 21198K(21504K)->21198K(21504K) NonClass: 18719K(18880K)->18719K(18880K) Class: 2478K(2624K)->2478K(2624K)
[4.132s][info][gc          ] GC(0) Pause Young (Concurrent Start) (Metadata GC Threshold) 89M->10M(8192M) 6.164ms
[4.132s][info][gc,cpu      ] GC(0) User=0.02s Sys=0.01s Real=0.01s
[4.132s][info][gc          ] GC(1) Concurrent Mark Cycle
[4.132s][info][gc,marking  ] GC(1) Concurrent Scan Root Regions
[4.137s][info][gc,marking  ] GC(1) Concurrent Scan Root Regions 4.617ms
[4.137s][info][gc,marking  ] GC(1) Concurrent Mark
[4.137s][info][gc,marking  ] GC(1) Concurrent Mark From Roots
[4.137s][info][gc,task     ] GC(1) Using 1 workers of 1 for marking
[4.139s][info][gc,marking  ] GC(1) Concurrent Mark From Roots 1.945ms
[4.139s][info][gc,marking  ] GC(1) Concurrent Preclean
[4.139s][info][gc,marking  ] GC(1) Concurrent Preclean 0.010ms
[4.139s][info][gc,start    ] GC(1) Pause Remark
[4.141s][info][gc          ] GC(1) Pause Remark 18M->18M(8192M) 2.247ms
[4.141s][info][gc,cpu      ] GC(1) User=0.00s Sys=0.00s Real=0.00s
[4.141s][info][gc,marking  ] GC(1) Concurrent Mark 4.473ms
[4.141s][info][gc,marking  ] GC(1) Concurrent Rebuild Remembered Sets and Scrub Regions
[4.142s][info][gc,marking  ] GC(1) Concurrent Rebuild Remembered Sets and Scrub Regions 0.661ms
[4.142s][info][gc,start    ] GC(1) Pause Cleanup
[4.142s][info][gc          ] GC(1) Pause Cleanup 18M->18M(8192M) 0.168ms
[4.142s][info][gc,cpu      ] GC(1) User=0.00s Sys=0.00s Real=0.00s
[4.142s][info][gc,marking  ] GC(1) Concurrent Clear Claimed Marks
[4.142s][info][gc,marking  ] GC(1) Concurrent Clear Claimed Marks 0.022ms
[4.142s][info][gc,marking  ] GC(1) Concurrent Cleanup for Next Mark
[4.149s][info][gc,marking  ] GC(1) Concurrent Cleanup for Next Mark 6.819ms
[4.149s][info][gc          ] GC(1) Concurrent Mark Cycle 17.198ms
[5.398s][info][gc,start    ] GC(2) Pause Young (Prepare Mixed) (Metadata GC Threshold)
[5.398s][info][gc,task     ] GC(2) Using 4 workers of 4 for evacuation
[5.415s][info][gc,phases   ] GC(2)   Pre Evacuate Collection Set: 0.2ms
[5.415s][info][gc,phases   ] GC(2)   Merge Heap Roots: 0.1ms
[5.415s][info][gc,phases   ] GC(2)   Evacuate Collection Set: 16.2ms
[5.415s][info][gc,phases   ] GC(2)   Post Evacuate Collection Set: 1.1ms
[5.415s][info][gc,phases   ] GC(2)   Other: 0.1ms
[5.415s][info][gc,heap     ] GC(2) Eden regions: 12->0(201)
[5.415s][info][gc,heap     ] GC(2) Survivor regions: 2->3(26)
[5.415s][info][gc,heap     ] GC(2) Old regions: 1->1
[5.415s][info][gc,heap     ] GC(2) Humongous regions: 2->2
[5.415s][info][gc,metaspace] GC(2) Metaspace: 35652K(36096K)->35652K(36096K) NonClass: 31375K(31616K)->31375K(31616K) Class: 4277K(4480K)->4277K(4480K)
[5.415s][info][gc          ] GC(2) Pause Young (Prepare Mixed) (Metadata GC Threshold) 122M->33M(8192M) 17.821ms
[5.415s][info][gc,cpu      ] GC(2) User=0.06s Sys=0.00s Real=0.01s
[5.436s][info][gc,start    ] GC(3) Pause Young (Mixed) (Metadata GC Threshold)
[5.436s][info][gc,task     ] GC(3) Using 4 workers of 4 for evacuation
[5.452s][info][gc,phases   ] GC(3)   Pre Evacuate Collection Set: 0.2ms
[5.452s][info][gc,phases   ] GC(3)   Merge Heap Roots: 0.0ms
[5.452s][info][gc,phases   ] GC(3)   Evacuate Collection Set: 14.0ms
[5.452s][info][gc,phases   ] GC(3)   Post Evacuate Collection Set: 1.2ms
[5.452s][info][gc,phases   ] GC(3)   Other: 0.0ms
[5.452s][info][gc,heap     ] GC(3) Eden regions: 1->0(201)
[5.452s][info][gc,heap     ] GC(3) Survivor regions: 3->3(26)
[5.452s][info][gc,heap     ] GC(3) Old regions: 1->1
[5.452s][info][gc,heap     ] GC(3) Humongous regions: 2->2
[5.452s][info][gc,metaspace] GC(3) Metaspace: 35888K(36416K)->35888K(36416K) NonClass: 31575K(31808K)->31575K(31808K) Class: 4312K(4608K)->4312K(4608K)
[5.452s][info][gc          ] GC(3) Pause Young (Mixed) (Metadata GC Threshold) 41M->34M(8192M) 15.660ms
[5.452s][info][gc,cpu      ] GC(3) User=0.04s Sys=0.00s Real=0.02s
[5.473s][info][gc,start    ] GC(4) Pause Young (Concurrent Start) (Metadata GC Threshold)
[5.473s][info][gc,task     ] GC(4) Using 4 workers of 4 for evacuation
[5.485s][info][gc,phases   ] GC(4)   Pre Evacuate Collection Set: 0.3ms
[5.485s][info][gc,phases   ] GC(4)   Merge Heap Roots: 0.0ms
[5.485s][info][gc,phases   ] GC(4)   Evacuate Collection Set: 9.1ms
[5.485s][info][gc,phases   ] GC(4)   Post Evacuate Collection Set: 1.5ms
[5.485s][info][gc,phases   ] GC(4)   Other: 0.1ms
[5.485s][info][gc,heap     ] GC(4) Eden regions: 1->0(201)
[5.485s][info][gc,heap     ] GC(4) Survivor regions: 3->3(26)
[5.485s][info][gc,heap     ] GC(4) Old regions: 1->1
[5.485s][info][gc,heap     ] GC(4) Humongous regions: 2->2
[5.485s][info][gc,metaspace] GC(4) Metaspace: 36189K(36736K)->36189K(36736K) NonClass: 31826K(32128K)->31826K(32128K) Class: 4363K(4608K)->4363K(4608K)
[5.485s][info][gc          ] GC(4) Pause Young (Concurrent Start) (Metadata GC Threshold) 41M->35M(8192M) 11.252ms
[5.485s][info][gc,cpu      ] GC(4) User=0.02s Sys=0.01s Real=0.01s
[5.485s][info][gc          ] GC(5) Concurrent Mark Cycle
[5.485s][info][gc,marking  ] GC(5) Concurrent Scan Root Regions
[5.492s][info][gc,marking  ] GC(5) Concurrent Scan Root Regions 7.508ms
[5.492s][info][gc,marking  ] GC(5) Concurrent Mark
[5.492s][info][gc,marking  ] GC(5) Concurrent Mark From Roots
[5.492s][info][gc,task     ] GC(5) Using 1 workers of 1 for marking
[5.494s][info][gc,marking  ] GC(5) Concurrent Mark From Roots 2.091ms
[5.494s][info][gc,marking  ] GC(5) Concurrent Preclean
[5.494s][info][gc,marking  ] GC(5) Concurrent Preclean 0.009ms
[5.495s][info][gc,start    ] GC(5) Pause Remark
[5.498s][info][gc          ] GC(5) Pause Remark 43M->43M(8192M) 2.911ms
[5.498s][info][gc,cpu      ] GC(5) User=0.01s Sys=0.00s Real=0.01s
[5.498s][info][gc,marking  ] GC(5) Concurrent Mark 5.249ms
[5.498s][info][gc,marking  ] GC(5) Concurrent Rebuild Remembered Sets and Scrub Regions
[5.498s][info][gc,marking  ] GC(5) Concurrent Rebuild Remembered Sets and Scrub Regions 0.846ms
[5.499s][info][gc,start    ] GC(5) Pause Cleanup
[5.499s][info][gc          ] GC(5) Pause Cleanup 43M->43M(8192M) 0.127ms
[5.499s][info][gc,cpu      ] GC(5) User=0.00s Sys=0.00s Real=0.00s
[5.499s][info][gc,marking  ] GC(5) Concurrent Clear Claimed Marks
[5.499s][info][gc,marking  ] GC(5) Concurrent Clear Claimed Marks 0.123ms
[5.499s][info][gc,marking  ] GC(5) Concurrent Cleanup for Next Mark
[5.506s][info][gc,marking  ] GC(5) Concurrent Cleanup for Next Mark 6.987ms
[5.506s][info][gc          ] GC(5) Concurrent Mark Cycle 21.551ms
[18929.494s][info][gc,heap,exit] Heap
[18929.494s][info][gc,heap,exit]  garbage-first heap   total 8388608K, used 384530K [0x0000000600000000, 0x0000000800000000)
[18929.494s][info][gc,heap,exit]   region size 8192K, 42 young (344064K), 3 survivors (24576K)
[18929.494s][info][gc,heap,exit]  Metaspace       used 41340K, committed 41984K, reserved 1114112K
[18929.494s][info][gc,heap,exit]   class space    used 4984K, committed 5312K, reserved 1048576K
