[0.029s][info][gc,init] CardTable entry size: 512
[0.029s][info][gc     ] Using G1
[2.511s][info][gc,init] Version: 21.0.6+7-LTS (release)
[2.511s][info][gc,init] CPUs: 4 total, 4 available
[2.511s][info][gc,init] Memory: 23980M
[2.511s][info][gc,init] Large Page Support: Disabled
[2.511s][info][gc,init] NUMA Support: Disabled
[2.511s][info][gc,init] Compressed Oops: Enabled (Zero based)
[2.511s][info][gc,init] Heap Region Size: 8M
[2.511s][info][gc,init] Heap Min Capacity: 8G
[2.511s][info][gc,init] Heap Initial Capacity: 8G
[2.511s][info][gc,init] Heap Max Capacity: 8G
[2.511s][info][gc,init] Pre-touch: Enabled
[2.511s][info][gc,init] Parallel Workers: 4
[2.511s][info][gc,init] Concurrent Workers: 1
[2.511s][info][gc,init] Concurrent Refinement Workers: 4
[2.511s][info][gc,init] Periodic GC: Disabled
[2.524s][info][gc,metaspace] CDS archive(s) mapped at: [0x000000d800000000-0x000000d800ca0000-0x000000d800ca0000), size 13238272, SharedBaseAddress: 0x000000d800000000, ArchiveRelocationMode: 1.
[2.524s][info][gc,metaspace] Compressed class space mapped at: 0x000000d801000000-0x000000d841000000, reserved size: 1073741824
[2.524s][info][gc,metaspace] Narrow klass base: 0x000000d800000000, Narrow klass shift: 0, Narrow klass range: 0x100000000
[3.801s][info][gc,start    ] GC(0) Pause Young (Concurrent Start) (Metadata GC Threshold)
[3.801s][info][gc,task     ] GC(0) Using 4 workers of 4 for evacuation
[3.808s][info][gc,phases   ] GC(0)   Pre Evacuate Collection Set: 0.3ms
[3.808s][info][gc,phases   ] GC(0)   Merge Heap Roots: 0.1ms
[3.808s][info][gc,phases   ] GC(0)   Evacuate Collection Set: 5.4ms
[3.808s][info][gc,phases   ] GC(0)   Post Evacuate Collection Set: 0.6ms
[3.808s][info][gc,phases   ] GC(0)   Other: 0.1ms
[3.808s][info][gc,heap     ] GC(0) Eden regions: 11->0(202)
[3.808s][info][gc,heap     ] GC(0) Survivor regions: 0->2(26)
[3.808s][info][gc,heap     ] GC(0) Old regions: 1->1
[3.808s][info][gc,heap     ] GC(0) Humongous regions: 0->0
[3.808s][info][gc,metaspace] GC(0) Metaspace: 21185K(21504K)->21185K(21504K) NonClass: 18722K(18880K)->18722K(18880K) Class: 2463K(2624K)->2463K(2624K)
[3.808s][info][gc          ] GC(0) Pause Young (Concurrent Start) (Metadata GC Threshold) 85M->9M(8192M) 6.872ms
[3.808s][info][gc,cpu      ] GC(0) User=0.02s Sys=0.00s Real=0.00s
[3.808s][info][gc          ] GC(1) Concurrent Mark Cycle
[3.808s][info][gc,marking  ] GC(1) Concurrent Scan Root Regions
[3.812s][info][gc,marking  ] GC(1) Concurrent Scan Root Regions 4.135ms
[3.812s][info][gc,marking  ] GC(1) Concurrent Mark
[3.812s][info][gc,marking  ] GC(1) Concurrent Mark From Roots
[3.812s][info][gc,task     ] GC(1) Using 1 workers of 1 for marking
[3.814s][info][gc,marking  ] GC(1) Concurrent Mark From Roots 1.757ms
[3.814s][info][gc,marking  ] GC(1) Concurrent Preclean
[3.814s][info][gc,marking  ] GC(1) Concurrent Preclean 0.010ms
[3.815s][info][gc,start    ] GC(1) Pause Remark
[3.818s][info][gc          ] GC(1) Pause Remark 17M->17M(8192M) 2.996ms
[3.818s][info][gc,cpu      ] GC(1) User=0.00s Sys=0.00s Real=0.00s
[3.818s][info][gc,marking  ] GC(1) Concurrent Mark 5.367ms
[3.818s][info][gc,marking  ] GC(1) Concurrent Rebuild Remembered Sets and Scrub Regions
[3.818s][info][gc,marking  ] GC(1) Concurrent Rebuild Remembered Sets and Scrub Regions 0.679ms
[3.819s][info][gc,start    ] GC(1) Pause Cleanup
[3.819s][info][gc          ] GC(1) Pause Cleanup 17M->17M(8192M) 0.310ms
[3.819s][info][gc,cpu      ] GC(1) User=0.00s Sys=0.00s Real=0.00s
[3.819s][info][gc,marking  ] GC(1) Concurrent Clear Claimed Marks
[3.819s][info][gc,marking  ] GC(1) Concurrent Clear Claimed Marks 0.037ms
[3.819s][info][gc,marking  ] GC(1) Concurrent Cleanup for Next Mark
[3.838s][info][gc,marking  ] GC(1) Concurrent Cleanup for Next Mark 18.482ms
[3.838s][info][gc          ] GC(1) Concurrent Mark Cycle 29.714ms
[4.945s][info][gc,start    ] GC(2) Pause Young (Prepare Mixed) (Metadata GC Threshold)
[4.945s][info][gc,task     ] GC(2) Using 4 workers of 4 for evacuation
[4.958s][info][gc,phases   ] GC(2)   Pre Evacuate Collection Set: 0.2ms
[4.958s][info][gc,phases   ] GC(2)   Merge Heap Roots: 0.0ms
[4.958s][info][gc,phases   ] GC(2)   Evacuate Collection Set: 12.5ms
[4.958s][info][gc,phases   ] GC(2)   Post Evacuate Collection Set: 0.9ms
[4.958s][info][gc,phases   ] GC(2)   Other: 0.0ms
[4.958s][info][gc,heap     ] GC(2) Eden regions: 10->0(201)
[4.958s][info][gc,heap     ] GC(2) Survivor regions: 2->3(26)
[4.958s][info][gc,heap     ] GC(2) Old regions: 1->1
[4.958s][info][gc,heap     ] GC(2) Humongous regions: 2->2
[4.958s][info][gc,metaspace] GC(2) Metaspace: 35498K(35968K)->35498K(35968K) NonClass: 31261K(31488K)->31261K(31488K) Class: 4237K(4480K)->4237K(4480K)
[4.958s][info][gc          ] GC(2) Pause Young (Prepare Mixed) (Metadata GC Threshold) 105M->34M(8192M) 13.863ms
[4.958s][info][gc,cpu      ] GC(2) User=0.04s Sys=0.00s Real=0.01s
[4.987s][info][gc,start    ] GC(3) Pause Young (Mixed) (Metadata GC Threshold)
[4.987s][info][gc,task     ] GC(3) Using 4 workers of 4 for evacuation
[5.002s][info][gc,phases   ] GC(3)   Pre Evacuate Collection Set: 0.2ms
[5.002s][info][gc,phases   ] GC(3)   Merge Heap Roots: 0.0ms
[5.002s][info][gc,phases   ] GC(3)   Evacuate Collection Set: 14.0ms
[5.002s][info][gc,phases   ] GC(3)   Post Evacuate Collection Set: 1.1ms
[5.002s][info][gc,phases   ] GC(3)   Other: 0.0ms
[5.002s][info][gc,heap     ] GC(3) Eden regions: 1->0(201)
[5.002s][info][gc,heap     ] GC(3) Survivor regions: 3->3(26)
[5.002s][info][gc,heap     ] GC(3) Old regions: 1->1
[5.002s][info][gc,heap     ] GC(3) Humongous regions: 2->2
[5.002s][info][gc,metaspace] GC(3) Metaspace: 35893K(36288K)->35893K(36288K) NonClass: 31595K(31808K)->31595K(31808K) Class: 4297K(4480K)->4297K(4480K)
[5.002s][info][gc          ] GC(3) Pause Young (Mixed) (Metadata GC Threshold) 42M->34M(8192M) 15.548ms
[5.002s][info][gc,cpu      ] GC(3) User=0.04s Sys=0.00s Real=0.02s
[5.023s][info][gc,start    ] GC(4) Pause Young (Concurrent Start) (Metadata GC Threshold)
[5.023s][info][gc,task     ] GC(4) Using 4 workers of 4 for evacuation
[5.036s][info][gc,phases   ] GC(4)   Pre Evacuate Collection Set: 0.3ms
[5.036s][info][gc,phases   ] GC(4)   Merge Heap Roots: 0.0ms
[5.036s][info][gc,phases   ] GC(4)   Evacuate Collection Set: 11.8ms
[5.036s][info][gc,phases   ] GC(4)   Post Evacuate Collection Set: 1.1ms
[5.036s][info][gc,phases   ] GC(4)   Other: 0.1ms
[5.036s][info][gc,heap     ] GC(4) Eden regions: 1->0(201)
[5.036s][info][gc,heap     ] GC(4) Survivor regions: 3->3(26)
[5.036s][info][gc,heap     ] GC(4) Old regions: 1->1
[5.036s][info][gc,heap     ] GC(4) Humongous regions: 2->2
[5.036s][info][gc,metaspace] GC(4) Metaspace: 36131K(36608K)->36131K(36608K) NonClass: 31795K(32064K)->31795K(32064K) Class: 4335K(4544K)->4335K(4544K)
[5.036s][info][gc          ] GC(4) Pause Young (Concurrent Start) (Metadata GC Threshold) 42M->34M(8192M) 13.451ms
[5.036s][info][gc,cpu      ] GC(4) User=0.05s Sys=0.00s Real=0.01s
[5.036s][info][gc          ] GC(5) Concurrent Mark Cycle
[5.036s][info][gc,marking  ] GC(5) Concurrent Scan Root Regions
[5.049s][info][gc,marking  ] GC(5) Concurrent Scan Root Regions 12.807ms
[5.049s][info][gc,marking  ] GC(5) Concurrent Mark
[5.049s][info][gc,marking  ] GC(5) Concurrent Mark From Roots
[5.049s][info][gc,task     ] GC(5) Using 1 workers of 1 for marking
[5.051s][info][gc,marking  ] GC(5) Concurrent Mark From Roots 1.879ms
[5.051s][info][gc,marking  ] GC(5) Concurrent Preclean
[5.051s][info][gc,marking  ] GC(5) Concurrent Preclean 0.011ms
[5.051s][info][gc,start    ] GC(5) Pause Remark
[5.057s][info][gc          ] GC(5) Pause Remark 42M->42M(8192M) 5.242ms
[5.057s][info][gc,cpu      ] GC(5) User=0.01s Sys=0.00s Real=0.00s
[5.057s][info][gc,marking  ] GC(5) Concurrent Mark 7.587ms
[5.057s][info][gc,marking  ] GC(5) Concurrent Rebuild Remembered Sets and Scrub Regions
[5.057s][info][gc,marking  ] GC(5) Concurrent Rebuild Remembered Sets and Scrub Regions 0.703ms
[5.058s][info][gc,start    ] GC(5) Pause Cleanup
[5.058s][info][gc          ] GC(5) Pause Cleanup 42M->42M(8192M) 0.173ms
[5.058s][info][gc,cpu      ] GC(5) User=0.00s Sys=0.00s Real=0.00s
[5.058s][info][gc,marking  ] GC(5) Concurrent Clear Claimed Marks
[5.058s][info][gc,marking  ] GC(5) Concurrent Clear Claimed Marks 0.038ms
[5.058s][info][gc,marking  ] GC(5) Concurrent Cleanup for Next Mark
[5.066s][info][gc,marking  ] GC(5) Concurrent Cleanup for Next Mark 7.759ms
[5.066s][info][gc          ] GC(5) Concurrent Mark Cycle 29.403ms
[41.055s][info][gc,heap,exit] Heap
[41.055s][info][gc,heap,exit]  garbage-first heap   total 8388608K, used 269266K [0x0000000600000000, 0x0000000800000000)
[41.055s][info][gc,heap,exit]   region size 8192K, 32 young (262144K), 3 survivors (24576K)
[41.055s][info][gc,heap,exit]  Metaspace       used 41584K, committed 42176K, reserved 1114112K
[41.055s][info][gc,heap,exit]   class space    used 5077K, committed 5376K, reserved 1048576K
