[0.032s][info][gc,init] CardTable entry size: 512
[0.033s][info][gc     ] Using G1
[2.991s][info][gc,init] Version: 21.0.6+7-LTS (release)
[2.991s][info][gc,init] CPUs: 4 total, 4 available
[2.991s][info][gc,init] Memory: 23980M
[2.991s][info][gc,init] Large Page Support: Disabled
[2.991s][info][gc,init] NUMA Support: Disabled
[2.991s][info][gc,init] Compressed Oops: Enabled (Zero based)
[2.991s][info][gc,init] Heap Region Size: 8M
[2.991s][info][gc,init] Heap Min Capacity: 8G
[2.991s][info][gc,init] Heap Initial Capacity: 8G
[2.991s][info][gc,init] Heap Max Capacity: 8G
[2.991s][info][gc,init] Pre-touch: Enabled
[2.991s][info][gc,init] Parallel Workers: 4
[2.991s][info][gc,init] Concurrent Workers: 1
[2.991s][info][gc,init] Concurrent Refinement Workers: 4
[2.991s][info][gc,init] Periodic GC: Disabled
[3.017s][info][gc,metaspace] CDS archive(s) mapped at: [0x000000f800000000-0x000000f800ca0000-0x000000f800ca0000), size 13238272, SharedBaseAddress: 0x000000f800000000, ArchiveRelocationMode: 1.
[3.017s][info][gc,metaspace] Compressed class space mapped at: 0x000000f801000000-0x000000f841000000, reserved size: 1073741824
[3.017s][info][gc,metaspace] Narrow klass base: 0x000000f800000000, Narrow klass shift: 0, Narrow klass range: 0x100000000
[4.727s][info][gc,start    ] GC(0) Pause Young (Concurrent Start) (Metadata GC Threshold)
[4.727s][info][gc,task     ] GC(0) Using 4 workers of 4 for evacuation
[4.735s][info][gc,phases   ] GC(0)   Pre Evacuate Collection Set: 0.3ms
[4.735s][info][gc,phases   ] GC(0)   Merge Heap Roots: 0.1ms
[4.735s][info][gc,phases   ] GC(0)   Evacuate Collection Set: 6.2ms
[4.735s][info][gc,phases   ] GC(0)   Post Evacuate Collection Set: 0.7ms
[4.735s][info][gc,phases   ] GC(0)   Other: 0.1ms
[4.735s][info][gc,heap     ] GC(0) Eden regions: 11->0(202)
[4.735s][info][gc,heap     ] GC(0) Survivor regions: 0->2(26)
[4.735s][info][gc,heap     ] GC(0) Old regions: 1->1
[4.735s][info][gc,heap     ] GC(0) Humongous regions: 0->0
[4.735s][info][gc,metaspace] GC(0) Metaspace: 21215K(21504K)->21215K(21504K) NonClass: 18726K(18880K)->18726K(18880K) Class: 2488K(2624K)->2488K(2624K)
[4.735s][info][gc          ] GC(0) Pause Young (Concurrent Start) (Metadata GC Threshold) 85M->10M(8192M) 7.510ms
[4.735s][info][gc,cpu      ] GC(0) User=0.02s Sys=0.00s Real=0.01s
[4.735s][info][gc          ] GC(1) Concurrent Mark Cycle
[4.735s][info][gc,marking  ] GC(1) Concurrent Scan Root Regions
[4.740s][info][gc,marking  ] GC(1) Concurrent Scan Root Regions 5.014ms
[4.740s][info][gc,marking  ] GC(1) Concurrent Mark
[4.740s][info][gc,marking  ] GC(1) Concurrent Mark From Roots
[4.740s][info][gc,task     ] GC(1) Using 1 workers of 1 for marking
[4.742s][info][gc,marking  ] GC(1) Concurrent Mark From Roots 1.800ms
[4.742s][info][gc,marking  ] GC(1) Concurrent Preclean
[4.742s][info][gc,marking  ] GC(1) Concurrent Preclean 0.009ms
[4.746s][info][gc,start    ] GC(1) Pause Remark
[4.749s][info][gc          ] GC(1) Pause Remark 18M->18M(8192M) 2.852ms
[4.749s][info][gc,cpu      ] GC(1) User=0.01s Sys=0.00s Real=0.00s
[4.749s][info][gc,marking  ] GC(1) Concurrent Mark 9.587ms
[4.749s][info][gc,marking  ] GC(1) Concurrent Rebuild Remembered Sets and Scrub Regions
[4.750s][info][gc,marking  ] GC(1) Concurrent Rebuild Remembered Sets and Scrub Regions 0.651ms
[4.751s][info][gc,start    ] GC(1) Pause Cleanup
[4.751s][info][gc          ] GC(1) Pause Cleanup 18M->18M(8192M) 0.188ms
[4.751s][info][gc,cpu      ] GC(1) User=0.00s Sys=0.00s Real=0.00s
[4.751s][info][gc,marking  ] GC(1) Concurrent Clear Claimed Marks
[4.752s][info][gc,marking  ] GC(1) Concurrent Clear Claimed Marks 0.048ms
[4.752s][info][gc,marking  ] GC(1) Concurrent Cleanup for Next Mark
[4.760s][info][gc,marking  ] GC(1) Concurrent Cleanup for Next Mark 8.045ms
[4.760s][info][gc          ] GC(1) Concurrent Mark Cycle 24.863ms
[6.183s][info][gc,start    ] GC(2) Pause Young (Prepare Mixed) (Metadata GC Threshold)
[6.184s][info][gc,task     ] GC(2) Using 4 workers of 4 for evacuation
[6.195s][info][gc,phases   ] GC(2)   Pre Evacuate Collection Set: 0.2ms
[6.195s][info][gc,phases   ] GC(2)   Merge Heap Roots: 0.0ms
[6.195s][info][gc,phases   ] GC(2)   Evacuate Collection Set: 10.0ms
[6.195s][info][gc,phases   ] GC(2)   Post Evacuate Collection Set: 0.9ms
[6.195s][info][gc,phases   ] GC(2)   Other: 0.0ms
[6.195s][info][gc,heap     ] GC(2) Eden regions: 11->0(201)
[6.195s][info][gc,heap     ] GC(2) Survivor regions: 2->3(26)
[6.195s][info][gc,heap     ] GC(2) Old regions: 1->1
[6.195s][info][gc,heap     ] GC(2) Humongous regions: 2->2
[6.195s][info][gc,metaspace] GC(2) Metaspace: 35646K(36096K)->35646K(36096K) NonClass: 31365K(31616K)->31365K(31616K) Class: 4280K(4480K)->4280K(4480K)
[6.195s][info][gc          ] GC(2) Pause Young (Prepare Mixed) (Metadata GC Threshold) 114M->33M(8192M) 11.304ms
[6.195s][info][gc,cpu      ] GC(2) User=0.03s Sys=0.01s Real=0.01s
[6.219s][info][gc,start    ] GC(3) Pause Young (Mixed) (Metadata GC Threshold)
[6.219s][info][gc,task     ] GC(3) Using 4 workers of 4 for evacuation
[6.234s][info][gc,phases   ] GC(3)   Pre Evacuate Collection Set: 0.3ms
[6.234s][info][gc,phases   ] GC(3)   Merge Heap Roots: 0.0ms
[6.234s][info][gc,phases   ] GC(3)   Evacuate Collection Set: 13.4ms
[6.234s][info][gc,phases   ] GC(3)   Post Evacuate Collection Set: 1.0ms
[6.234s][info][gc,phases   ] GC(3)   Other: 0.1ms
[6.234s][info][gc,heap     ] GC(3) Eden regions: 2->0(201)
[6.234s][info][gc,heap     ] GC(3) Survivor regions: 3->3(26)
[6.234s][info][gc,heap     ] GC(3) Old regions: 1->1
[6.234s][info][gc,heap     ] GC(3) Humongous regions: 2->2
[6.234s][info][gc,metaspace] GC(3) Metaspace: 35894K(36416K)->35894K(36416K) NonClass: 31576K(31808K)->31576K(31808K) Class: 4317K(4608K)->4317K(4608K)
[6.234s][info][gc          ] GC(3) Pause Young (Mixed) (Metadata GC Threshold) 45M->34M(8192M) 15.114ms
[6.234s][info][gc,cpu      ] GC(3) User=0.04s Sys=0.00s Real=0.02s
[6.261s][info][gc,start    ] GC(4) Pause Young (Concurrent Start) (Metadata GC Threshold)
[6.261s][info][gc,task     ] GC(4) Using 4 workers of 4 for evacuation
[6.272s][info][gc,phases   ] GC(4)   Pre Evacuate Collection Set: 0.3ms
[6.272s][info][gc,phases   ] GC(4)   Merge Heap Roots: 0.0ms
[6.272s][info][gc,phases   ] GC(4)   Evacuate Collection Set: 9.9ms
[6.272s][info][gc,phases   ] GC(4)   Post Evacuate Collection Set: 0.9ms
[6.272s][info][gc,phases   ] GC(4)   Other: 0.1ms
[6.272s][info][gc,heap     ] GC(4) Eden regions: 1->0(201)
[6.272s][info][gc,heap     ] GC(4) Survivor regions: 3->3(26)
[6.272s][info][gc,heap     ] GC(4) Old regions: 1->1
[6.272s][info][gc,heap     ] GC(4) Humongous regions: 2->2
[6.272s][info][gc,metaspace] GC(4) Metaspace: 36218K(36736K)->36218K(36736K) NonClass: 31842K(32064K)->31842K(32064K) Class: 4376K(4672K)->4376K(4672K)
[6.272s][info][gc          ] GC(4) Pause Young (Concurrent Start) (Metadata GC Threshold) 42M->33M(8192M) 11.322ms
[6.272s][info][gc,cpu      ] GC(4) User=0.03s Sys=0.00s Real=0.01s
[6.272s][info][gc          ] GC(5) Concurrent Mark Cycle
[6.272s][info][gc,marking  ] GC(5) Concurrent Scan Root Regions
[6.280s][info][gc,marking  ] GC(5) Concurrent Scan Root Regions 7.412ms
[6.280s][info][gc,marking  ] GC(5) Concurrent Mark
[6.280s][info][gc,marking  ] GC(5) Concurrent Mark From Roots
[6.280s][info][gc,task     ] GC(5) Using 1 workers of 1 for marking
[6.282s][info][gc,marking  ] GC(5) Concurrent Mark From Roots 1.849ms
[6.282s][info][gc,marking  ] GC(5) Concurrent Preclean
[6.282s][info][gc,marking  ] GC(5) Concurrent Preclean 0.007ms
[6.282s][info][gc,start    ] GC(5) Pause Remark
[6.289s][info][gc          ] GC(5) Pause Remark 41M->41M(8192M) 6.724ms
[6.289s][info][gc,cpu      ] GC(5) User=0.01s Sys=0.00s Real=0.00s
[6.289s][info][gc,marking  ] GC(5) Concurrent Mark 8.875ms
[6.289s][info][gc,marking  ] GC(5) Concurrent Rebuild Remembered Sets and Scrub Regions
[6.289s][info][gc,marking  ] GC(5) Concurrent Rebuild Remembered Sets and Scrub Regions 0.617ms
[6.290s][info][gc,start    ] GC(5) Pause Cleanup
[6.291s][info][gc          ] GC(5) Pause Cleanup 41M->41M(8192M) 0.205ms
[6.291s][info][gc,cpu      ] GC(5) User=0.00s Sys=0.00s Real=0.00s
[6.291s][info][gc,marking  ] GC(5) Concurrent Clear Claimed Marks
[6.291s][info][gc,marking  ] GC(5) Concurrent Clear Claimed Marks 0.050ms
[6.291s][info][gc,marking  ] GC(5) Concurrent Cleanup for Next Mark
[6.303s][info][gc,marking  ] GC(5) Concurrent Cleanup for Next Mark 11.930ms
[6.303s][info][gc          ] GC(5) Concurrent Mark Cycle 30.660ms
