[0.030s][info][gc,init] CardTable entry size: 512
[0.030s][info][gc     ] Using G1
[2.733s][info][gc,init] Version: 21.0.6+7-LTS (release)
[2.733s][info][gc,init] CPUs: 4 total, 4 available
[2.733s][info][gc,init] Memory: 23980M
[2.733s][info][gc,init] Large Page Support: Disabled
[2.733s][info][gc,init] NUMA Support: Disabled
[2.733s][info][gc,init] Compressed Oops: Enabled (Zero based)
[2.733s][info][gc,init] Heap Region Size: 8M
[2.733s][info][gc,init] Heap Min Capacity: 8G
[2.733s][info][gc,init] Heap Initial Capacity: 8G
[2.733s][info][gc,init] Heap Max Capacity: 8G
[2.733s][info][gc,init] Pre-touch: Enabled
[2.733s][info][gc,init] Parallel Workers: 4
[2.733s][info][gc,init] Concurrent Workers: 1
[2.733s][info][gc,init] Concurrent Refinement Workers: 4
[2.733s][info][gc,init] Periodic GC: Disabled
[2.746s][info][gc,metaspace] CDS archive(s) mapped at: [0x000000a000000000-0x000000a000ca0000-0x000000a000ca0000), size 13238272, SharedBaseAddress: 0x000000a000000000, ArchiveRelocationMode: 1.
[2.746s][info][gc,metaspace] Compressed class space mapped at: 0x000000a001000000-0x000000a041000000, reserved size: 1073741824
[2.746s][info][gc,metaspace] Narrow klass base: 0x000000a000000000, Narrow klass shift: 0, Narrow klass range: 0x100000000
[4.062s][info][gc,start    ] GC(0) Pause Young (Concurrent Start) (Metadata GC Threshold)
[4.062s][info][gc,task     ] GC(0) Using 4 workers of 4 for evacuation
[4.068s][info][gc,phases   ] GC(0)   Pre Evacuate Collection Set: 0.2ms
[4.068s][info][gc,phases   ] GC(0)   Merge Heap Roots: 0.1ms
[4.068s][info][gc,phases   ] GC(0)   Evacuate Collection Set: 5.2ms
[4.068s][info][gc,phases   ] GC(0)   Post Evacuate Collection Set: 0.6ms
[4.068s][info][gc,phases   ] GC(0)   Other: 0.1ms
[4.068s][info][gc,heap     ] GC(0) Eden regions: 13->0(202)
[4.068s][info][gc,heap     ] GC(0) Survivor regions: 0->2(26)
[4.068s][info][gc,heap     ] GC(0) Old regions: 1->1
[4.068s][info][gc,heap     ] GC(0) Humongous regions: 0->0
[4.068s][info][gc,metaspace] GC(0) Metaspace: 21172K(21504K)->21172K(21504K) NonClass: 18692K(18880K)->18692K(18880K) Class: 2480K(2624K)->2480K(2624K)
[4.068s][info][gc          ] GC(0) Pause Young (Concurrent Start) (Metadata GC Threshold) 101M->10M(8192M) 6.414ms
[4.068s][info][gc,cpu      ] GC(0) User=0.02s Sys=0.00s Real=0.01s
[4.068s][info][gc          ] GC(1) Concurrent Mark Cycle
[4.068s][info][gc,marking  ] GC(1) Concurrent Scan Root Regions
[4.075s][info][gc,marking  ] GC(1) Concurrent Scan Root Regions 7.073ms
[4.075s][info][gc,marking  ] GC(1) Concurrent Mark
[4.075s][info][gc,marking  ] GC(1) Concurrent Mark From Roots
[4.075s][info][gc,task     ] GC(1) Using 1 workers of 1 for marking
[4.077s][info][gc,marking  ] GC(1) Concurrent Mark From Roots 1.807ms
[4.077s][info][gc,marking  ] GC(1) Concurrent Preclean
[4.077s][info][gc,marking  ] GC(1) Concurrent Preclean 0.008ms
[4.077s][info][gc,start    ] GC(1) Pause Remark
[4.079s][info][gc          ] GC(1) Pause Remark 18M->18M(8192M) 2.105ms
[4.079s][info][gc,cpu      ] GC(1) User=0.00s Sys=0.00s Real=0.01s
[4.079s][info][gc,marking  ] GC(1) Concurrent Mark 4.188ms
[4.079s][info][gc,marking  ] GC(1) Concurrent Rebuild Remembered Sets and Scrub Regions
[4.080s][info][gc,marking  ] GC(1) Concurrent Rebuild Remembered Sets and Scrub Regions 0.717ms
[4.080s][info][gc,start    ] GC(1) Pause Cleanup
[4.080s][info][gc          ] GC(1) Pause Cleanup 18M->18M(8192M) 0.227ms
[4.080s][info][gc,cpu      ] GC(1) User=0.00s Sys=0.00s Real=0.00s
[4.081s][info][gc,marking  ] GC(1) Concurrent Clear Claimed Marks
[4.081s][info][gc,marking  ] GC(1) Concurrent Clear Claimed Marks 0.025ms
[4.081s][info][gc,marking  ] GC(1) Concurrent Cleanup for Next Mark
[4.087s][info][gc,marking  ] GC(1) Concurrent Cleanup for Next Mark 6.796ms
[4.088s][info][gc          ] GC(1) Concurrent Mark Cycle 19.530ms
[5.296s][info][gc,start    ] GC(2) Pause Young (Prepare Mixed) (Metadata GC Threshold)
[5.296s][info][gc,task     ] GC(2) Using 4 workers of 4 for evacuation
[5.318s][info][gc,phases   ] GC(2)   Pre Evacuate Collection Set: 0.2ms
[5.318s][info][gc,phases   ] GC(2)   Merge Heap Roots: 0.1ms
[5.318s][info][gc,phases   ] GC(2)   Evacuate Collection Set: 20.2ms
[5.318s][info][gc,phases   ] GC(2)   Post Evacuate Collection Set: 1.0ms
[5.318s][info][gc,phases   ] GC(2)   Other: 0.1ms
[5.318s][info][gc,heap     ] GC(2) Eden regions: 11->0(201)
[5.318s][info][gc,heap     ] GC(2) Survivor regions: 2->3(26)
[5.318s][info][gc,heap     ] GC(2) Old regions: 1->1
[5.318s][info][gc,heap     ] GC(2) Humongous regions: 2->2
[5.318s][info][gc,metaspace] GC(2) Metaspace: 35736K(36160K)->35736K(36160K) NonClass: 31449K(31680K)->31449K(31680K) Class: 4287K(4480K)->4287K(4480K)
[5.318s][info][gc          ] GC(2) Pause Young (Prepare Mixed) (Metadata GC Threshold) 114M->33M(8192M) 21.972ms
[5.318s][info][gc,cpu      ] GC(2) User=0.04s Sys=0.00s Real=0.03s
[5.342s][info][gc,start    ] GC(3) Pause Young (Mixed) (Metadata GC Threshold)
[5.342s][info][gc,task     ] GC(3) Using 4 workers of 4 for evacuation
[5.354s][info][gc,phases   ] GC(3)   Pre Evacuate Collection Set: 0.2ms
[5.354s][info][gc,phases   ] GC(3)   Merge Heap Roots: 0.0ms
[5.354s][info][gc,phases   ] GC(3)   Evacuate Collection Set: 11.5ms
[5.354s][info][gc,phases   ] GC(3)   Post Evacuate Collection Set: 1.0ms
[5.354s][info][gc,phases   ] GC(3)   Other: 0.1ms
[5.354s][info][gc,heap     ] GC(3) Eden regions: 2->0(201)
[5.354s][info][gc,heap     ] GC(3) Survivor regions: 3->3(26)
[5.354s][info][gc,heap     ] GC(3) Old regions: 1->1
[5.354s][info][gc,heap     ] GC(3) Humongous regions: 2->2
[5.354s][info][gc,metaspace] GC(3) Metaspace: 35998K(36480K)->35998K(36480K) NonClass: 31669K(31872K)->31669K(31872K) Class: 4329K(4608K)->4329K(4608K)
[5.354s][info][gc          ] GC(3) Pause Young (Mixed) (Metadata GC Threshold) 45M->35M(8192M) 12.943ms
[5.354s][info][gc,cpu      ] GC(3) User=0.03s Sys=0.00s Real=0.01s
[5.380s][info][gc,start    ] GC(4) Pause Young (Concurrent Start) (Metadata GC Threshold)
[5.380s][info][gc,task     ] GC(4) Using 4 workers of 4 for evacuation
[5.390s][info][gc,phases   ] GC(4)   Pre Evacuate Collection Set: 0.2ms
[5.390s][info][gc,phases   ] GC(4)   Merge Heap Roots: 0.0ms
[5.390s][info][gc,phases   ] GC(4)   Evacuate Collection Set: 9.0ms
[5.390s][info][gc,phases   ] GC(4)   Post Evacuate Collection Set: 1.0ms
[5.390s][info][gc,phases   ] GC(4)   Other: 0.1ms
[5.390s][info][gc,heap     ] GC(4) Eden regions: 1->0(201)
[5.390s][info][gc,heap     ] GC(4) Survivor regions: 3->3(26)
[5.390s][info][gc,heap     ] GC(4) Old regions: 1->1
[5.390s][info][gc,heap     ] GC(4) Humongous regions: 2->2
[5.390s][info][gc,metaspace] GC(4) Metaspace: 36312K(36800K)->36312K(36800K) NonClass: 31933K(32192K)->31933K(32192K) Class: 4379K(4608K)->4379K(4608K)
[5.390s][info][gc          ] GC(4) Pause Young (Concurrent Start) (Metadata GC Threshold) 43M->34M(8192M) 10.459ms
[5.390s][info][gc,cpu      ] GC(4) User=0.03s Sys=0.00s Real=0.01s
[5.390s][info][gc          ] GC(5) Concurrent Mark Cycle
[5.390s][info][gc,marking  ] GC(5) Concurrent Scan Root Regions
[5.399s][info][gc,marking  ] GC(5) Concurrent Scan Root Regions 8.785ms
[5.399s][info][gc,marking  ] GC(5) Concurrent Mark
[5.399s][info][gc,marking  ] GC(5) Concurrent Mark From Roots
[5.399s][info][gc,task     ] GC(5) Using 1 workers of 1 for marking
[5.401s][info][gc,marking  ] GC(5) Concurrent Mark From Roots 1.975ms
[5.401s][info][gc,marking  ] GC(5) Concurrent Preclean
[5.401s][info][gc,marking  ] GC(5) Concurrent Preclean 0.022ms
[5.401s][info][gc,start    ] GC(5) Pause Remark
[5.405s][info][gc          ] GC(5) Pause Remark 42M->42M(8192M) 3.365ms
[5.405s][info][gc,cpu      ] GC(5) User=0.00s Sys=0.00s Real=0.00s
[5.405s][info][gc,marking  ] GC(5) Concurrent Mark 5.662ms
[5.405s][info][gc,marking  ] GC(5) Concurrent Rebuild Remembered Sets and Scrub Regions
[5.405s][info][gc,marking  ] GC(5) Concurrent Rebuild Remembered Sets and Scrub Regions 0.572ms
[5.406s][info][gc,start    ] GC(5) Pause Cleanup
[5.406s][info][gc          ] GC(5) Pause Cleanup 42M->42M(8192M) 0.142ms
[5.406s][info][gc,cpu      ] GC(5) User=0.00s Sys=0.00s Real=0.00s
[5.406s][info][gc,marking  ] GC(5) Concurrent Clear Claimed Marks
[5.406s][info][gc,marking  ] GC(5) Concurrent Clear Claimed Marks 0.042ms
[5.406s][info][gc,marking  ] GC(5) Concurrent Cleanup for Next Mark
[5.413s][info][gc,marking  ] GC(5) Concurrent Cleanup for Next Mark 6.942ms
[5.413s][info][gc          ] GC(5) Concurrent Mark Cycle 22.600ms
[58898.352s][info][gc,heap,exit] Heap
[58898.353s][info][gc,heap,exit]  garbage-first heap   total 8388608K, used 695210K [0x0000000600000000, 0x0000000800000000)
[58898.353s][info][gc,heap,exit]   region size 8192K, 70 young (573440K), 3 survivors (24576K)
[58898.353s][info][gc,heap,exit]  Metaspace       used 43577K, committed 44288K, reserved 1114112K
[58898.353s][info][gc,heap,exit]   class space    used 5250K, committed 5568K, reserved 1048576K
