[0.030s][info][gc,init] CardTable entry size: 512
[0.030s][info][gc     ] Using G1
[2.490s][info][gc,init] Version: 21.0.6+7-LTS (release)
[2.491s][info][gc,init] CPUs: 4 total, 4 available
[2.491s][info][gc,init] Memory: 23980M
[2.491s][info][gc,init] Large Page Support: Disabled
[2.491s][info][gc,init] NUMA Support: Disabled
[2.491s][info][gc,init] Compressed Oops: Enabled (Zero based)
[2.491s][info][gc,init] Heap Region Size: 8M
[2.491s][info][gc,init] Heap Min Capacity: 8G
[2.491s][info][gc,init] Heap Initial Capacity: 8G
[2.491s][info][gc,init] Heap Max Capacity: 8G
[2.491s][info][gc,init] Pre-touch: Enabled
[2.491s][info][gc,init] Parallel Workers: 4
[2.491s][info][gc,init] Concurrent Workers: 1
[2.491s][info][gc,init] Concurrent Refinement Workers: 4
[2.492s][info][gc,init] Periodic GC: Disabled
[2.507s][info][gc,metaspace] CDS archive(s) mapped at: [0x000000b000000000-0x000000b000ca0000-0x000000b000ca0000), size 13238272, SharedBaseAddress: 0x000000b000000000, ArchiveRelocationMode: 1.
[2.508s][info][gc,metaspace] Compressed class space mapped at: 0x000000b001000000-0x000000b041000000, reserved size: 1073741824
[2.508s][info][gc,metaspace] Narrow klass base: 0x000000b000000000, Narrow klass shift: 0, Narrow klass range: 0x100000000
[3.794s][info][gc,start    ] GC(0) Pause Young (Concurrent Start) (Metadata GC Threshold)
[3.794s][info][gc,task     ] GC(0) Using 4 workers of 4 for evacuation
[3.803s][info][gc,phases   ] GC(0)   Pre Evacuate Collection Set: 0.5ms
[3.803s][info][gc,phases   ] GC(0)   Merge Heap Roots: 0.1ms
[3.803s][info][gc,phases   ] GC(0)   Evacuate Collection Set: 7.0ms
[3.803s][info][gc,phases   ] GC(0)   Post Evacuate Collection Set: 1.1ms
[3.803s][info][gc,phases   ] GC(0)   Other: 0.1ms
[3.803s][info][gc,heap     ] GC(0) Eden regions: 11->0(202)
[3.803s][info][gc,heap     ] GC(0) Survivor regions: 0->2(26)
[3.803s][info][gc,heap     ] GC(0) Old regions: 1->1
[3.803s][info][gc,heap     ] GC(0) Humongous regions: 0->0
[3.803s][info][gc,metaspace] GC(0) Metaspace: 21190K(21504K)->21190K(21504K) NonClass: 18729K(18880K)->18729K(18880K) Class: 2461K(2624K)->2461K(2624K)
[3.803s][info][gc          ] GC(0) Pause Young (Concurrent Start) (Metadata GC Threshold) 89M->16M(8192M) 8.980ms
[3.803s][info][gc,cpu      ] GC(0) User=0.02s Sys=0.00s Real=0.01s
[3.803s][info][gc          ] GC(1) Concurrent Mark Cycle
[3.803s][info][gc,marking  ] GC(1) Concurrent Scan Root Regions
[3.807s][info][gc,marking  ] GC(1) Concurrent Scan Root Regions 4.513ms
[3.807s][info][gc,marking  ] GC(1) Concurrent Mark
[3.807s][info][gc,marking  ] GC(1) Concurrent Mark From Roots
[3.807s][info][gc,task     ] GC(1) Using 1 workers of 1 for marking
[3.809s][info][gc,marking  ] GC(1) Concurrent Mark From Roots 1.948ms
[3.809s][info][gc,marking  ] GC(1) Concurrent Preclean
[3.809s][info][gc,marking  ] GC(1) Concurrent Preclean 0.009ms
[3.809s][info][gc,start    ] GC(1) Pause Remark
[3.813s][info][gc          ] GC(1) Pause Remark 24M->24M(8192M) 3.310ms
[3.813s][info][gc,cpu      ] GC(1) User=0.01s Sys=0.00s Real=0.00s
[3.813s][info][gc,marking  ] GC(1) Concurrent Mark 6.028ms
[3.813s][info][gc,marking  ] GC(1) Concurrent Rebuild Remembered Sets and Scrub Regions
[3.815s][info][gc,marking  ] GC(1) Concurrent Rebuild Remembered Sets and Scrub Regions 1.701ms
[3.816s][info][gc,start    ] GC(1) Pause Cleanup
[3.816s][info][gc          ] GC(1) Pause Cleanup 24M->24M(8192M) 0.201ms
[3.816s][info][gc,cpu      ] GC(1) User=0.00s Sys=0.00s Real=0.00s
[3.817s][info][gc,marking  ] GC(1) Concurrent Clear Claimed Marks
[3.817s][info][gc,marking  ] GC(1) Concurrent Clear Claimed Marks 0.054ms
[3.817s][info][gc,marking  ] GC(1) Concurrent Cleanup for Next Mark
[3.827s][info][gc,marking  ] GC(1) Concurrent Cleanup for Next Mark 10.148ms
[3.827s][info][gc          ] GC(1) Concurrent Mark Cycle 24.490ms
[5.422s][info][gc,start    ] GC(2) Pause Young (Prepare Mixed) (Metadata GC Threshold)
[5.422s][info][gc,task     ] GC(2) Using 4 workers of 4 for evacuation
[5.440s][info][gc,phases   ] GC(2)   Pre Evacuate Collection Set: 0.2ms
[5.440s][info][gc,phases   ] GC(2)   Merge Heap Roots: 0.0ms
[5.441s][info][gc,phases   ] GC(2)   Evacuate Collection Set: 16.8ms
[5.441s][info][gc,phases   ] GC(2)   Post Evacuate Collection Set: 1.4ms
[5.441s][info][gc,phases   ] GC(2)   Other: 0.0ms
[5.441s][info][gc,heap     ] GC(2) Eden regions: 9->0(201)
[5.441s][info][gc,heap     ] GC(2) Survivor regions: 2->3(26)
[5.441s][info][gc,heap     ] GC(2) Old regions: 1->1
[5.441s][info][gc,heap     ] GC(2) Humongous regions: 2->2
[5.441s][info][gc,metaspace] GC(2) Metaspace: 35537K(35968K)->35537K(35968K) NonClass: 31587K(31808K)->31587K(31808K) Class: 3950K(4160K)->3950K(4160K)
[5.441s][info][gc          ] GC(2) Pause Young (Prepare Mixed) (Metadata GC Threshold) 104M->38M(8192M) 18.668ms
[5.441s][info][gc,cpu      ] GC(2) User=0.04s Sys=0.01s Real=0.02s
[5.469s][info][gc,start    ] GC(3) Pause Young (Mixed) (Metadata GC Threshold)
[5.469s][info][gc,task     ] GC(3) Using 4 workers of 4 for evacuation
[5.480s][info][gc,phases   ] GC(3)   Pre Evacuate Collection Set: 0.3ms
[5.480s][info][gc,phases   ] GC(3)   Merge Heap Roots: 0.0ms
[5.480s][info][gc,phases   ] GC(3)   Evacuate Collection Set: 9.7ms
[5.480s][info][gc,phases   ] GC(3)   Post Evacuate Collection Set: 0.9ms
[5.480s][info][gc,phases   ] GC(3)   Other: 0.1ms
[5.480s][info][gc,heap     ] GC(3) Eden regions: 1->0(201)
[5.480s][info][gc,heap     ] GC(3) Survivor regions: 3->3(26)
[5.480s][info][gc,heap     ] GC(3) Old regions: 1->1
[5.480s][info][gc,heap     ] GC(3) Humongous regions: 2->2
[5.480s][info][gc,metaspace] GC(3) Metaspace: 35887K(36288K)->35887K(36288K) NonClass: 31927K(32128K)->31927K(32128K) Class: 3959K(4160K)->3959K(4160K)
[5.480s][info][gc          ] GC(3) Pause Young (Mixed) (Metadata GC Threshold) 46M->38M(8192M) 11.149ms
[5.480s][info][gc,cpu      ] GC(3) User=0.03s Sys=0.00s Real=0.01s
[5.508s][info][gc,start    ] GC(4) Pause Young (Concurrent Start) (Metadata GC Threshold)
[5.508s][info][gc,task     ] GC(4) Using 4 workers of 4 for evacuation
[5.519s][info][gc,phases   ] GC(4)   Pre Evacuate Collection Set: 0.2ms
[5.519s][info][gc,phases   ] GC(4)   Merge Heap Roots: 0.0ms
[5.519s][info][gc,phases   ] GC(4)   Evacuate Collection Set: 9.6ms
[5.519s][info][gc,phases   ] GC(4)   Post Evacuate Collection Set: 1.0ms
[5.519s][info][gc,phases   ] GC(4)   Other: 0.1ms
[5.519s][info][gc,heap     ] GC(4) Eden regions: 1->0(201)
[5.519s][info][gc,heap     ] GC(4) Survivor regions: 3->3(26)
[5.519s][info][gc,heap     ] GC(4) Old regions: 1->1
[5.519s][info][gc,heap     ] GC(4) Humongous regions: 2->2
[5.519s][info][gc,metaspace] GC(4) Metaspace: 36234K(36608K)->36234K(36608K) NonClass: 32265K(32448K)->32265K(32448K) Class: 3968K(4160K)->3968K(4160K)
[5.519s][info][gc          ] GC(4) Pause Young (Concurrent Start) (Metadata GC Threshold) 46M->39M(8192M) 11.075ms
[5.519s][info][gc,cpu      ] GC(4) User=0.04s Sys=0.00s Real=0.01s
[5.519s][info][gc          ] GC(5) Concurrent Mark Cycle
[5.519s][info][gc,marking  ] GC(5) Concurrent Scan Root Regions
[5.537s][info][gc,marking  ] GC(5) Concurrent Scan Root Regions 17.693ms
[5.537s][info][gc,marking  ] GC(5) Concurrent Mark
[5.537s][info][gc,marking  ] GC(5) Concurrent Mark From Roots
[5.537s][info][gc,task     ] GC(5) Using 1 workers of 1 for marking
[5.539s][info][gc,marking  ] GC(5) Concurrent Mark From Roots 1.853ms
[5.539s][info][gc,marking  ] GC(5) Concurrent Preclean
[5.539s][info][gc,marking  ] GC(5) Concurrent Preclean 0.008ms
[5.539s][info][gc,start    ] GC(5) Pause Remark
[5.545s][info][gc          ] GC(5) Pause Remark 47M->47M(8192M) 6.154ms
[5.545s][info][gc,cpu      ] GC(5) User=0.02s Sys=0.00s Real=0.00s
[5.545s][info][gc,marking  ] GC(5) Concurrent Mark 8.478ms
[5.545s][info][gc,marking  ] GC(5) Concurrent Rebuild Remembered Sets and Scrub Regions
[5.548s][info][gc,marking  ] GC(5) Concurrent Rebuild Remembered Sets and Scrub Regions 3.065ms
[5.549s][info][gc,start    ] GC(5) Pause Cleanup
[5.549s][info][gc          ] GC(5) Pause Cleanup 47M->47M(8192M) 0.274ms
[5.549s][info][gc,cpu      ] GC(5) User=0.00s Sys=0.00s Real=0.00s
[5.551s][info][gc,marking  ] GC(5) Concurrent Clear Claimed Marks
[5.551s][info][gc,marking  ] GC(5) Concurrent Clear Claimed Marks 0.071ms
[5.551s][info][gc,marking  ] GC(5) Concurrent Cleanup for Next Mark
[5.562s][info][gc,marking  ] GC(5) Concurrent Cleanup for Next Mark 10.601ms
[5.562s][info][gc          ] GC(5) Concurrent Mark Cycle 42.883ms
[1566.438s][info][gc,heap,exit] Heap
[1566.438s][info][gc,heap,exit]  garbage-first heap   total 8388608K, used 552828K [0x0000000600000000, 0x0000000800000000)
[1566.438s][info][gc,heap,exit]   region size 8192K, 58 young (475136K), 3 survivors (24576K)
[1566.438s][info][gc,heap,exit]  Metaspace       used 54351K, committed 55040K, reserved 1114112K
[1566.438s][info][gc,heap,exit]   class space    used 6002K, committed 6336K, reserved 1048576K
