[22:06:19] [ServerMain/INFO]: [bootstrap] Running Java 21 (OpenJDK 64-Bit Server VM 21.0.6+7-LTS; Eclipse Adoptium Temurin-21.0.6+7) on Linux 6.8.0-1023-oracle (aarch64)
[22:06:19] [ServerMain/INFO]: [bootstrap] Loading Purpur 1.21.1-2329-ver/1.21.1@803bf62 (2024-10-31T20:25:04Z) for Minecraft 1.21.1
[22:06:19] [ServerMain/INFO]: [PluginInitializerManager] Initializing plugins...
[22:06:20] [ServerMain/INFO]: [PluginInitializerManager] Initialized 11 plugins
[22:06:20] [ServerMain/INFO]: [PluginInitializerManager] Bukkit plugins (11):
 - BungeeGuard (1.4.5), CommandScheduler (1.2), Essentials (2.21.0), FastAsyncWorldEdit (2.13.1-SNAPSHOT-1089;d1865b6), LuckPerms (5.4.145), Vault (2.10.0), ViaBackwards (5.3.2), ViaRewind (4.0.7), ViaRewind-Legacy-Support (1.5.2), ViaVersion (5.3.2), WorldGuard (7.0.12+829a4a4)
[22:06:24] [ServerMain/INFO]: Environment: Environment[sessionHost=https://sessionserver.mojang.com, servicesHost=https://api.minecraftservices.com, name=PROD]
[22:06:26] [ServerMain/INFO]: Loaded 1290 recipes
[22:06:26] [ServerMain/INFO]: Loaded 1399 advancements
[22:06:26] [Server thread/INFO]: Starting minecraft server version 1.21.1
[22:06:26] [Server thread/INFO]: Loading properties
[22:06:26] [Server thread/INFO]: This server is running Purpur version 1.21.1-2329-ver/1.21.1@803bf62 (2024-10-31T20:25:04Z) (Implementing API version 1.21.1-R0.1-SNAPSHOT)
[22:06:27] [Server thread/INFO]: [spark] This server bundles the spark profiler. For more information please visit https://docs.papermc.io/paper/profiling
[22:06:27] [Server thread/INFO]: Server Ping Player Sample Count: 12
[22:06:27] [Server thread/INFO]: Using 4 threads for Netty based IO
[22:06:28] [Server thread/INFO]: [ChunkTaskScheduler] Chunk system is using 1 I/O threads, 1 worker threads, and population gen parallelism of 1 threads
[22:06:29] [Server thread/INFO]: [Pufferfish] Max SIMD vector size on this system is 128 bits (int)
[22:06:29] [Server thread/INFO]: [Pufferfish] Max SIMD vector size on this system is 128 bits (float)
[22:06:29] [Server thread/INFO]: [Pufferfish] SIMD operations detected as functional. Will replace some operations with faster versions.
[22:06:29] [Server thread/INFO]: Default game type: SURVIVAL
[22:06:29] [Server thread/INFO]: Generating keypair
[22:06:29] [Server thread/INFO]: Starting Minecraft server on 0.0.0.0:25568
[22:06:29] [Server thread/INFO]: Using epoll channel type
[22:06:29] [Server thread/INFO]: Paper: Using libdeflate (Linux aarch64) compression from Velocity.
[22:06:29] [Server thread/INFO]: Paper: Using OpenSSL 3.x.x (Linux aarch64) cipher from Velocity.
[22:06:29] [Server thread/INFO]: [ViaVersion] Loading server plugin ViaVersion v5.3.2
[22:06:29] [Server thread/INFO]: [ViaVersion] ViaVersion 5.3.2 is now loaded. Registering protocol transformers and injecting...
[22:06:30] [Via-Mappingloader-0/INFO]: [ViaVersion] Loading block connection mappings ...
[22:06:30] [Via-Mappingloader-0/INFO]: [ViaVersion] Using FastUtil Long2ObjectOpenHashMap for block connections
[22:06:30] [Server thread/INFO]: [ViaBackwards] Loading translations...
[22:06:30] [Server thread/INFO]: [ViaBackwards] Registering protocols...
[22:06:31] [Server thread/INFO]: [ViaRewind] Registering protocols...
[22:06:31] [Server thread/INFO]: [LuckPerms] Loading server plugin LuckPerms v5.4.145
[22:06:31] [Server thread/INFO]: [ViaBackwards] Loading server plugin ViaBackwards v5.3.2
[22:06:31] [Server thread/INFO]: [Vault] Loading server plugin Vault v2.10.0
[22:06:31] [Server thread/INFO]: [ViaRewind] Loading server plugin ViaRewind v4.0.7
[22:06:31] [Server thread/INFO]: [FastAsyncWorldEdit] Loading server plugin FastAsyncWorldEdit v2.13.1-SNAPSHOT-1089;d1865b6
[22:06:32] [Server thread/INFO]: Got request to register class com.sk89q.worldedit.bukkit.BukkitServerInterface with WorldEdit [com.sk89q.worldedit.extension.platform.PlatformManager@50811430]
[22:06:32] [Server thread/INFO]: [ViaRewind-Legacy-Support] Loading server plugin ViaRewind-Legacy-Support v1.5.2
[22:06:32] [Server thread/INFO]: [Essentials] Loading server plugin Essentials v2.21.0
[22:06:32] [Server thread/INFO]: [CommandScheduler] Loading server plugin CommandScheduler v1.2
[22:06:32] [Server thread/INFO]: [WorldGuard] Loading server plugin WorldGuard v7.0.12+829a4a4
[22:06:32] [Server thread/INFO]: [BungeeGuard] Loading server plugin BungeeGuard v1.4.5
[22:06:32] [Server thread/INFO]: Server permissions file permissions.yml is empty, ignoring it
[22:06:32] [Server thread/INFO]: [LuckPerms] Enabling LuckPerms v5.4.145
[22:06:33] [Server thread/INFO]:         __    
[22:06:33] [Server thread/INFO]:   |    |__)   LuckPerms v5.4.145
[22:06:33] [Server thread/INFO]:   |___ |      Running on Bukkit - Purpur
[22:06:33] [Server thread/INFO]: 
[22:06:33] [Server thread/INFO]: [LuckPerms] Loading configuration...
[22:06:33] [Server thread/INFO]: [LuckPerms] Loading storage provider... [H2]
[22:06:34] [Server thread/INFO]: [LuckPerms] Loading internal permission managers...
[22:06:34] [Server thread/INFO]: [LuckPerms] Performing initial data load...
[22:06:34] [Server thread/INFO]: [LuckPerms] Successfully enabled. (took 1367ms)
[22:06:34] [Server thread/INFO]: [Vault] Enabling Vault v2.10.0
[22:06:34] [Server thread/INFO]: [Vault] Enabled Version 2.10.0
[22:06:34] [Server thread/INFO]: [LuckPerms] Registered Vault permission & chat hook.
[22:06:34] [Server thread/INFO]: [ViaRewind] Enabling ViaRewind v4.0.7
[22:06:34] [Server thread/INFO]: [FastAsyncWorldEdit] Enabling FastAsyncWorldEdit v2.13.1-SNAPSHOT-1089;d1865b6
[22:06:34] [Server thread/INFO]: [com.fastasyncworldedit.core.Fawe] LZ4 Compression Binding loaded successfully
[22:06:34] [Server thread/INFO]: [com.fastasyncworldedit.core.Fawe] ZSTD Compression Binding loaded successfully
[22:06:34] [Server thread/INFO]: Registering commands with com.sk89q.worldedit.bukkit.BukkitServerInterface
[22:06:34] [Server thread/INFO]: WEPIF: Vault detected! Using Vault for permissions
[22:06:34] [Server thread/INFO]: Using com.sk89q.worldedit.bukkit.adapter.impl.fawe.v1_21_R1.PaperweightFaweAdapter as the Bukkit adapter
[22:06:36] [Server thread/INFO]: [BungeeGuard] Enabling BungeeGuard v1.4.5
[22:06:36] [Server thread/INFO]: [BungeeGuard] Using Paper's PlayerHandshakeEvent to listen for connections.
[22:06:36] [Server thread/WARN]: **** SERVER IS RUNNING IN OFFLINE/INSECURE MODE!
[22:06:36] [Server thread/WARN]: The server will make no attempt to authenticate usernames. Beware.
[22:06:36] [Server thread/WARN]: Whilst this makes it possible to use BungeeCord, unless access to your server is properly restricted, it also opens up the ability for hackers to connect with any username they choose.
[22:06:36] [Server thread/WARN]: Please see http://www.spigotmc.org/wiki/firewall-guide/ for further information.
[22:06:36] [Server thread/WARN]: To change this, set "online-mode" to "true" in the server.properties file.
[22:06:36] [Server thread/INFO]: Preparing level "world"
[22:06:36] [ForkJoinPool.commonPool-worker-1/WARN]: [com.fastasyncworldedit.core.util.UpdateNotification] An update for FastAsyncWorldEdit is available. You are 3 build(s) out of date.
You are running build 1089, the latest version is build 1092.
Update at https://ci.athion.net/job/FastAsyncWorldEdit
[22:06:36] [Server thread/INFO]: Preparing start region for dimension minecraft:overworld
[22:06:37] [Server thread/INFO]: Time elapsed: 909 ms
[22:06:37] [Server thread/INFO]: [ViaVersion] Enabling ViaVersion v5.3.2
[22:06:37] [Server thread/INFO]: [ViaVersion] ViaVersion detected server version: 1.21-1.21.1 (767)
[22:06:37] [Server thread/INFO]: [ViaBackwards] Enabling ViaBackwards v5.3.2
[22:06:37] [Server thread/INFO]: [ViaRewind-Legacy-Support] Enabling ViaRewind-Legacy-Support v1.5.2
[22:06:37] [Server thread/INFO]: [Essentials] Enabling Essentials v2.21.0
[22:06:38] [Server thread/ERROR]: [Essentials] You are running an unsupported server version!
[22:06:38] [Server thread/INFO]: [Essentials] Attempting to convert old kits in config.yml to new kits.yml
[22:06:38] [Server thread/INFO]: [Essentials] No kits found to migrate.
[22:06:38] [Server thread/INFO]: [Essentials] Selected 1.14+ Sign Data Provider as the provider for SignDataProvider
[22:06:38] [Server thread/INFO]: [Essentials] Selected 1.21+ InventoryView Interface ABI Provider as the provider for InventoryViewProvider
[22:06:38] [Server thread/INFO]: [Essentials] Selected Paper Known Commands Provider as the provider for KnownCommandsProvider
[22:06:38] [Server thread/INFO]: [Essentials] Selected Paper Container Provider as the provider for ContainerProvider
[22:06:38] [Server thread/INFO]: [Essentials] Selected 1.12+ Spawner Block Provider as the provider for SpawnerBlockProvider
[22:06:38] [Server thread/INFO]: [Essentials] Selected 1.8.3+ Spawner Item Provider as the provider for SpawnerItemProvider
[22:06:38] [Server thread/INFO]: [Essentials] Selected Paper Tick Count Provider as the provider for TickCountProvider
[22:06:38] [Server thread/INFO]: [Essentials] Selected Reflection Sync Commands Provider as the provider for SyncCommandsProvider
[22:06:38] [Server thread/INFO]: [Essentials] Selected Paper Server State Provider as the provider for ServerStateProvider
[22:06:38] [Server thread/INFO]: [Essentials] Selected Paper Material Tag Provider as the provider for MaterialTagProvider
[22:06:38] [Server thread/INFO]: [Essentials] Selected Paper Biome Key Provider as the provider for BiomeKeyProvider
[22:06:38] [Server thread/INFO]: [Essentials] Selected 1.12.2+ Player Locale Provider as the provider for PlayerLocaleProvider
[22:06:38] [Server thread/INFO]: [Essentials] Selected Paper Serialization Provider as the provider for SerializationProvider
[22:06:38] [Server thread/INFO]: [Essentials] Selected 1.13+ Spawn Egg Provider as the provider for SpawnEggProvider
[22:06:38] [Server thread/INFO]: [Essentials] Selected 1.17.1+ World Info Provider as the provider for WorldInfoProvider
[22:06:38] [Server thread/INFO]: [Essentials] Selected 1.14.4+ Persistent Data Container Provider as the provider for PersistentDataProvider
[22:06:38] [Server thread/INFO]: [Essentials] Selected 1.20.4+ Damage Event Provider as the provider for DamageEventProvider
[22:06:38] [Server thread/INFO]: [Essentials] Selected Reflection Online Mode Provider as the provider for OnlineModeProvider
[22:06:38] [Server thread/INFO]: [Essentials] Selected 1.20.5+ Banner Data Provider as the provider for BannerDataProvider
[22:06:38] [Server thread/INFO]: [Essentials] Selected 1.11+ Item Unbreakable Provider as the provider for ItemUnbreakableProvider
[22:06:38] [Server thread/INFO]: [Essentials] Selected Reflection Formatted Command Alias Provider as the provider for FormattedCommandAliasProvider
[22:06:38] [Server thread/INFO]: [Essentials] Selected 1.20.6+ Potion Meta Provider as the provider for PotionMetaProvider
[22:06:38] [Server thread/INFO]: [Essentials] Loaded 43465 items from items.json.
[22:06:38] [Server thread/INFO]: [Essentials] Using locale en
[22:06:38] [Server thread/INFO]: [Essentials] ServerListPingEvent: Spigot iterator API
[22:06:38] [Server thread/INFO]: [Essentials] Starting Metrics. Opt-out using the global bStats config.
[22:06:38] [Server thread/INFO]: [Essentials] Using Vault based permissions (LuckPerms)
[22:06:38] [Server thread/INFO]: [CommandScheduler] Enabling CommandScheduler v1.2
[22:06:38] [Server thread/INFO]: [CommandScheduler] CommandScheduler has been enabled.
[22:06:38] [Server thread/INFO]: [WorldGuard] Enabling WorldGuard v7.0.12+829a4a4
[22:06:39] [Server thread/INFO]: No TreeType mapping for TreeGenerator.TreeType.PALE_OAK
[22:06:39] [Server thread/INFO]: The above message is displayed because your FAWE version is newer than 1.21.1-2329-803bf62 (MC: 1.21.1) and contains features of future minecraft versions which do not exist in 1.21.1-2329-803bf62 (MC: 1.21.1) hence the tree type PALE_OAK is not available. This is not an error. This version of FAWE will work on your version of  Minecraft. This is an informative message only.
[22:06:39] [Server thread/INFO]: No TreeType mapping for TreeGenerator.TreeType.PALE_OAK_CREAKING
[22:06:39] [Server thread/INFO]: The above message is displayed because your FAWE version is newer than 1.21.1-2329-803bf62 (MC: 1.21.1) and contains features of future minecraft versions which do not exist in 1.21.1-2329-803bf62 (MC: 1.21.1) hence the tree type PALE_OAK_CREAKING is not available. This is not an error. This version of FAWE will work on your version of  Minecraft. This is an informative message only.
[22:06:39] [Server thread/INFO]: [WorldGuard] (world) TNT ignition is PERMITTED.
[22:06:39] [Server thread/INFO]: [WorldGuard] (world) Lighters are PERMITTED.
[22:06:39] [Server thread/INFO]: [WorldGuard] (world) Lava fire is PERMITTED.
[22:06:39] [Server thread/INFO]: [WorldGuard] (world) Fire spread is UNRESTRICTED.
[22:06:39] [Server thread/INFO]: [WorldGuard] Loaded configuration for world 'world'
[22:06:39] [Server thread/INFO]: [WorldGuard] Loading region data...
[22:06:39] [Server thread/WARN]: Could not register alias sell because it contains commands that do not exist: economyshopgui:sellall $1-
[22:06:39] [Server thread/INFO]: [spark] Starting background profiler...
[22:06:39] [Server thread/INFO]: Done preparing level "world" (3.688s)
[22:06:39] [Server thread/INFO]: Running delayed init tasks
[22:06:39] [Craft Scheduler Thread - 2 - ViaVersion/INFO]: [ViaVersion] Finished mapping loading, shutting down loader executor.
[22:06:39] [Craft Scheduler Thread - 1 - Essentials/INFO]: [Essentials] Fetching version information...
[22:06:39] [Server thread/INFO]: [com.fastasyncworldedit.bukkit.regions.WorldGuardFeature] Plugin 'WorldGuard' found. Using it now.
[22:06:39] [Server thread/INFO]: [com.fastasyncworldedit.bukkit.FaweBukkit] Attempting to use plugin 'WorldGuard'
[22:06:39] [Server thread/INFO]: [Essentials] Essentials found a compatible payment resolution method: Vault Compatibility Layer (v2.10.0)!
[22:06:40] [Server thread/INFO]: Successfully filled 2674 block(s)
[22:06:40] [Server thread/INFO]: Successfully filled 926 block(s)
[22:06:40] [Server thread/INFO]: No blocks were filled
[22:06:40] [Server thread/INFO]: Too many blocks in the specified area (maximum 32768, specified 327726)
[22:06:40] [Server thread/INFO]: No blocks were filled
[22:06:40] [Server thread/INFO]: No blocks were filled
[22:06:40] [Server thread/INFO]: No blocks were filled
[22:06:40] [Server thread/INFO]: Too many blocks in the specified area (maximum 32768, specified 480200)
[22:06:40] [Server thread/INFO]: Successfully filled 2116 block(s)
[22:06:40] [Server thread/INFO]: Region flag fall-damage set on '__global__' to 'DENY'.
[22:06:40] [Server thread/INFO]: (Current flags: tnt: ALLOW, fire-spread: ALLOW, lighter: ALLOW, fall-damage: DENY, use: ALLOW, entity-item-frame-destroy: ALLOW)
[22:06:40] [Server thread/INFO]: Region flag use set on '__global__' to 'ALLOW'.
[22:06:40] [Server thread/INFO]: (Current flags: tnt: ALLOW, fire-spread: ALLOW, lighter: ALLOW, fall-damage: DENY, use: ALLOW, entity-item-frame-destroy: ALLOW)
[22:06:40] [Server thread/INFO]: Region flag entity-item-frame-destroy set on '__global__' to 'ALLOW'.
[22:06:40] [Server thread/INFO]: (Current flags: tnt: ALLOW, fire-spread: ALLOW, lighter: ALLOW, fall-damage: DENY, use: ALLOW, entity-item-frame-destroy: ALLOW)
[22:06:40] [Server thread/INFO]: Region flag tnt set on '__global__' to 'ALLOW'.
[22:06:40] [Server thread/INFO]: (Current flags: tnt: ALLOW, fire-spread: ALLOW, lighter: ALLOW, fall-damage: DENY, use: ALLOW, entity-item-frame-destroy: ALLOW)
[22:06:40] [Server thread/INFO]: Region flag fire-spread set on '__global__' to 'ALLOW'.
[22:06:40] [Server thread/INFO]: (Current flags: tnt: ALLOW, fire-spread: ALLOW, lighter: ALLOW, fall-damage: DENY, use: ALLOW, entity-item-frame-destroy: ALLOW)
[22:06:40] [Server thread/INFO]: Region flag lighter set on '__global__' to 'ALLOW'.
[22:06:40] [Server thread/INFO]: (Current flags: tnt: ALLOW, fire-spread: ALLOW, lighter: ALLOW, fall-damage: DENY, use: ALLOW, entity-item-frame-destroy: ALLOW)
[22:06:40] [Server thread/INFO]: No players matched query.
[22:06:40] [Server thread/INFO]: [Essentials] CONSOLE issued server command: /kill *
[22:06:40] [Server thread/INFO]: No blocks were filled
[22:06:40] [Server thread/INFO]: No entity was found
[22:06:40] [Server thread/INFO]: No blocks were filled
[22:06:40] [Server thread/INFO]: No blocks were filled
[22:06:40] [Server thread/INFO]: No blocks were filled
[22:06:40] [Server thread/INFO]: No blocks were filled
[22:06:40] [Server thread/INFO]: Successfully filled 49 block(s)
[22:06:40] [Server thread/INFO]: Successfully filled 48 block(s)
[22:06:40] [Server thread/INFO]: Successfully filled 659 block(s)
[22:06:40] [Server thread/INFO]: Successfully filled 645 block(s)
[22:06:40] [Server thread/INFO]: Successfully filled 47 block(s)
[22:06:40] [Server thread/INFO]: Successfully filled 46 block(s)
[22:06:40] [Server thread/INFO]: Successfully filled 94 block(s)
[22:06:40] [Server thread/INFO]: Successfully filled 92 block(s)
[22:06:40] [Server thread/INFO]: Successfully filled 92 block(s)
[22:06:40] [Server thread/INFO]: Successfully filled 90 block(s)
[22:06:40] [Server thread/INFO]: Successfully filled 285 block(s)
[22:06:40] [Server thread/INFO]: Done (22.458s)! For help, type "help"
[22:06:40] [Server thread/INFO]: [Not Secure] [Server] resetting server
[22:07:09] [WorldGuard Region I/O/INFO]: [WorldGuard] Region data changes made in 'world' have been background saved
[22:07:24] [User Authenticator #0/INFO]: UUID of player imasdf is 17a1af03-b06e-3e70-9dd5-8a9dbd53ffd8
[22:07:25] [Server thread/INFO]: imasdf joined the game
[22:07:26] [Server thread/INFO]: imasdf[/172.58.166.29:58072] logged in with entity id 4 at ([world]-22.69999998807907, -47.0, 22.69999998807907)
[22:07:29] [Server thread/INFO]: imasdf issued server command: /kit
[22:07:32] [Server thread/INFO]: imasdf issued server command: /createkit
[22:07:37] [Server thread/INFO]: imasdf issued server command: /delkit firework
[22:07:39] [Server thread/INFO]: Applied effect Saturation to imasdf
[22:07:39] [Server thread/INFO]: No blocks were filled
[22:07:39] [Server thread/INFO]: No blocks were filled
[22:07:39] [Server thread/INFO]: No blocks were filled
[22:07:39] [Server thread/INFO]: No blocks were filled
[22:07:39] [Server thread/INFO]: Successfully filled 49 block(s)
[22:07:39] [Server thread/INFO]: Successfully filled 48 block(s)
[22:07:39] [Server thread/INFO]: Successfully filled 95 block(s)
[22:07:39] [Server thread/INFO]: Successfully filled 93 block(s)
[22:07:39] [Server thread/INFO]: Successfully filled 47 block(s)
[22:07:39] [Server thread/INFO]: Successfully filled 46 block(s)
[22:07:39] [Server thread/INFO]: Successfully filled 47 block(s)
[22:07:39] [Server thread/INFO]: Successfully filled 46 block(s)
[22:07:39] [Server thread/INFO]: No blocks were filled
[22:07:39] [Server thread/INFO]: No blocks were filled
[22:07:39] [Server thread/INFO]: Successfully filled 285 block(s)
[22:07:40] [Server thread/INFO]: imasdf issued server command: /delkit Color
[22:07:43] [Server thread/INFO]: imasdf issued server command: /delkit Cpvp
[22:07:46] [Server thread/INFO]: imasdf issued server command: /delkit Notch
[22:07:54] [Server thread/INFO]: [Essentials] CONSOLE issued server command: /kit 
[22:07:54] [Server thread/INFO]: Kits: Dtools Tools
[22:08:02] [Server thread/INFO]: imasdf lost connection: Disconnected
[22:08:02] [Server thread/INFO]: imasdf left the game
[22:08:08] [Server thread/INFO]: [Essentials] CONSOLE issued server command: /delkit Dtools Tools
[22:08:08] [Server thread/INFO]: Kit dtools has been removed.
[22:08:12] [Server thread/INFO]: [Essentials] CONSOLE issued server command: /delkit ools
[22:08:12] [Server thread/INFO]: Error: That kit does not exist.
[22:08:15] [Server thread/INFO]: [Essentials] CONSOLE issued server command: /kits 
[22:08:15] [Server thread/INFO]: Kits: Tools
[22:08:21] [Server thread/INFO]: [Essentials] CONSOLE issued server command: /delkit Tools
[22:08:21] [Server thread/INFO]: Kit tools has been removed.
[22:08:27] [Server thread/INFO]: [Essentials] CONSOLE issued server command: /createkit 
[22:08:27] [Server thread/INFO]: Error: Only in-game players can use createkit.
[22:08:36] [Server thread/INFO]: Stopping the server
[22:08:36] [Server thread/INFO]: Stopping server
[22:08:36] [Server thread/INFO]: [BungeeGuard] Disabling BungeeGuard v1.4.5
[22:08:36] [Server thread/INFO]: [WorldGuard] Disabling WorldGuard v7.0.12+829a4a4
[22:08:36] [Server thread/INFO]: [WorldGuard] Shutting down executor and cancelling any pending tasks...
[22:08:36] [Server thread/INFO]: [CommandScheduler] Disabling CommandScheduler v1.2
[22:08:36] [Server thread/INFO]: [CommandScheduler] CommandScheduler has been disabled.
[22:08:36] [Server thread/INFO]: [Essentials] Disabling Essentials v2.21.0
[22:08:36] [Server thread/INFO]: [ViaRewind-Legacy-Support] Disabling ViaRewind-Legacy-Support v1.5.2
[22:08:36] [Server thread/INFO]: [FastAsyncWorldEdit] Disabling FastAsyncWorldEdit v2.13.1-SNAPSHOT-1089;d1865b6
[22:08:36] [Server thread/INFO]: Unregistering com.sk89q.worldedit.bukkit.BukkitServerInterface from WorldEdit
[22:08:36] [Server thread/INFO]: [ViaRewind] Disabling ViaRewind v4.0.7
[22:08:36] [Server thread/INFO]: [Vault] Disabling Vault v2.10.0
[22:08:36] [Server thread/INFO]: [ViaBackwards] Disabling ViaBackwards v5.3.2
[22:08:36] [Server thread/INFO]: [LuckPerms] Disabling LuckPerms v5.4.145
[22:08:36] [Server thread/INFO]: [LuckPerms] Starting shutdown process...
[22:08:36] [Server thread/INFO]: [LuckPerms] Closing storage...
[22:08:36] [Server thread/INFO]: [LuckPerms] Goodbye!
[22:08:36] [Server thread/INFO]: [ViaVersion] Disabling ViaVersion v5.3.2
[22:08:36] [Server thread/INFO]: [ViaVersion] ViaVersion has been disabled; uninjected the platform and shut down the scheduler.
[22:08:36] [Server thread/INFO]: Saving players
[22:08:36] [Server thread/INFO]: Saving worlds
[22:08:36] [Server thread/INFO]: Saving chunks for level 'ServerLevel[world]'/minecraft:overworld
[22:08:36] [Server thread/INFO]: [ChunkHolderManager] Waiting 60s for chunk system to halt for world 'world'
[22:08:36] [Server thread/INFO]: [ChunkHolderManager] Halted chunk system for world 'world'
[22:08:36] [Server thread/INFO]: [ChunkHolderManager] Saving all chunkholders for world 'world'
[22:08:37] [Server thread/INFO]: [ChunkHolderManager] Saved 169 block chunks, 169 entity chunks, 0 poi chunks in world 'world' in 0.24s
[22:08:37] [Server thread/INFO]: ThreadedAnvilChunkStorage (world): All chunks are saved
[22:08:37] [Server thread/INFO]: ThreadedAnvilChunkStorage: All dimensions are saved
