[0.033s][info][gc,init] CardTable entry size: 512
[0.033s][info][gc     ] Using G1
[2.406s][info][gc,init] Version: 21.0.6+7-LTS (release)
[2.406s][info][gc,init] CPUs: 4 total, 4 available
[2.406s][info][gc,init] Memory: 23980M
[2.406s][info][gc,init] Large Page Support: Disabled
[2.406s][info][gc,init] NUMA Support: Disabled
[2.406s][info][gc,init] Compressed Oops: Enabled (Zero based)
[2.406s][info][gc,init] Heap Region Size: 8M
[2.406s][info][gc,init] Heap Min Capacity: 8G
[2.406s][info][gc,init] Heap Initial Capacity: 8G
[2.406s][info][gc,init] Heap Max Capacity: 8G
[2.406s][info][gc,init] Pre-touch: Enabled
[2.406s][info][gc,init] Parallel Workers: 4
[2.406s][info][gc,init] Concurrent Workers: 1
[2.406s][info][gc,init] Concurrent Refinement Workers: 4
[2.406s][info][gc,init] Periodic GC: Disabled
[2.419s][info][gc,metaspace] CDS archive(s) mapped at: [0x0000001800000000-0x0000001800ca0000-0x0000001800ca0000), size 13238272, SharedBaseAddress: 0x0000001800000000, ArchiveRelocationMode: 1.
[2.419s][info][gc,metaspace] Compressed class space mapped at: 0x0000001801000000-0x0000001841000000, reserved size: 1073741824
[2.419s][info][gc,metaspace] Narrow klass base: 0x0000001800000000, Narrow klass shift: 0, Narrow klass range: 0x100000000
[4.264s][info][gc,start    ] GC(0) Pause Young (Concurrent Start) (Metadata GC Threshold)
[4.264s][info][gc,task     ] GC(0) Using 4 workers of 4 for evacuation
[4.272s][info][gc,phases   ] GC(0)   Pre Evacuate Collection Set: 0.4ms
[4.272s][info][gc,phases   ] GC(0)   Merge Heap Roots: 0.1ms
[4.272s][info][gc,phases   ] GC(0)   Evacuate Collection Set: 6.4ms
[4.272s][info][gc,phases   ] GC(0)   Post Evacuate Collection Set: 0.9ms
[4.272s][info][gc,phases   ] GC(0)   Other: 0.1ms
[4.272s][info][gc,heap     ] GC(0) Eden regions: 30->0(202)
[4.272s][info][gc,heap     ] GC(0) Survivor regions: 0->2(26)
[4.272s][info][gc,heap     ] GC(0) Old regions: 1->1
[4.272s][info][gc,heap     ] GC(0) Humongous regions: 68->0
[4.272s][info][gc,metaspace] GC(0) Metaspace: 21069K(21504K)->21069K(21504K) NonClass: 18748K(19008K)->18748K(19008K) Class: 2321K(2496K)->2321K(2496K)
[4.272s][info][gc          ] GC(0) Pause Young (Concurrent Start) (Metadata GC Threshold) 781M->13M(8192M) 7.994ms
[4.272s][info][gc          ] GC(1) Concurrent Mark Cycle
[4.272s][info][gc,marking  ] GC(1) Concurrent Scan Root Regions
[4.272s][info][gc,cpu      ] GC(0) User=0.02s Sys=0.00s Real=0.01s
[4.276s][info][gc,marking  ] GC(1) Concurrent Scan Root Regions 4.222ms
[4.276s][info][gc,marking  ] GC(1) Concurrent Mark
[4.276s][info][gc,marking  ] GC(1) Concurrent Mark From Roots
[4.276s][info][gc,task     ] GC(1) Using 1 workers of 1 for marking
[4.278s][info][gc,marking  ] GC(1) Concurrent Mark From Roots 1.718ms
[4.278s][info][gc,marking  ] GC(1) Concurrent Preclean
[4.278s][info][gc,marking  ] GC(1) Concurrent Preclean 0.009ms
[4.278s][info][gc,start    ] GC(1) Pause Remark
[4.281s][info][gc          ] GC(1) Pause Remark 21M->21M(8192M) 2.571ms
[4.281s][info][gc,cpu      ] GC(1) User=0.01s Sys=0.00s Real=0.00s
[4.281s][info][gc,marking  ] GC(1) Concurrent Mark 4.681ms
[4.281s][info][gc,marking  ] GC(1) Concurrent Rebuild Remembered Sets and Scrub Regions
[4.282s][info][gc,marking  ] GC(1) Concurrent Rebuild Remembered Sets and Scrub Regions 0.624ms
[4.282s][info][gc,start    ] GC(1) Pause Cleanup
[4.282s][info][gc          ] GC(1) Pause Cleanup 21M->21M(8192M) 0.177ms
[4.282s][info][gc,cpu      ] GC(1) User=0.00s Sys=0.00s Real=0.00s
[4.282s][info][gc,marking  ] GC(1) Concurrent Clear Claimed Marks
[4.282s][info][gc,marking  ] GC(1) Concurrent Clear Claimed Marks 0.024ms
[4.282s][info][gc,marking  ] GC(1) Concurrent Cleanup for Next Mark
[4.291s][info][gc,marking  ] GC(1) Concurrent Cleanup for Next Mark 8.684ms
[4.291s][info][gc          ] GC(1) Concurrent Mark Cycle 18.800ms
[5.578s][info][gc,start    ] GC(2) Pause Young (Prepare Mixed) (Metadata GC Threshold)
[5.578s][info][gc,task     ] GC(2) Using 4 workers of 4 for evacuation
[5.612s][info][gc,phases   ] GC(2)   Pre Evacuate Collection Set: 0.5ms
[5.612s][info][gc,phases   ] GC(2)   Merge Heap Roots: 0.0ms
[5.612s][info][gc,phases   ] GC(2)   Evacuate Collection Set: 32.0ms
[5.612s][info][gc,phases   ] GC(2)   Post Evacuate Collection Set: 1.5ms
[5.612s][info][gc,phases   ] GC(2)   Other: 0.1ms
[5.612s][info][gc,heap     ] GC(2) Eden regions: 40->0(196)
[5.612s][info][gc,heap     ] GC(2) Survivor regions: 2->8(26)
[5.612s][info][gc,heap     ] GC(2) Old regions: 1->1
[5.612s][info][gc,heap     ] GC(2) Humongous regions: 0->0
[5.612s][info][gc,metaspace] GC(2) Metaspace: 35622K(36096K)->35622K(36096K) NonClass: 31546K(31808K)->31546K(31808K) Class: 4075K(4288K)->4075K(4288K)
[5.612s][info][gc          ] GC(2) Pause Young (Prepare Mixed) (Metadata GC Threshold) 329M->64M(8192M) 34.256ms
[5.612s][info][gc,cpu      ] GC(2) User=0.11s Sys=0.00s Real=0.04s
[5.646s][info][gc,start    ] GC(3) Pause Young (Mixed) (Metadata GC Threshold)
[5.647s][info][gc,task     ] GC(3) Using 4 workers of 4 for evacuation
[5.670s][info][gc,phases   ] GC(3)   Pre Evacuate Collection Set: 0.2ms
[5.670s][info][gc,phases   ] GC(3)   Merge Heap Roots: 0.1ms
[5.670s][info][gc,phases   ] GC(3)   Evacuate Collection Set: 22.0ms
[5.670s][info][gc,phases   ] GC(3)   Post Evacuate Collection Set: 1.4ms
[5.670s][info][gc,phases   ] GC(3)   Other: 0.0ms
[5.670s][info][gc,heap     ] GC(3) Eden regions: 1->0(196)
[5.670s][info][gc,heap     ] GC(3) Survivor regions: 8->8(26)
[5.670s][info][gc,heap     ] GC(3) Old regions: 1->1
[5.670s][info][gc,heap     ] GC(3) Humongous regions: 0->0
[5.670s][info][gc,metaspace] GC(3) Metaspace: 35943K(36416K)->35943K(36416K) NonClass: 31812K(32064K)->31812K(32064K) Class: 4131K(4352K)->4131K(4352K)
[5.670s][info][gc          ] GC(3) Pause Young (Mixed) (Metadata GC Threshold) 72M->64M(8192M) 23.907ms
[5.670s][info][gc,cpu      ] GC(3) User=0.09s Sys=0.00s Real=0.02s
[5.723s][info][gc,start    ] GC(4) Pause Young (Concurrent Start) (Metadata GC Threshold)
[5.723s][info][gc,task     ] GC(4) Using 4 workers of 4 for evacuation
[5.747s][info][gc,phases   ] GC(4)   Pre Evacuate Collection Set: 0.4ms
[5.747s][info][gc,phases   ] GC(4)   Merge Heap Roots: 0.0ms
[5.747s][info][gc,phases   ] GC(4)   Evacuate Collection Set: 21.6ms
[5.747s][info][gc,phases   ] GC(4)   Post Evacuate Collection Set: 1.3ms
[5.747s][info][gc,phases   ] GC(4)   Other: 0.1ms
[5.747s][info][gc,heap     ] GC(4) Eden regions: 2->0(195)
[5.747s][info][gc,heap     ] GC(4) Survivor regions: 8->9(26)
[5.747s][info][gc,heap     ] GC(4) Old regions: 1->1
[5.747s][info][gc,heap     ] GC(4) Humongous regions: 0->0
[5.747s][info][gc,metaspace] GC(4) Metaspace: 36215K(36736K)->36215K(36736K) NonClass: 32018K(32320K)->32018K(32320K) Class: 4197K(4416K)->4197K(4416K)
[5.747s][info][gc          ] GC(4) Pause Young (Concurrent Start) (Metadata GC Threshold) 80M->67M(8192M) 23.457ms
[5.747s][info][gc,cpu      ] GC(4) User=0.09s Sys=0.01s Real=0.02s
[5.747s][info][gc          ] GC(5) Concurrent Mark Cycle
[5.747s][info][gc,marking  ] GC(5) Concurrent Scan Root Regions
[5.780s][info][gc,marking  ] GC(5) Concurrent Scan Root Regions 33.367ms
[5.780s][info][gc,marking  ] GC(5) Concurrent Mark
[5.780s][info][gc,marking  ] GC(5) Concurrent Mark From Roots
[5.780s][info][gc,task     ] GC(5) Using 1 workers of 1 for marking
[5.782s][info][gc,marking  ] GC(5) Concurrent Mark From Roots 1.792ms
[5.782s][info][gc,marking  ] GC(5) Concurrent Preclean
[5.782s][info][gc,marking  ] GC(5) Concurrent Preclean 0.007ms
[5.782s][info][gc,start    ] GC(5) Pause Remark
[5.788s][info][gc          ] GC(5) Pause Remark 83M->83M(8192M) 5.835ms
[5.788s][info][gc,cpu      ] GC(5) User=0.01s Sys=0.00s Real=0.00s
[5.788s][info][gc,marking  ] GC(5) Concurrent Mark 8.166ms
[5.788s][info][gc,marking  ] GC(5) Concurrent Rebuild Remembered Sets and Scrub Regions
[5.789s][info][gc,marking  ] GC(5) Concurrent Rebuild Remembered Sets and Scrub Regions 0.725ms
[5.789s][info][gc,start    ] GC(5) Pause Cleanup
[5.789s][info][gc          ] GC(5) Pause Cleanup 83M->83M(8192M) 0.246ms
[5.789s][info][gc,cpu      ] GC(5) User=0.01s Sys=0.00s Real=0.00s
[5.789s][info][gc,marking  ] GC(5) Concurrent Clear Claimed Marks
[5.790s][info][gc,marking  ] GC(5) Concurrent Clear Claimed Marks 0.042ms
[5.790s][info][gc,marking  ] GC(5) Concurrent Cleanup for Next Mark
[5.801s][info][gc,marking  ] GC(5) Concurrent Cleanup for Next Mark 11.217ms
[5.801s][info][gc          ] GC(5) Concurrent Mark Cycle 54.161ms
[8.504s][info][gc,start    ] GC(6) Pause Young (Concurrent Start) (Metadata GC Threshold)
[8.504s][info][gc,task     ] GC(6) Using 4 workers of 4 for evacuation
[8.609s][info][gc,mmu      ] GC(6) MMU target violated: 101.0ms (100.0ms/101.0ms)
[8.609s][info][gc,phases   ] GC(6)   Pre Evacuate Collection Set: 0.2ms
[8.609s][info][gc,phases   ] GC(6)   Merge Heap Roots: 0.0ms
[8.609s][info][gc,phases   ] GC(6)   Evacuate Collection Set: 99.0ms
[8.609s][info][gc,phases   ] GC(6)   Post Evacuate Collection Set: 5.2ms
[8.609s][info][gc,phases   ] GC(6)   Other: 0.1ms
[8.609s][info][gc,heap     ] GC(6) Eden regions: 76->0(182)
[8.609s][info][gc,heap     ] GC(6) Survivor regions: 9->22(26)
[8.609s][info][gc,heap     ] GC(6) Old regions: 1->1
[8.609s][info][gc,heap     ] GC(6) Humongous regions: 0->0
[8.609s][info][gc,metaspace] GC(6) Metaspace: 60697K(61440K)->60697K(61440K) NonClass: 52226K(52608K)->52226K(52608K) Class: 8471K(8832K)->8471K(8832K)
[8.609s][info][gc          ] GC(6) Pause Young (Concurrent Start) (Metadata GC Threshold) 675M->176M(8192M) 104.771ms
[8.609s][info][gc          ] GC(7) Concurrent Mark Cycle
[8.609s][info][gc,marking  ] GC(7) Concurrent Scan Root Regions
[8.611s][info][gc,cpu      ] GC(6) User=0.35s Sys=0.00s Real=0.10s
[8.692s][info][gc,marking  ] GC(7) Concurrent Scan Root Regions 82.806ms
[8.692s][info][gc,marking  ] GC(7) Concurrent Mark
[8.692s][info][gc,marking  ] GC(7) Concurrent Mark From Roots
[8.692s][info][gc,task     ] GC(7) Using 1 workers of 1 for marking
[8.694s][info][gc,marking  ] GC(7) Concurrent Mark From Roots 1.753ms
[8.694s][info][gc,marking  ] GC(7) Concurrent Preclean
[8.694s][info][gc,marking  ] GC(7) Concurrent Preclean 0.008ms
[8.694s][info][gc,start    ] GC(7) Pause Remark
[8.701s][info][gc          ] GC(7) Pause Remark 188M->188M(8192M) 7.194ms
[8.701s][info][gc,cpu      ] GC(7) User=0.02s Sys=0.00s Real=0.00s
[8.701s][info][gc,marking  ] GC(7) Concurrent Mark 9.284ms
[8.701s][info][gc,marking  ] GC(7) Concurrent Rebuild Remembered Sets and Scrub Regions
[8.702s][info][gc,marking  ] GC(7) Concurrent Rebuild Remembered Sets and Scrub Regions 0.602ms
[8.702s][info][gc,start    ] GC(7) Pause Cleanup
[8.702s][info][gc          ] GC(7) Pause Cleanup 188M->188M(8192M) 0.148ms
[8.702s][info][gc,cpu      ] GC(7) User=0.00s Sys=0.00s Real=0.00s
[8.702s][info][gc,marking  ] GC(7) Concurrent Clear Claimed Marks
[8.702s][info][gc,marking  ] GC(7) Concurrent Clear Claimed Marks 0.045ms
[8.702s][info][gc,marking  ] GC(7) Concurrent Cleanup for Next Mark
[8.710s][info][gc,marking  ] GC(7) Concurrent Cleanup for Next Mark 8.048ms
[8.710s][info][gc          ] GC(7) Concurrent Mark Cycle 101.341ms
[13.736s][info][gc,start    ] GC(8) Pause Young (Concurrent Start) (Metadata GC Threshold)
[13.736s][info][gc,task     ] GC(8) Using 4 workers of 4 for evacuation
[13.870s][info][gc,mmu      ] GC(8) MMU target violated: 101.0ms (100.0ms/101.0ms)
[13.870s][info][gc,phases   ] GC(8)   Pre Evacuate Collection Set: 0.3ms
[13.870s][info][gc,phases   ] GC(8)   Merge Heap Roots: 0.1ms
[13.870s][info][gc,phases   ] GC(8)   Evacuate Collection Set: 128.4ms
[13.870s][info][gc,phases   ] GC(8)   Post Evacuate Collection Set: 5.2ms
[13.870s][info][gc,phases   ] GC(8)   Other: 0.2ms
[13.870s][info][gc,heap     ] GC(8) Eden regions: 129->0(197)
[13.870s][info][gc,heap     ] GC(8) Survivor regions: 22->7(26)
[13.870s][info][gc,heap     ] GC(8) Old regions: 1->22
[13.870s][info][gc,heap     ] GC(8) Humongous regions: 0->0
[13.870s][info][gc,metaspace] GC(8) Metaspace: 103338K(104320K)->103338K(104320K) NonClass: 89710K(90240K)->89710K(90240K) Class: 13628K(14080K)->13628K(14080K)
[13.870s][info][gc          ] GC(8) Pause Young (Concurrent Start) (Metadata GC Threshold) 1208M->230M(8192M) 134.340ms
[13.870s][info][gc,cpu      ] GC(8) User=0.42s Sys=0.01s Real=0.13s
[13.870s][info][gc          ] GC(9) Concurrent Mark Cycle
[13.870s][info][gc,marking  ] GC(9) Concurrent Scan Root Regions
[13.983s][info][gc,marking  ] GC(9) Concurrent Scan Root Regions 112.457ms
[13.983s][info][gc,marking  ] GC(9) Concurrent Mark
[13.983s][info][gc,marking  ] GC(9) Concurrent Mark From Roots
[13.983s][info][gc,task     ] GC(9) Using 1 workers of 1 for marking
[13.985s][info][gc,marking  ] GC(9) Concurrent Mark From Roots 1.758ms
[13.985s][info][gc,marking  ] GC(9) Concurrent Preclean
[13.985s][info][gc,marking  ] GC(9) Concurrent Preclean 0.008ms
[13.985s][info][gc,start    ] GC(9) Pause Remark
[13.994s][info][gc          ] GC(9) Pause Remark 245M->245M(8192M) 9.003ms
[13.994s][info][gc,cpu      ] GC(9) User=0.03s Sys=0.00s Real=0.01s
[13.994s][info][gc,marking  ] GC(9) Concurrent Mark 11.085ms
[13.994s][info][gc,marking  ] GC(9) Concurrent Rebuild Remembered Sets and Scrub Regions
[14.070s][info][gc,marking  ] GC(9) Concurrent Rebuild Remembered Sets and Scrub Regions 76.324ms
[14.071s][info][gc,start    ] GC(9) Pause Cleanup
[14.071s][info][gc          ] GC(9) Pause Cleanup 254M->254M(8192M) 0.180ms
[14.071s][info][gc,cpu      ] GC(9) User=0.00s Sys=0.00s Real=0.00s
[14.071s][info][gc,marking  ] GC(9) Concurrent Clear Claimed Marks
[14.071s][info][gc,marking  ] GC(9) Concurrent Clear Claimed Marks 0.104ms
[14.071s][info][gc,marking  ] GC(9) Concurrent Cleanup for Next Mark
[14.078s][info][gc,marking  ] GC(9) Concurrent Cleanup for Next Mark 6.903ms
[14.078s][info][gc          ] GC(9) Concurrent Mark Cycle 207.583ms
[21.283s][info][gc,start    ] GC(10) Pause Young (Normal) (G1 Evacuation Pause)
[21.283s][info][gc,task     ] GC(10) Using 4 workers of 4 for evacuation
[21.345s][info][gc,phases   ] GC(10)   Pre Evacuate Collection Set: 0.3ms
[21.345s][info][gc,phases   ] GC(10)   Merge Heap Roots: 0.2ms
[21.345s][info][gc,phases   ] GC(10)   Evacuate Collection Set: 57.9ms
[21.345s][info][gc,phases   ] GC(10)   Post Evacuate Collection Set: 2.8ms
[21.345s][info][gc,phases   ] GC(10)   Other: 0.1ms
[21.345s][info][gc,heap     ] GC(10) Eden regions: 197->0(185)
[21.345s][info][gc,heap     ] GC(10) Survivor regions: 7->19(26)
[21.345s][info][gc,heap     ] GC(10) Old regions: 22->22
[21.345s][info][gc,heap     ] GC(10) Humongous regions: 0->0
[21.345s][info][gc,metaspace] GC(10) Metaspace: 163280K(164800K)->163280K(164800K) NonClass: 138739K(139584K)->138739K(139584K) Class: 24540K(25216K)->24540K(25216K)
[21.345s][info][gc          ] GC(10) Pause Young (Normal) (G1 Evacuation Pause) 1806M->322M(8192M) 61.522ms
[21.345s][info][gc,cpu      ] GC(10) User=0.24s Sys=0.00s Real=0.06s
[93.567s][info][gc,start    ] GC(11) Pause Young (Concurrent Start) (CodeCache GC Threshold)
[93.567s][info][gc,task     ] GC(11) Using 4 workers of 4 for evacuation
[93.641s][info][gc,phases   ] GC(11)   Pre Evacuate Collection Set: 0.3ms
[93.641s][info][gc,phases   ] GC(11)   Merge Heap Roots: 0.3ms
[93.641s][info][gc,phases   ] GC(11)   Evacuate Collection Set: 69.8ms
[93.641s][info][gc,phases   ] GC(11)   Post Evacuate Collection Set: 2.8ms
[93.641s][info][gc,phases   ] GC(11)   Other: 0.5ms
[93.641s][info][gc,heap     ] GC(11) Eden regions: 79->0(187)
[93.641s][info][gc,heap     ] GC(11) Survivor regions: 19->17(26)
[93.641s][info][gc,heap     ] GC(11) Old regions: 22->28
[93.641s][info][gc,heap     ] GC(11) Humongous regions: 0->0
[93.641s][info][gc,metaspace] GC(11) Metaspace: 174073K(175680K)->174073K(175680K) NonClass: 148044K(148928K)->148044K(148928K) Class: 26029K(26752K)->26029K(26752K)
[93.641s][info][gc          ] GC(11) Pause Young (Concurrent Start) (CodeCache GC Threshold) 951M->356M(8192M) 73.999ms
[93.641s][info][gc,cpu      ] GC(11) User=0.28s Sys=0.00s Real=0.07s
[93.641s][info][gc          ] GC(12) Concurrent Mark Cycle
[93.641s][info][gc,marking  ] GC(12) Concurrent Scan Root Regions
[93.716s][info][gc,marking  ] GC(12) Concurrent Scan Root Regions 74.621ms
[93.716s][info][gc,marking  ] GC(12) Concurrent Mark
[93.716s][info][gc,marking  ] GC(12) Concurrent Mark From Roots
[93.716s][info][gc,task     ] GC(12) Using 1 workers of 1 for marking
[93.935s][info][gc,marking  ] GC(12) Concurrent Mark From Roots 218.915ms
[93.935s][info][gc,marking  ] GC(12) Concurrent Preclean
[93.935s][info][gc,marking  ] GC(12) Concurrent Preclean 0.510ms
[93.935s][info][gc,start    ] GC(12) Pause Remark
[93.957s][info][gc          ] GC(12) Pause Remark 375M->359M(8192M) 22.059ms
[93.958s][info][gc,cpu      ] GC(12) User=0.07s Sys=0.01s Real=0.02s
[93.958s][info][gc,marking  ] GC(12) Concurrent Mark 241.719ms
[93.958s][info][gc,marking  ] GC(12) Concurrent Rebuild Remembered Sets and Scrub Regions
[94.054s][info][gc,marking  ] GC(12) Concurrent Rebuild Remembered Sets and Scrub Regions 96.822ms
[94.055s][info][gc,start    ] GC(12) Pause Cleanup
[94.055s][info][gc          ] GC(12) Pause Cleanup 359M->359M(8192M) 0.167ms
[94.055s][info][gc,cpu      ] GC(12) User=0.00s Sys=0.00s Real=0.00s
[94.055s][info][gc,marking  ] GC(12) Concurrent Clear Claimed Marks
[94.055s][info][gc,marking  ] GC(12) Concurrent Clear Claimed Marks 0.163ms
[94.055s][info][gc,marking  ] GC(12) Concurrent Cleanup for Next Mark
[94.063s][info][gc,marking  ] GC(12) Concurrent Cleanup for Next Mark 8.265ms
[94.063s][info][gc          ] GC(12) Concurrent Mark Cycle 422.171ms
[1360.427s][info][gc,start    ] GC(13) Pause Young (Prepare Mixed) (G1 Evacuation Pause)
[1360.427s][info][gc,task     ] GC(13) Using 4 workers of 4 for evacuation
[1360.481s][info][gc,phases   ] GC(13)   Pre Evacuate Collection Set: 0.7ms
[1360.481s][info][gc,phases   ] GC(13)   Merge Heap Roots: 0.5ms
[1360.481s][info][gc,phases   ] GC(13)   Evacuate Collection Set: 50.4ms
[1360.481s][info][gc,phases   ] GC(13)   Post Evacuate Collection Set: 2.1ms
[1360.481s][info][gc,phases   ] GC(13)   Other: 0.1ms
[1360.481s][info][gc,heap     ] GC(13) Eden regions: 187->0(198)
[1360.481s][info][gc,heap     ] GC(13) Survivor regions: 17->6(26)
[1360.481s][info][gc,heap     ] GC(13) Old regions: 26->38
[1360.481s][info][gc,heap     ] GC(13) Humongous regions: 0->0
[1360.481s][info][gc,metaspace] GC(13) Metaspace: 175111K(176768K)->175111K(176768K) NonClass: 149001K(149952K)->149001K(149952K) Class: 26110K(26816K)->26110K(26816K)
[1360.481s][info][gc          ] GC(13) Pause Young (Prepare Mixed) (G1 Evacuation Pause) 1836M->347M(8192M) 53.899ms
[1360.481s][info][gc,cpu      ] GC(13) User=0.21s Sys=0.00s Real=0.05s
[2817.871s][info][gc,start    ] GC(14) Pause Young (Mixed) (G1 Evacuation Pause)
[2817.871s][info][gc,task     ] GC(14) Using 4 workers of 4 for evacuation
[2817.895s][info][gc,phases   ] GC(14)   Pre Evacuate Collection Set: 0.6ms
[2817.895s][info][gc,phases   ] GC(14)   Merge Heap Roots: 0.4ms
[2817.895s][info][gc,phases   ] GC(14)   Evacuate Collection Set: 21.5ms
[2817.895s][info][gc,phases   ] GC(14)   Post Evacuate Collection Set: 1.2ms
[2817.895s][info][gc,phases   ] GC(14)   Other: 0.1ms
[2817.895s][info][gc,heap     ] GC(14) Eden regions: 198->0(199)
[2817.895s][info][gc,heap     ] GC(14) Survivor regions: 6->5(26)
[2817.895s][info][gc,heap     ] GC(14) Old regions: 38->38
[2817.895s][info][gc,heap     ] GC(14) Humongous regions: 0->0
[2817.895s][info][gc,metaspace] GC(14) Metaspace: 175248K(176832K)->175248K(176832K) NonClass: 149138K(150016K)->149138K(150016K) Class: 26110K(26816K)->26110K(26816K)
[2817.895s][info][gc          ] GC(14) Pause Young (Mixed) (G1 Evacuation Pause) 1931M->343M(8192M) 24.031ms
[2817.895s][info][gc,cpu      ] GC(14) User=0.08s Sys=0.00s Real=0.03s
[4283.626s][info][gc,start    ] GC(15) Pause Young (Normal) (G1 Evacuation Pause)
[4283.626s][info][gc,task     ] GC(15) Using 4 workers of 4 for evacuation
[4283.660s][info][gc,phases   ] GC(15)   Pre Evacuate Collection Set: 0.9ms
[4283.660s][info][gc,phases   ] GC(15)   Merge Heap Roots: 0.3ms
[4283.660s][info][gc,phases   ] GC(15)   Evacuate Collection Set: 31.1ms
[4283.660s][info][gc,phases   ] GC(15)   Post Evacuate Collection Set: 1.3ms
[4283.660s][info][gc,phases   ] GC(15)   Other: 0.1ms
[4283.660s][info][gc,heap     ] GC(15) Eden regions: 199->0(199)
[4283.660s][info][gc,heap     ] GC(15) Survivor regions: 5->5(26)
[4283.660s][info][gc,heap     ] GC(15) Old regions: 38->38
[4283.660s][info][gc,heap     ] GC(15) Humongous regions: 0->0
[4283.660s][info][gc,metaspace] GC(15) Metaspace: 175423K(177024K)->175423K(177024K) NonClass: 149313K(150208K)->149313K(150208K) Class: 26110K(26816K)->26110K(26816K)
[4283.660s][info][gc          ] GC(15) Pause Young (Normal) (G1 Evacuation Pause) 1935M->343M(8192M) 33.956ms
[4283.660s][info][gc,cpu      ] GC(15) User=0.13s Sys=0.00s Real=0.03s
[5739.486s][info][gc,start    ] GC(16) Pause Young (Normal) (G1 Evacuation Pause)
[5739.486s][info][gc,task     ] GC(16) Using 4 workers of 4 for evacuation
[5739.508s][info][gc,phases   ] GC(16)   Pre Evacuate Collection Set: 0.3ms
[5739.508s][info][gc,phases   ] GC(16)   Merge Heap Roots: 0.2ms
[5739.508s][info][gc,phases   ] GC(16)   Evacuate Collection Set: 19.5ms
[5739.508s][info][gc,phases   ] GC(16)   Post Evacuate Collection Set: 1.1ms
[5739.508s][info][gc,phases   ] GC(16)   Other: 0.1ms
[5739.508s][info][gc,heap     ] GC(16) Eden regions: 199->0(199)
[5739.508s][info][gc,heap     ] GC(16) Survivor regions: 5->5(26)
[5739.508s][info][gc,heap     ] GC(16) Old regions: 38->38
[5739.508s][info][gc,heap     ] GC(16) Humongous regions: 0->0
[5739.508s][info][gc,metaspace] GC(16) Metaspace: 175530K(177152K)->175530K(177152K) NonClass: 149419K(150336K)->149419K(150336K) Class: 26110K(26816K)->26110K(26816K)
[5739.508s][info][gc          ] GC(16) Pause Young (Normal) (G1 Evacuation Pause) 1935M->339M(8192M) 21.473ms
[5739.508s][info][gc,cpu      ] GC(16) User=0.08s Sys=0.00s Real=0.02s
[7210.415s][info][gc,start    ] GC(17) Pause Young (Normal) (G1 Evacuation Pause)
[7210.416s][info][gc,task     ] GC(17) Using 4 workers of 4 for evacuation
[7211.214s][info][gc,mmu      ] GC(17) MMU target violated: 101.0ms (100.0ms/101.0ms)
[7211.214s][info][gc,phases   ] GC(17)   Pre Evacuate Collection Set: 3.1ms
[7211.214s][info][gc,phases   ] GC(17)   Merge Heap Roots: 0.3ms
[7211.214s][info][gc,phases   ] GC(17)   Evacuate Collection Set: 792.4ms
[7211.214s][info][gc,phases   ] GC(17)   Post Evacuate Collection Set: 1.5ms
[7211.214s][info][gc,phases   ] GC(17)   Other: 0.9ms
[7211.214s][info][gc,heap     ] GC(17) Eden regions: 199->0(199)
[7211.214s][info][gc,heap     ] GC(17) Survivor regions: 5->5(26)
[7211.214s][info][gc,heap     ] GC(17) Old regions: 38->38
[7211.214s][info][gc,heap     ] GC(17) Humongous regions: 0->0
[7211.214s][info][gc,metaspace] GC(17) Metaspace: 176731K(178368K)->176731K(178368K) NonClass: 150417K(151360K)->150417K(151360K) Class: 26313K(27008K)->26313K(27008K)
[7211.215s][info][gc          ] GC(17) Pause Young (Normal) (G1 Evacuation Pause) 1931M->340M(8192M) 799.495ms
[7211.215s][info][gc,cpu      ] GC(17) User=0.14s Sys=0.13s Real=0.80s
[8678.157s][info][gc,start    ] GC(18) Pause Young (Normal) (G1 Evacuation Pause)
[8678.158s][info][gc,task     ] GC(18) Using 4 workers of 4 for evacuation
[8678.190s][info][gc,phases   ] GC(18)   Pre Evacuate Collection Set: 0.8ms
[8678.190s][info][gc,phases   ] GC(18)   Merge Heap Roots: 0.3ms
[8678.190s][info][gc,phases   ] GC(18)   Evacuate Collection Set: 29.6ms
[8678.190s][info][gc,phases   ] GC(18)   Post Evacuate Collection Set: 1.5ms
[8678.190s][info][gc,phases   ] GC(18)   Other: 0.1ms
[8678.190s][info][gc,heap     ] GC(18) Eden regions: 199->0(199)
[8678.190s][info][gc,heap     ] GC(18) Survivor regions: 5->5(26)
[8678.190s][info][gc,heap     ] GC(18) Old regions: 38->38
[8678.190s][info][gc,heap     ] GC(18) Humongous regions: 0->0
[8678.190s][info][gc,metaspace] GC(18) Metaspace: 176909K(178496K)->176909K(178496K) NonClass: 150592K(151488K)->150592K(151488K) Class: 26316K(27008K)->26316K(27008K)
[8678.190s][info][gc          ] GC(18) Pause Young (Normal) (G1 Evacuation Pause) 1932M->342M(8192M) 32.389ms
[8678.190s][info][gc,cpu      ] GC(18) User=0.13s Sys=0.00s Real=0.03s
[10163.631s][info][gc,start    ] GC(19) Pause Young (Normal) (G1 Evacuation Pause)
[10163.631s][info][gc,task     ] GC(19) Using 4 workers of 4 for evacuation
[10163.689s][info][gc,phases   ] GC(19)   Pre Evacuate Collection Set: 1.4ms
[10163.689s][info][gc,phases   ] GC(19)   Merge Heap Roots: 0.8ms
[10163.689s][info][gc,phases   ] GC(19)   Evacuate Collection Set: 52.9ms
[10163.689s][info][gc,phases   ] GC(19)   Post Evacuate Collection Set: 1.8ms
[10163.689s][info][gc,phases   ] GC(19)   Other: 0.3ms
[10163.689s][info][gc,heap     ] GC(19) Eden regions: 199->0(199)
[10163.689s][info][gc,heap     ] GC(19) Survivor regions: 5->5(26)
[10163.689s][info][gc,heap     ] GC(19) Old regions: 38->38
[10163.689s][info][gc,heap     ] GC(19) Humongous regions: 0->0
[10163.689s][info][gc,metaspace] GC(19) Metaspace: 176978K(178560K)->176978K(178560K) NonClass: 150661K(151552K)->150661K(151552K) Class: 26316K(27008K)->26316K(27008K)
[10163.689s][info][gc          ] GC(19) Pause Young (Normal) (G1 Evacuation Pause) 1934M->342M(8192M) 57.265ms
[10163.689s][info][gc,cpu      ] GC(19) User=0.20s Sys=0.00s Real=0.06s
[11644.487s][info][gc,start    ] GC(20) Pause Young (Normal) (G1 Evacuation Pause)
[11644.488s][info][gc,task     ] GC(20) Using 4 workers of 4 for evacuation
[11644.556s][info][gc,phases   ] GC(20)   Pre Evacuate Collection Set: 2.3ms
[11644.556s][info][gc,phases   ] GC(20)   Merge Heap Roots: 0.7ms
[11644.556s][info][gc,phases   ] GC(20)   Evacuate Collection Set: 63.8ms
[11644.556s][info][gc,phases   ] GC(20)   Post Evacuate Collection Set: 1.8ms
[11644.556s][info][gc,phases   ] GC(20)   Other: 0.2ms
[11644.556s][info][gc,heap     ] GC(20) Eden regions: 199->0(199)
[11644.556s][info][gc,heap     ] GC(20) Survivor regions: 5->5(26)
[11644.556s][info][gc,heap     ] GC(20) Old regions: 38->38
[11644.556s][info][gc,heap     ] GC(20) Humongous regions: 0->0
[11644.556s][info][gc,metaspace] GC(20) Metaspace: 177030K(178624K)->177030K(178624K) NonClass: 150713K(151616K)->150713K(151616K) Class: 26316K(27008K)->26316K(27008K)
[11644.556s][info][gc          ] GC(20) Pause Young (Normal) (G1 Evacuation Pause) 1934M->342M(8192M) 69.045ms
[11644.557s][info][gc,cpu      ] GC(20) User=0.27s Sys=0.00s Real=0.07s
[13123.427s][info][gc,start    ] GC(21) Pause Young (Normal) (G1 Evacuation Pause)
[13123.427s][info][gc,task     ] GC(21) Using 4 workers of 4 for evacuation
[13123.470s][info][gc,phases   ] GC(21)   Pre Evacuate Collection Set: 1.3ms
[13123.470s][info][gc,phases   ] GC(21)   Merge Heap Roots: 0.5ms
[13123.470s][info][gc,phases   ] GC(21)   Evacuate Collection Set: 38.3ms
[13123.470s][info][gc,phases   ] GC(21)   Post Evacuate Collection Set: 2.0ms
[13123.470s][info][gc,phases   ] GC(21)   Other: 1.2ms
[13123.470s][info][gc,heap     ] GC(21) Eden regions: 199->0(199)
[13123.470s][info][gc,heap     ] GC(21) Survivor regions: 5->5(26)
[13123.470s][info][gc,heap     ] GC(21) Old regions: 38->38
[13123.470s][info][gc,heap     ] GC(21) Humongous regions: 0->0
[13123.470s][info][gc,metaspace] GC(21) Metaspace: 177142K(178752K)->177142K(178752K) NonClass: 150825K(151744K)->150825K(151744K) Class: 26316K(27008K)->26316K(27008K)
[13123.470s][info][gc          ] GC(21) Pause Young (Normal) (G1 Evacuation Pause) 1934M->342M(8192M) 43.598ms
[13123.470s][info][gc,cpu      ] GC(21) User=0.15s Sys=0.00s Real=0.04s
[14605.645s][info][gc,start    ] GC(22) Pause Young (Normal) (G1 Evacuation Pause)
[14605.645s][info][gc,task     ] GC(22) Using 4 workers of 4 for evacuation
[14605.688s][info][gc,phases   ] GC(22)   Pre Evacuate Collection Set: 1.6ms
[14605.688s][info][gc,phases   ] GC(22)   Merge Heap Roots: 0.5ms
[14605.688s][info][gc,phases   ] GC(22)   Evacuate Collection Set: 38.9ms
[14605.688s][info][gc,phases   ] GC(22)   Post Evacuate Collection Set: 1.7ms
[14605.688s][info][gc,phases   ] GC(22)   Other: 0.2ms
[14605.688s][info][gc,heap     ] GC(22) Eden regions: 199->0(199)
[14605.688s][info][gc,heap     ] GC(22) Survivor regions: 5->5(26)
[14605.688s][info][gc,heap     ] GC(22) Old regions: 38->38
[14605.688s][info][gc,heap     ] GC(22) Humongous regions: 0->0
[14605.688s][info][gc,metaspace] GC(22) Metaspace: 177202K(178880K)->177202K(178880K) NonClass: 150885K(151872K)->150885K(151872K) Class: 26316K(27008K)->26316K(27008K)
[14605.688s][info][gc          ] GC(22) Pause Young (Normal) (G1 Evacuation Pause) 1934M->340M(8192M) 43.202ms
[14605.688s][info][gc,cpu      ] GC(22) User=0.16s Sys=0.00s Real=0.04s
[16099.063s][info][gc,start    ] GC(23) Pause Young (Normal) (G1 Evacuation Pause)
[16099.063s][info][gc,task     ] GC(23) Using 4 workers of 4 for evacuation
[16099.128s][info][gc,phases   ] GC(23)   Pre Evacuate Collection Set: 2.2ms
[16099.128s][info][gc,phases   ] GC(23)   Merge Heap Roots: 1.0ms
[16099.128s][info][gc,phases   ] GC(23)   Evacuate Collection Set: 60.3ms
[16099.128s][info][gc,phases   ] GC(23)   Post Evacuate Collection Set: 1.7ms
[16099.128s][info][gc,phases   ] GC(23)   Other: 0.2ms
[16099.128s][info][gc,heap     ] GC(23) Eden regions: 199->0(199)
[16099.128s][info][gc,heap     ] GC(23) Survivor regions: 5->5(26)
[16099.128s][info][gc,heap     ] GC(23) Old regions: 38->38
[16099.128s][info][gc,heap     ] GC(23) Humongous regions: 0->0
[16099.128s][info][gc,metaspace] GC(23) Metaspace: 177308K(178944K)->177308K(178944K) NonClass: 150991K(151936K)->150991K(151936K) Class: 26316K(27008K)->26316K(27008K)
[16099.128s][info][gc          ] GC(23) Pause Young (Normal) (G1 Evacuation Pause) 1932M->341M(8192M) 65.578ms
[16099.128s][info][gc,cpu      ] GC(23) User=0.25s Sys=0.00s Real=0.06s
[17574.871s][info][gc,start    ] GC(24) Pause Young (Normal) (G1 Evacuation Pause)
[17574.871s][info][gc,task     ] GC(24) Using 4 workers of 4 for evacuation
[17574.917s][info][gc,phases   ] GC(24)   Pre Evacuate Collection Set: 1.2ms
[17574.917s][info][gc,phases   ] GC(24)   Merge Heap Roots: 0.6ms
[17574.917s][info][gc,phases   ] GC(24)   Evacuate Collection Set: 41.6ms
[17574.917s][info][gc,phases   ] GC(24)   Post Evacuate Collection Set: 1.5ms
[17574.917s][info][gc,phases   ] GC(24)   Other: 1.4ms
[17574.917s][info][gc,heap     ] GC(24) Eden regions: 199->0(199)
[17574.917s][info][gc,heap     ] GC(24) Survivor regions: 5->5(26)
[17574.917s][info][gc,heap     ] GC(24) Old regions: 38->38
[17574.917s][info][gc,heap     ] GC(24) Humongous regions: 0->0
[17574.917s][info][gc,metaspace] GC(24) Metaspace: 177335K(178944K)->177335K(178944K) NonClass: 151019K(151936K)->151019K(151936K) Class: 26316K(27008K)->26316K(27008K)
[17574.917s][info][gc          ] GC(24) Pause Young (Normal) (G1 Evacuation Pause) 1933M->339M(8192M) 46.469ms
[17574.917s][info][gc,cpu      ] GC(24) User=0.17s Sys=0.00s Real=0.05s
[19050.487s][info][gc,start    ] GC(25) Pause Young (Normal) (G1 Evacuation Pause)
[19050.487s][info][gc,task     ] GC(25) Using 4 workers of 4 for evacuation
[19050.539s][info][gc,phases   ] GC(25)   Pre Evacuate Collection Set: 1.2ms
[19050.539s][info][gc,phases   ] GC(25)   Merge Heap Roots: 0.3ms
[19050.539s][info][gc,phases   ] GC(25)   Evacuate Collection Set: 48.8ms
[19050.539s][info][gc,phases   ] GC(25)   Post Evacuate Collection Set: 1.5ms
[19050.539s][info][gc,phases   ] GC(25)   Other: 0.2ms
[19050.539s][info][gc,heap     ] GC(25) Eden regions: 199->0(199)
[19050.539s][info][gc,heap     ] GC(25) Survivor regions: 5->5(26)
[19050.539s][info][gc,heap     ] GC(25) Old regions: 38->38
[19050.539s][info][gc,heap     ] GC(25) Humongous regions: 0->0
[19050.539s][info][gc,metaspace] GC(25) Metaspace: 177419K(179072K)->177419K(179072K) NonClass: 151102K(152064K)->151102K(152064K) Class: 26317K(27008K)->26317K(27008K)
[19050.539s][info][gc          ] GC(25) Pause Young (Normal) (G1 Evacuation Pause) 1931M->340M(8192M) 52.249ms
[19050.539s][info][gc,cpu      ] GC(25) User=0.19s Sys=0.00s Real=0.05s
[20538.716s][info][gc,start    ] GC(26) Pause Young (Normal) (G1 Evacuation Pause)
[20538.716s][info][gc,task     ] GC(26) Using 4 workers of 4 for evacuation
[20538.774s][info][gc,phases   ] GC(26)   Pre Evacuate Collection Set: 2.2ms
[20538.774s][info][gc,phases   ] GC(26)   Merge Heap Roots: 0.7ms
[20538.774s][info][gc,phases   ] GC(26)   Evacuate Collection Set: 52.8ms
[20538.774s][info][gc,phases   ] GC(26)   Post Evacuate Collection Set: 1.8ms
[20538.774s][info][gc,phases   ] GC(26)   Other: 0.2ms
[20538.774s][info][gc,heap     ] GC(26) Eden regions: 199->0(199)
[20538.774s][info][gc,heap     ] GC(26) Survivor regions: 5->5(26)
[20538.774s][info][gc,heap     ] GC(26) Old regions: 38->38
[20538.774s][info][gc,heap     ] GC(26) Humongous regions: 0->0
[20538.774s][info][gc,metaspace] GC(26) Metaspace: 177443K(179072K)->177443K(179072K) NonClass: 151125K(152064K)->151125K(152064K) Class: 26317K(27008K)->26317K(27008K)
[20538.774s][info][gc          ] GC(26) Pause Young (Normal) (G1 Evacuation Pause) 1932M->339M(8192M) 58.024ms
[20538.774s][info][gc,cpu      ] GC(26) User=0.23s Sys=0.00s Real=0.06s
[22014.948s][info][gc,start    ] GC(27) Pause Young (Normal) (G1 Evacuation Pause)
[22014.948s][info][gc,task     ] GC(27) Using 4 workers of 4 for evacuation
[22015.392s][info][gc,mmu      ] GC(27) MMU target violated: 101.0ms (100.0ms/101.0ms)
[22015.392s][info][gc,phases   ] GC(27)   Pre Evacuate Collection Set: 2.2ms
[22015.392s][info][gc,phases   ] GC(27)   Merge Heap Roots: 0.8ms
[22015.392s][info][gc,phases   ] GC(27)   Evacuate Collection Set: 438.4ms
[22015.392s][info][gc,phases   ] GC(27)   Post Evacuate Collection Set: 1.9ms
[22015.392s][info][gc,phases   ] GC(27)   Other: 0.5ms
[22015.392s][info][gc,heap     ] GC(27) Eden regions: 199->0(203)
[22015.392s][info][gc,heap     ] GC(27) Survivor regions: 5->1(26)
[22015.392s][info][gc,heap     ] GC(27) Old regions: 38->42
[22015.392s][info][gc,heap     ] GC(27) Humongous regions: 0->0
[22015.392s][info][gc,metaspace] GC(27) Metaspace: 177537K(179136K)->177537K(179136K) NonClass: 151219K(152128K)->151219K(152128K) Class: 26317K(27008K)->26317K(27008K)
[22015.392s][info][gc          ] GC(27) Pause Young (Normal) (G1 Evacuation Pause) 1931M->341M(8192M) 443.943ms
[22015.392s][info][gc,cpu      ] GC(27) User=0.23s Sys=0.06s Real=0.45s
[26238.427s][info][gc,start    ] GC(28) Pause Young (Normal) (G1 Evacuation Pause)
[26238.427s][info][gc,task     ] GC(28) Using 4 workers of 4 for evacuation
[26238.510s][info][gc,phases   ] GC(28)   Pre Evacuate Collection Set: 1.9ms
[26238.510s][info][gc,phases   ] GC(28)   Merge Heap Roots: 0.5ms
[26238.510s][info][gc,phases   ] GC(28)   Evacuate Collection Set: 77.4ms
[26238.510s][info][gc,phases   ] GC(28)   Post Evacuate Collection Set: 2.5ms
[26238.510s][info][gc,phases   ] GC(28)   Other: 0.9ms
[26238.510s][info][gc,heap     ] GC(28) Eden regions: 601->0(203)
[26238.510s][info][gc,heap     ] GC(28) Survivor regions: 1->1(76)
[26238.510s][info][gc,heap     ] GC(28) Old regions: 42->43
[26238.510s][info][gc,heap     ] GC(28) Humongous regions: 0->0
[26238.510s][info][gc,metaspace] GC(28) Metaspace: 177654K(179264K)->177654K(179264K) NonClass: 151336K(152256K)->151336K(152256K) Class: 26317K(27008K)->26317K(27008K)
[26238.510s][info][gc          ] GC(28) Pause Young (Normal) (G1 Evacuation Pause) 5149M->343M(8192M) 83.373ms
[26238.510s][info][gc,cpu      ] GC(28) User=0.31s Sys=0.00s Real=0.08s
[27743.631s][info][gc,start    ] GC(29) Pause Young (Normal) (G1 Evacuation Pause)
[27743.631s][info][gc,task     ] GC(29) Using 4 workers of 4 for evacuation
[27743.686s][info][gc,phases   ] GC(29)   Pre Evacuate Collection Set: 1.6ms
[27743.686s][info][gc,phases   ] GC(29)   Merge Heap Roots: 0.2ms
[27743.686s][info][gc,phases   ] GC(29)   Evacuate Collection Set: 50.8ms
[27743.686s][info][gc,phases   ] GC(29)   Post Evacuate Collection Set: 2.0ms
[27743.686s][info][gc,phases   ] GC(29)   Other: 0.2ms
[27743.686s][info][gc,heap     ] GC(29) Eden regions: 203->0(203)
[27743.686s][info][gc,heap     ] GC(29) Survivor regions: 1->1(26)
[27743.686s][info][gc,heap     ] GC(29) Old regions: 43->43
[27743.686s][info][gc,heap     ] GC(29) Humongous regions: 0->0
[27743.686s][info][gc,metaspace] GC(29) Metaspace: 177672K(179328K)->177672K(179328K) NonClass: 151354K(152320K)->151354K(152320K) Class: 26317K(27008K)->26317K(27008K)
[27743.686s][info][gc          ] GC(29) Pause Young (Normal) (G1 Evacuation Pause) 1967M->344M(8192M) 55.070ms
[27743.686s][info][gc,cpu      ] GC(29) User=0.20s Sys=0.00s Real=0.06s
[29245.427s][info][gc,start    ] GC(30) Pause Young (Normal) (G1 Evacuation Pause)
[29245.427s][info][gc,task     ] GC(30) Using 4 workers of 4 for evacuation
[29245.476s][info][gc,phases   ] GC(30)   Pre Evacuate Collection Set: 2.1ms
[29245.476s][info][gc,phases   ] GC(30)   Merge Heap Roots: 0.2ms
[29245.476s][info][gc,phases   ] GC(30)   Evacuate Collection Set: 44.1ms
[29245.476s][info][gc,phases   ] GC(30)   Post Evacuate Collection Set: 2.4ms
[29245.476s][info][gc,phases   ] GC(30)   Other: 0.2ms
[29245.476s][info][gc,heap     ] GC(30) Eden regions: 203->0(203)
[29245.476s][info][gc,heap     ] GC(30) Survivor regions: 1->1(26)
[29245.476s][info][gc,heap     ] GC(30) Old regions: 43->43
[29245.476s][info][gc,heap     ] GC(30) Humongous regions: 0->0
[29245.476s][info][gc,metaspace] GC(30) Metaspace: 177696K(179328K)->177696K(179328K) NonClass: 151378K(152320K)->151378K(152320K) Class: 26317K(27008K)->26317K(27008K)
[29245.476s][info][gc          ] GC(30) Pause Young (Normal) (G1 Evacuation Pause) 1968M->344M(8192M) 49.304ms
[29245.476s][info][gc,cpu      ] GC(30) User=0.18s Sys=0.00s Real=0.05s
[33513.427s][info][gc,start    ] GC(31) Pause Young (Normal) (G1 Evacuation Pause)
[33513.427s][info][gc,task     ] GC(31) Using 4 workers of 4 for evacuation
[33513.484s][info][gc,phases   ] GC(31)   Pre Evacuate Collection Set: 1.6ms
[33513.484s][info][gc,phases   ] GC(31)   Merge Heap Roots: 0.2ms
[33513.484s][info][gc,phases   ] GC(31)   Evacuate Collection Set: 52.2ms
[33513.484s][info][gc,phases   ] GC(31)   Post Evacuate Collection Set: 2.9ms
[33513.484s][info][gc,phases   ] GC(31)   Other: 0.4ms
[33513.484s][info][gc,heap     ] GC(31) Eden regions: 613->0(203)
[33513.484s][info][gc,heap     ] GC(31) Survivor regions: 1->1(77)
[33513.484s][info][gc,heap     ] GC(31) Old regions: 43->43
[33513.484s][info][gc,heap     ] GC(31) Humongous regions: 0->0
[33513.484s][info][gc,metaspace] GC(31) Metaspace: 177750K(179392K)->177750K(179392K) NonClass: 151433K(152384K)->151433K(152384K) Class: 26317K(27008K)->26317K(27008K)
[33513.484s][info][gc          ] GC(31) Pause Young (Normal) (G1 Evacuation Pause) 5248M->344M(8192M) 57.639ms
[33513.484s][info][gc,cpu      ] GC(31) User=0.20s Sys=0.00s Real=0.06s
[37765.427s][info][gc,start    ] GC(32) Pause Young (Normal) (G1 Evacuation Pause)
[37765.427s][info][gc,task     ] GC(32) Using 4 workers of 4 for evacuation
[37765.490s][info][gc,phases   ] GC(32)   Pre Evacuate Collection Set: 1.6ms
[37765.490s][info][gc,phases   ] GC(32)   Merge Heap Roots: 0.2ms
[37765.490s][info][gc,phases   ] GC(32)   Evacuate Collection Set: 58.7ms
[37765.490s][info][gc,phases   ] GC(32)   Post Evacuate Collection Set: 2.7ms
[37765.490s][info][gc,phases   ] GC(32)   Other: 0.3ms
[37765.490s][info][gc,heap     ] GC(32) Eden regions: 613->0(203)
[37765.490s][info][gc,heap     ] GC(32) Survivor regions: 1->1(77)
[37765.490s][info][gc,heap     ] GC(32) Old regions: 43->43
[37765.490s][info][gc,heap     ] GC(32) Humongous regions: 0->0
[37765.490s][info][gc,metaspace] GC(32) Metaspace: 177819K(179392K)->177819K(179392K) NonClass: 151501K(152384K)->151501K(152384K) Class: 26317K(27008K)->26317K(27008K)
[37765.490s][info][gc          ] GC(32) Pause Young (Normal) (G1 Evacuation Pause) 5248M->344M(8192M) 63.649ms
[37765.490s][info][gc,cpu      ] GC(32) User=0.16s Sys=0.00s Real=0.06s
[42031.269s][info][gc,start    ] GC(33) Pause Young (Normal) (G1 Evacuation Pause)
[42031.269s][info][gc,task     ] GC(33) Using 4 workers of 4 for evacuation
[42031.317s][info][gc,phases   ] GC(33)   Pre Evacuate Collection Set: 1.2ms
[42031.317s][info][gc,phases   ] GC(33)   Merge Heap Roots: 0.2ms
[42031.317s][info][gc,phases   ] GC(33)   Evacuate Collection Set: 43.1ms
[42031.317s][info][gc,phases   ] GC(33)   Post Evacuate Collection Set: 3.4ms
[42031.317s][info][gc,phases   ] GC(33)   Other: 0.2ms
[42031.317s][info][gc,heap     ] GC(33) Eden regions: 613->0(203)
[42031.317s][info][gc,heap     ] GC(33) Survivor regions: 1->1(77)
[42031.317s][info][gc,heap     ] GC(33) Old regions: 43->43
[42031.317s][info][gc,heap     ] GC(33) Humongous regions: 0->0
[42031.317s][info][gc,metaspace] GC(33) Metaspace: 177857K(179456K)->177857K(179456K) NonClass: 151539K(152448K)->151539K(152448K) Class: 26317K(27008K)->26317K(27008K)
[42031.317s][info][gc          ] GC(33) Pause Young (Normal) (G1 Evacuation Pause) 5248M->344M(8192M) 48.313ms
[42031.317s][info][gc,cpu      ] GC(33) User=0.16s Sys=0.00s Real=0.05s
[46284.427s][info][gc,start    ] GC(34) Pause Young (Normal) (G1 Evacuation Pause)
[46284.427s][info][gc,task     ] GC(34) Using 4 workers of 4 for evacuation
[46284.484s][info][gc,phases   ] GC(34)   Pre Evacuate Collection Set: 1.4ms
[46284.484s][info][gc,phases   ] GC(34)   Merge Heap Roots: 0.3ms
[46284.484s][info][gc,phases   ] GC(34)   Evacuate Collection Set: 51.6ms
[46284.484s][info][gc,phases   ] GC(34)   Post Evacuate Collection Set: 3.3ms
[46284.484s][info][gc,phases   ] GC(34)   Other: 0.2ms
[46284.484s][info][gc,heap     ] GC(34) Eden regions: 613->0(326)
[46284.484s][info][gc,heap     ] GC(34) Survivor regions: 1->1(77)
[46284.484s][info][gc,heap     ] GC(34) Old regions: 43->43
[46284.484s][info][gc,heap     ] GC(34) Humongous regions: 0->0
[46284.484s][info][gc,metaspace] GC(34) Metaspace: 178031K(179648K)->178031K(179648K) NonClass: 151713K(152640K)->151713K(152640K) Class: 26317K(27008K)->26317K(27008K)
[46284.484s][info][gc          ] GC(34) Pause Young (Normal) (G1 Evacuation Pause) 5248M->345M(8192M) 56.986ms
[46284.484s][info][gc,cpu      ] GC(34) User=0.22s Sys=0.00s Real=0.06s
[50546.776s][info][gc,start    ] GC(35) Pause Young (Normal) (G1 Evacuation Pause)
[50546.776s][info][gc,task     ] GC(35) Using 4 workers of 4 for evacuation
[50546.822s][info][gc,phases   ] GC(35)   Pre Evacuate Collection Set: 1.4ms
[50546.822s][info][gc,phases   ] GC(35)   Merge Heap Roots: 0.3ms
[50546.822s][info][gc,phases   ] GC(35)   Evacuate Collection Set: 40.1ms
[50546.822s][info][gc,phases   ] GC(35)   Post Evacuate Collection Set: 4.1ms
[50546.822s][info][gc,phases   ] GC(35)   Other: 0.2ms
[50546.822s][info][gc,heap     ] GC(35) Eden regions: 613->0(613)
[50546.822s][info][gc,heap     ] GC(35) Survivor regions: 1->1(77)
[50546.822s][info][gc,heap     ] GC(35) Old regions: 43->43
[50546.822s][info][gc,heap     ] GC(35) Humongous regions: 0->0
[50546.822s][info][gc,metaspace] GC(35) Metaspace: 178089K(179776K)->178089K(179776K) NonClass: 151771K(152704K)->151771K(152704K) Class: 26318K(27072K)->26318K(27072K)
[50546.822s][info][gc          ] GC(35) Pause Young (Normal) (G1 Evacuation Pause) 5249M->344M(8192M) 46.278ms
[50546.822s][info][gc,cpu      ] GC(35) User=0.17s Sys=0.00s Real=0.05s
[54803.633s][info][gc,start    ] GC(36) Pause Young (Normal) (G1 Evacuation Pause)
[54803.633s][info][gc,task     ] GC(36) Using 4 workers of 4 for evacuation
[54803.691s][info][gc,phases   ] GC(36)   Pre Evacuate Collection Set: 2.1ms
[54803.691s][info][gc,phases   ] GC(36)   Merge Heap Roots: 0.2ms
[54803.691s][info][gc,phases   ] GC(36)   Evacuate Collection Set: 51.2ms
[54803.691s][info][gc,phases   ] GC(36)   Post Evacuate Collection Set: 4.7ms
[54803.691s][info][gc,phases   ] GC(36)   Other: 0.2ms
[54803.691s][info][gc,heap     ] GC(36) Eden regions: 613->0(613)
[54803.691s][info][gc,heap     ] GC(36) Survivor regions: 1->1(77)
[54803.691s][info][gc,heap     ] GC(36) Old regions: 43->43
[54803.691s][info][gc,heap     ] GC(36) Humongous regions: 0->0
[54803.691s][info][gc,metaspace] GC(36) Metaspace: 178178K(179904K)->178178K(179904K) NonClass: 151859K(152832K)->151859K(152832K) Class: 26318K(27072K)->26318K(27072K)
[54803.691s][info][gc          ] GC(36) Pause Young (Normal) (G1 Evacuation Pause) 5248M->345M(8192M) 58.898ms
[54803.691s][info][gc,cpu      ] GC(36) User=0.22s Sys=0.00s Real=0.06s
[59061.315s][info][gc,start    ] GC(37) Pause Young (Normal) (G1 Evacuation Pause)
[59061.315s][info][gc,task     ] GC(37) Using 4 workers of 4 for evacuation
[59061.387s][info][gc,phases   ] GC(37)   Pre Evacuate Collection Set: 2.5ms
[59061.387s][info][gc,phases   ] GC(37)   Merge Heap Roots: 0.3ms
[59061.387s][info][gc,phases   ] GC(37)   Evacuate Collection Set: 63.8ms
[59061.387s][info][gc,phases   ] GC(37)   Post Evacuate Collection Set: 5.2ms
[59061.388s][info][gc,phases   ] GC(37)   Other: 0.4ms
[59061.388s][info][gc,heap     ] GC(37) Eden regions: 613->0(613)
[59061.388s][info][gc,heap     ] GC(37) Survivor regions: 1->1(77)
[59061.388s][info][gc,heap     ] GC(37) Old regions: 43->43
[59061.388s][info][gc,heap     ] GC(37) Humongous regions: 0->0
[59061.388s][info][gc,metaspace] GC(37) Metaspace: 178231K(179904K)->178231K(179904K) NonClass: 151911K(152832K)->151911K(152832K) Class: 26319K(27072K)->26319K(27072K)
[59061.388s][info][gc          ] GC(37) Pause Young (Normal) (G1 Evacuation Pause) 5249M->344M(8192M) 72.491ms
[59061.388s][info][gc,cpu      ] GC(37) User=0.27s Sys=0.00s Real=0.07s
[63321.369s][info][gc,start    ] GC(38) Pause Young (Normal) (G1 Evacuation Pause)
[63321.370s][info][gc,task     ] GC(38) Using 4 workers of 4 for evacuation
[63321.443s][info][gc,phases   ] GC(38)   Pre Evacuate Collection Set: 1.9ms
[63321.443s][info][gc,phases   ] GC(38)   Merge Heap Roots: 0.2ms
[63321.443s][info][gc,phases   ] GC(38)   Evacuate Collection Set: 66.6ms
[63321.443s][info][gc,phases   ] GC(38)   Post Evacuate Collection Set: 4.1ms
[63321.443s][info][gc,phases   ] GC(38)   Other: 0.3ms
[63321.443s][info][gc,heap     ] GC(38) Eden regions: 613->0(613)
[63321.443s][info][gc,heap     ] GC(38) Survivor regions: 1->1(77)
[63321.443s][info][gc,heap     ] GC(38) Old regions: 43->43
[63321.443s][info][gc,heap     ] GC(38) Humongous regions: 0->0
[63321.443s][info][gc,metaspace] GC(38) Metaspace: 178367K(180096K)->178367K(180096K) NonClass: 152048K(153024K)->152048K(153024K) Class: 26319K(27072K)->26319K(27072K)
[63321.443s][info][gc          ] GC(38) Pause Young (Normal) (G1 Evacuation Pause) 5248M->345M(8192M) 73.394ms
[63321.443s][info][gc,cpu      ] GC(38) User=0.28s Sys=0.00s Real=0.08s
[65548.908s][info][gc,start    ] GC(39) Pause Young (Concurrent Start) (CodeCache GC Threshold)
[65548.908s][info][gc,task     ] GC(39) Using 4 workers of 4 for evacuation
[65548.967s][info][gc,phases   ] GC(39)   Pre Evacuate Collection Set: 7.0ms
[65548.967s][info][gc,phases   ] GC(39)   Merge Heap Roots: 0.1ms
[65548.967s][info][gc,phases   ] GC(39)   Evacuate Collection Set: 49.9ms
[65548.967s][info][gc,phases   ] GC(39)   Post Evacuate Collection Set: 1.9ms
[65548.967s][info][gc,phases   ] GC(39)   Other: 0.1ms
[65548.967s][info][gc,heap     ] GC(39) Eden regions: 324->0(613)
[65548.967s][info][gc,heap     ] GC(39) Survivor regions: 1->1(77)
[65548.967s][info][gc,heap     ] GC(39) Old regions: 43->43
[65548.967s][info][gc,heap     ] GC(39) Humongous regions: 0->0
[65548.967s][info][gc,metaspace] GC(39) Metaspace: 178938K(180544K)->178938K(180544K) NonClass: 152522K(153408K)->152522K(153408K) Class: 26416K(27136K)->26416K(27136K)
[65548.967s][info][gc          ] GC(39) Pause Young (Concurrent Start) (CodeCache GC Threshold) 2933M->345M(8192M) 59.206ms
[65548.967s][info][gc,cpu      ] GC(39) User=0.07s Sys=0.00s Real=0.06s
[65548.967s][info][gc          ] GC(40) Concurrent Mark Cycle
[65548.967s][info][gc,marking  ] GC(40) Concurrent Scan Root Regions
[65549.473s][info][gc,marking  ] GC(40) Concurrent Scan Root Regions 506.266ms
[65549.473s][info][gc,marking  ] GC(40) Concurrent Mark
[65549.473s][info][gc,marking  ] GC(40) Concurrent Mark From Roots
[65549.473s][info][gc,task     ] GC(40) Using 1 workers of 1 for marking
[65556.956s][info][gc,marking  ] GC(40) Concurrent Mark From Roots 7482.865ms
[65556.956s][info][gc,marking  ] GC(40) Concurrent Preclean
[65556.957s][info][gc,marking  ] GC(40) Concurrent Preclean 1.368ms
[65556.958s][info][gc,start    ] GC(40) Pause Remark
[65556.998s][info][gc          ] GC(40) Pause Remark 813M->813M(8192M) 40.308ms
[65556.998s][info][gc,cpu      ] GC(40) User=0.13s Sys=0.00s Real=0.04s
[65556.999s][info][gc,marking  ] GC(40) Concurrent Mark 7525.537ms
[65556.999s][info][gc,marking  ] GC(40) Concurrent Rebuild Remembered Sets and Scrub Regions
[65557.148s][info][gc,marking  ] GC(40) Concurrent Rebuild Remembered Sets and Scrub Regions 149.720ms
[65557.149s][info][gc,start    ] GC(40) Pause Cleanup
[65557.149s][info][gc          ] GC(40) Pause Cleanup 813M->813M(8192M) 0.254ms
[65557.149s][info][gc,cpu      ] GC(40) User=0.01s Sys=0.00s Real=0.00s
[65557.149s][info][gc,marking  ] GC(40) Concurrent Clear Claimed Marks
[65557.149s][info][gc,marking  ] GC(40) Concurrent Clear Claimed Marks 0.146ms
[65557.149s][info][gc,marking  ] GC(40) Concurrent Cleanup for Next Mark
[65557.158s][info][gc,marking  ] GC(40) Concurrent Cleanup for Next Mark 8.407ms
[65557.158s][info][gc          ] GC(40) Concurrent Mark Cycle 8190.846ms
[65781.166s][info][gc,start    ] GC(41) Pause Young (Prepare Mixed) (G1 Evacuation Pause)
[65781.166s][info][gc,task     ] GC(41) Using 4 workers of 4 for evacuation
[65781.192s][info][gc,phases   ] GC(41)   Pre Evacuate Collection Set: 0.2ms
[65781.192s][info][gc,phases   ] GC(41)   Merge Heap Roots: 0.2ms
[65781.192s][info][gc,phases   ] GC(41)   Evacuate Collection Set: 24.5ms
[65781.192s][info][gc,phases   ] GC(41)   Post Evacuate Collection Set: 1.6ms
[65781.192s][info][gc,phases   ] GC(41)   Other: 0.1ms
[65781.192s][info][gc,heap     ] GC(41) Eden regions: 203->0(199)
[65781.192s][info][gc,heap     ] GC(41) Survivor regions: 1->5(26)
[65781.192s][info][gc,heap     ] GC(41) Old regions: 43->43
[65781.192s][info][gc,heap     ] GC(41) Humongous regions: 0->0
[65781.192s][info][gc,metaspace] GC(41) Metaspace: 189187K(190784K)->189187K(190784K) NonClass: 161508K(162304K)->161508K(162304K) Class: 27678K(28480K)->27678K(28480K)
[65781.192s][info][gc          ] GC(41) Pause Young (Prepare Mixed) (G1 Evacuation Pause) 1969M->381M(8192M) 26.778ms
[65781.192s][info][gc,cpu      ] GC(41) User=0.10s Sys=0.00s Real=0.03s
[65790.520s][info][gc,start    ] GC(42) Pause Young (Concurrent Start) (CodeCache GC Threshold)
[65790.520s][info][gc,task     ] GC(42) Using 4 workers of 4 for evacuation
[65790.543s][info][gc,phases   ] GC(42)   Pre Evacuate Collection Set: 0.4ms
[65790.543s][info][gc,phases   ] GC(42)   Merge Heap Roots: 0.1ms
[65790.543s][info][gc,phases   ] GC(42)   Evacuate Collection Set: 20.9ms
[65790.543s][info][gc,phases   ] GC(42)   Post Evacuate Collection Set: 1.2ms
[65790.543s][info][gc,phases   ] GC(42)   Other: 0.1ms
[65790.543s][info][gc,heap     ] GC(42) Eden regions: 12->0(198)
[65790.543s][info][gc,heap     ] GC(42) Survivor regions: 5->6(26)
[65790.543s][info][gc,heap     ] GC(42) Old regions: 43->43
[65790.543s][info][gc,heap     ] GC(42) Humongous regions: 0->0
[65790.543s][info][gc,metaspace] GC(42) Metaspace: 189666K(191232K)->189666K(191232K) NonClass: 161908K(162752K)->161908K(162752K) Class: 27757K(28480K)->27757K(28480K)
[65790.543s][info][gc          ] GC(42) Pause Young (Concurrent Start) (CodeCache GC Threshold) 469M->383M(8192M) 22.994ms
[65790.543s][info][gc,cpu      ] GC(42) User=0.09s Sys=0.00s Real=0.03s
[65790.543s][info][gc          ] GC(43) Concurrent Mark Cycle
[65790.543s][info][gc,marking  ] GC(43) Concurrent Scan Root Regions
[65790.567s][info][gc,marking  ] GC(43) Concurrent Scan Root Regions 24.656ms
[65790.568s][info][gc,marking  ] GC(43) Concurrent Mark
[65790.568s][info][gc,marking  ] GC(43) Concurrent Mark From Roots
[65790.568s][info][gc,task     ] GC(43) Using 1 workers of 1 for marking
[65791.003s][info][gc,marking  ] GC(43) Concurrent Mark From Roots 435.444ms
[65791.003s][info][gc,marking  ] GC(43) Concurrent Preclean
[65791.004s][info][gc,marking  ] GC(43) Concurrent Preclean 0.874ms
[65791.004s][info][gc,start    ] GC(43) Pause Remark
[65791.040s][info][gc          ] GC(43) Pause Remark 392M->392M(8192M) 35.710ms
[65791.040s][info][gc,cpu      ] GC(43) User=0.13s Sys=0.00s Real=0.03s
[65791.042s][info][gc,marking  ] GC(43) Concurrent Mark 474.927ms
[65791.042s][info][gc,marking  ] GC(43) Concurrent Rebuild Remembered Sets and Scrub Regions
[65791.178s][info][gc,marking  ] GC(43) Concurrent Rebuild Remembered Sets and Scrub Regions 135.848ms
[65791.179s][info][gc,start    ] GC(43) Pause Cleanup
[65791.180s][info][gc          ] GC(43) Pause Cleanup 392M->392M(8192M) 1.284ms
[65791.180s][info][gc,cpu      ] GC(43) User=0.00s Sys=0.00s Real=0.00s
[65791.180s][info][gc,marking  ] GC(43) Concurrent Clear Claimed Marks
[65791.180s][info][gc,marking  ] GC(43) Concurrent Clear Claimed Marks 0.200ms
[65791.180s][info][gc,marking  ] GC(43) Concurrent Cleanup for Next Mark
[65791.188s][info][gc,marking  ] GC(43) Concurrent Cleanup for Next Mark 7.686ms
[65791.188s][info][gc          ] GC(43) Concurrent Mark Cycle 645.044ms
[66309.416s][info][gc,start    ] GC(44) Pause Young (Prepare Mixed) (G1 Evacuation Pause)
[66309.416s][info][gc,task     ] GC(44) Using 4 workers of 4 for evacuation
[66309.447s][info][gc,phases   ] GC(44)   Pre Evacuate Collection Set: 0.3ms
[66309.447s][info][gc,phases   ] GC(44)   Merge Heap Roots: 0.1ms
[66309.447s][info][gc,phases   ] GC(44)   Evacuate Collection Set: 28.8ms
[66309.447s][info][gc,phases   ] GC(44)   Post Evacuate Collection Set: 1.3ms
[66309.447s][info][gc,phases   ] GC(44)   Other: 0.1ms
[66309.447s][info][gc,heap     ] GC(44) Eden regions: 198->0(198)
[66309.447s][info][gc,heap     ] GC(44) Survivor regions: 6->6(26)
[66309.447s][info][gc,heap     ] GC(44) Old regions: 43->43
[66309.447s][info][gc,heap     ] GC(44) Humongous regions: 0->0
[66309.447s][info][gc,metaspace] GC(44) Metaspace: 190657K(192192K)->190657K(192192K) NonClass: 162838K(163712K)->162838K(163712K) Class: 27819K(28480K)->27819K(28480K)
[66309.447s][info][gc          ] GC(44) Pause Young (Prepare Mixed) (G1 Evacuation Pause) 1967M->389M(8192M) 30.822ms
[66309.447s][info][gc,cpu      ] GC(44) User=0.11s Sys=0.00s Real=0.03s
[67115.093s][info][gc,start    ] GC(45) Pause Young (Mixed) (G1 Evacuation Pause)
[67115.093s][info][gc,task     ] GC(45) Using 4 workers of 4 for evacuation
[67115.180s][info][gc,phases   ] GC(45)   Pre Evacuate Collection Set: 1.7ms
[67115.180s][info][gc,phases   ] GC(45)   Merge Heap Roots: 0.4ms
[67115.180s][info][gc,phases   ] GC(45)   Evacuate Collection Set: 83.3ms
[67115.180s][info][gc,phases   ] GC(45)   Post Evacuate Collection Set: 1.7ms
[67115.180s][info][gc,phases   ] GC(45)   Other: 0.2ms
[67115.180s][info][gc,heap     ] GC(45) Eden regions: 198->0(295)
[67115.180s][info][gc,heap     ] GC(45) Survivor regions: 6->6(26)
[67115.180s][info][gc,heap     ] GC(45) Old regions: 43->43
[67115.180s][info][gc,heap     ] GC(45) Humongous regions: 0->0
[67115.180s][info][gc,metaspace] GC(45) Metaspace: 191037K(192640K)->191037K(192640K) NonClass: 163213K(164096K)->163213K(164096K) Class: 27824K(28544K)->27824K(28544K)
[67115.180s][info][gc          ] GC(45) Pause Young (Mixed) (G1 Evacuation Pause) 1973M->380M(8192M) 87.672ms
[67115.180s][info][gc,cpu      ] GC(45) User=0.24s Sys=0.00s Real=0.08s
[67280.404s][info][gc,heap,exit] Heap
[67280.404s][info][gc,heap,exit]  garbage-first heap   total 8388608K, used 610354K [0x0000000600000000, 0x0000000800000000)
[67280.404s][info][gc,heap,exit]   region size 8192K, 33 young (270336K), 6 survivors (49152K)
[67280.404s][info][gc,heap,exit]  Metaspace       used 191239K, committed 192768K, reserved 1245184K
[67280.404s][info][gc,heap,exit]   class space    used 27862K, committed 28544K, reserved 1048576K
