[0.030s][info][gc,init] CardTable entry size: 512
[0.030s][info][gc     ] Using G1
[2.638s][info][gc,init] Version: 21.0.6+7-LTS (release)
[2.638s][info][gc,init] CPUs: 4 total, 4 available
[2.639s][info][gc,init] Memory: 23980M
[2.639s][info][gc,init] Large Page Support: Disabled
[2.639s][info][gc,init] NUMA Support: Disabled
[2.639s][info][gc,init] Compressed Oops: Enabled (Zero based)
[2.639s][info][gc,init] Heap Region Size: 8M
[2.639s][info][gc,init] Heap Min Capacity: 8G
[2.639s][info][gc,init] Heap Initial Capacity: 8G
[2.639s][info][gc,init] Heap Max Capacity: 8G
[2.639s][info][gc,init] Pre-touch: Enabled
[2.639s][info][gc,init] Parallel Workers: 4
[2.639s][info][gc,init] Concurrent Workers: 1
[2.639s][info][gc,init] Concurrent Refinement Workers: 4
[2.639s][info][gc,init] Periodic GC: Disabled
[2.656s][info][gc,metaspace] CDS archive(s) mapped at: [0x0000008800000000-0x0000008800ca0000-0x0000008800ca0000), size 13238272, SharedBaseAddress: 0x0000008800000000, ArchiveRelocationMode: 1.
[2.656s][info][gc,metaspace] Compressed class space mapped at: 0x0000008801000000-0x0000008841000000, reserved size: 1073741824
[2.656s][info][gc,metaspace] Narrow klass base: 0x0000008800000000, Narrow klass shift: 0, Narrow klass range: 0x100000000
[5.249s][info][gc,start    ] GC(0) Pause Young (Concurrent Start) (Metadata GC Threshold)
[5.250s][info][gc,task     ] GC(0) Using 4 workers of 4 for evacuation
[5.259s][info][gc,phases   ] GC(0)   Pre Evacuate Collection Set: 0.6ms
[5.259s][info][gc,phases   ] GC(0)   Merge Heap Roots: 0.1ms
[5.259s][info][gc,phases   ] GC(0)   Evacuate Collection Set: 7.7ms
[5.259s][info][gc,phases   ] GC(0)   Post Evacuate Collection Set: 1.0ms
[5.259s][info][gc,phases   ] GC(0)   Other: 0.1ms
[5.259s][info][gc,heap     ] GC(0) Eden regions: 30->0(202)
[5.259s][info][gc,heap     ] GC(0) Survivor regions: 0->2(26)
[5.259s][info][gc,heap     ] GC(0) Old regions: 1->1
[5.259s][info][gc,heap     ] GC(0) Humongous regions: 68->0
[5.259s][info][gc,metaspace] GC(0) Metaspace: 21043K(21504K)->21043K(21504K) NonClass: 18732K(19008K)->18732K(19008K) Class: 2310K(2496K)->2310K(2496K)
[5.259s][info][gc          ] GC(0) Pause Young (Concurrent Start) (Metadata GC Threshold) 781M->14M(8192M) 9.714ms
[5.259s][info][gc,cpu      ] GC(0) User=0.04s Sys=0.00s Real=0.01s
[5.259s][info][gc          ] GC(1) Concurrent Mark Cycle
[5.259s][info][gc,marking  ] GC(1) Concurrent Scan Root Regions
[5.264s][info][gc,marking  ] GC(1) Concurrent Scan Root Regions 4.482ms
[5.264s][info][gc,marking  ] GC(1) Concurrent Mark
[5.264s][info][gc,marking  ] GC(1) Concurrent Mark From Roots
[5.264s][info][gc,task     ] GC(1) Using 1 workers of 1 for marking
[5.266s][info][gc,marking  ] GC(1) Concurrent Mark From Roots 1.782ms
[5.266s][info][gc,marking  ] GC(1) Concurrent Preclean
[5.266s][info][gc,marking  ] GC(1) Concurrent Preclean 0.010ms
[5.266s][info][gc,start    ] GC(1) Pause Remark
[5.269s][info][gc          ] GC(1) Pause Remark 22M->22M(8192M) 2.878ms
[5.269s][info][gc,cpu      ] GC(1) User=0.00s Sys=0.00s Real=0.00s
[5.269s][info][gc,marking  ] GC(1) Concurrent Mark 5.407ms
[5.269s][info][gc,marking  ] GC(1) Concurrent Rebuild Remembered Sets and Scrub Regions
[5.270s][info][gc,marking  ] GC(1) Concurrent Rebuild Remembered Sets and Scrub Regions 0.668ms
[5.270s][info][gc,start    ] GC(1) Pause Cleanup
[5.271s][info][gc          ] GC(1) Pause Cleanup 22M->22M(8192M) 0.197ms
[5.271s][info][gc,cpu      ] GC(1) User=0.00s Sys=0.00s Real=0.00s
[5.271s][info][gc,marking  ] GC(1) Concurrent Clear Claimed Marks
[5.271s][info][gc,marking  ] GC(1) Concurrent Clear Claimed Marks 0.038ms
[5.271s][info][gc,marking  ] GC(1) Concurrent Cleanup for Next Mark
[5.283s][info][gc,marking  ] GC(1) Concurrent Cleanup for Next Mark 11.957ms
[5.283s][info][gc          ] GC(1) Concurrent Mark Cycle 23.528ms
[6.481s][info][gc,start    ] GC(2) Pause Young (Prepare Mixed) (Metadata GC Threshold)
[6.481s][info][gc,task     ] GC(2) Using 4 workers of 4 for evacuation
[6.515s][info][gc,phases   ] GC(2)   Pre Evacuate Collection Set: 0.4ms
[6.515s][info][gc,phases   ] GC(2)   Merge Heap Roots: 0.0ms
[6.515s][info][gc,phases   ] GC(2)   Evacuate Collection Set: 31.1ms
[6.515s][info][gc,phases   ] GC(2)   Post Evacuate Collection Set: 1.5ms
[6.515s][info][gc,phases   ] GC(2)   Other: 0.1ms
[6.515s][info][gc,heap     ] GC(2) Eden regions: 37->0(196)
[6.515s][info][gc,heap     ] GC(2) Survivor regions: 2->8(26)
[6.515s][info][gc,heap     ] GC(2) Old regions: 1->1
[6.515s][info][gc,heap     ] GC(2) Humongous regions: 0->0
[6.515s][info][gc,metaspace] GC(2) Metaspace: 35571K(36096K)->35571K(36096K) NonClass: 31523K(31808K)->31523K(31808K) Class: 4048K(4288K)->4048K(4288K)
[6.515s][info][gc          ] GC(2) Pause Young (Prepare Mixed) (Metadata GC Threshold) 310M->60M(8192M) 34.170ms
[6.515s][info][gc,cpu      ] GC(2) User=0.09s Sys=0.00s Real=0.04s
[6.654s][info][gc,start    ] GC(3) Pause Young (Mixed) (Metadata GC Threshold)
[6.654s][info][gc,task     ] GC(3) Using 4 workers of 4 for evacuation
[6.685s][info][gc,phases   ] GC(3)   Pre Evacuate Collection Set: 0.2ms
[6.685s][info][gc,phases   ] GC(3)   Merge Heap Roots: 0.1ms
[6.685s][info][gc,phases   ] GC(3)   Evacuate Collection Set: 29.1ms
[6.685s][info][gc,phases   ] GC(3)   Post Evacuate Collection Set: 1.7ms
[6.685s][info][gc,phases   ] GC(3)   Other: 0.0ms
[6.685s][info][gc,heap     ] GC(3) Eden regions: 6->0(195)
[6.685s][info][gc,heap     ] GC(3) Survivor regions: 8->9(26)
[6.685s][info][gc,heap     ] GC(3) Old regions: 1->1
[6.685s][info][gc,heap     ] GC(3) Humongous regions: 0->0
[6.685s][info][gc,metaspace] GC(3) Metaspace: 35896K(36416K)->35896K(36416K) NonClass: 31799K(32128K)->31799K(32128K) Class: 4096K(4288K)->4096K(4288K)
[6.685s][info][gc          ] GC(3) Pause Young (Mixed) (Metadata GC Threshold) 104M->68M(8192M) 31.304ms
[6.685s][info][gc,cpu      ] GC(3) User=0.10s Sys=0.00s Real=0.03s
[6.733s][info][gc,start    ] GC(4) Pause Young (Concurrent Start) (Metadata GC Threshold)
[6.733s][info][gc,task     ] GC(4) Using 4 workers of 4 for evacuation
[6.765s][info][gc,phases   ] GC(4)   Pre Evacuate Collection Set: 0.3ms
[6.765s][info][gc,phases   ] GC(4)   Merge Heap Roots: 0.0ms
[6.765s][info][gc,phases   ] GC(4)   Evacuate Collection Set: 29.5ms
[6.765s][info][gc,phases   ] GC(4)   Post Evacuate Collection Set: 1.7ms
[6.765s][info][gc,phases   ] GC(4)   Other: 0.1ms
[6.765s][info][gc,heap     ] GC(4) Eden regions: 2->0(195)
[6.765s][info][gc,heap     ] GC(4) Survivor regions: 9->9(26)
[6.765s][info][gc,heap     ] GC(4) Old regions: 1->1
[6.765s][info][gc,heap     ] GC(4) Humongous regions: 0->0
[6.765s][info][gc,metaspace] GC(4) Metaspace: 36254K(36736K)->36254K(36736K) NonClass: 32095K(32384K)->32095K(32384K) Class: 4159K(4352K)->4159K(4352K)
[6.765s][info][gc          ] GC(4) Pause Young (Concurrent Start) (Metadata GC Threshold) 80M->67M(8192M) 31.874ms
[6.765s][info][gc,cpu      ] GC(4) User=0.08s Sys=0.00s Real=0.03s
[6.766s][info][gc          ] GC(5) Concurrent Mark Cycle
[6.766s][info][gc,marking  ] GC(5) Concurrent Scan Root Regions
[6.790s][info][gc,marking  ] GC(5) Concurrent Scan Root Regions 24.770ms
[6.791s][info][gc,marking  ] GC(5) Concurrent Mark
[6.791s][info][gc,marking  ] GC(5) Concurrent Mark From Roots
[6.791s][info][gc,task     ] GC(5) Using 1 workers of 1 for marking
[6.793s][info][gc,marking  ] GC(5) Concurrent Mark From Roots 2.049ms
[6.793s][info][gc,marking  ] GC(5) Concurrent Preclean
[6.793s][info][gc,marking  ] GC(5) Concurrent Preclean 0.174ms
[6.793s][info][gc,start    ] GC(5) Pause Remark
[6.799s][info][gc          ] GC(5) Pause Remark 75M->75M(8192M) 5.770ms
[6.799s][info][gc,cpu      ] GC(5) User=0.01s Sys=0.00s Real=0.00s
[6.800s][info][gc,marking  ] GC(5) Concurrent Mark 8.939ms
[6.800s][info][gc,marking  ] GC(5) Concurrent Rebuild Remembered Sets and Scrub Regions
[6.800s][info][gc,marking  ] GC(5) Concurrent Rebuild Remembered Sets and Scrub Regions 0.637ms
[6.800s][info][gc,start    ] GC(5) Pause Cleanup
[6.801s][info][gc          ] GC(5) Pause Cleanup 75M->75M(8192M) 0.248ms
[6.801s][info][gc,cpu      ] GC(5) User=0.00s Sys=0.00s Real=0.00s
[6.801s][info][gc,marking  ] GC(5) Concurrent Clear Claimed Marks
[6.801s][info][gc,marking  ] GC(5) Concurrent Clear Claimed Marks 0.094ms
[6.801s][info][gc,marking  ] GC(5) Concurrent Cleanup for Next Mark
[6.808s][info][gc,marking  ] GC(5) Concurrent Cleanup for Next Mark 7.051ms
[6.808s][info][gc          ] GC(5) Concurrent Mark Cycle 42.772ms
[10.219s][info][gc,start    ] GC(6) Pause Young (Concurrent Start) (Metadata GC Threshold)
[10.220s][info][gc,task     ] GC(6) Using 4 workers of 4 for evacuation
[10.327s][info][gc,mmu      ] GC(6) MMU target violated: 101.0ms (100.0ms/101.0ms)
[10.327s][info][gc,phases   ] GC(6)   Pre Evacuate Collection Set: 0.2ms
[10.327s][info][gc,phases   ] GC(6)   Merge Heap Roots: 0.1ms
[10.327s][info][gc,phases   ] GC(6)   Evacuate Collection Set: 94.3ms
[10.327s][info][gc,phases   ] GC(6)   Post Evacuate Collection Set: 12.2ms
[10.327s][info][gc,phases   ] GC(6)   Other: 0.3ms
[10.327s][info][gc,heap     ] GC(6) Eden regions: 79->0(181)
[10.327s][info][gc,heap     ] GC(6) Survivor regions: 9->23(26)
[10.327s][info][gc,heap     ] GC(6) Old regions: 1->1
[10.327s][info][gc,heap     ] GC(6) Humongous regions: 0->0
[10.327s][info][gc,metaspace] GC(6) Metaspace: 60950K(61696K)->60950K(61696K) NonClass: 52465K(52864K)->52465K(52864K) Class: 8485K(8832K)->8485K(8832K)
[10.327s][info][gc          ] GC(6) Pause Young (Concurrent Start) (Metadata GC Threshold) 699M->180M(8192M) 107.519ms
[10.327s][info][gc,cpu      ] GC(6) User=0.36s Sys=0.00s Real=0.11s
[10.327s][info][gc          ] GC(7) Concurrent Mark Cycle
[10.327s][info][gc,marking  ] GC(7) Concurrent Scan Root Regions
[10.419s][info][gc,marking  ] GC(7) Concurrent Scan Root Regions 92.019ms
[10.419s][info][gc,marking  ] GC(7) Concurrent Mark
[10.419s][info][gc,marking  ] GC(7) Concurrent Mark From Roots
[10.419s][info][gc,task     ] GC(7) Using 1 workers of 1 for marking
[10.421s][info][gc,marking  ] GC(7) Concurrent Mark From Roots 2.018ms
[10.421s][info][gc,marking  ] GC(7) Concurrent Preclean
[10.421s][info][gc,marking  ] GC(7) Concurrent Preclean 0.102ms
[10.422s][info][gc,start    ] GC(7) Pause Remark
[10.428s][info][gc          ] GC(7) Pause Remark 192M->192M(8192M) 6.430ms
[10.428s][info][gc,cpu      ] GC(7) User=0.01s Sys=0.00s Real=0.01s
[10.428s][info][gc,marking  ] GC(7) Concurrent Mark 9.405ms
[10.428s][info][gc,marking  ] GC(7) Concurrent Rebuild Remembered Sets and Scrub Regions
[10.429s][info][gc,marking  ] GC(7) Concurrent Rebuild Remembered Sets and Scrub Regions 0.603ms
[10.429s][info][gc,start    ] GC(7) Pause Cleanup
[10.429s][info][gc          ] GC(7) Pause Cleanup 192M->192M(8192M) 0.183ms
[10.429s][info][gc,cpu      ] GC(7) User=0.00s Sys=0.00s Real=0.00s
[10.430s][info][gc,marking  ] GC(7) Concurrent Clear Claimed Marks
[10.430s][info][gc,marking  ] GC(7) Concurrent Clear Claimed Marks 0.073ms
[10.430s][info][gc,marking  ] GC(7) Concurrent Cleanup for Next Mark
[10.437s][info][gc,marking  ] GC(7) Concurrent Cleanup for Next Mark 7.005ms
[10.437s][info][gc          ] GC(7) Concurrent Mark Cycle 109.995ms
[15.798s][info][gc,start    ] GC(8) Pause Young (Concurrent Start) (Metadata GC Threshold)
[15.798s][info][gc,task     ] GC(8) Using 4 workers of 4 for evacuation
[15.949s][info][gc,mmu      ] GC(8) MMU target violated: 101.0ms (100.0ms/101.0ms)
[15.949s][info][gc,phases   ] GC(8)   Pre Evacuate Collection Set: 0.3ms
[15.949s][info][gc,phases   ] GC(8)   Merge Heap Roots: 0.1ms
[15.949s][info][gc,phases   ] GC(8)   Evacuate Collection Set: 145.9ms
[15.950s][info][gc,phases   ] GC(8)   Post Evacuate Collection Set: 4.2ms
[15.950s][info][gc,phases   ] GC(8)   Other: 0.4ms
[15.950s][info][gc,heap     ] GC(8) Eden regions: 129->0(197)
[15.950s][info][gc,heap     ] GC(8) Survivor regions: 23->7(26)
[15.950s][info][gc,heap     ] GC(8) Old regions: 1->22
[15.950s][info][gc,heap     ] GC(8) Humongous regions: 0->0
[15.950s][info][gc,metaspace] GC(8) Metaspace: 103701K(104640K)->103701K(104640K) NonClass: 89999K(90560K)->89999K(90560K) Class: 13702K(14080K)->13702K(14080K)
[15.950s][info][gc          ] GC(8) Pause Young (Concurrent Start) (Metadata GC Threshold) 1208M->232M(8192M) 151.552ms
[15.950s][info][gc,cpu      ] GC(8) User=0.43s Sys=0.00s Real=0.15s
[15.950s][info][gc          ] GC(9) Concurrent Mark Cycle
[15.950s][info][gc,marking  ] GC(9) Concurrent Scan Root Regions
[16.054s][info][gc,marking  ] GC(9) Concurrent Scan Root Regions 104.440ms
[16.054s][info][gc,marking  ] GC(9) Concurrent Mark
[16.054s][info][gc,marking  ] GC(9) Concurrent Mark From Roots
[16.054s][info][gc,task     ] GC(9) Using 1 workers of 1 for marking
[16.056s][info][gc,marking  ] GC(9) Concurrent Mark From Roots 1.756ms
[16.056s][info][gc,marking  ] GC(9) Concurrent Preclean
[16.056s][info][gc,marking  ] GC(9) Concurrent Preclean 0.010ms
[16.056s][info][gc,start    ] GC(9) Pause Remark
[16.068s][info][gc          ] GC(9) Pause Remark 243M->243M(8192M) 11.385ms
[16.068s][info][gc,cpu      ] GC(9) User=0.03s Sys=0.00s Real=0.01s
[16.068s][info][gc,marking  ] GC(9) Concurrent Mark 13.499ms
[16.068s][info][gc,marking  ] GC(9) Concurrent Rebuild Remembered Sets and Scrub Regions
[16.101s][info][gc,marking  ] GC(9) Concurrent Rebuild Remembered Sets and Scrub Regions 32.957ms
[16.101s][info][gc,start    ] GC(9) Pause Cleanup
[16.101s][info][gc          ] GC(9) Pause Cleanup 245M->245M(8192M) 0.033ms
[16.101s][info][gc,cpu      ] GC(9) User=0.00s Sys=0.00s Real=0.00s
[16.101s][info][gc,marking  ] GC(9) Concurrent Clear Claimed Marks
[16.101s][info][gc,marking  ] GC(9) Concurrent Clear Claimed Marks 0.110ms
[16.101s][info][gc,marking  ] GC(9) Concurrent Cleanup for Next Mark
[16.108s][info][gc,marking  ] GC(9) Concurrent Cleanup for Next Mark 7.038ms
[16.109s][info][gc          ] GC(9) Concurrent Mark Cycle 158.786ms
[23.827s][info][gc,start    ] GC(10) Pause Young (Normal) (G1 Evacuation Pause)
[23.827s][info][gc,task     ] GC(10) Using 4 workers of 4 for evacuation
[23.894s][info][gc,phases   ] GC(10)   Pre Evacuate Collection Set: 0.2ms
[23.894s][info][gc,phases   ] GC(10)   Merge Heap Roots: 0.3ms
[23.894s][info][gc,phases   ] GC(10)   Evacuate Collection Set: 62.2ms
[23.894s][info][gc,phases   ] GC(10)   Post Evacuate Collection Set: 3.3ms
[23.894s][info][gc,phases   ] GC(10)   Other: 0.1ms
[23.894s][info][gc,heap     ] GC(10) Eden regions: 197->0(186)
[23.894s][info][gc,heap     ] GC(10) Survivor regions: 7->18(26)
[23.894s][info][gc,heap     ] GC(10) Old regions: 22->22
[23.894s][info][gc,heap     ] GC(10) Humongous regions: 0->0
[23.894s][info][gc,metaspace] GC(10) Metaspace: 167407K(168960K)->167407K(168960K) NonClass: 141889K(142784K)->141889K(142784K) Class: 25518K(26176K)->25518K(26176K)
[23.894s][info][gc          ] GC(10) Pause Young (Normal) (G1 Evacuation Pause) 1808M->320M(8192M) 66.398ms
[23.894s][info][gc,cpu      ] GC(10) User=0.24s Sys=0.00s Real=0.07s
[25.966s][info][gc,start    ] GC(11) Pause Young (Concurrent Start) (Metadata GC Threshold)
[25.967s][info][gc,task     ] GC(11) Using 4 workers of 4 for evacuation
[26.036s][info][gc,phases   ] GC(11)   Pre Evacuate Collection Set: 0.2ms
[26.037s][info][gc,phases   ] GC(11)   Merge Heap Roots: 0.1ms
[26.037s][info][gc,phases   ] GC(11)   Evacuate Collection Set: 66.1ms
[26.037s][info][gc,phases   ] GC(11)   Post Evacuate Collection Set: 3.3ms
[26.037s][info][gc,phases   ] GC(11)   Other: 0.1ms
[26.037s][info][gc,heap     ] GC(11) Eden regions: 55->0(188)
[26.037s][info][gc,heap     ] GC(11) Survivor regions: 18->16(26)
[26.037s][info][gc,heap     ] GC(11) Old regions: 22->29
[26.037s][info][gc,heap     ] GC(11) Humongous regions: 0->0
[26.037s][info][gc,metaspace] GC(11) Metaspace: 175526K(177088K)->175526K(177088K) NonClass: 148764K(149632K)->148764K(149632K) Class: 26762K(27456K)->26762K(27456K)
[26.037s][info][gc          ] GC(11) Pause Young (Concurrent Start) (Metadata GC Threshold) 760M->350M(8192M) 70.222ms
[26.037s][info][gc,cpu      ] GC(11) User=0.26s Sys=0.00s Real=0.07s
[26.037s][info][gc          ] GC(12) Concurrent Mark Cycle
[26.037s][info][gc,marking  ] GC(12) Concurrent Scan Root Regions
[26.136s][info][gc,marking  ] GC(12) Concurrent Scan Root Regions 98.769ms
[26.136s][info][gc,marking  ] GC(12) Concurrent Mark
[26.136s][info][gc,marking  ] GC(12) Concurrent Mark From Roots
[26.136s][info][gc,task     ] GC(12) Using 1 workers of 1 for marking
[26.435s][info][gc,marking  ] GC(12) Concurrent Mark From Roots 299.497ms
[26.435s][info][gc,marking  ] GC(12) Concurrent Preclean
[26.436s][info][gc,marking  ] GC(12) Concurrent Preclean 0.471ms
[26.436s][info][gc,start    ] GC(12) Pause Remark
[26.463s][info][gc          ] GC(12) Pause Remark 424M->424M(8192M) 26.575ms
[26.463s][info][gc,cpu      ] GC(12) User=0.09s Sys=0.01s Real=0.03s
[26.463s][info][gc,marking  ] GC(12) Concurrent Mark 327.356ms
[26.463s][info][gc,marking  ] GC(12) Concurrent Rebuild Remembered Sets and Scrub Regions
[26.603s][info][gc,marking  ] GC(12) Concurrent Rebuild Remembered Sets and Scrub Regions 139.870ms
[26.604s][info][gc,start    ] GC(12) Pause Cleanup
[26.604s][info][gc          ] GC(12) Pause Cleanup 430M->430M(8192M) 0.333ms
[26.604s][info][gc,cpu      ] GC(12) User=0.00s Sys=0.00s Real=0.00s
[26.604s][info][gc,marking  ] GC(12) Concurrent Clear Claimed Marks
[26.605s][info][gc,marking  ] GC(12) Concurrent Clear Claimed Marks 0.288ms
[26.605s][info][gc,marking  ] GC(12) Concurrent Cleanup for Next Mark
[26.612s][info][gc,marking  ] GC(12) Concurrent Cleanup for Next Mark 7.547ms
[26.612s][info][gc          ] GC(12) Concurrent Mark Cycle 575.573ms
[51.077s][info][gc,start    ] GC(13) Pause Young (Concurrent Start) (CodeCache GC Threshold)
[51.077s][info][gc,task     ] GC(13) Using 4 workers of 4 for evacuation
[51.152s][info][gc,phases   ] GC(13)   Pre Evacuate Collection Set: 0.4ms
[51.152s][info][gc,phases   ] GC(13)   Merge Heap Roots: 0.3ms
[51.152s][info][gc,phases   ] GC(13)   Evacuate Collection Set: 69.1ms
[51.152s][info][gc,phases   ] GC(13)   Post Evacuate Collection Set: 5.1ms
[51.152s][info][gc,phases   ] GC(13)   Other: 0.1ms
[51.152s][info][gc,heap     ] GC(13) Eden regions: 169->0(195)
[51.152s][info][gc,heap     ] GC(13) Survivor regions: 16->9(26)
[51.152s][info][gc,heap     ] GC(13) Old regions: 29->40
[51.152s][info][gc,heap     ] GC(13) Humongous regions: 0->0
[51.152s][info][gc,metaspace] GC(13) Metaspace: 205901K(207936K)->205901K(207936K) NonClass: 174803K(175936K)->174803K(175936K) Class: 31097K(32000K)->31097K(32000K)
[51.152s][info][gc          ] GC(13) Pause Young (Concurrent Start) (CodeCache GC Threshold) 1700M->392M(8192M) 75.150ms
[51.152s][info][gc          ] GC(14) Concurrent Mark Cycle
[51.152s][info][gc,marking  ] GC(14) Concurrent Scan Root Regions
[51.152s][info][gc,cpu      ] GC(13) User=0.28s Sys=0.00s Real=0.07s
[51.222s][info][gc,marking  ] GC(14) Concurrent Scan Root Regions 69.594ms
[51.222s][info][gc,marking  ] GC(14) Concurrent Mark
[51.222s][info][gc,marking  ] GC(14) Concurrent Mark From Roots
[51.222s][info][gc,task     ] GC(14) Using 1 workers of 1 for marking
[51.522s][info][gc,marking  ] GC(14) Concurrent Mark From Roots 300.585ms
[51.522s][info][gc,marking  ] GC(14) Concurrent Preclean
[51.523s][info][gc,marking  ] GC(14) Concurrent Preclean 0.294ms
[51.523s][info][gc,start    ] GC(14) Pause Remark
[51.546s][info][gc          ] GC(14) Pause Remark 420M->412M(8192M) 23.634ms
[51.546s][info][gc,cpu      ] GC(14) User=0.08s Sys=0.00s Real=0.02s
[51.547s][info][gc,marking  ] GC(14) Concurrent Mark 324.910ms
[51.547s][info][gc,marking  ] GC(14) Concurrent Rebuild Remembered Sets and Scrub Regions
[51.716s][info][gc,marking  ] GC(14) Concurrent Rebuild Remembered Sets and Scrub Regions 168.990ms
[51.716s][info][gc,start    ] GC(14) Pause Cleanup
[51.717s][info][gc          ] GC(14) Pause Cleanup 469M->469M(8192M) 0.297ms
[51.717s][info][gc,cpu      ] GC(14) User=0.00s Sys=0.00s Real=0.00s
[51.719s][info][gc,marking  ] GC(14) Concurrent Clear Claimed Marks
[51.720s][info][gc,marking  ] GC(14) Concurrent Clear Claimed Marks 0.252ms
[51.720s][info][gc,marking  ] GC(14) Concurrent Cleanup for Next Mark
[51.735s][info][gc,marking  ] GC(14) Concurrent Cleanup for Next Mark 15.029ms
[51.735s][info][gc          ] GC(14) Concurrent Mark Cycle 582.752ms
[119.799s][info][gc,start    ] GC(15) Pause Young (Concurrent Start) (CodeCache GC Threshold)
[119.799s][info][gc,task     ] GC(15) Using 4 workers of 4 for evacuation
[119.858s][info][gc,phases   ] GC(15)   Pre Evacuate Collection Set: 0.3ms
[119.858s][info][gc,phases   ] GC(15)   Merge Heap Roots: 0.6ms
[119.858s][info][gc,phases   ] GC(15)   Evacuate Collection Set: 45.0ms
[119.858s][info][gc,phases   ] GC(15)   Post Evacuate Collection Set: 12.6ms
[119.858s][info][gc,phases   ] GC(15)   Other: 0.3ms
[119.858s][info][gc,heap     ] GC(15) Eden regions: 191->0(194)
[119.858s][info][gc,heap     ] GC(15) Survivor regions: 9->10(26)
[119.858s][info][gc,heap     ] GC(15) Old regions: 39->39
[119.858s][info][gc,heap     ] GC(15) Humongous regions: 0->0
[119.858s][info][gc,metaspace] GC(15) Metaspace: 211898K(214208K)->211898K(214208K) NonClass: 180077K(181376K)->180077K(181376K) Class: 31821K(32832K)->31821K(32832K)
[119.858s][info][gc          ] GC(15) Pause Young (Concurrent Start) (CodeCache GC Threshold) 1912M->387M(8192M) 59.422ms
[119.858s][info][gc,cpu      ] GC(15) User=0.16s Sys=0.00s Real=0.06s
[119.858s][info][gc          ] GC(16) Concurrent Mark Cycle
[119.858s][info][gc,marking  ] GC(16) Concurrent Scan Root Regions
[119.903s][info][gc,marking  ] GC(16) Concurrent Scan Root Regions 45.029ms
[119.903s][info][gc,marking  ] GC(16) Concurrent Mark
[119.903s][info][gc,marking  ] GC(16) Concurrent Mark From Roots
[119.903s][info][gc,task     ] GC(16) Using 1 workers of 1 for marking
[119.979s][info][gc,marking  ] GC(16) Concurrent Mark From Roots 75.229ms
[119.979s][info][gc,marking  ] GC(16) Concurrent Mark Abort
[119.979s][info][gc          ] GC(16) Concurrent Mark Cycle 120.723ms
[119.979s][info][gc,heap,exit] Heap
[119.979s][info][gc,heap,exit]  garbage-first heap   total 8388608K, used 430464K [0x0000000600000000, 0x0000000800000000)
[119.979s][info][gc,heap,exit]   region size 8192K, 15 young (122880K), 10 survivors (81920K)
[119.979s][info][gc,heap,exit]  Metaspace       used 211923K, committed 214208K, reserved 1245184K
[119.979s][info][gc,heap,exit]   class space    used 31823K, committed 32832K, reserved 1048576K
