[0.029s][info][gc,init] CardTable entry size: 512
[0.030s][info][gc     ] Using G1
[2.827s][info][gc,init] Version: 21.0.6+7-LTS (release)
[2.827s][info][gc,init] CPUs: 4 total, 4 available
[2.827s][info][gc,init] Memory: 23980M
[2.827s][info][gc,init] Large Page Support: Disabled
[2.827s][info][gc,init] NUMA Support: Disabled
[2.827s][info][gc,init] Compressed Oops: Enabled (Zero based)
[2.827s][info][gc,init] Heap Region Size: 8M
[2.827s][info][gc,init] Heap Min Capacity: 8G
[2.827s][info][gc,init] Heap Initial Capacity: 8G
[2.827s][info][gc,init] Heap Max Capacity: 8G
[2.827s][info][gc,init] Pre-touch: Enabled
[2.827s][info][gc,init] Parallel Workers: 4
[2.827s][info][gc,init] Concurrent Workers: 1
[2.827s][info][gc,init] Concurrent Refinement Workers: 4
[2.827s][info][gc,init] Periodic GC: Disabled
[2.839s][info][gc,metaspace] CDS archive(s) mapped at: [0x000000b800000000-0x000000b800ca0000-0x000000b800ca0000), size 13238272, SharedBaseAddress: 0x000000b800000000, ArchiveRelocationMode: 1.
[2.839s][info][gc,metaspace] Compressed class space mapped at: 0x000000b801000000-0x000000b841000000, reserved size: 1073741824
[2.839s][info][gc,metaspace] Narrow klass base: 0x000000b800000000, Narrow klass shift: 0, Narrow klass range: 0x100000000
[4.712s][info][gc,start    ] GC(0) Pause Young (Concurrent Start) (Metadata GC Threshold)
[4.712s][info][gc,task     ] GC(0) Using 4 workers of 4 for evacuation
[4.719s][info][gc,phases   ] GC(0)   Pre Evacuate Collection Set: 0.2ms
[4.719s][info][gc,phases   ] GC(0)   Merge Heap Roots: 0.1ms
[4.719s][info][gc,phases   ] GC(0)   Evacuate Collection Set: 5.1ms
[4.719s][info][gc,phases   ] GC(0)   Post Evacuate Collection Set: 0.8ms
[4.719s][info][gc,phases   ] GC(0)   Other: 0.1ms
[4.719s][info][gc,heap     ] GC(0) Eden regions: 30->0(202)
[4.719s][info][gc,heap     ] GC(0) Survivor regions: 0->2(26)
[4.719s][info][gc,heap     ] GC(0) Old regions: 1->1
[4.719s][info][gc,heap     ] GC(0) Humongous regions: 68->0
[4.719s][info][gc,metaspace] GC(0) Metaspace: 21078K(21504K)->21078K(21504K) NonClass: 18757K(19008K)->18757K(19008K) Class: 2321K(2496K)->2321K(2496K)
[4.719s][info][gc          ] GC(0) Pause Young (Concurrent Start) (Metadata GC Threshold) 781M->13M(8192M) 6.427ms
[4.719s][info][gc,cpu      ] GC(0) User=0.03s Sys=0.00s Real=0.01s
[4.719s][info][gc          ] GC(1) Concurrent Mark Cycle
[4.719s][info][gc,marking  ] GC(1) Concurrent Scan Root Regions
[4.724s][info][gc,marking  ] GC(1) Concurrent Scan Root Regions 4.862ms
[4.724s][info][gc,marking  ] GC(1) Concurrent Mark
[4.724s][info][gc,marking  ] GC(1) Concurrent Mark From Roots
[4.724s][info][gc,task     ] GC(1) Using 1 workers of 1 for marking
[4.725s][info][gc,marking  ] GC(1) Concurrent Mark From Roots 1.833ms
[4.725s][info][gc,marking  ] GC(1) Concurrent Preclean
[4.725s][info][gc,marking  ] GC(1) Concurrent Preclean 0.010ms
[4.726s][info][gc,start    ] GC(1) Pause Remark
[4.728s][info][gc          ] GC(1) Pause Remark 21M->21M(8192M) 2.413ms
[4.728s][info][gc,cpu      ] GC(1) User=0.00s Sys=0.00s Real=0.00s
[4.728s][info][gc,marking  ] GC(1) Concurrent Mark 4.520ms
[4.728s][info][gc,marking  ] GC(1) Concurrent Rebuild Remembered Sets and Scrub Regions
[4.729s][info][gc,marking  ] GC(1) Concurrent Rebuild Remembered Sets and Scrub Regions 0.672ms
[4.729s][info][gc,start    ] GC(1) Pause Cleanup
[4.729s][info][gc          ] GC(1) Pause Cleanup 21M->21M(8192M) 0.199ms
[4.729s][info][gc,cpu      ] GC(1) User=0.00s Sys=0.01s Real=0.00s
[4.729s][info][gc,marking  ] GC(1) Concurrent Clear Claimed Marks
[4.729s][info][gc,marking  ] GC(1) Concurrent Clear Claimed Marks 0.041ms
[4.729s][info][gc,marking  ] GC(1) Concurrent Cleanup for Next Mark
[4.736s][info][gc,marking  ] GC(1) Concurrent Cleanup for Next Mark 7.104ms
[4.737s][info][gc          ] GC(1) Concurrent Mark Cycle 17.881ms
[6.117s][info][gc,start    ] GC(2) Pause Young (Prepare Mixed) (Metadata GC Threshold)
[6.117s][info][gc,task     ] GC(2) Using 4 workers of 4 for evacuation
[6.155s][info][gc,phases   ] GC(2)   Pre Evacuate Collection Set: 0.4ms
[6.155s][info][gc,phases   ] GC(2)   Merge Heap Roots: 0.0ms
[6.155s][info][gc,phases   ] GC(2)   Evacuate Collection Set: 35.8ms
[6.155s][info][gc,phases   ] GC(2)   Post Evacuate Collection Set: 1.5ms
[6.155s][info][gc,phases   ] GC(2)   Other: 0.1ms
[6.155s][info][gc,heap     ] GC(2) Eden regions: 42->0(195)
[6.155s][info][gc,heap     ] GC(2) Survivor regions: 2->9(26)
[6.155s][info][gc,heap     ] GC(2) Old regions: 1->1
[6.155s][info][gc,heap     ] GC(2) Humongous regions: 0->0
[6.155s][info][gc,metaspace] GC(2) Metaspace: 35686K(36160K)->35686K(36160K) NonClass: 31601K(31872K)->31601K(31872K) Class: 4084K(4288K)->4084K(4288K)
[6.155s][info][gc          ] GC(2) Pause Young (Prepare Mixed) (Metadata GC Threshold) 345M->67M(8192M) 38.071ms
[6.155s][info][gc,cpu      ] GC(2) User=0.11s Sys=0.00s Real=0.04s
[6.181s][info][gc,start    ] GC(3) Pause Young (Mixed) (Metadata GC Threshold)
[6.181s][info][gc,task     ] GC(3) Using 4 workers of 4 for evacuation
[6.208s][info][gc,phases   ] GC(3)   Pre Evacuate Collection Set: 0.2ms
[6.208s][info][gc,phases   ] GC(3)   Merge Heap Roots: 0.0ms
[6.208s][info][gc,phases   ] GC(3)   Evacuate Collection Set: 25.3ms
[6.208s][info][gc,phases   ] GC(3)   Post Evacuate Collection Set: 1.4ms
[6.208s][info][gc,phases   ] GC(3)   Other: 0.0ms
[6.208s][info][gc,heap     ] GC(3) Eden regions: 1->0(195)
[6.208s][info][gc,heap     ] GC(3) Survivor regions: 9->9(26)
[6.208s][info][gc,heap     ] GC(3) Old regions: 1->1
[6.208s][info][gc,heap     ] GC(3) Humongous regions: 0->0
[6.208s][info][gc,metaspace] GC(3) Metaspace: 35992K(36480K)->35992K(36480K) NonClass: 31860K(32128K)->31860K(32128K) Class: 4132K(4352K)->4132K(4352K)
[6.208s][info][gc          ] GC(3) Pause Young (Mixed) (Metadata GC Threshold) 75M->67M(8192M) 27.188ms
[6.208s][info][gc,cpu      ] GC(3) User=0.09s Sys=0.00s Real=0.02s
[6.273s][info][gc,start    ] GC(4) Pause Young (Concurrent Start) (Metadata GC Threshold)
[6.273s][info][gc,task     ] GC(4) Using 4 workers of 4 for evacuation
[6.304s][info][gc,phases   ] GC(4)   Pre Evacuate Collection Set: 0.4ms
[6.304s][info][gc,phases   ] GC(4)   Merge Heap Roots: 0.0ms
[6.304s][info][gc,phases   ] GC(4)   Evacuate Collection Set: 28.7ms
[6.304s][info][gc,phases   ] GC(4)   Post Evacuate Collection Set: 2.1ms
[6.304s][info][gc,phases   ] GC(4)   Other: 0.1ms
[6.304s][info][gc,heap     ] GC(4) Eden regions: 3->0(195)
[6.304s][info][gc,heap     ] GC(4) Survivor regions: 9->9(26)
[6.304s][info][gc,heap     ] GC(4) Old regions: 1->1
[6.304s][info][gc,heap     ] GC(4) Humongous regions: 0->0
[6.304s][info][gc,metaspace] GC(4) Metaspace: 36272K(36800K)->36272K(36800K) NonClass: 32068K(32384K)->32068K(32384K) Class: 4204K(4416K)->4204K(4416K)
[6.305s][info][gc          ] GC(4) Pause Young (Concurrent Start) (Metadata GC Threshold) 86M->71M(8192M) 31.384ms
[6.305s][info][gc,cpu      ] GC(4) User=0.10s Sys=0.01s Real=0.03s
[6.305s][info][gc          ] GC(5) Concurrent Mark Cycle
[6.305s][info][gc,marking  ] GC(5) Concurrent Scan Root Regions
[6.332s][info][gc,marking  ] GC(5) Concurrent Scan Root Regions 27.514ms
[6.332s][info][gc,marking  ] GC(5) Concurrent Mark
[6.332s][info][gc,marking  ] GC(5) Concurrent Mark From Roots
[6.332s][info][gc,task     ] GC(5) Using 1 workers of 1 for marking
[6.334s][info][gc,marking  ] GC(5) Concurrent Mark From Roots 2.162ms
[6.334s][info][gc,marking  ] GC(5) Concurrent Preclean
[6.335s][info][gc,marking  ] GC(5) Concurrent Preclean 0.073ms
[6.335s][info][gc,start    ] GC(5) Pause Remark
[6.341s][info][gc          ] GC(5) Pause Remark 83M->83M(8192M) 5.185ms
[6.341s][info][gc,cpu      ] GC(5) User=0.01s Sys=0.00s Real=0.01s
[6.341s][info][gc,marking  ] GC(5) Concurrent Mark 8.510ms
[6.341s][info][gc,marking  ] GC(5) Concurrent Rebuild Remembered Sets and Scrub Regions
[6.341s][info][gc,marking  ] GC(5) Concurrent Rebuild Remembered Sets and Scrub Regions 0.673ms
[6.342s][info][gc,start    ] GC(5) Pause Cleanup
[6.342s][info][gc          ] GC(5) Pause Cleanup 83M->83M(8192M) 0.157ms
[6.342s][info][gc,cpu      ] GC(5) User=0.00s Sys=0.00s Real=0.00s
[6.342s][info][gc,marking  ] GC(5) Concurrent Clear Claimed Marks
[6.342s][info][gc,marking  ] GC(5) Concurrent Clear Claimed Marks 0.046ms
[6.342s][info][gc,marking  ] GC(5) Concurrent Cleanup for Next Mark
[6.349s][info][gc,marking  ] GC(5) Concurrent Cleanup for Next Mark 6.929ms
[6.349s][info][gc          ] GC(5) Concurrent Mark Cycle 44.225ms
[9.053s][info][gc,start    ] GC(6) Pause Young (Concurrent Start) (Metadata GC Threshold)
[9.053s][info][gc,task     ] GC(6) Using 4 workers of 4 for evacuation
[9.148s][info][gc,phases   ] GC(6)   Pre Evacuate Collection Set: 0.5ms
[9.148s][info][gc,phases   ] GC(6)   Merge Heap Roots: 0.0ms
[9.148s][info][gc,phases   ] GC(6)   Evacuate Collection Set: 91.0ms
[9.148s][info][gc,phases   ] GC(6)   Post Evacuate Collection Set: 3.7ms
[9.148s][info][gc,phases   ] GC(6)   Other: 0.1ms
[9.148s][info][gc,heap     ] GC(6) Eden regions: 75->0(181)
[9.148s][info][gc,heap     ] GC(6) Survivor regions: 9->23(26)
[9.148s][info][gc,heap     ] GC(6) Old regions: 1->1
[9.148s][info][gc,heap     ] GC(6) Humongous regions: 0->0
[9.149s][info][gc,metaspace] GC(6) Metaspace: 60676K(61440K)->60676K(61440K) NonClass: 52205K(52608K)->52205K(52608K) Class: 8471K(8832K)->8471K(8832K)
[9.149s][info][gc          ] GC(6) Pause Young (Concurrent Start) (Metadata GC Threshold) 667M->180M(8192M) 95.487ms
[9.149s][info][gc,cpu      ] GC(6) User=0.35s Sys=0.00s Real=0.10s
[9.149s][info][gc          ] GC(7) Concurrent Mark Cycle
[9.149s][info][gc,marking  ] GC(7) Concurrent Scan Root Regions
[9.231s][info][gc,marking  ] GC(7) Concurrent Scan Root Regions 82.870ms
[9.232s][info][gc,marking  ] GC(7) Concurrent Mark
[9.232s][info][gc,marking  ] GC(7) Concurrent Mark From Roots
[9.232s][info][gc,task     ] GC(7) Using 1 workers of 1 for marking
[9.233s][info][gc,marking  ] GC(7) Concurrent Mark From Roots 1.761ms
[9.233s][info][gc,marking  ] GC(7) Concurrent Preclean
[9.233s][info][gc,marking  ] GC(7) Concurrent Preclean 0.009ms
[9.233s][info][gc,start    ] GC(7) Pause Remark
[9.238s][info][gc          ] GC(7) Pause Remark 196M->196M(8192M) 4.963ms
[9.238s][info][gc,cpu      ] GC(7) User=0.01s Sys=0.00s Real=0.01s
[9.239s][info][gc,marking  ] GC(7) Concurrent Mark 7.074ms
[9.239s][info][gc,marking  ] GC(7) Concurrent Rebuild Remembered Sets and Scrub Regions
[9.239s][info][gc,marking  ] GC(7) Concurrent Rebuild Remembered Sets and Scrub Regions 0.669ms
[9.239s][info][gc,start    ] GC(7) Pause Cleanup
[9.240s][info][gc          ] GC(7) Pause Cleanup 196M->196M(8192M) 0.155ms
[9.240s][info][gc,cpu      ] GC(7) User=0.00s Sys=0.00s Real=0.00s
[9.240s][info][gc,marking  ] GC(7) Concurrent Clear Claimed Marks
[9.240s][info][gc,marking  ] GC(7) Concurrent Clear Claimed Marks 0.043ms
[9.240s][info][gc,marking  ] GC(7) Concurrent Cleanup for Next Mark
[9.247s][info][gc,marking  ] GC(7) Concurrent Cleanup for Next Mark 7.201ms
[9.247s][info][gc          ] GC(7) Concurrent Mark Cycle 98.422ms
[14.318s][info][gc,start    ] GC(8) Pause Young (Concurrent Start) (Metadata GC Threshold)
[14.318s][info][gc,task     ] GC(8) Using 4 workers of 4 for evacuation
[14.431s][info][gc,mmu      ] GC(8) MMU target violated: 101.0ms (100.0ms/101.0ms)
[14.432s][info][gc,phases   ] GC(8)   Pre Evacuate Collection Set: 0.3ms
[14.432s][info][gc,phases   ] GC(8)   Merge Heap Roots: 0.1ms
[14.432s][info][gc,phases   ] GC(8)   Evacuate Collection Set: 108.6ms
[14.432s][info][gc,phases   ] GC(8)   Post Evacuate Collection Set: 4.1ms
[14.432s][info][gc,phases   ] GC(8)   Other: 0.2ms
[14.432s][info][gc,heap     ] GC(8) Eden regions: 131->0(197)
[14.432s][info][gc,heap     ] GC(8) Survivor regions: 23->7(26)
[14.432s][info][gc,heap     ] GC(8) Old regions: 1->22
[14.432s][info][gc,heap     ] GC(8) Humongous regions: 0->0
[14.432s][info][gc,metaspace] GC(8) Metaspace: 103308K(104320K)->103308K(104320K) NonClass: 89685K(90240K)->89685K(90240K) Class: 13622K(14080K)->13622K(14080K)
[14.432s][info][gc          ] GC(8) Pause Young (Concurrent Start) (Metadata GC Threshold) 1224M->232M(8192M) 113.272ms
[14.432s][info][gc,cpu      ] GC(8) User=0.40s Sys=0.01s Real=0.11s
[14.432s][info][gc          ] GC(9) Concurrent Mark Cycle
[14.432s][info][gc,marking  ] GC(9) Concurrent Scan Root Regions
[14.539s][info][gc,marking  ] GC(9) Concurrent Scan Root Regions 107.539ms
[14.539s][info][gc,marking  ] GC(9) Concurrent Mark
[14.539s][info][gc,marking  ] GC(9) Concurrent Mark From Roots
[14.539s][info][gc,task     ] GC(9) Using 1 workers of 1 for marking
[14.541s][info][gc,marking  ] GC(9) Concurrent Mark From Roots 1.828ms
[14.541s][info][gc,marking  ] GC(9) Concurrent Preclean
[14.541s][info][gc,marking  ] GC(9) Concurrent Preclean 0.011ms
[14.541s][info][gc,start    ] GC(9) Pause Remark
[14.553s][info][gc          ] GC(9) Pause Remark 248M->248M(8192M) 11.548ms
[14.553s][info][gc,cpu      ] GC(9) User=0.04s Sys=0.00s Real=0.01s
[14.553s][info][gc,marking  ] GC(9) Concurrent Mark 13.658ms
[14.553s][info][gc,marking  ] GC(9) Concurrent Rebuild Remembered Sets and Scrub Regions
[14.584s][info][gc,marking  ] GC(9) Concurrent Rebuild Remembered Sets and Scrub Regions 31.329ms
[14.585s][info][gc,start    ] GC(9) Pause Cleanup
[14.585s][info][gc          ] GC(9) Pause Cleanup 248M->248M(8192M) 0.056ms
[14.585s][info][gc,cpu      ] GC(9) User=0.00s Sys=0.00s Real=0.00s
[14.586s][info][gc,marking  ] GC(9) Concurrent Clear Claimed Marks
[14.586s][info][gc,marking  ] GC(9) Concurrent Clear Claimed Marks 0.120ms
[14.586s][info][gc,marking  ] GC(9) Concurrent Cleanup for Next Mark
[14.593s][info][gc,marking  ] GC(9) Concurrent Cleanup for Next Mark 6.828ms
[14.593s][info][gc          ] GC(9) Concurrent Mark Cycle 160.902ms
[22.151s][info][gc,start    ] GC(10) Pause Young (Normal) (G1 Evacuation Pause)
[22.151s][info][gc,task     ] GC(10) Using 4 workers of 4 for evacuation
[22.216s][info][gc,phases   ] GC(10)   Pre Evacuate Collection Set: 0.2ms
[22.216s][info][gc,phases   ] GC(10)   Merge Heap Roots: 0.2ms
[22.216s][info][gc,phases   ] GC(10)   Evacuate Collection Set: 60.9ms
[22.216s][info][gc,phases   ] GC(10)   Post Evacuate Collection Set: 3.1ms
[22.216s][info][gc,phases   ] GC(10)   Other: 0.1ms
[22.216s][info][gc,heap     ] GC(10) Eden regions: 197->0(185)
[22.216s][info][gc,heap     ] GC(10) Survivor regions: 7->19(26)
[22.216s][info][gc,heap     ] GC(10) Old regions: 22->22
[22.216s][info][gc,heap     ] GC(10) Humongous regions: 0->0
[22.217s][info][gc,metaspace] GC(10) Metaspace: 166768K(168320K)->166768K(168320K) NonClass: 141349K(142208K)->141349K(142208K) Class: 25418K(26112K)->25418K(26112K)
[22.217s][info][gc          ] GC(10) Pause Young (Normal) (G1 Evacuation Pause) 1808M->327M(8192M) 65.360ms
[22.217s][info][gc,cpu      ] GC(10) User=0.25s Sys=0.00s Real=0.06s
[24.187s][info][gc,start    ] GC(11) Pause Young (Concurrent Start) (Metadata GC Threshold)
[24.187s][info][gc,task     ] GC(11) Using 4 workers of 4 for evacuation
[24.256s][info][gc,phases   ] GC(11)   Pre Evacuate Collection Set: 0.2ms
[24.256s][info][gc,phases   ] GC(11)   Merge Heap Roots: 0.1ms
[24.256s][info][gc,phases   ] GC(11)   Evacuate Collection Set: 65.8ms
[24.256s][info][gc,phases   ] GC(11)   Post Evacuate Collection Set: 2.2ms
[24.256s][info][gc,phases   ] GC(11)   Other: 0.1ms
[24.256s][info][gc,heap     ] GC(11) Eden regions: 53->0(188)
[24.256s][info][gc,heap     ] GC(11) Survivor regions: 19->16(26)
[24.256s][info][gc,heap     ] GC(11) Old regions: 22->29
[24.256s][info][gc,heap     ] GC(11) Humongous regions: 0->0
[24.256s][info][gc,metaspace] GC(11) Metaspace: 175065K(176576K)->175065K(176576K) NonClass: 148376K(149248K)->148376K(149248K) Class: 26689K(27328K)->26689K(27328K)
[24.256s][info][gc          ] GC(11) Pause Young (Concurrent Start) (Metadata GC Threshold) 751M->353M(8192M) 68.704ms
[24.256s][info][gc,cpu      ] GC(11) User=0.27s Sys=0.00s Real=0.07s
[24.256s][info][gc          ] GC(12) Concurrent Mark Cycle
[24.256s][info][gc,marking  ] GC(12) Concurrent Scan Root Regions
[24.338s][info][gc,marking  ] GC(12) Concurrent Scan Root Regions 81.692ms
[24.338s][info][gc,marking  ] GC(12) Concurrent Mark
[24.338s][info][gc,marking  ] GC(12) Concurrent Mark From Roots
[24.338s][info][gc,task     ] GC(12) Using 1 workers of 1 for marking
[24.660s][info][gc,marking  ] GC(12) Concurrent Mark From Roots 322.642ms
[24.661s][info][gc,marking  ] GC(12) Concurrent Preclean
[24.661s][info][gc,marking  ] GC(12) Concurrent Preclean 0.447ms
[24.662s][info][gc,start    ] GC(12) Pause Remark
[24.685s][info][gc          ] GC(12) Pause Remark 407M->407M(8192M) 22.372ms
[24.685s][info][gc,cpu      ] GC(12) User=0.08s Sys=0.00s Real=0.02s
[24.685s][info][gc,marking  ] GC(12) Concurrent Mark 347.438ms
[24.685s][info][gc,marking  ] GC(12) Concurrent Rebuild Remembered Sets and Scrub Regions
[24.802s][info][gc,marking  ] GC(12) Concurrent Rebuild Remembered Sets and Scrub Regions 116.634ms
[24.802s][info][gc,start    ] GC(12) Pause Cleanup
[24.802s][info][gc          ] GC(12) Pause Cleanup 409M->409M(8192M) 0.293ms
[24.803s][info][gc,cpu      ] GC(12) User=0.00s Sys=0.00s Real=0.00s
[24.803s][info][gc,marking  ] GC(12) Concurrent Clear Claimed Marks
[24.803s][info][gc,marking  ] GC(12) Concurrent Clear Claimed Marks 0.151ms
[24.803s][info][gc,marking  ] GC(12) Concurrent Cleanup for Next Mark
[24.810s][info][gc,marking  ] GC(12) Concurrent Cleanup for Next Mark 7.102ms
[24.810s][info][gc          ] GC(12) Concurrent Mark Cycle 554.258ms
[592.214s][info][gc,start    ] GC(13) Pause Young (Prepare Mixed) (G1 Evacuation Pause)
[592.214s][info][gc,task     ] GC(13) Using 4 workers of 4 for evacuation
[592.286s][info][gc,phases   ] GC(13)   Pre Evacuate Collection Set: 0.3ms
[592.286s][info][gc,phases   ] GC(13)   Merge Heap Roots: 0.3ms
[592.286s][info][gc,phases   ] GC(13)   Evacuate Collection Set: 69.0ms
[592.286s][info][gc,phases   ] GC(13)   Post Evacuate Collection Set: 2.4ms
[592.286s][info][gc,phases   ] GC(13)   Other: 0.1ms
[592.286s][info][gc,heap     ] GC(13) Eden regions: 188->0(198)
[592.286s][info][gc,heap     ] GC(13) Survivor regions: 16->6(26)
[592.286s][info][gc,heap     ] GC(13) Old regions: 29->41
[592.286s][info][gc,heap     ] GC(13) Humongous regions: 0->0
[592.286s][info][gc,metaspace] GC(13) Metaspace: 195586K(197440K)->195586K(197440K) NonClass: 165995K(167040K)->165995K(167040K) Class: 29590K(30400K)->29590K(30400K)
[592.286s][info][gc          ] GC(13) Pause Young (Prepare Mixed) (G1 Evacuation Pause) 1857M->368M(8192M) 72.436ms
[592.287s][info][gc,cpu      ] GC(13) User=0.25s Sys=0.00s Real=0.07s
[1860.091s][info][gc,start    ] GC(14) Pause Young (Mixed) (G1 Evacuation Pause)
[1860.092s][info][gc,task     ] GC(14) Using 4 workers of 4 for evacuation
[1860.137s][info][gc,phases   ] GC(14)   Pre Evacuate Collection Set: 0.5ms
[1860.137s][info][gc,phases   ] GC(14)   Merge Heap Roots: 0.3ms
[1860.137s][info][gc,phases   ] GC(14)   Evacuate Collection Set: 42.8ms
[1860.137s][info][gc,phases   ] GC(14)   Post Evacuate Collection Set: 1.6ms
[1860.137s][info][gc,phases   ] GC(14)   Other: 0.1ms
[1860.137s][info][gc,heap     ] GC(14) Eden regions: 198->0(198)
[1860.137s][info][gc,heap     ] GC(14) Survivor regions: 6->6(26)
[1860.137s][info][gc,heap     ] GC(14) Old regions: 41->40
[1860.137s][info][gc,heap     ] GC(14) Humongous regions: 0->0
[1860.137s][info][gc,metaspace] GC(14) Metaspace: 199726K(201664K)->199726K(201664K) NonClass: 169568K(170624K)->169568K(170624K) Class: 30158K(31040K)->30158K(31040K)
[1860.137s][info][gc          ] GC(14) Pause Young (Mixed) (G1 Evacuation Pause) 1952M->362M(8192M) 45.649ms
[1860.137s][info][gc,cpu      ] GC(14) User=0.17s Sys=0.00s Real=0.04s
[3278.136s][info][gc,start    ] GC(15) Pause Young (Normal) (G1 Evacuation Pause)
[3278.136s][info][gc,task     ] GC(15) Using 4 workers of 4 for evacuation
[3278.179s][info][gc,phases   ] GC(15)   Pre Evacuate Collection Set: 0.5ms
[3278.179s][info][gc,phases   ] GC(15)   Merge Heap Roots: 0.3ms
[3278.179s][info][gc,phases   ] GC(15)   Evacuate Collection Set: 40.8ms
[3278.179s][info][gc,phases   ] GC(15)   Post Evacuate Collection Set: 1.5ms
[3278.180s][info][gc,phases   ] GC(15)   Other: 0.1ms
[3278.180s][info][gc,heap     ] GC(15) Eden regions: 198->0(199)
[3278.180s][info][gc,heap     ] GC(15) Survivor regions: 6->5(26)
[3278.180s][info][gc,heap     ] GC(15) Old regions: 40->40
[3278.180s][info][gc,heap     ] GC(15) Humongous regions: 0->0
[3278.180s][info][gc,metaspace] GC(15) Metaspace: 200121K(202048K)->200121K(202048K) NonClass: 169962K(171008K)->169962K(171008K) Class: 30158K(31040K)->30158K(31040K)
[3278.180s][info][gc          ] GC(15) Pause Young (Normal) (G1 Evacuation Pause) 1946M->359M(8192M) 43.459ms
[3278.180s][info][gc,cpu      ] GC(15) User=0.16s Sys=0.00s Real=0.05s
[3326.715s][info][gc,start    ] GC(16) Pause Young (Concurrent Start) (CodeCache GC Threshold)
[3326.715s][info][gc,task     ] GC(16) Using 4 workers of 4 for evacuation
[3326.753s][info][gc,phases   ] GC(16)   Pre Evacuate Collection Set: 0.4ms
[3326.753s][info][gc,phases   ] GC(16)   Merge Heap Roots: 0.2ms
[3326.753s][info][gc,phases   ] GC(16)   Evacuate Collection Set: 35.6ms
[3326.753s][info][gc,phases   ] GC(16)   Post Evacuate Collection Set: 1.3ms
[3326.753s][info][gc,phases   ] GC(16)   Other: 0.1ms
[3326.753s][info][gc,heap     ] GC(16) Eden regions: 7->0(198)
[3326.753s][info][gc,heap     ] GC(16) Survivor regions: 5->6(26)
[3326.753s][info][gc,heap     ] GC(16) Old regions: 40->40
[3326.753s][info][gc,heap     ] GC(16) Humongous regions: 0->0
[3326.753s][info][gc,metaspace] GC(16) Metaspace: 200128K(202048K)->200128K(202048K) NonClass: 169969K(171008K)->169969K(171008K) Class: 30158K(31040K)->30158K(31040K)
[3326.753s][info][gc          ] GC(16) Pause Young (Concurrent Start) (CodeCache GC Threshold) 415M->361M(8192M) 38.041ms
[3326.753s][info][gc          ] GC(17) Concurrent Mark Cycle
[3326.753s][info][gc,marking  ] GC(17) Concurrent Scan Root Regions
[3326.753s][info][gc,cpu      ] GC(16) User=0.14s Sys=0.00s Real=0.04s
[3326.785s][info][gc,marking  ] GC(17) Concurrent Scan Root Regions 31.427ms
[3326.785s][info][gc,marking  ] GC(17) Concurrent Mark
[3326.785s][info][gc,marking  ] GC(17) Concurrent Mark From Roots
[3326.785s][info][gc,task     ] GC(17) Using 1 workers of 1 for marking
[3327.200s][info][gc,marking  ] GC(17) Concurrent Mark From Roots 415.275ms
[3327.200s][info][gc,marking  ] GC(17) Concurrent Preclean
[3327.201s][info][gc,marking  ] GC(17) Concurrent Preclean 0.747ms
[3327.201s][info][gc,start    ] GC(17) Pause Remark
[3327.237s][info][gc          ] GC(17) Pause Remark 389M->373M(8192M) 36.331ms
[3327.237s][info][gc,cpu      ] GC(17) User=0.13s Sys=0.00s Real=0.03s
[3327.238s][info][gc,marking  ] GC(17) Concurrent Mark 452.830ms
[3327.238s][info][gc,marking  ] GC(17) Concurrent Rebuild Remembered Sets and Scrub Regions
[3327.366s][info][gc,marking  ] GC(17) Concurrent Rebuild Remembered Sets and Scrub Regions 128.119ms
[3327.366s][info][gc,start    ] GC(17) Pause Cleanup
[3327.366s][info][gc          ] GC(17) Pause Cleanup 374M->374M(8192M) 0.188ms
[3327.366s][info][gc,cpu      ] GC(17) User=0.00s Sys=0.00s Real=0.00s
[3327.366s][info][gc,marking  ] GC(17) Concurrent Clear Claimed Marks
[3327.366s][info][gc,marking  ] GC(17) Concurrent Clear Claimed Marks 0.189ms
[3327.366s][info][gc,marking  ] GC(17) Concurrent Cleanup for Next Mark
[3327.376s][info][gc,marking  ] GC(17) Concurrent Cleanup for Next Mark 10.040ms
[3327.376s][info][gc          ] GC(17) Concurrent Mark Cycle 623.197ms
[4746.831s][info][gc,start    ] GC(18) Pause Young (Prepare Mixed) (G1 Evacuation Pause)
[4746.831s][info][gc,task     ] GC(18) Using 4 workers of 4 for evacuation
[4746.871s][info][gc,phases   ] GC(18)   Pre Evacuate Collection Set: 0.8ms
[4746.871s][info][gc,phases   ] GC(18)   Merge Heap Roots: 0.3ms
[4746.871s][info][gc,phases   ] GC(18)   Evacuate Collection Set: 37.7ms
[4746.871s][info][gc,phases   ] GC(18)   Post Evacuate Collection Set: 1.5ms
[4746.871s][info][gc,phases   ] GC(18)   Other: 0.1ms
[4746.871s][info][gc,heap     ] GC(18) Eden regions: 198->0(198)
[4746.871s][info][gc,heap     ] GC(18) Survivor regions: 6->6(26)
[4746.871s][info][gc,heap     ] GC(18) Old regions: 38->38
[4746.871s][info][gc,heap     ] GC(18) Humongous regions: 0->0
[4746.871s][info][gc,metaspace] GC(18) Metaspace: 197487K(199616K)->197487K(199616K) NonClass: 167663K(168832K)->167663K(168832K) Class: 29824K(30784K)->29824K(30784K)
[4746.871s][info][gc          ] GC(18) Pause Young (Prepare Mixed) (G1 Evacuation Pause) 1929M->348M(8192M) 40.726ms
[4746.871s][info][gc,cpu      ] GC(18) User=0.16s Sys=0.00s Real=0.04s
[6173.863s][info][gc,start    ] GC(19) Pause Young (Mixed) (G1 Evacuation Pause)
[6173.863s][info][gc,task     ] GC(19) Using 4 workers of 4 for evacuation
[6173.910s][info][gc,phases   ] GC(19)   Pre Evacuate Collection Set: 1.3ms
[6173.910s][info][gc,phases   ] GC(19)   Merge Heap Roots: 0.3ms
[6173.910s][info][gc,phases   ] GC(19)   Evacuate Collection Set: 43.5ms
[6173.910s][info][gc,phases   ] GC(19)   Post Evacuate Collection Set: 1.5ms
[6173.910s][info][gc,phases   ] GC(19)   Other: 0.2ms
[6173.910s][info][gc,heap     ] GC(19) Eden regions: 198->0(199)
[6173.910s][info][gc,heap     ] GC(19) Survivor regions: 6->5(26)
[6173.910s][info][gc,heap     ] GC(19) Old regions: 38->38
[6173.910s][info][gc,heap     ] GC(19) Humongous regions: 0->0
[6173.910s][info][gc,metaspace] GC(19) Metaspace: 197771K(199808K)->197771K(199808K) NonClass: 167947K(169024K)->167947K(169024K) Class: 29824K(30784K)->29824K(30784K)
[6173.910s][info][gc          ] GC(19) Pause Young (Mixed) (G1 Evacuation Pause) 1932M->338M(8192M) 47.040ms
[6173.910s][info][gc,cpu      ] GC(19) User=0.18s Sys=0.00s Real=0.05s
[7621.463s][info][gc,start    ] GC(20) Pause Young (Normal) (G1 Evacuation Pause)
[7621.463s][info][gc,task     ] GC(20) Using 4 workers of 4 for evacuation
[7621.503s][info][gc,phases   ] GC(20)   Pre Evacuate Collection Set: 0.6ms
[7621.503s][info][gc,phases   ] GC(20)   Merge Heap Roots: 0.2ms
[7621.503s][info][gc,phases   ] GC(20)   Evacuate Collection Set: 37.3ms
[7621.503s][info][gc,phases   ] GC(20)   Post Evacuate Collection Set: 1.8ms
[7621.503s][info][gc,phases   ] GC(20)   Other: 0.1ms
[7621.503s][info][gc,heap     ] GC(20) Eden regions: 199->0(199)
[7621.503s][info][gc,heap     ] GC(20) Survivor regions: 5->5(26)
[7621.503s][info][gc,heap     ] GC(20) Old regions: 38->38
[7621.503s][info][gc,heap     ] GC(20) Humongous regions: 0->0
[7621.503s][info][gc,metaspace] GC(20) Metaspace: 197895K(199872K)->197895K(199872K) NonClass: 168070K(169088K)->168070K(169088K) Class: 29825K(30784K)->29825K(30784K)
[7621.503s][info][gc          ] GC(20) Pause Young (Normal) (G1 Evacuation Pause) 1930M->338M(8192M) 40.201ms
[7621.503s][info][gc,cpu      ] GC(20) User=0.15s Sys=0.00s Real=0.04s
[9080.830s][info][gc,start    ] GC(21) Pause Young (Normal) (G1 Evacuation Pause)
[9080.830s][info][gc,task     ] GC(21) Using 4 workers of 4 for evacuation
[9080.865s][info][gc,phases   ] GC(21)   Pre Evacuate Collection Set: 0.3ms
[9080.865s][info][gc,phases   ] GC(21)   Merge Heap Roots: 0.2ms
[9080.865s][info][gc,phases   ] GC(21)   Evacuate Collection Set: 32.5ms
[9080.865s][info][gc,phases   ] GC(21)   Post Evacuate Collection Set: 1.6ms
[9080.865s][info][gc,phases   ] GC(21)   Other: 0.1ms
[9080.865s][info][gc,heap     ] GC(21) Eden regions: 199->0(199)
[9080.865s][info][gc,heap     ] GC(21) Survivor regions: 5->5(26)
[9080.865s][info][gc,heap     ] GC(21) Old regions: 38->38
[9080.865s][info][gc,heap     ] GC(21) Humongous regions: 0->0
[9080.865s][info][gc,metaspace] GC(21) Metaspace: 198038K(200064K)->198038K(200064K) NonClass: 168212K(169280K)->168212K(169280K) Class: 29826K(30784K)->29826K(30784K)
[9080.865s][info][gc          ] GC(21) Pause Young (Normal) (G1 Evacuation Pause) 1930M->338M(8192M) 34.944ms
[9080.865s][info][gc,cpu      ] GC(21) User=0.13s Sys=0.00s Real=0.03s
[10544.866s][info][gc,start    ] GC(22) Pause Young (Normal) (G1 Evacuation Pause)
[10544.866s][info][gc,task     ] GC(22) Using 4 workers of 4 for evacuation
[10544.903s][info][gc,phases   ] GC(22)   Pre Evacuate Collection Set: 0.3ms
[10544.903s][info][gc,phases   ] GC(22)   Merge Heap Roots: 0.3ms
[10544.903s][info][gc,phases   ] GC(22)   Evacuate Collection Set: 34.7ms
[10544.903s][info][gc,phases   ] GC(22)   Post Evacuate Collection Set: 2.4ms
[10544.903s][info][gc,phases   ] GC(22)   Other: 0.1ms
[10544.903s][info][gc,heap     ] GC(22) Eden regions: 199->0(199)
[10544.903s][info][gc,heap     ] GC(22) Survivor regions: 5->5(26)
[10544.903s][info][gc,heap     ] GC(22) Old regions: 38->38
[10544.903s][info][gc,heap     ] GC(22) Humongous regions: 0->0
[10544.903s][info][gc,metaspace] GC(22) Metaspace: 198090K(200064K)->198090K(200064K) NonClass: 168264K(169280K)->168264K(169280K) Class: 29826K(30784K)->29826K(30784K)
[10544.903s][info][gc          ] GC(22) Pause Young (Normal) (G1 Evacuation Pause) 1930M->338M(8192M) 37.894ms
[10544.904s][info][gc,cpu      ] GC(22) User=0.12s Sys=0.00s Real=0.04s
[12018.265s][info][gc,start    ] GC(23) Pause Young (Normal) (G1 Evacuation Pause)
[12018.265s][info][gc,task     ] GC(23) Using 4 workers of 4 for evacuation
[12018.304s][info][gc,phases   ] GC(23)   Pre Evacuate Collection Set: 0.7ms
[12018.304s][info][gc,phases   ] GC(23)   Merge Heap Roots: 0.3ms
[12018.304s][info][gc,phases   ] GC(23)   Evacuate Collection Set: 35.6ms
[12018.304s][info][gc,phases   ] GC(23)   Post Evacuate Collection Set: 2.1ms
[12018.304s][info][gc,phases   ] GC(23)   Other: 0.1ms
[12018.304s][info][gc,heap     ] GC(23) Eden regions: 199->0(199)
[12018.304s][info][gc,heap     ] GC(23) Survivor regions: 5->5(26)
[12018.304s][info][gc,heap     ] GC(23) Old regions: 38->38
[12018.304s][info][gc,heap     ] GC(23) Humongous regions: 0->0
[12018.304s][info][gc,metaspace] GC(23) Metaspace: 198205K(200256K)->198205K(200256K) NonClass: 168379K(169472K)->168379K(169472K) Class: 29826K(30784K)->29826K(30784K)
[12018.304s][info][gc          ] GC(23) Pause Young (Normal) (G1 Evacuation Pause) 1930M->337M(8192M) 39.058ms
[12018.304s][info][gc,cpu      ] GC(23) User=0.14s Sys=0.00s Real=0.04s
[12525.714s][info][gc,start    ] GC(24) Pause Young (Concurrent Start) (CodeCache GC Threshold)
[12525.714s][info][gc,task     ] GC(24) Using 4 workers of 4 for evacuation
[12525.754s][info][gc,phases   ] GC(24)   Pre Evacuate Collection Set: 0.3ms
[12525.754s][info][gc,phases   ] GC(24)   Merge Heap Roots: 0.2ms
[12525.754s][info][gc,phases   ] GC(24)   Evacuate Collection Set: 37.9ms
[12525.754s][info][gc,phases   ] GC(24)   Post Evacuate Collection Set: 1.9ms
[12525.754s][info][gc,phases   ] GC(24)   Other: 0.1ms
[12525.754s][info][gc,heap     ] GC(24) Eden regions: 125->0(196)
[12525.754s][info][gc,heap     ] GC(24) Survivor regions: 5->8(26)
[12525.754s][info][gc,heap     ] GC(24) Old regions: 38->38
[12525.754s][info][gc,heap     ] GC(24) Humongous regions: 0->0
[12525.754s][info][gc,metaspace] GC(24) Metaspace: 205616K(207616K)->205616K(207616K) NonClass: 174753K(175808K)->174753K(175808K) Class: 30863K(31808K)->30863K(31808K)
[12525.754s][info][gc          ] GC(24) Pause Young (Concurrent Start) (CodeCache GC Threshold) 1337M->362M(8192M) 40.649ms
[12525.754s][info][gc          ] GC(25) Concurrent Mark Cycle
[12525.754s][info][gc,marking  ] GC(25) Concurrent Scan Root Regions
[12525.754s][info][gc,cpu      ] GC(24) User=0.15s Sys=0.00s Real=0.04s
[12525.801s][info][gc,marking  ] GC(25) Concurrent Scan Root Regions 46.861ms
[12525.801s][info][gc,marking  ] GC(25) Concurrent Mark
[12525.801s][info][gc,marking  ] GC(25) Concurrent Mark From Roots
[12525.801s][info][gc,task     ] GC(25) Using 1 workers of 1 for marking
[12526.199s][info][gc,marking  ] GC(25) Concurrent Mark From Roots 397.309ms
[12526.199s][info][gc,marking  ] GC(25) Concurrent Preclean
[12526.200s][info][gc,marking  ] GC(25) Concurrent Preclean 1.260ms
[12526.200s][info][gc,start    ] GC(25) Pause Remark
[12526.239s][info][gc          ] GC(25) Pause Remark 369M->369M(8192M) 38.200ms
[12526.239s][info][gc,cpu      ] GC(25) User=0.12s Sys=0.00s Real=0.04s
[12526.239s][info][gc,marking  ] GC(25) Concurrent Mark 437.426ms
[12526.239s][info][gc,marking  ] GC(25) Concurrent Rebuild Remembered Sets and Scrub Regions
[12526.367s][info][gc,marking  ] GC(25) Concurrent Rebuild Remembered Sets and Scrub Regions 128.637ms
[12526.371s][info][gc,start    ] GC(25) Pause Cleanup
[12526.371s][info][gc          ] GC(25) Pause Cleanup 369M->369M(8192M) 0.192ms
[12526.371s][info][gc,cpu      ] GC(25) User=0.00s Sys=0.00s Real=0.00s
[12526.371s][info][gc,marking  ] GC(25) Concurrent Clear Claimed Marks
[12526.371s][info][gc,marking  ] GC(25) Concurrent Clear Claimed Marks 0.213ms
[12526.371s][info][gc,marking  ] GC(25) Concurrent Cleanup for Next Mark
[12526.379s][info][gc,marking  ] GC(25) Concurrent Cleanup for Next Mark 7.519ms
[12526.379s][info][gc          ] GC(25) Concurrent Mark Cycle 624.546ms
[12891.164s][info][gc,start    ] GC(26) Pause Young (Prepare Mixed) (G1 Evacuation Pause)
[12891.164s][info][gc,task     ] GC(26) Using 4 workers of 4 for evacuation
[12891.214s][info][gc,phases   ] GC(26)   Pre Evacuate Collection Set: 0.3ms
[12891.214s][info][gc,phases   ] GC(26)   Merge Heap Roots: 0.4ms
[12891.214s][info][gc,phases   ] GC(26)   Evacuate Collection Set: 43.2ms
[12891.214s][info][gc,phases   ] GC(26)   Post Evacuate Collection Set: 6.2ms
[12891.214s][info][gc,phases   ] GC(26)   Other: 0.1ms
[12891.214s][info][gc,heap     ] GC(26) Eden regions: 196->0(605)
[12891.214s][info][gc,heap     ] GC(26) Survivor regions: 8->9(26)
[12891.214s][info][gc,heap     ] GC(26) Old regions: 38->38
[12891.214s][info][gc,heap     ] GC(26) Humongous regions: 0->0
[12891.214s][info][gc,metaspace] GC(26) Metaspace: 206854K(208768K)->206854K(208768K) NonClass: 176002K(176960K)->176002K(176960K) Class: 30852K(31808K)->30852K(31808K)
[12891.214s][info][gc          ] GC(26) Pause Young (Prepare Mixed) (G1 Evacuation Pause) 1930M->366M(8192M) 50.396ms
[12891.214s][info][gc,cpu      ] GC(26) User=0.17s Sys=0.00s Real=0.05s
[13132.256s][info][gc,start    ] GC(27) Pause Young (Concurrent Start) (CodeCache GC Threshold)
[13132.256s][info][gc,task     ] GC(27) Using 4 workers of 4 for evacuation
[13132.310s][info][gc,phases   ] GC(27)   Pre Evacuate Collection Set: 0.3ms
[13132.310s][info][gc,phases   ] GC(27)   Merge Heap Roots: 0.3ms
[13132.310s][info][gc,phases   ] GC(27)   Evacuate Collection Set: 51.2ms
[13132.310s][info][gc,phases   ] GC(27)   Post Evacuate Collection Set: 1.7ms
[13132.310s][info][gc,phases   ] GC(27)   Other: 0.1ms
[13132.310s][info][gc,heap     ] GC(27) Eden regions: 144->0(193)
[13132.310s][info][gc,heap     ] GC(27) Survivor regions: 9->11(44)
[13132.310s][info][gc,heap     ] GC(27) Old regions: 38->38
[13132.310s][info][gc,heap     ] GC(27) Humongous regions: 0->0
[13132.310s][info][gc,metaspace] GC(27) Metaspace: 207784K(209600K)->207784K(209600K) NonClass: 176809K(177792K)->176809K(177792K) Class: 30974K(31808K)->30974K(31808K)
[13132.310s][info][gc          ] GC(27) Pause Young (Concurrent Start) (CodeCache GC Threshold) 1515M->386M(8192M) 53.812ms
[13132.310s][info][gc          ] GC(28) Concurrent Mark Cycle
[13132.310s][info][gc,cpu      ] GC(27) User=0.21s Sys=0.00s Real=0.06s
[13132.310s][info][gc,marking  ] GC(28) Concurrent Scan Root Regions
[13132.384s][info][gc,marking  ] GC(28) Concurrent Scan Root Regions 73.885ms
[13132.384s][info][gc,marking  ] GC(28) Concurrent Mark
[13132.384s][info][gc,marking  ] GC(28) Concurrent Mark From Roots
[13132.384s][info][gc,task     ] GC(28) Using 1 workers of 1 for marking
[13132.835s][info][gc,marking  ] GC(28) Concurrent Mark From Roots 450.507ms
[13132.835s][info][gc,marking  ] GC(28) Concurrent Preclean
[13132.836s][info][gc,marking  ] GC(28) Concurrent Preclean 0.885ms
[13132.836s][info][gc,start    ] GC(28) Pause Remark
[13132.880s][info][gc          ] GC(28) Pause Remark 492M->492M(8192M) 44.188ms
[13132.880s][info][gc,cpu      ] GC(28) User=0.16s Sys=0.00s Real=0.05s
[13132.883s][info][gc,marking  ] GC(28) Concurrent Mark 498.834ms
[13132.883s][info][gc,marking  ] GC(28) Concurrent Rebuild Remembered Sets and Scrub Regions
[13133.023s][info][gc,marking  ] GC(28) Concurrent Rebuild Remembered Sets and Scrub Regions 140.205ms
[13133.024s][info][gc,start    ] GC(28) Pause Cleanup
[13133.024s][info][gc          ] GC(28) Pause Cleanup 518M->518M(8192M) 0.195ms
[13133.024s][info][gc,cpu      ] GC(28) User=0.00s Sys=0.00s Real=0.00s
[13133.024s][info][gc,marking  ] GC(28) Concurrent Clear Claimed Marks
[13133.024s][info][gc,marking  ] GC(28) Concurrent Clear Claimed Marks 0.189ms
[13133.024s][info][gc,marking  ] GC(28) Concurrent Cleanup for Next Mark
[13133.033s][info][gc,marking  ] GC(28) Concurrent Cleanup for Next Mark 8.254ms
[13133.033s][info][gc          ] GC(28) Concurrent Mark Cycle 722.365ms
[13179.827s][info][gc,start    ] GC(29) Pause Young (Prepare Mixed) (G1 Evacuation Pause)
[13179.828s][info][gc,task     ] GC(29) Using 4 workers of 4 for evacuation
[13179.878s][info][gc,phases   ] GC(29)   Pre Evacuate Collection Set: 0.3ms
[13179.878s][info][gc,phases   ] GC(29)   Merge Heap Roots: 0.4ms
[13179.878s][info][gc,phases   ] GC(29)   Evacuate Collection Set: 47.7ms
[13179.878s][info][gc,phases   ] GC(29)   Post Evacuate Collection Set: 1.8ms
[13179.878s][info][gc,phases   ] GC(29)   Other: 0.1ms
[13179.878s][info][gc,heap     ] GC(29) Eden regions: 193->0(190)
[13179.878s][info][gc,heap     ] GC(29) Survivor regions: 11->14(26)
[13179.878s][info][gc,heap     ] GC(29) Old regions: 38->38
[13179.878s][info][gc,heap     ] GC(29) Humongous regions: 0->0
[13179.878s][info][gc,metaspace] GC(29) Metaspace: 208409K(210304K)->208409K(210304K) NonClass: 177401K(178432K)->177401K(178432K) Class: 31007K(31872K)->31007K(31872K)
[13179.878s][info][gc          ] GC(29) Pause Young (Prepare Mixed) (G1 Evacuation Pause) 1930M->406M(8192M) 50.463ms
[13179.878s][info][gc,cpu      ] GC(29) User=0.20s Sys=0.00s Real=0.05s
[13202.801s][info][gc,start    ] GC(30) Pause Young (Mixed) (G1 Evacuation Pause)
[13202.801s][info][gc,task     ] GC(30) Using 4 workers of 4 for evacuation
[13202.870s][info][gc,phases   ] GC(30)   Pre Evacuate Collection Set: 0.2ms
[13202.870s][info][gc,phases   ] GC(30)   Merge Heap Roots: 0.3ms
[13202.870s][info][gc,phases   ] GC(30)   Evacuate Collection Set: 66.4ms
[13202.870s][info][gc,phases   ] GC(30)   Post Evacuate Collection Set: 1.9ms
[13202.870s][info][gc,phases   ] GC(30)   Other: 0.1ms
[13202.870s][info][gc,heap     ] GC(30) Eden regions: 190->0(192)
[13202.870s][info][gc,heap     ] GC(30) Survivor regions: 14->12(26)
[13202.870s][info][gc,heap     ] GC(30) Old regions: 38->40
[13202.870s][info][gc,heap     ] GC(30) Humongous regions: 0->0
[13202.870s][info][gc,metaspace] GC(30) Metaspace: 208507K(210432K)->208507K(210432K) NonClass: 177492K(178560K)->177492K(178560K) Class: 31014K(31872K)->31014K(31872K)
[13202.870s][info][gc          ] GC(30) Pause Young (Mixed) (G1 Evacuation Pause) 1926M->410M(8192M) 69.081ms
[13202.870s][info][gc,cpu      ] GC(30) User=0.23s Sys=0.00s Real=0.07s
[13291.516s][info][gc,start    ] GC(31) Pause Young (Normal) (G1 Evacuation Pause)
[13291.516s][info][gc,task     ] GC(31) Using 4 workers of 4 for evacuation
[13291.563s][info][gc,phases   ] GC(31)   Pre Evacuate Collection Set: 0.3ms
[13291.563s][info][gc,phases   ] GC(31)   Merge Heap Roots: 0.2ms
[13291.563s][info][gc,phases   ] GC(31)   Evacuate Collection Set: 44.4ms
[13291.563s][info][gc,phases   ] GC(31)   Post Evacuate Collection Set: 2.0ms
[13291.563s][info][gc,phases   ] GC(31)   Other: 0.1ms
[13291.563s][info][gc,heap     ] GC(31) Eden regions: 273->0(602)
[13291.563s][info][gc,heap     ] GC(31) Survivor regions: 12->12(36)
[13291.563s][info][gc,heap     ] GC(31) Old regions: 40->42
[13291.563s][info][gc,heap     ] GC(31) Humongous regions: 0->0
[13291.563s][info][gc,metaspace] GC(31) Metaspace: 209340K(211264K)->209340K(211264K) NonClass: 178216K(179264K)->178216K(179264K) Class: 31124K(32000K)->31124K(32000K)
[13291.563s][info][gc          ] GC(31) Pause Young (Normal) (G1 Evacuation Pause) 2594M->420M(8192M) 47.133ms
[13291.563s][info][gc,cpu      ] GC(31) User=0.18s Sys=0.00s Real=0.05s
[13433.516s][info][gc,start    ] GC(32) Pause Young (Concurrent Start) (CodeCache GC Threshold)
[13433.516s][info][gc,task     ] GC(32) Using 4 workers of 4 for evacuation
[13433.559s][info][gc,phases   ] GC(32)   Pre Evacuate Collection Set: 0.3ms
[13433.559s][info][gc,phases   ] GC(32)   Merge Heap Roots: 0.2ms
[13433.559s][info][gc,phases   ] GC(32)   Evacuate Collection Set: 41.1ms
[13433.559s][info][gc,phases   ] GC(32)   Post Evacuate Collection Set: 1.3ms
[13433.560s][info][gc,phases   ] GC(32)   Other: 0.1ms
[13433.560s][info][gc,heap     ] GC(32) Eden regions: 331->0(602)
[13433.560s][info][gc,heap     ] GC(32) Survivor regions: 12->12(77)
[13433.560s][info][gc,heap     ] GC(32) Old regions: 42->42
[13433.560s][info][gc,heap     ] GC(32) Humongous regions: 0->0
[13433.560s][info][gc,metaspace] GC(32) Metaspace: 209720K(211648K)->209720K(211648K) NonClass: 178579K(179648K)->178579K(179648K) Class: 31141K(32000K)->31141K(32000K)
[13433.560s][info][gc          ] GC(32) Pause Young (Concurrent Start) (CodeCache GC Threshold) 3065M->427M(8192M) 43.265ms
[13433.560s][info][gc          ] GC(33) Concurrent Mark Cycle
[13433.560s][info][gc,marking  ] GC(33) Concurrent Scan Root Regions
[13433.560s][info][gc,cpu      ] GC(32) User=0.16s Sys=0.00s Real=0.05s
[13433.603s][info][gc,marking  ] GC(33) Concurrent Scan Root Regions 43.106ms
[13433.603s][info][gc,marking  ] GC(33) Concurrent Mark
[13433.603s][info][gc,marking  ] GC(33) Concurrent Mark From Roots
[13433.603s][info][gc,task     ] GC(33) Using 1 workers of 1 for marking
[13434.062s][info][gc,marking  ] GC(33) Concurrent Mark From Roots 459.273ms
[13434.062s][info][gc,marking  ] GC(33) Concurrent Preclean
[13434.063s][info][gc,marking  ] GC(33) Concurrent Preclean 0.958ms
[13434.063s][info][gc,start    ] GC(33) Pause Remark
[13434.110s][info][gc          ] GC(33) Pause Remark 440M->440M(8192M) 46.930ms
[13434.110s][info][gc,cpu      ] GC(33) User=0.16s Sys=0.00s Real=0.05s
[13434.111s][info][gc,marking  ] GC(33) Concurrent Mark 507.896ms
[13434.111s][info][gc,marking  ] GC(33) Concurrent Rebuild Remembered Sets and Scrub Regions
[13434.251s][info][gc,marking  ] GC(33) Concurrent Rebuild Remembered Sets and Scrub Regions 140.108ms
[13434.251s][info][gc,start    ] GC(33) Pause Cleanup
[13434.251s][info][gc          ] GC(33) Pause Cleanup 443M->443M(8192M) 0.199ms
[13434.251s][info][gc,cpu      ] GC(33) User=0.00s Sys=0.00s Real=0.00s
[13434.251s][info][gc,marking  ] GC(33) Concurrent Clear Claimed Marks
[13434.251s][info][gc,marking  ] GC(33) Concurrent Clear Claimed Marks 0.180ms
[13434.251s][info][gc,marking  ] GC(33) Concurrent Cleanup for Next Mark
[13434.259s][info][gc,marking  ] GC(33) Concurrent Cleanup for Next Mark 7.751ms
[13434.259s][info][gc          ] GC(33) Concurrent Mark Cycle 699.649ms
[13612.875s][info][gc,start    ] GC(34) Pause Young (Prepare Mixed) (G1 Evacuation Pause)
[13612.875s][info][gc,task     ] GC(34) Using 4 workers of 4 for evacuation
[13612.938s][info][gc,phases   ] GC(34)   Pre Evacuate Collection Set: 0.4ms
[13612.938s][info][gc,phases   ] GC(34)   Merge Heap Roots: 0.3ms
[13612.938s][info][gc,phases   ] GC(34)   Evacuate Collection Set: 61.4ms
[13612.938s][info][gc,phases   ] GC(34)   Post Evacuate Collection Set: 1.5ms
[13612.938s][info][gc,phases   ] GC(34)   Other: 0.1ms
[13612.938s][info][gc,heap     ] GC(34) Eden regions: 602->0(187)
[13612.938s][info][gc,heap     ] GC(34) Survivor regions: 12->17(77)
[13612.938s][info][gc,heap     ] GC(34) Old regions: 42->42
[13612.938s][info][gc,heap     ] GC(34) Humongous regions: 0->0
[13612.938s][info][gc,metaspace] GC(34) Metaspace: 211809K(213696K)->211809K(213696K) NonClass: 180432K(181504K)->180432K(181504K) Class: 31377K(32192K)->31377K(32192K)
[13612.938s][info][gc          ] GC(34) Pause Young (Prepare Mixed) (G1 Evacuation Pause) 5243M->468M(8192M) 63.861ms
[13612.938s][info][gc,cpu      ] GC(34) User=0.22s Sys=0.00s Real=0.07s
[13626.443s][info][gc,start    ] GC(35) Pause Young (Mixed) (G1 Evacuation Pause)
[13626.443s][info][gc,task     ] GC(35) Using 4 workers of 4 for evacuation
[13626.502s][info][gc,phases   ] GC(35)   Pre Evacuate Collection Set: 0.2ms
[13626.502s][info][gc,phases   ] GC(35)   Merge Heap Roots: 0.1ms
[13626.502s][info][gc,phases   ] GC(35)   Evacuate Collection Set: 56.5ms
[13626.502s][info][gc,phases   ] GC(35)   Post Evacuate Collection Set: 1.7ms
[13626.502s][info][gc,phases   ] GC(35)   Other: 0.1ms
[13626.502s][info][gc,heap     ] GC(35) Eden regions: 296->0(303)
[13626.502s][info][gc,heap     ] GC(35) Survivor regions: 17->18(40)
[13626.502s][info][gc,heap     ] GC(35) Old regions: 42->42
[13626.502s][info][gc,heap     ] GC(35) Humongous regions: 0->0
[13626.502s][info][gc,metaspace] GC(35) Metaspace: 212465K(214400K)->212465K(214400K) NonClass: 180986K(182080K)->180986K(182080K) Class: 31479K(32320K)->31479K(32320K)
[13626.502s][info][gc          ] GC(35) Pause Young (Mixed) (G1 Evacuation Pause) 2836M->473M(8192M) 58.815ms
[13626.502s][info][gc,cpu      ] GC(35) User=0.22s Sys=0.00s Real=0.06s
[13646.367s][info][gc,start    ] GC(36) Pause Young (Normal) (G1 Evacuation Pause)
[13646.367s][info][gc,task     ] GC(36) Using 4 workers of 4 for evacuation
[13646.422s][info][gc,phases   ] GC(36)   Pre Evacuate Collection Set: 0.3ms
[13646.422s][info][gc,phases   ] GC(36)   Merge Heap Roots: 0.2ms
[13646.422s][info][gc,phases   ] GC(36)   Evacuate Collection Set: 52.0ms
[13646.422s][info][gc,phases   ] GC(36)   Post Evacuate Collection Set: 1.6ms
[13646.422s][info][gc,phases   ] GC(36)   Other: 0.1ms
[13646.422s][info][gc,heap     ] GC(36) Eden regions: 364->0(343)
[13646.422s][info][gc,heap     ] GC(36) Survivor regions: 18->20(48)
[13646.422s][info][gc,heap     ] GC(36) Old regions: 42->42
[13646.422s][info][gc,heap     ] GC(36) Humongous regions: 0->0
[13646.422s][info][gc,metaspace] GC(36) Metaspace: 212698K(214656K)->212698K(214656K) NonClass: 181197K(182272K)->181197K(182272K) Class: 31500K(32384K)->31500K(32384K)
[13646.422s][info][gc          ] GC(36) Pause Young (Normal) (G1 Evacuation Pause) 3385M->490M(8192M) 54.399ms
[13646.422s][info][gc,cpu      ] GC(36) User=0.21s Sys=0.00s Real=0.06s
[13665.057s][info][gc,start    ] GC(37) Pause Young (Concurrent Start) (CodeCache GC Threshold)
[13665.057s][info][gc,task     ] GC(37) Using 4 workers of 4 for evacuation
[13665.112s][info][gc,phases   ] GC(37)   Pre Evacuate Collection Set: 0.3ms
[13665.112s][info][gc,phases   ] GC(37)   Merge Heap Roots: 0.2ms
[13665.112s][info][gc,phases   ] GC(37)   Evacuate Collection Set: 53.1ms
[13665.112s][info][gc,phases   ] GC(37)   Post Evacuate Collection Set: 1.4ms
[13665.112s][info][gc,phases   ] GC(37)   Other: 0.1ms
[13665.112s][info][gc,heap     ] GC(37) Eden regions: 365->0(528)
[13665.112s][info][gc,heap     ] GC(37) Survivor regions: 20->21(58)
[13665.112s][info][gc,heap     ] GC(37) Old regions: 42->42
[13665.112s][info][gc,heap     ] GC(37) Humongous regions: 0->0
[13665.112s][info][gc,metaspace] GC(37) Metaspace: 212782K(214720K)->212782K(214720K) NonClass: 181278K(182336K)->181278K(182336K) Class: 31503K(32384K)->31503K(32384K)
[13665.112s][info][gc          ] GC(37) Pause Young (Concurrent Start) (CodeCache GC Threshold) 3410M->494M(8192M) 55.306ms
[13665.112s][info][gc          ] GC(38) Concurrent Mark Cycle
[13665.112s][info][gc,cpu      ] GC(37) User=0.20s Sys=0.00s Real=0.06s
[13665.112s][info][gc,marking  ] GC(38) Concurrent Scan Root Regions
[13665.191s][info][gc,marking  ] GC(38) Concurrent Scan Root Regions 78.679ms
[13665.191s][info][gc,marking  ] GC(38) Concurrent Mark
[13665.191s][info][gc,marking  ] GC(38) Concurrent Mark From Roots
[13665.191s][info][gc,task     ] GC(38) Using 1 workers of 1 for marking
[13665.659s][info][gc,marking  ] GC(38) Concurrent Mark From Roots 468.314ms
[13665.659s][info][gc,marking  ] GC(38) Concurrent Preclean
[13665.660s][info][gc,marking  ] GC(38) Concurrent Preclean 0.928ms
[13665.660s][info][gc,start    ] GC(38) Pause Remark
[13665.705s][info][gc          ] GC(38) Pause Remark 594M->594M(8192M) 44.572ms
[13665.705s][info][gc,cpu      ] GC(38) User=0.15s Sys=0.00s Real=0.04s
[13665.705s][info][gc,marking  ] GC(38) Concurrent Mark 514.689ms
[13665.705s][info][gc,marking  ] GC(38) Concurrent Rebuild Remembered Sets and Scrub Regions
[13665.850s][info][gc,marking  ] GC(38) Concurrent Rebuild Remembered Sets and Scrub Regions 144.200ms
[13665.850s][info][gc,start    ] GC(38) Pause Cleanup
[13665.850s][info][gc          ] GC(38) Pause Cleanup 610M->610M(8192M) 0.180ms
[13665.850s][info][gc,cpu      ] GC(38) User=0.00s Sys=0.00s Real=0.00s
[13665.850s][info][gc,marking  ] GC(38) Concurrent Clear Claimed Marks
[13665.850s][info][gc,marking  ] GC(38) Concurrent Clear Claimed Marks 0.201ms
[13665.850s][info][gc,marking  ] GC(38) Concurrent Cleanup for Next Mark
[13665.859s][info][gc,marking  ] GC(38) Concurrent Cleanup for Next Mark 8.601ms
[13665.859s][info][gc          ] GC(38) Concurrent Mark Cycle 747.026ms
[13690.293s][info][gc,start    ] GC(39) Pause Young (Prepare Mixed) (G1 Evacuation Pause)
[13690.293s][info][gc,task     ] GC(39) Using 4 workers of 4 for evacuation
[13690.345s][info][gc,phases   ] GC(39)   Pre Evacuate Collection Set: 0.2ms
[13690.345s][info][gc,phases   ] GC(39)   Merge Heap Roots: 0.5ms
[13690.345s][info][gc,phases   ] GC(39)   Evacuate Collection Set: 50.0ms
[13690.346s][info][gc,phases   ] GC(39)   Post Evacuate Collection Set: 1.6ms
[13690.346s][info][gc,phases   ] GC(39)   Other: 0.1ms
[13690.346s][info][gc,heap     ] GC(39) Eden regions: 469->0(397)
[13690.346s][info][gc,heap     ] GC(39) Survivor regions: 21->20(62)
[13690.346s][info][gc,heap     ] GC(39) Old regions: 42->42
[13690.346s][info][gc,heap     ] GC(39) Humongous regions: 0->0
[13690.346s][info][gc,metaspace] GC(39) Metaspace: 212821K(214720K)->212821K(214720K) NonClass: 181320K(182336K)->181320K(182336K) Class: 31501K(32384K)->31501K(32384K)
[13690.346s][info][gc          ] GC(39) Pause Young (Prepare Mixed) (G1 Evacuation Pause) 4246M->486M(8192M) 52.601ms
[13690.346s][info][gc,cpu      ] GC(39) User=0.19s Sys=0.00s Real=0.05s
[13715.849s][info][gc,start    ] GC(40) Pause Young (Mixed) (G1 Evacuation Pause)
[13715.849s][info][gc,task     ] GC(40) Using 4 workers of 4 for evacuation
[13715.905s][info][gc,phases   ] GC(40)   Pre Evacuate Collection Set: 0.3ms
[13715.905s][info][gc,phases   ] GC(40)   Merge Heap Roots: 0.2ms
[13715.905s][info][gc,phases   ] GC(40)   Evacuate Collection Set: 54.2ms
[13715.905s][info][gc,phases   ] GC(40)   Post Evacuate Collection Set: 1.7ms
[13715.906s][info][gc,phases   ] GC(40)   Other: 0.1ms
[13715.906s][info][gc,heap     ] GC(40) Eden regions: 476->0(595)
[13715.906s][info][gc,heap     ] GC(40) Survivor regions: 20->19(62)
[13715.906s][info][gc,heap     ] GC(40) Old regions: 42->41
[13715.906s][info][gc,heap     ] GC(40) Humongous regions: 0->0
[13715.906s][info][gc,metaspace] GC(40) Metaspace: 213112K(214976K)->213112K(214976K) NonClass: 181577K(182592K)->181577K(182592K) Class: 31534K(32384K)->31534K(32384K)
[13715.906s][info][gc          ] GC(40) Pause Young (Mixed) (G1 Evacuation Pause) 4294M->478M(8192M) 56.716ms
[13715.906s][info][gc,cpu      ] GC(40) User=0.22s Sys=0.00s Real=0.05s
[13784.175s][info][gc,start    ] GC(41) Pause Young (Normal) (G1 Evacuation Pause)
[13784.176s][info][gc,task     ] GC(41) Using 4 workers of 4 for evacuation
[13784.231s][info][gc,phases   ] GC(41)   Pre Evacuate Collection Set: 0.2ms
[13784.231s][info][gc,phases   ] GC(41)   Merge Heap Roots: 0.2ms
[13784.231s][info][gc,phases   ] GC(41)   Evacuate Collection Set: 52.9ms
[13784.231s][info][gc,phases   ] GC(41)   Post Evacuate Collection Set: 1.7ms
[13784.231s][info][gc,phases   ] GC(41)   Other: 0.1ms
[13784.231s][info][gc,heap     ] GC(41) Eden regions: 595->0(594)
[13784.231s][info][gc,heap     ] GC(41) Survivor regions: 19->20(77)
[13784.231s][info][gc,heap     ] GC(41) Old regions: 41->41
[13784.231s][info][gc,heap     ] GC(41) Humongous regions: 0->0
[13784.231s][info][gc,metaspace] GC(41) Metaspace: 213190K(215040K)->213190K(215040K) NonClass: 181654K(182656K)->181654K(182656K) Class: 31535K(32384K)->31535K(32384K)
[13784.231s][info][gc          ] GC(41) Pause Young (Normal) (G1 Evacuation Pause) 5238M->487M(8192M) 55.251ms
[13784.231s][info][gc,cpu      ] GC(41) User=0.22s Sys=0.00s Real=0.06s
[13830.383s][info][gc,start    ] GC(42) Pause Young (Normal) (G1 Evacuation Pause)
[13830.383s][info][gc,task     ] GC(42) Using 4 workers of 4 for evacuation
[13830.445s][info][gc,phases   ] GC(42)   Pre Evacuate Collection Set: 0.3ms
[13830.445s][info][gc,phases   ] GC(42)   Merge Heap Roots: 0.2ms
[13830.445s][info][gc,phases   ] GC(42)   Evacuate Collection Set: 59.6ms
[13830.445s][info][gc,phases   ] GC(42)   Post Evacuate Collection Set: 1.7ms
[13830.445s][info][gc,phases   ] GC(42)   Other: 0.1ms
[13830.445s][info][gc,heap     ] GC(42) Eden regions: 594->0(594)
[13830.445s][info][gc,heap     ] GC(42) Survivor regions: 20->20(77)
[13830.445s][info][gc,heap     ] GC(42) Old regions: 41->41
[13830.445s][info][gc,heap     ] GC(42) Humongous regions: 0->0
[13830.445s][info][gc,metaspace] GC(42) Metaspace: 213237K(215104K)->213237K(215104K) NonClass: 181700K(182720K)->181700K(182720K) Class: 31537K(32384K)->31537K(32384K)
[13830.445s][info][gc          ] GC(42) Pause Young (Normal) (G1 Evacuation Pause) 5239M->487M(8192M) 62.109ms
[13830.445s][info][gc,cpu      ] GC(42) User=0.24s Sys=0.00s Real=0.06s
[13865.751s][info][gc,start    ] GC(43) Pause Young (Concurrent Start) (G1 Evacuation Pause)
[13865.751s][info][gc,task     ] GC(43) Using 4 workers of 4 for evacuation
[13865.807s][info][gc,phases   ] GC(43)   Pre Evacuate Collection Set: 0.2ms
[13865.807s][info][gc,phases   ] GC(43)   Merge Heap Roots: 0.1ms
[13865.807s][info][gc,phases   ] GC(43)   Evacuate Collection Set: 53.2ms
[13865.807s][info][gc,phases   ] GC(43)   Post Evacuate Collection Set: 1.5ms
[13865.807s][info][gc,phases   ] GC(43)   Other: 0.1ms
[13865.807s][info][gc,heap     ] GC(43) Eden regions: 594->0(597)
[13865.807s][info][gc,heap     ] GC(43) Survivor regions: 20->17(77)
[13865.807s][info][gc,heap     ] GC(43) Old regions: 41->44
[13865.807s][info][gc,heap     ] GC(43) Humongous regions: 0->0
[13865.807s][info][gc,metaspace] GC(43) Metaspace: 213256K(215104K)->213256K(215104K) NonClass: 181716K(182720K)->181716K(182720K) Class: 31539K(32384K)->31539K(32384K)
[13865.807s][info][gc          ] GC(43) Pause Young (Concurrent Start) (G1 Evacuation Pause) 5239M->488M(8192M) 55.353ms
[13865.807s][info][gc,cpu      ] GC(43) User=0.21s Sys=0.00s Real=0.05s
[13865.807s][info][gc          ] GC(44) Concurrent Mark Cycle
[13865.807s][info][gc,marking  ] GC(44) Concurrent Scan Root Regions
[13865.874s][info][gc,marking  ] GC(44) Concurrent Scan Root Regions 67.503ms
[13865.874s][info][gc,marking  ] GC(44) Concurrent Mark
[13865.874s][info][gc,marking  ] GC(44) Concurrent Mark From Roots
[13865.874s][info][gc,task     ] GC(44) Using 1 workers of 1 for marking
[13866.332s][info][gc,marking  ] GC(44) Concurrent Mark From Roots 457.497ms
[13866.332s][info][gc,marking  ] GC(44) Concurrent Preclean
[13866.333s][info][gc,marking  ] GC(44) Concurrent Preclean 0.800ms
[13866.333s][info][gc,start    ] GC(44) Pause Remark
[13866.363s][info][gc          ] GC(44) Pause Remark 540M->540M(8192M) 30.598ms
[13866.364s][info][gc,cpu      ] GC(44) User=0.10s Sys=0.00s Real=0.03s
[13866.364s][info][gc,marking  ] GC(44) Concurrent Mark 489.220ms
[13866.364s][info][gc,marking  ] GC(44) Concurrent Rebuild Remembered Sets and Scrub Regions
[13866.512s][info][gc,marking  ] GC(44) Concurrent Rebuild Remembered Sets and Scrub Regions 148.462ms
[13866.512s][info][gc,start    ] GC(44) Pause Cleanup
[13866.512s][info][gc          ] GC(44) Pause Cleanup 540M->540M(8192M) 0.153ms
[13866.513s][info][gc,cpu      ] GC(44) User=0.00s Sys=0.00s Real=0.00s
[13866.513s][info][gc,marking  ] GC(44) Concurrent Clear Claimed Marks
[13866.513s][info][gc,marking  ] GC(44) Concurrent Clear Claimed Marks 0.186ms
[13866.513s][info][gc,marking  ] GC(44) Concurrent Cleanup for Next Mark
[13866.521s][info][gc,marking  ] GC(44) Concurrent Cleanup for Next Mark 8.460ms
[13866.521s][info][gc          ] GC(44) Concurrent Mark Cycle 714.507ms
[13925.527s][info][gc,start    ] GC(45) Pause Young (Prepare Mixed) (G1 Evacuation Pause)
[13925.527s][info][gc,task     ] GC(45) Using 4 workers of 4 for evacuation
[13925.575s][info][gc,phases   ] GC(45)   Pre Evacuate Collection Set: 0.3ms
[13925.575s][info][gc,phases   ] GC(45)   Merge Heap Roots: 0.2ms
[13925.575s][info][gc,phases   ] GC(45)   Evacuate Collection Set: 46.5ms
[13925.575s][info][gc,phases   ] GC(45)   Post Evacuate Collection Set: 1.1ms
[13925.575s][info][gc,phases   ] GC(45)   Other: 0.1ms
[13925.575s][info][gc,heap     ] GC(45) Eden regions: 597->0(597)
[13925.575s][info][gc,heap     ] GC(45) Survivor regions: 17->17(77)
[13925.575s][info][gc,heap     ] GC(45) Old regions: 44->45
[13925.575s][info][gc,heap     ] GC(45) Humongous regions: 0->0
[13925.575s][info][gc,metaspace] GC(45) Metaspace: 213285K(215168K)->213285K(215168K) NonClass: 181745K(182784K)->181745K(182784K) Class: 31540K(32384K)->31540K(32384K)
[13925.575s][info][gc          ] GC(45) Pause Young (Prepare Mixed) (G1 Evacuation Pause) 5264M->489M(8192M) 48.382ms
[13925.575s][info][gc,cpu      ] GC(45) User=0.19s Sys=0.00s Real=0.05s
[13992.070s][info][gc,start    ] GC(46) Pause Young (Mixed) (G1 Evacuation Pause)
[13992.071s][info][gc,task     ] GC(46) Using 4 workers of 4 for evacuation
[13992.122s][info][gc,phases   ] GC(46)   Pre Evacuate Collection Set: 0.2ms
[13992.123s][info][gc,phases   ] GC(46)   Merge Heap Roots: 0.2ms
[13992.123s][info][gc,phases   ] GC(46)   Evacuate Collection Set: 49.8ms
[13992.123s][info][gc,phases   ] GC(46)   Post Evacuate Collection Set: 1.7ms
[13992.123s][info][gc,phases   ] GC(46)   Other: 0.1ms
[13992.123s][info][gc,heap     ] GC(46) Eden regions: 597->0(598)
[13992.123s][info][gc,heap     ] GC(46) Survivor regions: 17->16(77)
[13992.123s][info][gc,heap     ] GC(46) Old regions: 45->45
[13992.123s][info][gc,heap     ] GC(46) Humongous regions: 0->0
[13992.123s][info][gc,metaspace] GC(46) Metaspace: 213624K(215488K)->213624K(215488K) NonClass: 182052K(183104K)->182052K(183104K) Class: 31571K(32384K)->31571K(32384K)
[13992.123s][info][gc          ] GC(46) Pause Young (Mixed) (G1 Evacuation Pause) 5265M->487M(8192M) 52.112ms
[13992.123s][info][gc,cpu      ] GC(46) User=0.20s Sys=0.00s Real=0.05s
[14145.823s][info][gc,start    ] GC(47) Pause Young (Concurrent Start) (G1 Evacuation Pause)
[14145.823s][info][gc,task     ] GC(47) Using 4 workers of 4 for evacuation
[14145.855s][info][gc,phases   ] GC(47)   Pre Evacuate Collection Set: 0.3ms
[14145.855s][info][gc,phases   ] GC(47)   Merge Heap Roots: 0.2ms
[14145.855s][info][gc,phases   ] GC(47)   Evacuate Collection Set: 29.6ms
[14145.855s][info][gc,phases   ] GC(47)   Post Evacuate Collection Set: 1.4ms
[14145.855s][info][gc,phases   ] GC(47)   Other: 0.1ms
[14145.855s][info][gc,heap     ] GC(47) Eden regions: 598->0(604)
[14145.855s][info][gc,heap     ] GC(47) Survivor regions: 16->10(77)
[14145.855s][info][gc,heap     ] GC(47) Old regions: 45->46
[14145.855s][info][gc,heap     ] GC(47) Humongous regions: 0->0
[14145.855s][info][gc,metaspace] GC(47) Metaspace: 214054K(215936K)->214054K(215936K) NonClass: 182450K(183488K)->182450K(183488K) Class: 31603K(32448K)->31603K(32448K)
[14145.855s][info][gc          ] GC(47) Pause Young (Concurrent Start) (G1 Evacuation Pause) 5271M->446M(8192M) 31.777ms
[14145.855s][info][gc,cpu      ] GC(47) User=0.12s Sys=0.00s Real=0.03s
[14145.855s][info][gc          ] GC(48) Concurrent Mark Cycle
[14145.855s][info][gc,marking  ] GC(48) Concurrent Scan Root Regions
[14145.893s][info][gc,marking  ] GC(48) Concurrent Scan Root Regions 37.992ms
[14145.893s][info][gc,marking  ] GC(48) Concurrent Mark
[14145.893s][info][gc,marking  ] GC(48) Concurrent Mark From Roots
[14145.893s][info][gc,task     ] GC(48) Using 1 workers of 1 for marking
[14146.381s][info][gc,marking  ] GC(48) Concurrent Mark From Roots 487.883ms
[14146.381s][info][gc,marking  ] GC(48) Concurrent Preclean
[14146.382s][info][gc,marking  ] GC(48) Concurrent Preclean 1.005ms
[14146.382s][info][gc,start    ] GC(48) Pause Remark
[14146.413s][info][gc          ] GC(48) Pause Remark 468M->468M(8192M) 30.721ms
[14146.413s][info][gc,cpu      ] GC(48) User=0.12s Sys=0.00s Real=0.03s
[14146.415s][info][gc,marking  ] GC(48) Concurrent Mark 522.629ms
[14146.415s][info][gc,marking  ] GC(48) Concurrent Rebuild Remembered Sets and Scrub Regions
[14146.573s][info][gc,marking  ] GC(48) Concurrent Rebuild Remembered Sets and Scrub Regions 157.757ms
[14146.573s][info][gc,start    ] GC(48) Pause Cleanup
[14146.574s][info][gc          ] GC(48) Pause Cleanup 470M->470M(8192M) 0.195ms
[14146.574s][info][gc,cpu      ] GC(48) User=0.00s Sys=0.00s Real=0.00s
[14146.574s][info][gc,marking  ] GC(48) Concurrent Clear Claimed Marks
[14146.574s][info][gc,marking  ] GC(48) Concurrent Clear Claimed Marks 0.206ms
[14146.574s][info][gc,marking  ] GC(48) Concurrent Cleanup for Next Mark
[14146.582s][info][gc,marking  ] GC(48) Concurrent Cleanup for Next Mark 7.807ms
[14146.582s][info][gc          ] GC(48) Concurrent Mark Cycle 726.958ms
[14362.515s][info][gc,start    ] GC(49) Pause Young (Prepare Mixed) (G1 Evacuation Pause)
[14362.515s][info][gc,task     ] GC(49) Using 4 workers of 4 for evacuation
[14362.571s][info][gc,phases   ] GC(49)   Pre Evacuate Collection Set: 0.3ms
[14362.571s][info][gc,phases   ] GC(49)   Merge Heap Roots: 0.2ms
[14362.571s][info][gc,phases   ] GC(49)   Evacuate Collection Set: 54.4ms
[14362.571s][info][gc,phases   ] GC(49)   Post Evacuate Collection Set: 1.4ms
[14362.571s][info][gc,phases   ] GC(49)   Other: 0.1ms
[14362.572s][info][gc,heap     ] GC(49) Eden regions: 604->0(594)
[14362.572s][info][gc,heap     ] GC(49) Survivor regions: 10->20(77)
[14362.572s][info][gc,heap     ] GC(49) Old regions: 46->46
[14362.572s][info][gc,heap     ] GC(49) Humongous regions: 0->0
[14362.572s][info][gc,metaspace] GC(49) Metaspace: 214918K(216768K)->214918K(216768K) NonClass: 183234K(184256K)->183234K(184256K) Class: 31684K(32512K)->31684K(32512K)
[14362.572s][info][gc          ] GC(49) Pause Young (Prepare Mixed) (G1 Evacuation Pause) 5278M->523M(8192M) 56.509ms
[14362.572s][info][gc,cpu      ] GC(49) User=0.22s Sys=0.00s Real=0.06s
[14554.533s][info][gc,start    ] GC(50) Pause Young (Mixed) (G1 Evacuation Pause)
[14554.533s][info][gc,task     ] GC(50) Using 4 workers of 4 for evacuation
[14554.600s][info][gc,phases   ] GC(50)   Pre Evacuate Collection Set: 0.4ms
[14554.600s][info][gc,phases   ] GC(50)   Merge Heap Roots: 0.2ms
[14554.600s][info][gc,phases   ] GC(50)   Evacuate Collection Set: 64.6ms
[14554.600s][info][gc,phases   ] GC(50)   Post Evacuate Collection Set: 1.3ms
[14554.600s][info][gc,phases   ] GC(50)   Other: 0.1ms
[14554.600s][info][gc,heap     ] GC(50) Eden regions: 594->0(591)
[14554.600s][info][gc,heap     ] GC(50) Survivor regions: 20->23(77)
[14554.600s][info][gc,heap     ] GC(50) Old regions: 46->47
[14554.600s][info][gc,heap     ] GC(50) Humongous regions: 0->0
[14554.600s][info][gc,metaspace] GC(50) Metaspace: 215356K(217216K)->215356K(217216K) NonClass: 183635K(184640K)->183635K(184640K) Class: 31720K(32576K)->31720K(32576K)
[14554.600s][info][gc          ] GC(50) Pause Young (Mixed) (G1 Evacuation Pause) 5275M->548M(8192M) 66.812ms
[14554.600s][info][gc,cpu      ] GC(50) User=0.24s Sys=0.00s Real=0.07s
[14637.263s][info][gc,start    ] GC(51) Pause Young (Concurrent Start) (G1 Evacuation Pause)
[14637.263s][info][gc,task     ] GC(51) Using 4 workers of 4 for evacuation
[14637.341s][info][gc,phases   ] GC(51)   Pre Evacuate Collection Set: 0.3ms
[14637.341s][info][gc,phases   ] GC(51)   Merge Heap Roots: 0.2ms
[14637.341s][info][gc,phases   ] GC(51)   Evacuate Collection Set: 75.9ms
[14637.341s][info][gc,phases   ] GC(51)   Post Evacuate Collection Set: 1.6ms
[14637.341s][info][gc,phases   ] GC(51)   Other: 0.1ms
[14637.341s][info][gc,heap     ] GC(51) Eden regions: 591->0(589)
[14637.341s][info][gc,heap     ] GC(51) Survivor regions: 23->25(77)
[14637.341s][info][gc,heap     ] GC(51) Old regions: 47->48
[14637.341s][info][gc,heap     ] GC(51) Humongous regions: 0->0
[14637.341s][info][gc,metaspace] GC(51) Metaspace: 215449K(217344K)->215449K(217344K) NonClass: 183722K(184768K)->183722K(184768K) Class: 31727K(32576K)->31727K(32576K)
[14637.341s][info][gc          ] GC(51) Pause Young (Concurrent Start) (G1 Evacuation Pause) 5276M->578M(8192M) 78.457ms
[14637.341s][info][gc,cpu      ] GC(51) User=0.22s Sys=0.00s Real=0.08s
[14637.342s][info][gc          ] GC(52) Concurrent Mark Cycle
[14637.342s][info][gc,marking  ] GC(52) Concurrent Scan Root Regions
[14637.427s][info][gc,marking  ] GC(52) Concurrent Scan Root Regions 85.291ms
[14637.427s][info][gc,marking  ] GC(52) Concurrent Mark
[14637.427s][info][gc,marking  ] GC(52) Concurrent Mark From Roots
[14637.427s][info][gc,task     ] GC(52) Using 1 workers of 1 for marking
[14637.934s][info][gc,marking  ] GC(52) Concurrent Mark From Roots 507.055ms
[14637.934s][info][gc,marking  ] GC(52) Concurrent Preclean
[14637.935s][info][gc,marking  ] GC(52) Concurrent Preclean 1.007ms
[14637.935s][info][gc,start    ] GC(52) Pause Remark
[14637.974s][info][gc          ] GC(52) Pause Remark 598M->598M(8192M) 38.432ms
[14637.974s][info][gc,cpu      ] GC(52) User=0.08s Sys=0.00s Real=0.04s
[14637.977s][info][gc,marking  ] GC(52) Concurrent Mark 549.863ms
[14637.977s][info][gc,marking  ] GC(52) Concurrent Rebuild Remembered Sets and Scrub Regions
[14638.147s][info][gc,marking  ] GC(52) Concurrent Rebuild Remembered Sets and Scrub Regions 170.587ms
[14638.148s][info][gc,start    ] GC(52) Pause Cleanup
[14638.148s][info][gc          ] GC(52) Pause Cleanup 598M->598M(8192M) 0.218ms
[14638.148s][info][gc,cpu      ] GC(52) User=0.00s Sys=0.00s Real=0.00s
[14638.148s][info][gc,marking  ] GC(52) Concurrent Clear Claimed Marks
[14638.148s][info][gc,marking  ] GC(52) Concurrent Clear Claimed Marks 0.201ms
[14638.148s][info][gc,marking  ] GC(52) Concurrent Cleanup for Next Mark
[14638.155s][info][gc,marking  ] GC(52) Concurrent Cleanup for Next Mark 7.083ms
[14638.155s][info][gc          ] GC(52) Concurrent Mark Cycle 813.668ms
[14699.968s][info][gc,start    ] GC(53) Pause Young (Prepare Mixed) (GCLocker Initiated GC)
[14699.968s][info][gc,task     ] GC(53) Using 4 workers of 4 for evacuation
[14700.023s][info][gc,phases   ] GC(53)   Pre Evacuate Collection Set: 0.2ms
[14700.023s][info][gc,phases   ] GC(53)   Merge Heap Roots: 0.2ms
[14700.023s][info][gc,phases   ] GC(53)   Evacuate Collection Set: 52.7ms
[14700.023s][info][gc,phases   ] GC(53)   Post Evacuate Collection Set: 1.3ms
[14700.023s][info][gc,phases   ] GC(53)   Other: 0.1ms
[14700.023s][info][gc,heap     ] GC(53) Eden regions: 590->0(583)
[14700.023s][info][gc,heap     ] GC(53) Survivor regions: 25->24(77)
[14700.023s][info][gc,heap     ] GC(53) Old regions: 48->48
[14700.023s][info][gc,heap     ] GC(53) Humongous regions: 0->0
[14700.023s][info][gc,metaspace] GC(53) Metaspace: 215510K(217344K)->215510K(217344K) NonClass: 183782K(184768K)->183782K(184768K) Class: 31728K(32576K)->31728K(32576K)
[14700.023s][info][gc          ] GC(53) Pause Young (Prepare Mixed) (GCLocker Initiated GC) 5294M->571M(8192M) 54.654ms
[14700.023s][info][gc,cpu      ] GC(53) User=0.22s Sys=0.00s Real=0.05s
[14844.514s][info][gc,start    ] GC(54) Pause Young (Mixed) (GCLocker Initiated GC)
[14844.514s][info][gc,task     ] GC(54) Using 4 workers of 4 for evacuation
[14844.547s][info][gc,phases   ] GC(54)   Pre Evacuate Collection Set: 0.2ms
[14844.547s][info][gc,phases   ] GC(54)   Merge Heap Roots: 0.2ms
[14844.547s][info][gc,phases   ] GC(54)   Evacuate Collection Set: 30.8ms
[14844.547s][info][gc,phases   ] GC(54)   Post Evacuate Collection Set: 1.3ms
[14844.547s][info][gc,phases   ] GC(54)   Other: 0.1ms
[14844.547s][info][gc,heap     ] GC(54) Eden regions: 590->0(603)
[14844.547s][info][gc,heap     ] GC(54) Survivor regions: 24->11(77)
[14844.547s][info][gc,heap     ] GC(54) Old regions: 48->48
[14844.547s][info][gc,heap     ] GC(54) Humongous regions: 0->0
[14844.547s][info][gc,metaspace] GC(54) Metaspace: 215592K(217536K)->215592K(217536K) NonClass: 183862K(184960K)->183862K(184960K) Class: 31730K(32576K)->31730K(32576K)
[14844.547s][info][gc          ] GC(54) Pause Young (Mixed) (GCLocker Initiated GC) 5291M->471M(8192M) 32.806ms
[14844.547s][info][gc,cpu      ] GC(54) User=0.12s Sys=0.00s Real=0.03s
[18567.027s][info][gc,start    ] GC(55) Pause Young (Concurrent Start) (G1 Evacuation Pause)
[18567.028s][info][gc,task     ] GC(55) Using 4 workers of 4 for evacuation
[18567.061s][info][gc,phases   ] GC(55)   Pre Evacuate Collection Set: 0.4ms
[18567.061s][info][gc,phases   ] GC(55)   Merge Heap Roots: 0.2ms
[18567.061s][info][gc,phases   ] GC(55)   Evacuate Collection Set: 31.2ms
[18567.061s][info][gc,phases   ] GC(55)   Post Evacuate Collection Set: 1.5ms
[18567.061s][info][gc,phases   ] GC(55)   Other: 0.1ms
[18567.061s][info][gc,heap     ] GC(55) Eden regions: 603->0(608)
[18567.061s][info][gc,heap     ] GC(55) Survivor regions: 11->6(77)
[18567.061s][info][gc,heap     ] GC(55) Old regions: 48->49
[18567.061s][info][gc,heap     ] GC(55) Humongous regions: 0->0
[18567.061s][info][gc,metaspace] GC(55) Metaspace: 215834K(217728K)->215834K(217728K) NonClass: 184104K(185152K)->184104K(185152K) Class: 31730K(32576K)->31730K(32576K)
[18567.061s][info][gc          ] GC(55) Pause Young (Concurrent Start) (G1 Evacuation Pause) 5295M->432M(8192M) 33.665ms
[18567.061s][info][gc,cpu      ] GC(55) User=0.13s Sys=0.00s Real=0.04s
[18567.061s][info][gc          ] GC(56) Concurrent Mark Cycle
[18567.061s][info][gc,marking  ] GC(56) Concurrent Scan Root Regions
[18567.089s][info][gc,marking  ] GC(56) Concurrent Scan Root Regions 27.517ms
[18567.089s][info][gc,marking  ] GC(56) Concurrent Mark
[18567.089s][info][gc,marking  ] GC(56) Concurrent Mark From Roots
[18567.089s][info][gc,task     ] GC(56) Using 1 workers of 1 for marking
[18567.597s][info][gc,marking  ] GC(56) Concurrent Mark From Roots 508.085ms
[18567.597s][info][gc,marking  ] GC(56) Concurrent Preclean
[18567.598s][info][gc,marking  ] GC(56) Concurrent Preclean 1.058ms
[18567.598s][info][gc,start    ] GC(56) Pause Remark
[18567.640s][info][gc          ] GC(56) Pause Remark 448M->448M(8192M) 41.424ms
[18567.640s][info][gc,cpu      ] GC(56) User=0.11s Sys=0.00s Real=0.05s
[18567.640s][info][gc,marking  ] GC(56) Concurrent Mark 551.412ms
[18567.640s][info][gc,marking  ] GC(56) Concurrent Rebuild Remembered Sets and Scrub Regions
[18567.802s][info][gc,marking  ] GC(56) Concurrent Rebuild Remembered Sets and Scrub Regions 162.126ms
[18567.802s][info][gc,start    ] GC(56) Pause Cleanup
[18567.803s][info][gc          ] GC(56) Pause Cleanup 448M->448M(8192M) 0.197ms
[18567.803s][info][gc,cpu      ] GC(56) User=0.01s Sys=0.00s Real=0.00s
[18567.803s][info][gc,marking  ] GC(56) Concurrent Clear Claimed Marks
[18567.803s][info][gc,marking  ] GC(56) Concurrent Clear Claimed Marks 0.201ms
[18567.803s][info][gc,marking  ] GC(56) Concurrent Cleanup for Next Mark
[18567.811s][info][gc,marking  ] GC(56) Concurrent Cleanup for Next Mark 8.074ms
[18567.811s][info][gc          ] GC(56) Concurrent Mark Cycle 749.891ms
[20908.967s][info][gc,start    ] GC(57) Pause Young (Prepare Mixed) (G1 Evacuation Pause)
[20908.967s][info][gc,task     ] GC(57) Using 4 workers of 4 for evacuation
[20909.011s][info][gc,phases   ] GC(57)   Pre Evacuate Collection Set: 0.2ms
[20909.011s][info][gc,phases   ] GC(57)   Merge Heap Roots: 0.2ms
[20909.011s][info][gc,phases   ] GC(57)   Evacuate Collection Set: 42.6ms
[20909.011s][info][gc,phases   ] GC(57)   Post Evacuate Collection Set: 1.3ms
[20909.011s][info][gc,phases   ] GC(57)   Other: 0.1ms
[20909.012s][info][gc,heap     ] GC(57) Eden regions: 608->0(598)
[20909.012s][info][gc,heap     ] GC(57) Survivor regions: 6->16(77)
[20909.012s][info][gc,heap     ] GC(57) Old regions: 49->49
[20909.012s][info][gc,heap     ] GC(57) Humongous regions: 0->0
[20909.012s][info][gc,metaspace] GC(57) Metaspace: 217552K(219392K)->217552K(219392K) NonClass: 185686K(186688K)->185686K(186688K) Class: 31866K(32704K)->31866K(32704K)
[20909.012s][info][gc          ] GC(57) Pause Young (Prepare Mixed) (G1 Evacuation Pause) 5296M->510M(8192M) 44.579ms
[20909.012s][info][gc,cpu      ] GC(57) User=0.18s Sys=0.00s Real=0.05s
[21223.346s][info][gc,start    ] GC(58) Pause Young (Mixed) (G1 Evacuation Pause)
[21223.346s][info][gc,task     ] GC(58) Using 4 workers of 4 for evacuation
[21223.396s][info][gc,phases   ] GC(58)   Pre Evacuate Collection Set: 0.3ms
[21223.396s][info][gc,phases   ] GC(58)   Merge Heap Roots: 0.2ms
[21223.396s][info][gc,phases   ] GC(58)   Evacuate Collection Set: 47.4ms
[21223.396s][info][gc,phases   ] GC(58)   Post Evacuate Collection Set: 1.5ms
[21223.396s][info][gc,phases   ] GC(58)   Other: 0.1ms
[21223.396s][info][gc,heap     ] GC(58) Eden regions: 598->0(597)
[21223.396s][info][gc,heap     ] GC(58) Survivor regions: 16->17(77)
[21223.396s][info][gc,heap     ] GC(58) Old regions: 49->48
[21223.396s][info][gc,heap     ] GC(58) Humongous regions: 0->0
[21223.396s][info][gc,metaspace] GC(58) Metaspace: 218682K(220544K)->218682K(220544K) NonClass: 186706K(187712K)->186706K(187712K) Class: 31975K(32832K)->31975K(32832K)
[21223.396s][info][gc          ] GC(58) Pause Young (Mixed) (G1 Evacuation Pause) 5294M->512M(8192M) 49.694ms
[21223.396s][info][gc,cpu      ] GC(58) User=0.19s Sys=0.00s Real=0.05s
[21280.973s][info][gc,start    ] GC(59) Pause Young (Concurrent Start) (CodeCache GC Threshold)
[21280.973s][info][gc,task     ] GC(59) Using 4 workers of 4 for evacuation
[21281.032s][info][gc,phases   ] GC(59)   Pre Evacuate Collection Set: 0.4ms
[21281.032s][info][gc,phases   ] GC(59)   Merge Heap Roots: 0.2ms
[21281.032s][info][gc,phases   ] GC(59)   Evacuate Collection Set: 57.0ms
[21281.032s][info][gc,phases   ] GC(59)   Post Evacuate Collection Set: 1.3ms
[21281.032s][info][gc,phases   ] GC(59)   Other: 0.1ms
[21281.032s][info][gc,heap     ] GC(59) Eden regions: 510->0(590)
[21281.032s][info][gc,heap     ] GC(59) Survivor regions: 17->24(77)
[21281.032s][info][gc,heap     ] GC(59) Old regions: 48->48
[21281.032s][info][gc,heap     ] GC(59) Humongous regions: 0->0
[21281.032s][info][gc,metaspace] GC(59) Metaspace: 218762K(220608K)->218762K(220608K) NonClass: 186782K(187776K)->186782K(187776K) Class: 31980K(32832K)->31980K(32832K)
[21281.032s][info][gc          ] GC(59) Pause Young (Concurrent Start) (CodeCache GC Threshold) 4592M->567M(8192M) 59.457ms
[21281.032s][info][gc          ] GC(60) Concurrent Mark Cycle
[21281.032s][info][gc,marking  ] GC(60) Concurrent Scan Root Regions
[21281.032s][info][gc,cpu      ] GC(59) User=0.23s Sys=0.00s Real=0.06s
[21281.112s][info][gc,marking  ] GC(60) Concurrent Scan Root Regions 80.079ms
[21281.112s][info][gc,marking  ] GC(60) Concurrent Mark
[21281.112s][info][gc,marking  ] GC(60) Concurrent Mark From Roots
[21281.112s][info][gc,task     ] GC(60) Using 1 workers of 1 for marking
[21281.624s][info][gc,marking  ] GC(60) Concurrent Mark From Roots 511.477ms
[21281.624s][info][gc,marking  ] GC(60) Concurrent Preclean
[21281.625s][info][gc,marking  ] GC(60) Concurrent Preclean 1.179ms
[21281.625s][info][gc,start    ] GC(60) Pause Remark
[21281.657s][info][gc          ] GC(60) Pause Remark 783M->783M(8192M) 31.616ms
[21281.657s][info][gc,cpu      ] GC(60) User=0.12s Sys=0.00s Real=0.03s
[21281.659s][info][gc,marking  ] GC(60) Concurrent Mark 546.595ms
[21281.659s][info][gc,marking  ] GC(60) Concurrent Rebuild Remembered Sets and Scrub Regions
[21281.850s][info][gc,marking  ] GC(60) Concurrent Rebuild Remembered Sets and Scrub Regions 190.760ms
[21281.850s][info][gc,start    ] GC(60) Pause Cleanup
[21281.850s][info][gc          ] GC(60) Pause Cleanup 812M->812M(8192M) 0.220ms
[21281.850s][info][gc,cpu      ] GC(60) User=0.00s Sys=0.00s Real=0.00s
[21281.850s][info][gc,marking  ] GC(60) Concurrent Clear Claimed Marks
[21281.851s][info][gc,marking  ] GC(60) Concurrent Clear Claimed Marks 0.181ms
[21281.851s][info][gc,marking  ] GC(60) Concurrent Cleanup for Next Mark
[21281.858s][info][gc,marking  ] GC(60) Concurrent Cleanup for Next Mark 7.148ms
[21281.858s][info][gc          ] GC(60) Concurrent Mark Cycle 825.433ms
[21351.964s][info][gc,start    ] GC(61) Pause Young (Prepare Mixed) (G1 Evacuation Pause)
[21351.965s][info][gc,task     ] GC(61) Using 4 workers of 4 for evacuation
[21352.032s][info][gc,phases   ] GC(61)   Pre Evacuate Collection Set: 0.3ms
[21352.032s][info][gc,phases   ] GC(61)   Merge Heap Roots: 0.4ms
[21352.032s][info][gc,phases   ] GC(61)   Evacuate Collection Set: 65.7ms
[21352.032s][info][gc,phases   ] GC(61)   Post Evacuate Collection Set: 1.2ms
[21352.032s][info][gc,phases   ] GC(61)   Other: 0.1ms
[21352.032s][info][gc,heap     ] GC(61) Eden regions: 590->0(586)
[21352.032s][info][gc,heap     ] GC(61) Survivor regions: 24->28(77)
[21352.032s][info][gc,heap     ] GC(61) Old regions: 48->48
[21352.032s][info][gc,heap     ] GC(61) Humongous regions: 0->0
[21352.032s][info][gc,metaspace] GC(61) Metaspace: 218790K(220672K)->218790K(220672K) NonClass: 186832K(187840K)->186832K(187840K) Class: 31958K(32832K)->31958K(32832K)
[21352.032s][info][gc          ] GC(61) Pause Young (Prepare Mixed) (G1 Evacuation Pause) 5287M->600M(8192M) 67.909ms
[21352.032s][info][gc,cpu      ] GC(61) User=0.27s Sys=0.00s Real=0.07s
[21404.522s][info][gc,start    ] GC(62) Pause Young (Mixed) (G1 Evacuation Pause)
[21404.522s][info][gc,task     ] GC(62) Using 4 workers of 4 for evacuation
[21404.586s][info][gc,phases   ] GC(62)   Pre Evacuate Collection Set: 0.2ms
[21404.587s][info][gc,phases   ] GC(62)   Merge Heap Roots: 0.2ms
[21404.587s][info][gc,phases   ] GC(62)   Evacuate Collection Set: 63.0ms
[21404.587s][info][gc,phases   ] GC(62)   Post Evacuate Collection Set: 1.3ms
[21404.587s][info][gc,phases   ] GC(62)   Other: 0.1ms
[21404.587s][info][gc,heap     ] GC(62) Eden regions: 586->0(587)
[21404.587s][info][gc,heap     ] GC(62) Survivor regions: 28->27(77)
[21404.587s][info][gc,heap     ] GC(62) Old regions: 48->47
[21404.587s][info][gc,heap     ] GC(62) Humongous regions: 0->0
[21404.587s][info][gc,metaspace] GC(62) Metaspace: 219212K(221056K)->219212K(221056K) NonClass: 187212K(188224K)->187212K(188224K) Class: 32000K(32832K)->32000K(32832K)
[21404.587s][info][gc          ] GC(62) Pause Young (Mixed) (G1 Evacuation Pause) 5288M->584M(8192M) 64.889ms
[21404.587s][info][gc,cpu      ] GC(62) User=0.25s Sys=0.00s Real=0.06s
[21444.018s][info][gc,start    ] GC(63) Pause Young (Concurrent Start) (G1 Evacuation Pause)
[21444.018s][info][gc,task     ] GC(63) Using 4 workers of 4 for evacuation
[21444.075s][info][gc,phases   ] GC(63)   Pre Evacuate Collection Set: 0.3ms
[21444.075s][info][gc,phases   ] GC(63)   Merge Heap Roots: 0.2ms
[21444.075s][info][gc,phases   ] GC(63)   Evacuate Collection Set: 55.6ms
[21444.075s][info][gc,phases   ] GC(63)   Post Evacuate Collection Set: 1.3ms
[21444.075s][info][gc,phases   ] GC(63)   Other: 0.1ms
[21444.075s][info][gc,heap     ] GC(63) Eden regions: 587->0(588)
[21444.075s][info][gc,heap     ] GC(63) Survivor regions: 27->26(77)
[21444.075s][info][gc,heap     ] GC(63) Old regions: 47->47
[21444.075s][info][gc,heap     ] GC(63) Humongous regions: 0->0
[21444.075s][info][gc,metaspace] GC(63) Metaspace: 219348K(221184K)->219348K(221184K) NonClass: 187333K(188352K)->187333K(188352K) Class: 32015K(32832K)->32015K(32832K)
[21444.075s][info][gc          ] GC(63) Pause Young (Concurrent Start) (G1 Evacuation Pause) 5280M->581M(8192M) 57.719ms
[21444.076s][info][gc,cpu      ] GC(63) User=0.22s Sys=0.00s Real=0.06s
[21444.076s][info][gc          ] GC(64) Concurrent Mark Cycle
[21444.077s][info][gc,marking  ] GC(64) Concurrent Scan Root Regions
[21444.152s][info][gc,marking  ] GC(64) Concurrent Scan Root Regions 74.846ms
[21444.152s][info][gc,marking  ] GC(64) Concurrent Mark
[21444.152s][info][gc,marking  ] GC(64) Concurrent Mark From Roots
[21444.152s][info][gc,task     ] GC(64) Using 1 workers of 1 for marking
[21444.658s][info][gc,marking  ] GC(64) Concurrent Mark From Roots 506.138ms
[21444.658s][info][gc,marking  ] GC(64) Concurrent Preclean
[21444.659s][info][gc,marking  ] GC(64) Concurrent Preclean 1.073ms
[21444.659s][info][gc,start    ] GC(64) Pause Remark
[21444.687s][info][gc          ] GC(64) Pause Remark 605M->605M(8192M) 27.679ms
[21444.687s][info][gc,cpu      ] GC(64) User=0.09s Sys=0.00s Real=0.02s
[21444.687s][info][gc,marking  ] GC(64) Concurrent Mark 535.248ms
[21444.687s][info][gc,marking  ] GC(64) Concurrent Rebuild Remembered Sets and Scrub Regions
[21444.853s][info][gc,marking  ] GC(64) Concurrent Rebuild Remembered Sets and Scrub Regions 166.265ms
[21444.854s][info][gc,start    ] GC(64) Pause Cleanup
[21444.854s][info][gc          ] GC(64) Pause Cleanup 606M->606M(8192M) 0.209ms
[21444.854s][info][gc,cpu      ] GC(64) User=0.00s Sys=0.00s Real=0.00s
[21444.854s][info][gc,marking  ] GC(64) Concurrent Clear Claimed Marks
[21444.854s][info][gc,marking  ] GC(64) Concurrent Clear Claimed Marks 0.192ms
[21444.854s][info][gc,marking  ] GC(64) Concurrent Cleanup for Next Mark
[21444.862s][info][gc,marking  ] GC(64) Concurrent Cleanup for Next Mark 7.469ms
[21444.862s][info][gc          ] GC(64) Concurrent Mark Cycle 786.067ms
[21496.175s][info][gc,start    ] GC(65) Pause Young (Prepare Mixed) (G1 Evacuation Pause)
[21496.175s][info][gc,task     ] GC(65) Using 4 workers of 4 for evacuation
[21496.240s][info][gc,phases   ] GC(65)   Pre Evacuate Collection Set: 0.2ms
[21496.241s][info][gc,phases   ] GC(65)   Merge Heap Roots: 0.2ms
[21496.241s][info][gc,phases   ] GC(65)   Evacuate Collection Set: 63.9ms
[21496.241s][info][gc,phases   ] GC(65)   Post Evacuate Collection Set: 1.2ms
[21496.241s][info][gc,phases   ] GC(65)   Other: 0.1ms
[21496.241s][info][gc,heap     ] GC(65) Eden regions: 588->0(588)
[21496.241s][info][gc,heap     ] GC(65) Survivor regions: 26->26(77)
[21496.241s][info][gc,heap     ] GC(65) Old regions: 47->47
[21496.241s][info][gc,heap     ] GC(65) Humongous regions: 0->0
[21496.241s][info][gc,metaspace] GC(65) Metaspace: 219773K(221504K)->219773K(221504K) NonClass: 187694K(188672K)->187694K(188672K) Class: 32078K(32832K)->32078K(32832K)
[21496.241s][info][gc          ] GC(65) Pause Young (Prepare Mixed) (G1 Evacuation Pause) 5285M->582M(8192M) 65.861ms
[21496.241s][info][gc,cpu      ] GC(65) User=0.22s Sys=0.00s Real=0.07s
[21515.730s][info][gc,start    ] GC(66) Pause Young (Mixed) (G1 Evacuation Pause)
[21515.730s][info][gc,task     ] GC(66) Using 4 workers of 4 for evacuation
[21515.791s][info][gc,phases   ] GC(66)   Pre Evacuate Collection Set: 0.2ms
[21515.791s][info][gc,phases   ] GC(66)   Merge Heap Roots: 0.2ms
[21515.791s][info][gc,phases   ] GC(66)   Evacuate Collection Set: 58.4ms
[21515.791s][info][gc,phases   ] GC(66)   Post Evacuate Collection Set: 1.5ms
[21515.791s][info][gc,phases   ] GC(66)   Other: 0.2ms
[21515.791s][info][gc,heap     ] GC(66) Eden regions: 588->0(589)
[21515.791s][info][gc,heap     ] GC(66) Survivor regions: 26->25(77)
[21515.791s][info][gc,heap     ] GC(66) Old regions: 47->47
[21515.791s][info][gc,heap     ] GC(66) Humongous regions: 0->0
[21515.791s][info][gc,metaspace] GC(66) Metaspace: 219793K(221504K)->219793K(221504K) NonClass: 187715K(188672K)->187715K(188672K) Class: 32078K(32832K)->32078K(32832K)
[21515.791s][info][gc          ] GC(66) Pause Young (Mixed) (G1 Evacuation Pause) 5286M->568M(8192M) 60.718ms
[21515.791s][info][gc,cpu      ] GC(66) User=0.24s Sys=0.00s Real=0.06s
[21763.514s][info][gc,start    ] GC(67) Pause Young (Concurrent Start) (G1 Evacuation Pause)
[21763.514s][info][gc,task     ] GC(67) Using 4 workers of 4 for evacuation
[21763.559s][info][gc,phases   ] GC(67)   Pre Evacuate Collection Set: 0.4ms
[21763.559s][info][gc,phases   ] GC(67)   Merge Heap Roots: 0.2ms
[21763.559s][info][gc,phases   ] GC(67)   Evacuate Collection Set: 43.2ms
[21763.559s][info][gc,phases   ] GC(67)   Post Evacuate Collection Set: 1.4ms
[21763.559s][info][gc,phases   ] GC(67)   Other: 0.1ms
[21763.559s][info][gc,heap     ] GC(67) Eden regions: 589->0(597)
[21763.559s][info][gc,heap     ] GC(67) Survivor regions: 25->17(77)
[21763.559s][info][gc,heap     ] GC(67) Old regions: 47->48
[21763.559s][info][gc,heap     ] GC(67) Humongous regions: 0->0
[21763.559s][info][gc,metaspace] GC(67) Metaspace: 219932K(221696K)->219932K(221696K) NonClass: 187849K(188864K)->187849K(188864K) Class: 32083K(32832K)->32083K(32832K)
[21763.559s][info][gc          ] GC(67) Pause Young (Concurrent Start) (G1 Evacuation Pause) 5280M->509M(8192M) 45.491ms
[21763.560s][info][gc          ] GC(68) Concurrent Mark Cycle
[21763.560s][info][gc,marking  ] GC(68) Concurrent Scan Root Regions
[21763.560s][info][gc,cpu      ] GC(67) User=0.18s Sys=0.00s Real=0.05s
[21763.612s][info][gc,marking  ] GC(68) Concurrent Scan Root Regions 52.357ms
[21763.612s][info][gc,marking  ] GC(68) Concurrent Mark
[21763.612s][info][gc,marking  ] GC(68) Concurrent Mark From Roots
[21763.612s][info][gc,task     ] GC(68) Using 1 workers of 1 for marking
[21764.113s][info][gc,marking  ] GC(68) Concurrent Mark From Roots 501.475ms
[21764.113s][info][gc,marking  ] GC(68) Concurrent Preclean
[21764.115s][info][gc,marking  ] GC(68) Concurrent Preclean 1.082ms
[21764.115s][info][gc,start    ] GC(68) Pause Remark
[21764.151s][info][gc          ] GC(68) Pause Remark 523M->523M(8192M) 36.230ms
[21764.151s][info][gc,cpu      ] GC(68) User=0.10s Sys=0.00s Real=0.04s
[21764.153s][info][gc,marking  ] GC(68) Concurrent Mark 540.941ms
[21764.153s][info][gc,marking  ] GC(68) Concurrent Rebuild Remembered Sets and Scrub Regions
[21764.318s][info][gc,marking  ] GC(68) Concurrent Rebuild Remembered Sets and Scrub Regions 165.464ms
[21764.319s][info][gc,start    ] GC(68) Pause Cleanup
[21764.319s][info][gc          ] GC(68) Pause Cleanup 525M->525M(8192M) 0.174ms
[21764.319s][info][gc,cpu      ] GC(68) User=0.00s Sys=0.00s Real=0.00s
[21764.319s][info][gc,marking  ] GC(68) Concurrent Clear Claimed Marks
[21764.319s][info][gc,marking  ] GC(68) Concurrent Clear Claimed Marks 0.196ms
[21764.319s][info][gc,marking  ] GC(68) Concurrent Cleanup for Next Mark
[21764.327s][info][gc,marking  ] GC(68) Concurrent Cleanup for Next Mark 7.998ms
[21764.327s][info][gc          ] GC(68) Concurrent Mark Cycle 767.488ms
[22374.013s][info][gc,start    ] GC(69) Pause Young (Prepare Mixed) (G1 Evacuation Pause)
[22374.013s][info][gc,task     ] GC(69) Using 4 workers of 4 for evacuation
[22374.065s][info][gc,phases   ] GC(69)   Pre Evacuate Collection Set: 0.4ms
[22374.065s][info][gc,phases   ] GC(69)   Merge Heap Roots: 0.4ms
[22374.065s][info][gc,phases   ] GC(69)   Evacuate Collection Set: 49.8ms
[22374.065s][info][gc,phases   ] GC(69)   Post Evacuate Collection Set: 1.4ms
[22374.065s][info][gc,phases   ] GC(69)   Other: 0.1ms
[22374.065s][info][gc,heap     ] GC(69) Eden regions: 597->0(597)
[22374.065s][info][gc,heap     ] GC(69) Survivor regions: 17->17(77)
[22374.065s][info][gc,heap     ] GC(69) Old regions: 48->49
[22374.065s][info][gc,heap     ] GC(69) Humongous regions: 0->0
[22374.065s][info][gc,metaspace] GC(69) Metaspace: 220117K(221888K)->220117K(221888K) NonClass: 188034K(189056K)->188034K(189056K) Class: 32082K(32832K)->32082K(32832K)
[22374.065s][info][gc          ] GC(69) Pause Young (Prepare Mixed) (G1 Evacuation Pause) 5285M->523M(8192M) 52.372ms
[22374.065s][info][gc,cpu      ] GC(69) User=0.20s Sys=0.00s Real=0.05s
[23159.494s][info][gc,start    ] GC(70) Pause Young (Mixed) (G1 Evacuation Pause)
[23159.494s][info][gc,task     ] GC(70) Using 4 workers of 4 for evacuation
[23159.535s][info][gc,phases   ] GC(70)   Pre Evacuate Collection Set: 0.6ms
[23159.535s][info][gc,phases   ] GC(70)   Merge Heap Roots: 0.3ms
[23159.535s][info][gc,phases   ] GC(70)   Evacuate Collection Set: 39.1ms
[23159.535s][info][gc,phases   ] GC(70)   Post Evacuate Collection Set: 1.4ms
[23159.535s][info][gc,phases   ] GC(70)   Other: 0.1ms
[23159.535s][info][gc,heap     ] GC(70) Eden regions: 597->0(604)
[23159.535s][info][gc,heap     ] GC(70) Survivor regions: 17->10(77)
[23159.535s][info][gc,heap     ] GC(70) Old regions: 49->49
[23159.535s][info][gc,heap     ] GC(70) Humongous regions: 0->0
[23159.535s][info][gc,metaspace] GC(70) Metaspace: 220343K(222144K)->220343K(222144K) NonClass: 188252K(189248K)->188252K(189248K) Class: 32091K(32896K)->32091K(32896K)
[23159.535s][info][gc          ] GC(70) Pause Young (Mixed) (G1 Evacuation Pause) 5299M->470M(8192M) 41.727ms
[23159.535s][info][gc,cpu      ] GC(70) User=0.16s Sys=0.00s Real=0.04s
[23610.516s][info][gc,start    ] GC(71) Pause Young (Concurrent Start) (G1 Evacuation Pause)
[23610.516s][info][gc,task     ] GC(71) Using 4 workers of 4 for evacuation
[23610.560s][info][gc,phases   ] GC(71)   Pre Evacuate Collection Set: 0.3ms
[23610.560s][info][gc,phases   ] GC(71)   Merge Heap Roots: 0.2ms
[23610.560s][info][gc,phases   ] GC(71)   Evacuate Collection Set: 41.8ms
[23610.560s][info][gc,phases   ] GC(71)   Post Evacuate Collection Set: 1.6ms
[23610.560s][info][gc,phases   ] GC(71)   Other: 0.1ms
[23610.560s][info][gc,heap     ] GC(71) Eden regions: 604->0(597)
[23610.560s][info][gc,heap     ] GC(71) Survivor regions: 10->17(77)
[23610.560s][info][gc,heap     ] GC(71) Old regions: 49->50
[23610.560s][info][gc,heap     ] GC(71) Humongous regions: 0->0
[23610.560s][info][gc,metaspace] GC(71) Metaspace: 220412K(222208K)->220412K(222208K) NonClass: 188319K(189312K)->188319K(189312K) Class: 32092K(32896K)->32092K(32896K)
[23610.560s][info][gc          ] GC(71) Pause Young (Concurrent Start) (G1 Evacuation Pause) 5302M->529M(8192M) 44.130ms
[23610.560s][info][gc          ] GC(72) Concurrent Mark Cycle
[23610.560s][info][gc,marking  ] GC(72) Concurrent Scan Root Regions
[23610.560s][info][gc,cpu      ] GC(71) User=0.16s Sys=0.00s Real=0.05s
[23610.612s][info][gc,marking  ] GC(72) Concurrent Scan Root Regions 51.998ms
[23610.612s][info][gc,marking  ] GC(72) Concurrent Mark
[23610.612s][info][gc,marking  ] GC(72) Concurrent Mark From Roots
[23610.612s][info][gc,task     ] GC(72) Using 1 workers of 1 for marking
[23611.131s][info][gc,marking  ] GC(72) Concurrent Mark From Roots 518.524ms
[23611.131s][info][gc,marking  ] GC(72) Concurrent Preclean
[23611.132s][info][gc,marking  ] GC(72) Concurrent Preclean 1.072ms
[23611.132s][info][gc,start    ] GC(72) Pause Remark
[23611.166s][info][gc          ] GC(72) Pause Remark 544M->544M(8192M) 34.185ms
[23611.166s][info][gc,cpu      ] GC(72) User=0.12s Sys=0.00s Real=0.03s
[23611.167s][info][gc,marking  ] GC(72) Concurrent Mark 554.147ms
[23611.167s][info][gc,marking  ] GC(72) Concurrent Rebuild Remembered Sets and Scrub Regions
[23611.344s][info][gc,marking  ] GC(72) Concurrent Rebuild Remembered Sets and Scrub Regions 177.530ms
[23611.344s][info][gc,start    ] GC(72) Pause Cleanup
[23611.344s][info][gc          ] GC(72) Pause Cleanup 565M->565M(8192M) 0.205ms
[23611.344s][info][gc,cpu      ] GC(72) User=0.00s Sys=0.00s Real=0.00s
[23611.344s][info][gc,marking  ] GC(72) Concurrent Clear Claimed Marks
[23611.345s][info][gc,marking  ] GC(72) Concurrent Clear Claimed Marks 0.172ms
[23611.345s][info][gc,marking  ] GC(72) Concurrent Cleanup for Next Mark
[23611.352s][info][gc,marking  ] GC(72) Concurrent Cleanup for Next Mark 7.134ms
[23611.352s][info][gc          ] GC(72) Concurrent Mark Cycle 791.617ms
[23803.465s][info][gc,start    ] GC(73) Pause Young (Prepare Mixed) (G1 Evacuation Pause)
[23803.465s][info][gc,task     ] GC(73) Using 4 workers of 4 for evacuation
[23803.528s][info][gc,phases   ] GC(73)   Pre Evacuate Collection Set: 0.3ms
[23803.528s][info][gc,phases   ] GC(73)   Merge Heap Roots: 5.5ms
[23803.528s][info][gc,phases   ] GC(73)   Evacuate Collection Set: 55.7ms
[23803.528s][info][gc,phases   ] GC(73)   Post Evacuate Collection Set: 1.2ms
[23803.528s][info][gc,phases   ] GC(73)   Other: 0.1ms
[23803.528s][info][gc,heap     ] GC(73) Eden regions: 597->0(592)
[23803.528s][info][gc,heap     ] GC(73) Survivor regions: 17->22(77)
[23803.528s][info][gc,heap     ] GC(73) Old regions: 50->50
[23803.528s][info][gc,heap     ] GC(73) Humongous regions: 0->0
[23803.528s][info][gc,metaspace] GC(73) Metaspace: 220496K(222272K)->220496K(222272K) NonClass: 188400K(189376K)->188400K(189376K) Class: 32096K(32896K)->32096K(32896K)
[23803.528s][info][gc          ] GC(73) Pause Young (Prepare Mixed) (G1 Evacuation Pause) 5305M->567M(8192M) 62.989ms
[23803.528s][info][gc,cpu      ] GC(73) User=0.23s Sys=0.00s Real=0.06s
[24041.365s][info][gc,start    ] GC(74) Pause Young (Mixed) (G1 Evacuation Pause)
[24041.365s][info][gc,task     ] GC(74) Using 4 workers of 4 for evacuation
[24041.414s][info][gc,phases   ] GC(74)   Pre Evacuate Collection Set: 0.6ms
[24041.414s][info][gc,phases   ] GC(74)   Merge Heap Roots: 0.2ms
[24041.414s][info][gc,phases   ] GC(74)   Evacuate Collection Set: 47.1ms
[24041.414s][info][gc,phases   ] GC(74)   Post Evacuate Collection Set: 1.4ms
[24041.414s][info][gc,phases   ] GC(74)   Other: 0.1ms
[24041.414s][info][gc,heap     ] GC(74) Eden regions: 592->0(599)
[24041.414s][info][gc,heap     ] GC(74) Survivor regions: 22->15(77)
[24041.414s][info][gc,heap     ] GC(74) Old regions: 50->49
[24041.414s][info][gc,heap     ] GC(74) Humongous regions: 0->0
[24041.414s][info][gc,metaspace] GC(74) Metaspace: 220801K(222592K)->220801K(222592K) NonClass: 188667K(189696K)->188667K(189696K) Class: 32134K(32896K)->32134K(32896K)
[24041.414s][info][gc          ] GC(74) Pause Young (Mixed) (G1 Evacuation Pause) 5303M->510M(8192M) 49.581ms
[24041.414s][info][gc,cpu      ] GC(74) User=0.19s Sys=0.00s Real=0.05s
[24520.365s][info][gc,start    ] GC(75) Pause Young (Concurrent Start) (G1 Evacuation Pause)
[24520.365s][info][gc,task     ] GC(75) Using 4 workers of 4 for evacuation
[24520.408s][info][gc,phases   ] GC(75)   Pre Evacuate Collection Set: 0.3ms
[24520.408s][info][gc,phases   ] GC(75)   Merge Heap Roots: 0.2ms
[24520.408s][info][gc,phases   ] GC(75)   Evacuate Collection Set: 41.3ms
[24520.408s][info][gc,phases   ] GC(75)   Post Evacuate Collection Set: 1.3ms
[24520.408s][info][gc,phases   ] GC(75)   Other: 0.1ms
[24520.408s][info][gc,heap     ] GC(75) Eden regions: 599->0(598)
[24520.408s][info][gc,heap     ] GC(75) Survivor regions: 15->16(77)
[24520.408s][info][gc,heap     ] GC(75) Old regions: 49->49
[24520.408s][info][gc,heap     ] GC(75) Humongous regions: 0->0
[24520.408s][info][gc,metaspace] GC(75) Metaspace: 221354K(223168K)->221354K(223168K) NonClass: 189151K(190144K)->189151K(190144K) Class: 32203K(33024K)->32203K(33024K)
[24520.408s][info][gc          ] GC(75) Pause Young (Concurrent Start) (G1 Evacuation Pause) 5302M->519M(8192M) 43.525ms
[24520.408s][info][gc          ] GC(76) Concurrent Mark Cycle
[24520.408s][info][gc,marking  ] GC(76) Concurrent Scan Root Regions
[24520.408s][info][gc,cpu      ] GC(75) User=0.17s Sys=0.00s Real=0.05s
[24520.462s][info][gc,marking  ] GC(76) Concurrent Scan Root Regions 54.096ms
[24520.463s][info][gc,marking  ] GC(76) Concurrent Mark
[24520.463s][info][gc,marking  ] GC(76) Concurrent Mark From Roots
[24520.463s][info][gc,task     ] GC(76) Using 1 workers of 1 for marking
[24520.989s][info][gc,marking  ] GC(76) Concurrent Mark From Roots 525.970ms
[24520.989s][info][gc,marking  ] GC(76) Concurrent Preclean
[24520.990s][info][gc,marking  ] GC(76) Concurrent Preclean 1.124ms
[24520.990s][info][gc,start    ] GC(76) Pause Remark
[24521.008s][info][gc          ] GC(76) Pause Remark 528M->528M(8192M) 17.892ms
[24521.008s][info][gc,cpu      ] GC(76) User=0.06s Sys=0.00s Real=0.01s
[24521.008s][info][gc,marking  ] GC(76) Concurrent Mark 545.346ms
[24521.008s][info][gc,marking  ] GC(76) Concurrent Rebuild Remembered Sets and Scrub Regions
[24521.184s][info][gc,marking  ] GC(76) Concurrent Rebuild Remembered Sets and Scrub Regions 175.689ms
[24521.184s][info][gc,start    ] GC(76) Pause Cleanup
[24521.184s][info][gc          ] GC(76) Pause Cleanup 532M->532M(8192M) 0.197ms
[24521.184s][info][gc,cpu      ] GC(76) User=0.00s Sys=0.00s Real=0.00s
[24521.184s][info][gc,marking  ] GC(76) Concurrent Clear Claimed Marks
[24521.184s][info][gc,marking  ] GC(76) Concurrent Clear Claimed Marks 0.209ms
[24521.184s][info][gc,marking  ] GC(76) Concurrent Cleanup for Next Mark
[24521.193s][info][gc,marking  ] GC(76) Concurrent Cleanup for Next Mark 9.011ms
[24521.193s][info][gc          ] GC(76) Concurrent Mark Cycle 785.035ms
[25086.723s][info][gc,start    ] GC(77) Pause Young (Prepare Mixed) (G1 Evacuation Pause)
[25086.723s][info][gc,task     ] GC(77) Using 4 workers of 4 for evacuation
[25086.790s][info][gc,phases   ] GC(77)   Pre Evacuate Collection Set: 0.4ms
[25086.790s][info][gc,phases   ] GC(77)   Merge Heap Roots: 0.2ms
[25086.790s][info][gc,phases   ] GC(77)   Evacuate Collection Set: 64.4ms
[25086.790s][info][gc,phases   ] GC(77)   Post Evacuate Collection Set: 1.9ms
[25086.790s][info][gc,phases   ] GC(77)   Other: 0.1ms
[25086.790s][info][gc,heap     ] GC(77) Eden regions: 598->0(597)
[25086.790s][info][gc,heap     ] GC(77) Survivor regions: 16->17(77)
[25086.790s][info][gc,heap     ] GC(77) Old regions: 49->50
[25086.790s][info][gc,heap     ] GC(77) Humongous regions: 0->0
[25086.790s][info][gc,metaspace] GC(77) Metaspace: 221648K(223424K)->221648K(223424K) NonClass: 189421K(190400K)->189421K(190400K) Class: 32226K(33024K)->32226K(33024K)
[25086.790s][info][gc          ] GC(77) Pause Young (Prepare Mixed) (G1 Evacuation Pause) 5303M->526M(8192M) 67.181ms
[25086.790s][info][gc,cpu      ] GC(77) User=0.17s Sys=0.00s Real=0.07s
[25652.464s][info][gc,start    ] GC(78) Pause Young (Mixed) (GCLocker Initiated GC)
[25652.464s][info][gc,task     ] GC(78) Using 4 workers of 4 for evacuation
[25652.490s][info][gc,phases   ] GC(78)   Pre Evacuate Collection Set: 0.3ms
[25652.490s][info][gc,phases   ] GC(78)   Merge Heap Roots: 0.2ms
[25652.490s][info][gc,phases   ] GC(78)   Evacuate Collection Set: 23.6ms
[25652.490s][info][gc,phases   ] GC(78)   Post Evacuate Collection Set: 1.3ms
[25652.490s][info][gc,phases   ] GC(78)   Other: 0.1ms
[25652.490s][info][gc,heap     ] GC(78) Eden regions: 597->0(606)
[25652.490s][info][gc,heap     ] GC(78) Survivor regions: 17->8(77)
[25652.490s][info][gc,heap     ] GC(78) Old regions: 50->50
[25652.490s][info][gc,heap     ] GC(78) Humongous regions: 0->0
[25652.490s][info][gc,metaspace] GC(78) Metaspace: 221881K(223680K)->221881K(223680K) NonClass: 189642K(190656K)->189642K(190656K) Class: 32239K(33024K)->32239K(33024K)
[25652.490s][info][gc          ] GC(78) Pause Young (Mixed) (GCLocker Initiated GC) 5302M->458M(8192M) 25.594ms
[25652.490s][info][gc,cpu      ] GC(78) User=0.09s Sys=0.00s Real=0.03s
[29628.933s][info][gc,start    ] GC(79) Pause Young (Concurrent Start) (G1 Evacuation Pause)
[29628.934s][info][gc,task     ] GC(79) Using 4 workers of 4 for evacuation
[29628.964s][info][gc,phases   ] GC(79)   Pre Evacuate Collection Set: 0.9ms
[29628.964s][info][gc,phases   ] GC(79)   Merge Heap Roots: 0.3ms
[29628.964s][info][gc,phases   ] GC(79)   Evacuate Collection Set: 27.2ms
[29628.964s][info][gc,phases   ] GC(79)   Post Evacuate Collection Set: 1.5ms
[29628.964s][info][gc,phases   ] GC(79)   Other: 0.1ms
[29628.964s][info][gc,heap     ] GC(79) Eden regions: 606->0(610)
[29628.964s][info][gc,heap     ] GC(79) Survivor regions: 8->4(77)
[29628.964s][info][gc,heap     ] GC(79) Old regions: 50->50
[29628.964s][info][gc,heap     ] GC(79) Humongous regions: 0->0
[29628.964s][info][gc,metaspace] GC(79) Metaspace: 221918K(223680K)->221918K(223680K) NonClass: 189678K(190656K)->189678K(190656K) Class: 32239K(33024K)->32239K(33024K)
[29628.964s][info][gc          ] GC(79) Pause Young (Concurrent Start) (G1 Evacuation Pause) 5306M->423M(8192M) 30.279ms
[29628.964s][info][gc,cpu      ] GC(79) User=0.11s Sys=0.00s Real=0.03s
[29628.964s][info][gc          ] GC(80) Concurrent Mark Cycle
[29628.964s][info][gc,marking  ] GC(80) Concurrent Scan Root Regions
[29628.979s][info][gc,marking  ] GC(80) Concurrent Scan Root Regions 15.598ms
[29628.979s][info][gc,marking  ] GC(80) Concurrent Mark
[29628.979s][info][gc,marking  ] GC(80) Concurrent Mark From Roots
[29628.979s][info][gc,task     ] GC(80) Using 1 workers of 1 for marking
[29629.527s][info][gc,marking  ] GC(80) Concurrent Mark From Roots 547.711ms
[29629.527s][info][gc,marking  ] GC(80) Concurrent Preclean
[29629.528s][info][gc,marking  ] GC(80) Concurrent Preclean 1.125ms
[29629.528s][info][gc,start    ] GC(80) Pause Remark
[29629.570s][info][gc          ] GC(80) Pause Remark 434M->434M(8192M) 41.637ms
[29629.570s][info][gc,cpu      ] GC(80) User=0.15s Sys=0.00s Real=0.04s
[29629.570s][info][gc,marking  ] GC(80) Concurrent Mark 590.847ms
[29629.570s][info][gc,marking  ] GC(80) Concurrent Rebuild Remembered Sets and Scrub Regions
[29629.742s][info][gc,marking  ] GC(80) Concurrent Rebuild Remembered Sets and Scrub Regions 171.974ms
[29629.743s][info][gc,start    ] GC(80) Pause Cleanup
[29629.743s][info][gc          ] GC(80) Pause Cleanup 434M->434M(8192M) 0.191ms
[29629.743s][info][gc,cpu      ] GC(80) User=0.00s Sys=0.00s Real=0.00s
[29629.743s][info][gc,marking  ] GC(80) Concurrent Clear Claimed Marks
[29629.743s][info][gc,marking  ] GC(80) Concurrent Clear Claimed Marks 0.205ms
[29629.743s][info][gc,marking  ] GC(80) Concurrent Cleanup for Next Mark
[29629.752s][info][gc,marking  ] GC(80) Concurrent Cleanup for Next Mark 8.599ms
[29629.752s][info][gc          ] GC(80) Concurrent Mark Cycle 787.937ms
[33686.672s][info][gc,start    ] GC(81) Pause Young (Prepare Mixed) (G1 Evacuation Pause)
[33686.672s][info][gc,task     ] GC(81) Using 4 workers of 4 for evacuation
[33686.719s][info][gc,phases   ] GC(81)   Pre Evacuate Collection Set: 0.6ms
[33686.719s][info][gc,phases   ] GC(81)   Merge Heap Roots: 0.2ms
[33686.719s][info][gc,phases   ] GC(81)   Evacuate Collection Set: 44.5ms
[33686.719s][info][gc,phases   ] GC(81)   Post Evacuate Collection Set: 2.0ms
[33686.719s][info][gc,phases   ] GC(81)   Other: 0.2ms
[33686.719s][info][gc,heap     ] GC(81) Eden regions: 610->0(612)
[33686.719s][info][gc,heap     ] GC(81) Survivor regions: 4->2(77)
[33686.719s][info][gc,heap     ] GC(81) Old regions: 50->50
[33686.719s][info][gc,heap     ] GC(81) Humongous regions: 0->0
[33686.719s][info][gc,metaspace] GC(81) Metaspace: 222236K(224064K)->222236K(224064K) NonClass: 190007K(191040K)->190007K(191040K) Class: 32228K(33024K)->32228K(33024K)
[33686.719s][info][gc          ] GC(81) Pause Young (Prepare Mixed) (G1 Evacuation Pause) 5303M->408M(8192M) 47.791ms
[33686.719s][info][gc,cpu      ] GC(81) User=0.00s Sys=0.15s Real=0.05s
[36401.524s][info][gc,start    ] GC(82) Pause Young (Mixed) (G1 Evacuation Pause)
[36401.524s][info][gc,task     ] GC(82) Using 4 workers of 4 for evacuation
[36401.557s][info][gc,phases   ] GC(82)   Pre Evacuate Collection Set: 0.2ms
[36401.557s][info][gc,phases   ] GC(82)   Merge Heap Roots: 0.2ms
[36401.557s][info][gc,phases   ] GC(82)   Evacuate Collection Set: 30.4ms
[36401.557s][info][gc,phases   ] GC(82)   Post Evacuate Collection Set: 1.6ms
[36401.557s][info][gc,phases   ] GC(82)   Other: 0.1ms
[36401.557s][info][gc,heap     ] GC(82) Eden regions: 612->0(196)
[36401.557s][info][gc,heap     ] GC(82) Survivor regions: 2->8(77)
[36401.557s][info][gc,heap     ] GC(82) Old regions: 50->49
[36401.557s][info][gc,heap     ] GC(82) Humongous regions: 0->0
[36401.557s][info][gc,metaspace] GC(82) Metaspace: 222317K(224064K)->222317K(224064K) NonClass: 190088K(191040K)->190088K(191040K) Class: 32228K(33024K)->32228K(33024K)
[36401.557s][info][gc          ] GC(82) Pause Young (Mixed) (G1 Evacuation Pause) 5304M->450M(8192M) 32.689ms
[36401.557s][info][gc,cpu      ] GC(82) User=0.13s Sys=0.00s Real=0.03s
[36600.730s][info][gc,start    ] GC(83) Pause Young (Concurrent Start) (G1 Evacuation Pause)
[36600.731s][info][gc,task     ] GC(83) Using 4 workers of 4 for evacuation
[36600.763s][info][gc,phases   ] GC(83)   Pre Evacuate Collection Set: 0.2ms
[36600.763s][info][gc,phases   ] GC(83)   Merge Heap Roots: 0.1ms
[36600.763s][info][gc,phases   ] GC(83)   Evacuate Collection Set: 31.0ms
[36600.763s][info][gc,phases   ] GC(83)   Post Evacuate Collection Set: 1.0ms
[36600.763s][info][gc,phases   ] GC(83)   Other: 0.1ms
[36600.763s][info][gc,heap     ] GC(83) Eden regions: 196->0(190)
[36600.763s][info][gc,heap     ] GC(83) Survivor regions: 8->14(26)
[36600.763s][info][gc,heap     ] GC(83) Old regions: 49->50
[36600.763s][info][gc,heap     ] GC(83) Humongous regions: 0->0
[36600.763s][info][gc,metaspace] GC(83) Metaspace: 222322K(224064K)->222322K(224064K) NonClass: 190094K(191040K)->190094K(191040K) Class: 32228K(33024K)->32228K(33024K)
[36600.763s][info][gc          ] GC(83) Pause Young (Concurrent Start) (G1 Evacuation Pause) 2018M->500M(8192M) 32.690ms
[36600.763s][info][gc          ] GC(84) Concurrent Mark Cycle
[36600.763s][info][gc,marking  ] GC(84) Concurrent Scan Root Regions
[36600.763s][info][gc,cpu      ] GC(83) User=0.13s Sys=0.00s Real=0.03s
[36600.809s][info][gc,marking  ] GC(84) Concurrent Scan Root Regions 45.555ms
[36600.809s][info][gc,marking  ] GC(84) Concurrent Mark
[36600.809s][info][gc,marking  ] GC(84) Concurrent Mark From Roots
[36600.809s][info][gc,task     ] GC(84) Using 1 workers of 1 for marking
[36601.340s][info][gc,marking  ] GC(84) Concurrent Mark From Roots 531.429ms
[36601.340s][info][gc,marking  ] GC(84) Concurrent Preclean
[36601.341s][info][gc,marking  ] GC(84) Concurrent Preclean 1.029ms
[36601.341s][info][gc,start    ] GC(84) Pause Remark
[36601.371s][info][gc          ] GC(84) Pause Remark 636M->636M(8192M) 29.190ms
[36601.371s][info][gc,cpu      ] GC(84) User=0.11s Sys=0.00s Real=0.03s
[36601.373s][info][gc,marking  ] GC(84) Concurrent Mark 564.631ms
[36601.373s][info][gc,marking  ] GC(84) Concurrent Rebuild Remembered Sets and Scrub Regions
[36601.542s][info][gc,marking  ] GC(84) Concurrent Rebuild Remembered Sets and Scrub Regions 168.208ms
[36601.542s][info][gc,start    ] GC(84) Pause Cleanup
[36601.542s][info][gc          ] GC(84) Pause Cleanup 672M->672M(8192M) 0.213ms
[36601.542s][info][gc,cpu      ] GC(84) User=0.00s Sys=0.00s Real=0.00s
[36601.542s][info][gc,marking  ] GC(84) Concurrent Clear Claimed Marks
[36601.542s][info][gc,marking  ] GC(84) Concurrent Clear Claimed Marks 0.186ms
[36601.542s][info][gc,marking  ] GC(84) Concurrent Cleanup for Next Mark
[36601.550s][info][gc,marking  ] GC(84) Concurrent Cleanup for Next Mark 7.243ms
[36601.550s][info][gc          ] GC(84) Concurrent Mark Cycle 786.436ms
[36741.830s][info][gc,start    ] GC(85) Pause Young (Prepare Mixed) (G1 Evacuation Pause)
[36741.831s][info][gc,task     ] GC(85) Using 4 workers of 4 for evacuation
[36741.859s][info][gc,phases   ] GC(85)   Pre Evacuate Collection Set: 0.3ms
[36741.859s][info][gc,phases   ] GC(85)   Merge Heap Roots: 0.2ms
[36741.859s][info][gc,phases   ] GC(85)   Evacuate Collection Set: 26.8ms
[36741.859s][info][gc,phases   ] GC(85)   Post Evacuate Collection Set: 1.0ms
[36741.859s][info][gc,phases   ] GC(85)   Other: 0.1ms
[36741.859s][info][gc,heap     ] GC(85) Eden regions: 190->0(603)
[36741.859s][info][gc,heap     ] GC(85) Survivor regions: 14->11(26)
[36741.859s][info][gc,heap     ] GC(85) Old regions: 50->50
[36741.859s][info][gc,heap     ] GC(85) Humongous regions: 0->0
[36741.859s][info][gc,metaspace] GC(85) Metaspace: 222316K(224064K)->222316K(224064K) NonClass: 190091K(191040K)->190091K(191040K) Class: 32224K(33024K)->32224K(33024K)
[36741.859s][info][gc          ] GC(85) Pause Young (Prepare Mixed) (G1 Evacuation Pause) 2020M->481M(8192M) 28.497ms
[36741.859s][info][gc,cpu      ] GC(85) User=0.11s Sys=0.00s Real=0.03s
[37466.485s][info][gc,start    ] GC(86) Pause Young (Mixed) (G1 Evacuation Pause)
[37466.485s][info][gc,task     ] GC(86) Using 4 workers of 4 for evacuation
[37466.525s][info][gc,phases   ] GC(86)   Pre Evacuate Collection Set: 0.7ms
[37466.525s][info][gc,phases   ] GC(86)   Merge Heap Roots: 0.2ms
[37466.525s][info][gc,phases   ] GC(86)   Evacuate Collection Set: 37.5ms
[37466.525s][info][gc,phases   ] GC(86)   Post Evacuate Collection Set: 1.3ms
[37466.525s][info][gc,phases   ] GC(86)   Other: 0.1ms
[37466.525s][info][gc,heap     ] GC(86) Eden regions: 603->0(191)
[37466.525s][info][gc,heap     ] GC(86) Survivor regions: 11->13(77)
[37466.525s][info][gc,heap     ] GC(86) Old regions: 50->50
[37466.525s][info][gc,heap     ] GC(86) Humongous regions: 0->0
[37466.525s][info][gc,metaspace] GC(86) Metaspace: 222506K(224256K)->222506K(224256K) NonClass: 190271K(191232K)->190271K(191232K) Class: 32235K(33024K)->32235K(33024K)
[37466.525s][info][gc          ] GC(86) Pause Young (Mixed) (G1 Evacuation Pause) 5305M->493M(8192M) 39.868ms
[37466.525s][info][gc,cpu      ] GC(86) User=0.15s Sys=0.00s Real=0.04s
[37488.533s][info][gc,start    ] GC(87) Pause Young (Concurrent Start) (G1 Evacuation Pause)
[37488.533s][info][gc,task     ] GC(87) Using 4 workers of 4 for evacuation
[37488.569s][info][gc,phases   ] GC(87)   Pre Evacuate Collection Set: 0.3ms
[37488.569s][info][gc,phases   ] GC(87)   Merge Heap Roots: 0.1ms
[37488.569s][info][gc,phases   ] GC(87)   Evacuate Collection Set: 34.2ms
[37488.569s][info][gc,phases   ] GC(87)   Post Evacuate Collection Set: 1.2ms
[37488.569s][info][gc,phases   ] GC(87)   Other: 0.1ms
[37488.569s][info][gc,heap     ] GC(87) Eden regions: 191->0(191)
[37488.569s][info][gc,heap     ] GC(87) Survivor regions: 13->13(26)
[37488.569s][info][gc,heap     ] GC(87) Old regions: 50->50
[37488.569s][info][gc,heap     ] GC(87) Humongous regions: 0->0
[37488.569s][info][gc,metaspace] GC(87) Metaspace: 222513K(224256K)->222513K(224256K) NonClass: 190274K(191232K)->190274K(191232K) Class: 32238K(33024K)->32238K(33024K)
[37488.569s][info][gc          ] GC(87) Pause Young (Concurrent Start) (G1 Evacuation Pause) 2021M->494M(8192M) 36.122ms
[37488.569s][info][gc          ] GC(88) Concurrent Mark Cycle
[37488.569s][info][gc,cpu      ] GC(87) User=0.13s Sys=0.00s Real=0.04s
[37488.569s][info][gc,marking  ] GC(88) Concurrent Scan Root Regions
[37488.611s][info][gc,marking  ] GC(88) Concurrent Scan Root Regions 41.252ms
[37488.611s][info][gc,marking  ] GC(88) Concurrent Mark
[37488.611s][info][gc,marking  ] GC(88) Concurrent Mark From Roots
[37488.611s][info][gc,task     ] GC(88) Using 1 workers of 1 for marking
[37489.138s][info][gc,marking  ] GC(88) Concurrent Mark From Roots 527.358ms
[37489.138s][info][gc,marking  ] GC(88) Concurrent Preclean
[37489.139s][info][gc,marking  ] GC(88) Concurrent Preclean 0.989ms
[37489.139s][info][gc,start    ] GC(88) Pause Remark
[37489.177s][info][gc          ] GC(88) Pause Remark 618M->618M(8192M) 37.475ms
[37489.177s][info][gc,cpu      ] GC(88) User=0.10s Sys=0.00s Real=0.03s
[37489.178s][info][gc,marking  ] GC(88) Concurrent Mark 567.544ms
[37489.178s][info][gc,marking  ] GC(88) Concurrent Rebuild Remembered Sets and Scrub Regions
[37489.349s][info][gc,marking  ] GC(88) Concurrent Rebuild Remembered Sets and Scrub Regions 171.126ms
[37489.350s][info][gc,start    ] GC(88) Pause Cleanup
[37489.350s][info][gc          ] GC(88) Pause Cleanup 674M->674M(8192M) 0.276ms
[37489.350s][info][gc,cpu      ] GC(88) User=0.00s Sys=0.00s Real=0.00s
[37489.350s][info][gc,marking  ] GC(88) Concurrent Clear Claimed Marks
[37489.350s][info][gc,marking  ] GC(88) Concurrent Clear Claimed Marks 0.201ms
[37489.350s][info][gc,marking  ] GC(88) Concurrent Cleanup for Next Mark
[37489.358s][info][gc,marking  ] GC(88) Concurrent Cleanup for Next Mark 7.403ms
[37489.358s][info][gc          ] GC(88) Concurrent Mark Cycle 788.170ms
[37500.728s][info][gc,start    ] GC(89) Pause Young (Prepare Mixed) (G1 Evacuation Pause)
[37500.728s][info][gc,task     ] GC(89) Using 4 workers of 4 for evacuation
[37500.761s][info][gc,phases   ] GC(89)   Pre Evacuate Collection Set: 0.2ms
[37500.761s][info][gc,phases   ] GC(89)   Merge Heap Roots: 0.1ms
[37500.761s][info][gc,phases   ] GC(89)   Evacuate Collection Set: 31.8ms
[37500.761s][info][gc,phases   ] GC(89)   Post Evacuate Collection Set: 1.0ms
[37500.761s][info][gc,phases   ] GC(89)   Other: 0.1ms
[37500.761s][info][gc,heap     ] GC(89) Eden regions: 191->0(600)
[37500.761s][info][gc,heap     ] GC(89) Survivor regions: 13->14(26)
[37500.761s][info][gc,heap     ] GC(89) Old regions: 50->50
[37500.761s][info][gc,heap     ] GC(89) Humongous regions: 0->0
[37500.761s][info][gc,metaspace] GC(89) Metaspace: 222512K(224256K)->222512K(224256K) NonClass: 190275K(191232K)->190275K(191232K) Class: 32237K(33024K)->32237K(33024K)
[37500.761s][info][gc          ] GC(89) Pause Young (Prepare Mixed) (G1 Evacuation Pause) 2022M->502M(8192M) 33.407ms
[37500.761s][info][gc,cpu      ] GC(89) User=0.12s Sys=0.00s Real=0.04s
[37623.680s][info][gc,start    ] GC(90) Pause Young (Mixed) (G1 Evacuation Pause)
[37623.680s][info][gc,task     ] GC(90) Using 4 workers of 4 for evacuation
[37623.721s][info][gc,phases   ] GC(90)   Pre Evacuate Collection Set: 0.2ms
[37623.721s][info][gc,phases   ] GC(90)   Merge Heap Roots: 0.1ms
[37623.721s][info][gc,phases   ] GC(90)   Evacuate Collection Set: 38.8ms
[37623.721s][info][gc,phases   ] GC(90)   Post Evacuate Collection Set: 1.2ms
[37623.721s][info][gc,phases   ] GC(90)   Other: 0.1ms
[37623.721s][info][gc,heap     ] GC(90) Eden regions: 600->0(190)
[37623.721s][info][gc,heap     ] GC(90) Survivor regions: 14->14(77)
[37623.721s][info][gc,heap     ] GC(90) Old regions: 50->50
[37623.721s][info][gc,heap     ] GC(90) Humongous regions: 0->0
[37623.721s][info][gc,metaspace] GC(90) Metaspace: 222535K(224256K)->222535K(224256K) NonClass: 190297K(191232K)->190297K(191232K) Class: 32238K(33024K)->32238K(33024K)
[37623.721s][info][gc          ] GC(90) Pause Young (Mixed) (G1 Evacuation Pause) 5302M->505M(8192M) 40.627ms
[37623.721s][info][gc,cpu      ] GC(90) User=0.16s Sys=0.00s Real=0.04s
[37638.976s][info][gc,start    ] GC(91) Pause Young (Concurrent Start) (G1 Evacuation Pause)
[37638.976s][info][gc,task     ] GC(91) Using 4 workers of 4 for evacuation
[37639.009s][info][gc,phases   ] GC(91)   Pre Evacuate Collection Set: 0.3ms
[37639.009s][info][gc,phases   ] GC(91)   Merge Heap Roots: 0.1ms
[37639.009s][info][gc,phases   ] GC(91)   Evacuate Collection Set: 31.3ms
[37639.009s][info][gc,phases   ] GC(91)   Post Evacuate Collection Set: 0.8ms
[37639.009s][info][gc,phases   ] GC(91)   Other: 0.1ms
[37639.009s][info][gc,heap     ] GC(91) Eden regions: 190->0(190)
[37639.009s][info][gc,heap     ] GC(91) Survivor regions: 14->14(26)
[37639.009s][info][gc,heap     ] GC(91) Old regions: 50->50
[37639.009s][info][gc,heap     ] GC(91) Humongous regions: 0->0
[37639.009s][info][gc,metaspace] GC(91) Metaspace: 222536K(224256K)->222536K(224256K) NonClass: 190298K(191232K)->190298K(191232K) Class: 32238K(33024K)->32238K(33024K)
[37639.009s][info][gc          ] GC(91) Pause Young (Concurrent Start) (G1 Evacuation Pause) 2025M->507M(8192M) 32.934ms
[37639.009s][info][gc,cpu      ] GC(91) User=0.12s Sys=0.00s Real=0.04s
[37639.009s][info][gc          ] GC(92) Concurrent Mark Cycle
[37639.009s][info][gc,marking  ] GC(92) Concurrent Scan Root Regions
[37639.055s][info][gc,marking  ] GC(92) Concurrent Scan Root Regions 46.032ms
[37639.055s][info][gc,marking  ] GC(92) Concurrent Mark
[37639.055s][info][gc,marking  ] GC(92) Concurrent Mark From Roots
[37639.055s][info][gc,task     ] GC(92) Using 1 workers of 1 for marking
[37639.591s][info][gc,marking  ] GC(92) Concurrent Mark From Roots 535.088ms
[37639.591s][info][gc,marking  ] GC(92) Concurrent Preclean
[37639.592s][info][gc,marking  ] GC(92) Concurrent Preclean 1.028ms
[37639.592s][info][gc,start    ] GC(92) Pause Remark
[37639.610s][info][gc          ] GC(92) Pause Remark 591M->591M(8192M) 18.156ms
[37639.610s][info][gc,cpu      ] GC(92) User=0.05s Sys=0.00s Real=0.02s
[37639.610s][info][gc,marking  ] GC(92) Concurrent Mark 554.613ms
[37639.610s][info][gc,marking  ] GC(92) Concurrent Rebuild Remembered Sets and Scrub Regions
[37639.787s][info][gc,marking  ] GC(92) Concurrent Rebuild Remembered Sets and Scrub Regions 176.767ms
[37639.787s][info][gc,start    ] GC(92) Pause Cleanup
[37639.787s][info][gc          ] GC(92) Pause Cleanup 639M->639M(8192M) 0.172ms
[37639.787s][info][gc,cpu      ] GC(92) User=0.00s Sys=0.00s Real=0.00s
[37639.787s][info][gc,marking  ] GC(92) Concurrent Clear Claimed Marks
[37639.787s][info][gc,marking  ] GC(92) Concurrent Clear Claimed Marks 0.200ms
[37639.787s][info][gc,marking  ] GC(92) Concurrent Cleanup for Next Mark
[37639.795s][info][gc,marking  ] GC(92) Concurrent Cleanup for Next Mark 7.440ms
[37639.795s][info][gc          ] GC(92) Concurrent Mark Cycle 785.567ms
[37654.512s][info][gc,start    ] GC(93) Pause Young (Prepare Mixed) (G1 Evacuation Pause)
[37654.512s][info][gc,task     ] GC(93) Using 4 workers of 4 for evacuation
[37654.542s][info][gc,phases   ] GC(93)   Pre Evacuate Collection Set: 0.2ms
[37654.542s][info][gc,phases   ] GC(93)   Merge Heap Roots: 0.1ms
[37654.542s][info][gc,phases   ] GC(93)   Evacuate Collection Set: 28.8ms
[37654.542s][info][gc,phases   ] GC(93)   Post Evacuate Collection Set: 1.0ms
[37654.542s][info][gc,phases   ] GC(93)   Other: 0.1ms
[37654.542s][info][gc,heap     ] GC(93) Eden regions: 190->0(600)
[37654.542s][info][gc,heap     ] GC(93) Survivor regions: 14->14(26)
[37654.542s][info][gc,heap     ] GC(93) Old regions: 50->50
[37654.542s][info][gc,heap     ] GC(93) Humongous regions: 0->0
[37654.542s][info][gc,metaspace] GC(93) Metaspace: 222540K(224256K)->222540K(224256K) NonClass: 190302K(191232K)->190302K(191232K) Class: 32238K(33024K)->32238K(33024K)
[37654.542s][info][gc          ] GC(93) Pause Young (Prepare Mixed) (G1 Evacuation Pause) 2027M->507M(8192M) 30.397ms
[37654.542s][info][gc,cpu      ] GC(93) User=0.11s Sys=0.00s Real=0.03s
[37714.095s][info][gc,start    ] GC(94) Pause Young (Mixed) (G1 Evacuation Pause)
[37714.095s][info][gc,task     ] GC(94) Using 4 workers of 4 for evacuation
[37714.139s][info][gc,phases   ] GC(94)   Pre Evacuate Collection Set: 0.4ms
[37714.139s][info][gc,phases   ] GC(94)   Merge Heap Roots: 0.2ms
[37714.139s][info][gc,phases   ] GC(94)   Evacuate Collection Set: 41.5ms
[37714.139s][info][gc,phases   ] GC(94)   Post Evacuate Collection Set: 1.3ms
[37714.139s][info][gc,phases   ] GC(94)   Other: 0.1ms
[37714.139s][info][gc,heap     ] GC(94) Eden regions: 600->0(214)
[37714.139s][info][gc,heap     ] GC(94) Survivor regions: 14->15(77)
[37714.139s][info][gc,heap     ] GC(94) Old regions: 50->50
[37714.139s][info][gc,heap     ] GC(94) Humongous regions: 0->0
[37714.139s][info][gc,metaspace] GC(94) Metaspace: 222552K(224320K)->222552K(224320K) NonClass: 190312K(191296K)->190312K(191296K) Class: 32239K(33024K)->32239K(33024K)
[37714.139s][info][gc          ] GC(94) Pause Young (Mixed) (G1 Evacuation Pause) 5307M->513M(8192M) 43.753ms
[37714.139s][info][gc,cpu      ] GC(94) User=0.17s Sys=0.00s Real=0.05s
[37734.830s][info][gc,start    ] GC(95) Pause Young (Concurrent Start) (G1 Evacuation Pause)
[37734.830s][info][gc,task     ] GC(95) Using 4 workers of 4 for evacuation
[37734.862s][info][gc,phases   ] GC(95)   Pre Evacuate Collection Set: 0.3ms
[37734.862s][info][gc,phases   ] GC(95)   Merge Heap Roots: 0.1ms
[37734.862s][info][gc,phases   ] GC(95)   Evacuate Collection Set: 29.9ms
[37734.862s][info][gc,phases   ] GC(95)   Post Evacuate Collection Set: 0.8ms
[37734.862s][info][gc,phases   ] GC(95)   Other: 0.1ms
[37734.862s][info][gc,heap     ] GC(95) Eden regions: 219->0(307)
[37734.862s][info][gc,heap     ] GC(95) Survivor regions: 15->15(30)
[37734.862s][info][gc,heap     ] GC(95) Old regions: 50->50
[37734.862s][info][gc,heap     ] GC(95) Humongous regions: 0->0
[37734.862s][info][gc,metaspace] GC(95) Metaspace: 222557K(224320K)->222557K(224320K) NonClass: 190316K(191296K)->190316K(191296K) Class: 32240K(33024K)->32240K(33024K)
[37734.862s][info][gc          ] GC(95) Pause Young (Concurrent Start) (G1 Evacuation Pause) 2265M->510M(8192M) 31.361ms
[37734.862s][info][gc,cpu      ] GC(95) User=0.12s Sys=0.00s Real=0.03s
[37734.862s][info][gc          ] GC(96) Concurrent Mark Cycle
[37734.862s][info][gc,marking  ] GC(96) Concurrent Scan Root Regions
[37734.908s][info][gc,marking  ] GC(96) Concurrent Scan Root Regions 45.671ms
[37734.908s][info][gc,marking  ] GC(96) Concurrent Mark
[37734.908s][info][gc,marking  ] GC(96) Concurrent Mark From Roots
[37734.908s][info][gc,task     ] GC(96) Using 1 workers of 1 for marking
[37735.450s][info][gc,marking  ] GC(96) Concurrent Mark From Roots 541.957ms
[37735.450s][info][gc,marking  ] GC(96) Concurrent Preclean
[37735.450s][info][gc,marking  ] GC(96) Concurrent Preclean 0.913ms
[37735.451s][info][gc,start    ] GC(96) Pause Remark
[37735.490s][info][gc          ] GC(96) Pause Remark 662M->662M(8192M) 39.327ms
[37735.490s][info][gc,cpu      ] GC(96) User=0.11s Sys=0.00s Real=0.04s
[37735.492s][info][gc,marking  ] GC(96) Concurrent Mark 584.711ms
[37735.492s][info][gc,marking  ] GC(96) Concurrent Rebuild Remembered Sets and Scrub Regions
[37735.662s][info][gc,marking  ] GC(96) Concurrent Rebuild Remembered Sets and Scrub Regions 170.039ms
[37735.662s][info][gc,start    ] GC(96) Pause Cleanup
[37735.663s][info][gc          ] GC(96) Pause Cleanup 677M->677M(8192M) 0.195ms
[37735.663s][info][gc,cpu      ] GC(96) User=0.00s Sys=0.00s Real=0.00s
[37735.663s][info][gc,marking  ] GC(96) Concurrent Clear Claimed Marks
[37735.663s][info][gc,marking  ] GC(96) Concurrent Clear Claimed Marks 0.173ms
[37735.663s][info][gc,marking  ] GC(96) Concurrent Cleanup for Next Mark
[37735.672s][info][gc,marking  ] GC(96) Concurrent Cleanup for Next Mark 8.736ms
[37735.672s][info][gc          ] GC(96) Concurrent Mark Cycle 809.829ms
[37762.769s][info][gc,start    ] GC(97) Pause Young (Prepare Mixed) (G1 Evacuation Pause)
[37762.769s][info][gc,task     ] GC(97) Using 4 workers of 4 for evacuation
[37762.811s][info][gc,phases   ] GC(97)   Pre Evacuate Collection Set: 0.2ms
[37762.811s][info][gc,phases   ] GC(97)   Merge Heap Roots: 0.1ms
[37762.811s][info][gc,phases   ] GC(97)   Evacuate Collection Set: 40.2ms
[37762.811s][info][gc,phases   ] GC(97)   Post Evacuate Collection Set: 0.9ms
[37762.811s][info][gc,phases   ] GC(97)   Other: 0.1ms
[37762.811s][info][gc,heap     ] GC(97) Eden regions: 285->0(599)
[37762.811s][info][gc,heap     ] GC(97) Survivor regions: 15->15(38)
[37762.811s][info][gc,heap     ] GC(97) Old regions: 50->50
[37762.811s][info][gc,heap     ] GC(97) Humongous regions: 0->0
[37762.811s][info][gc,metaspace] GC(97) Metaspace: 222539K(224320K)->222539K(224320K) NonClass: 190305K(191296K)->190305K(191296K) Class: 32234K(33024K)->32234K(33024K)
[37762.811s][info][gc          ] GC(97) Pause Young (Prepare Mixed) (G1 Evacuation Pause) 2790M->514M(8192M) 41.720ms
[37762.811s][info][gc,cpu      ] GC(97) User=0.13s Sys=0.00s Real=0.04s
[37826.466s][info][gc,start    ] GC(98) Pause Young (Mixed) (G1 Evacuation Pause)
[37826.466s][info][gc,task     ] GC(98) Using 4 workers of 4 for evacuation
[37826.510s][info][gc,phases   ] GC(98)   Pre Evacuate Collection Set: 0.2ms
[37826.510s][info][gc,phases   ] GC(98)   Merge Heap Roots: 0.2ms
[37826.510s][info][gc,phases   ] GC(98)   Evacuate Collection Set: 42.0ms
[37826.510s][info][gc,phases   ] GC(98)   Post Evacuate Collection Set: 1.2ms
[37826.510s][info][gc,phases   ] GC(98)   Other: 0.1ms
[37826.510s][info][gc,heap     ] GC(98) Eden regions: 599->0(434)
[37826.510s][info][gc,heap     ] GC(98) Survivor regions: 15->15(77)
[37826.510s][info][gc,heap     ] GC(98) Old regions: 50->50
[37826.510s][info][gc,heap     ] GC(98) Humongous regions: 0->0
[37826.510s][info][gc,metaspace] GC(98) Metaspace: 222626K(224384K)->222626K(224384K) NonClass: 190386K(191360K)->190386K(191360K) Class: 32240K(33024K)->32240K(33024K)
[37826.510s][info][gc          ] GC(98) Pause Young (Mixed) (G1 Evacuation Pause) 5306M->510M(8192M) 43.893ms
[37826.510s][info][gc,cpu      ] GC(98) User=0.17s Sys=0.00s Real=0.05s
[37991.565s][info][gc,start    ] GC(99) Pause Young (Concurrent Start) (G1 Evacuation Pause)
[37991.565s][info][gc,task     ] GC(99) Using 4 workers of 4 for evacuation
[37991.599s][info][gc,phases   ] GC(99)   Pre Evacuate Collection Set: 0.4ms
[37991.599s][info][gc,phases   ] GC(99)   Merge Heap Roots: 0.1ms
[37991.599s][info][gc,phases   ] GC(99)   Evacuate Collection Set: 33.1ms
[37991.599s][info][gc,phases   ] GC(99)   Post Evacuate Collection Set: 0.9ms
[37991.599s][info][gc,phases   ] GC(99)   Other: 0.1ms
[37991.599s][info][gc,heap     ] GC(99) Eden regions: 449->0(580)
[37991.599s][info][gc,heap     ] GC(99) Survivor regions: 15->14(58)
[37991.599s][info][gc,heap     ] GC(99) Old regions: 50->50
[37991.599s][info][gc,heap     ] GC(99) Humongous regions: 0->0
[37991.599s][info][gc,metaspace] GC(99) Metaspace: 222768K(224512K)->222768K(224512K) NonClass: 190509K(191488K)->190509K(191488K) Class: 32258K(33024K)->32258K(33024K)
[37991.599s][info][gc          ] GC(99) Pause Young (Concurrent Start) (G1 Evacuation Pause) 4102M->506M(8192M) 34.809ms
[37991.600s][info][gc          ] GC(100) Concurrent Mark Cycle
[37991.600s][info][gc,cpu      ] GC(99) User=0.13s Sys=0.00s Real=0.04s
[37991.600s][info][gc,marking  ] GC(100) Concurrent Scan Root Regions
[37991.644s][info][gc,marking  ] GC(100) Concurrent Scan Root Regions 44.773ms
[37991.644s][info][gc,marking  ] GC(100) Concurrent Mark
[37991.644s][info][gc,marking  ] GC(100) Concurrent Mark From Roots
[37991.644s][info][gc,task     ] GC(100) Using 1 workers of 1 for marking
[37992.177s][info][gc,marking  ] GC(100) Concurrent Mark From Roots 532.639ms
[37992.177s][info][gc,marking  ] GC(100) Concurrent Preclean
[37992.178s][info][gc,marking  ] GC(100) Concurrent Preclean 0.970ms
[37992.178s][info][gc,start    ] GC(100) Pause Remark
[37992.209s][info][gc          ] GC(100) Pause Remark 538M->538M(8192M) 31.339ms
[37992.209s][info][gc,cpu      ] GC(100) User=0.09s Sys=0.00s Real=0.04s
[37992.210s][info][gc,marking  ] GC(100) Concurrent Mark 565.261ms
[37992.210s][info][gc,marking  ] GC(100) Concurrent Rebuild Remembered Sets and Scrub Regions
[37992.380s][info][gc,marking  ] GC(100) Concurrent Rebuild Remembered Sets and Scrub Regions 170.266ms
[37992.380s][info][gc,start    ] GC(100) Pause Cleanup
[37992.380s][info][gc          ] GC(100) Pause Cleanup 538M->538M(8192M) 0.196ms
[37992.380s][info][gc,cpu      ] GC(100) User=0.00s Sys=0.00s Real=0.00s
[37992.380s][info][gc,marking  ] GC(100) Concurrent Clear Claimed Marks
[37992.381s][info][gc,marking  ] GC(100) Concurrent Clear Claimed Marks 0.203ms
[37992.381s][info][gc,marking  ] GC(100) Concurrent Cleanup for Next Mark
[37992.388s][info][gc,marking  ] GC(100) Concurrent Cleanup for Next Mark 7.117ms
[37992.388s][info][gc          ] GC(100) Concurrent Mark Cycle 788.167ms
[38049.564s][info][gc,start    ] GC(101) Pause Young (Prepare Mixed) (G1 Evacuation Pause)
[38049.565s][info][gc,task     ] GC(101) Using 4 workers of 4 for evacuation
[38049.598s][info][gc,phases   ] GC(101)   Pre Evacuate Collection Set: 0.2ms
[38049.598s][info][gc,phases   ] GC(101)   Merge Heap Roots: 0.1ms
[38049.598s][info][gc,phases   ] GC(101)   Evacuate Collection Set: 31.6ms
[38049.598s][info][gc,phases   ] GC(101)   Post Evacuate Collection Set: 1.0ms
[38049.598s][info][gc,phases   ] GC(101)   Other: 0.1ms
[38049.598s][info][gc,heap     ] GC(101) Eden regions: 564->0(600)
[38049.598s][info][gc,heap     ] GC(101) Survivor regions: 14->14(73)
[38049.598s][info][gc,heap     ] GC(101) Old regions: 50->50
[38049.598s][info][gc,heap     ] GC(101) Humongous regions: 0->0
[38049.598s][info][gc,metaspace] GC(101) Metaspace: 222734K(224512K)->222734K(224512K) NonClass: 190488K(191488K)->190488K(191488K) Class: 32246K(33024K)->32246K(33024K)
[38049.598s][info][gc          ] GC(101) Pause Young (Prepare Mixed) (G1 Evacuation Pause) 5018M->507M(8192M) 33.182ms
[38049.598s][info][gc,cpu      ] GC(101) User=0.13s Sys=0.00s Real=0.03s
[38137.626s][info][gc,start    ] GC(102) Pause Young (Mixed) (G1 Evacuation Pause)
[38137.626s][info][gc,task     ] GC(102) Using 4 workers of 4 for evacuation
[38137.664s][info][gc,phases   ] GC(102)   Pre Evacuate Collection Set: 0.2ms
[38137.664s][info][gc,phases   ] GC(102)   Merge Heap Roots: 0.1ms
[38137.664s][info][gc,phases   ] GC(102)   Evacuate Collection Set: 35.9ms
[38137.664s][info][gc,phases   ] GC(102)   Post Evacuate Collection Set: 1.1ms
[38137.664s][info][gc,phases   ] GC(102)   Other: 0.1ms
[38137.664s][info][gc,heap     ] GC(102) Eden regions: 600->0(600)
[38137.664s][info][gc,heap     ] GC(102) Survivor regions: 14->14(77)
[38137.664s][info][gc,heap     ] GC(102) Old regions: 50->50
[38137.664s][info][gc,heap     ] GC(102) Humongous regions: 0->0
[38137.664s][info][gc,metaspace] GC(102) Metaspace: 222761K(224512K)->222761K(224512K) NonClass: 190512K(191488K)->190512K(191488K) Class: 32249K(33024K)->32249K(33024K)
[38137.664s][info][gc          ] GC(102) Pause Young (Mixed) (G1 Evacuation Pause) 5307M->507M(8192M) 37.552ms
[38137.664s][info][gc,cpu      ] GC(102) User=0.15s Sys=0.00s Real=0.04s
[38189.533s][info][gc,start    ] GC(103) Pause Young (Concurrent Start) (G1 Evacuation Pause)
[38189.533s][info][gc,task     ] GC(103) Using 4 workers of 4 for evacuation
[38189.567s][info][gc,phases   ] GC(103)   Pre Evacuate Collection Set: 0.2ms
[38189.568s][info][gc,phases   ] GC(103)   Merge Heap Roots: 0.2ms
[38189.568s][info][gc,phases   ] GC(103)   Evacuate Collection Set: 32.5ms
[38189.568s][info][gc,phases   ] GC(103)   Post Evacuate Collection Set: 1.1ms
[38189.568s][info][gc,phases   ] GC(103)   Other: 0.1ms
[38189.568s][info][gc,heap     ] GC(103) Eden regions: 600->0(601)
[38189.568s][info][gc,heap     ] GC(103) Survivor regions: 14->13(77)
[38189.568s][info][gc,heap     ] GC(103) Old regions: 50->50
[38189.568s][info][gc,heap     ] GC(103) Humongous regions: 0->0
[38189.568s][info][gc,metaspace] GC(103) Metaspace: 222765K(224512K)->222765K(224512K) NonClass: 190516K(191488K)->190516K(191488K) Class: 32249K(33024K)->32249K(33024K)
[38189.568s][info][gc          ] GC(103) Pause Young (Concurrent Start) (G1 Evacuation Pause) 5307M->496M(8192M) 34.376ms
[38189.568s][info][gc,cpu      ] GC(103) User=0.13s Sys=0.00s Real=0.03s
[38189.568s][info][gc          ] GC(104) Concurrent Mark Cycle
[38189.568s][info][gc,marking  ] GC(104) Concurrent Scan Root Regions
[38189.607s][info][gc,marking  ] GC(104) Concurrent Scan Root Regions 39.480ms
[38189.607s][info][gc,marking  ] GC(104) Concurrent Mark
[38189.607s][info][gc,marking  ] GC(104) Concurrent Mark From Roots
[38189.607s][info][gc,task     ] GC(104) Using 1 workers of 1 for marking
[38190.142s][info][gc,marking  ] GC(104) Concurrent Mark From Roots 534.808ms
[38190.142s][info][gc,marking  ] GC(104) Concurrent Preclean
[38190.143s][info][gc,marking  ] GC(104) Concurrent Preclean 1.019ms
[38190.143s][info][gc,start    ] GC(104) Pause Remark
[38190.165s][info][gc          ] GC(104) Pause Remark 509M->509M(8192M) 21.689ms
[38190.165s][info][gc,cpu      ] GC(104) User=0.07s Sys=0.00s Real=0.02s
[38190.165s][info][gc,marking  ] GC(104) Concurrent Mark 557.760ms
[38190.165s][info][gc,marking  ] GC(104) Concurrent Rebuild Remembered Sets and Scrub Regions
[38190.336s][info][gc,marking  ] GC(104) Concurrent Rebuild Remembered Sets and Scrub Regions 171.208ms
[38190.336s][info][gc,start    ] GC(104) Pause Cleanup
[38190.337s][info][gc          ] GC(104) Pause Cleanup 509M->509M(8192M) 0.223ms
[38190.337s][info][gc,cpu      ] GC(104) User=0.00s Sys=0.00s Real=0.00s
[38190.337s][info][gc,marking  ] GC(104) Concurrent Clear Claimed Marks
[38190.337s][info][gc,marking  ] GC(104) Concurrent Clear Claimed Marks 0.221ms
[38190.337s][info][gc,marking  ] GC(104) Concurrent Cleanup for Next Mark
[38190.346s][info][gc,marking  ] GC(104) Concurrent Cleanup for Next Mark 9.161ms
[38190.346s][info][gc          ] GC(104) Concurrent Mark Cycle 778.448ms
[38244.188s][info][gc,start    ] GC(105) Pause Young (Prepare Mixed) (G1 Evacuation Pause)
[38244.188s][info][gc,task     ] GC(105) Using 4 workers of 4 for evacuation
[38244.222s][info][gc,phases   ] GC(105)   Pre Evacuate Collection Set: 0.2ms
[38244.222s][info][gc,phases   ] GC(105)   Merge Heap Roots: 0.2ms
[38244.222s][info][gc,phases   ] GC(105)   Evacuate Collection Set: 32.9ms
[38244.222s][info][gc,phases   ] GC(105)   Post Evacuate Collection Set: 1.1ms
[38244.222s][info][gc,phases   ] GC(105)   Other: 0.1ms
[38244.222s][info][gc,heap     ] GC(105) Eden regions: 601->0(601)
[38244.222s][info][gc,heap     ] GC(105) Survivor regions: 13->13(77)
[38244.222s][info][gc,heap     ] GC(105) Old regions: 50->50
[38244.222s][info][gc,heap     ] GC(105) Humongous regions: 0->0
[38244.222s][info][gc,metaspace] GC(105) Metaspace: 222778K(224512K)->222778K(224512K) NonClass: 190529K(191488K)->190529K(191488K) Class: 32249K(33024K)->32249K(33024K)
[38244.222s][info][gc          ] GC(105) Pause Young (Prepare Mixed) (G1 Evacuation Pause) 5304M->497M(8192M) 34.601ms
[38244.222s][info][gc,cpu      ] GC(105) User=0.13s Sys=0.00s Real=0.04s
[38283.058s][info][gc,start    ] GC(106) Pause Young (Mixed) (G1 Evacuation Pause)
[38283.059s][info][gc,task     ] GC(106) Using 4 workers of 4 for evacuation
[38283.095s][info][gc,phases   ] GC(106)   Pre Evacuate Collection Set: 0.2ms
[38283.095s][info][gc,phases   ] GC(106)   Merge Heap Roots: 0.2ms
[38283.095s][info][gc,phases   ] GC(106)   Evacuate Collection Set: 34.5ms
[38283.095s][info][gc,phases   ] GC(106)   Post Evacuate Collection Set: 1.4ms
[38283.095s][info][gc,phases   ] GC(106)   Other: 0.1ms
[38283.095s][info][gc,heap     ] GC(106) Eden regions: 601->0(600)
[38283.095s][info][gc,heap     ] GC(106) Survivor regions: 13->14(77)
[38283.095s][info][gc,heap     ] GC(106) Old regions: 50->50
[38283.095s][info][gc,heap     ] GC(106) Humongous regions: 0->0
[38283.095s][info][gc,metaspace] GC(106) Metaspace: 222780K(224512K)->222780K(224512K) NonClass: 190531K(191488K)->190531K(191488K) Class: 32249K(33024K)->32249K(33024K)
[38283.095s][info][gc          ] GC(106) Pause Young (Mixed) (G1 Evacuation Pause) 5305M->507M(8192M) 36.554ms
[38283.095s][info][gc,cpu      ] GC(106) User=0.14s Sys=0.00s Real=0.03s
[38389.766s][info][gc,start    ] GC(107) Pause Young (Concurrent Start) (G1 Evacuation Pause)
[38389.766s][info][gc,task     ] GC(107) Using 4 workers of 4 for evacuation
[38389.785s][info][gc,phases   ] GC(107)   Pre Evacuate Collection Set: 0.2ms
[38389.785s][info][gc,phases   ] GC(107)   Merge Heap Roots: 0.2ms
[38389.785s][info][gc,phases   ] GC(107)   Evacuate Collection Set: 17.7ms
[38389.785s][info][gc,phases   ] GC(107)   Post Evacuate Collection Set: 1.1ms
[38389.785s][info][gc,phases   ] GC(107)   Other: 0.1ms
[38389.785s][info][gc,heap     ] GC(107) Eden regions: 600->0(605)
[38389.785s][info][gc,heap     ] GC(107) Survivor regions: 14->9(77)
[38389.785s][info][gc,heap     ] GC(107) Old regions: 50->51
[38389.785s][info][gc,heap     ] GC(107) Humongous regions: 0->0
[38389.785s][info][gc,metaspace] GC(107) Metaspace: 222794K(224512K)->222794K(224512K) NonClass: 190545K(191488K)->190545K(191488K) Class: 32249K(33024K)->32249K(33024K)
[38389.785s][info][gc          ] GC(107) Pause Young (Concurrent Start) (G1 Evacuation Pause) 5307M->468M(8192M) 19.433ms
[38389.785s][info][gc          ] GC(108) Concurrent Mark Cycle
[38389.785s][info][gc,marking  ] GC(108) Concurrent Scan Root Regions
[38389.785s][info][gc,cpu      ] GC(107) User=0.07s Sys=0.00s Real=0.02s
[38389.809s][info][gc,marking  ] GC(108) Concurrent Scan Root Regions 23.588ms
[38389.809s][info][gc,marking  ] GC(108) Concurrent Mark
[38389.809s][info][gc,marking  ] GC(108) Concurrent Mark From Roots
[38389.809s][info][gc,task     ] GC(108) Using 1 workers of 1 for marking
[38390.352s][info][gc,marking  ] GC(108) Concurrent Mark From Roots 543.293ms
[38390.352s][info][gc,marking  ] GC(108) Concurrent Preclean
[38390.353s][info][gc,marking  ] GC(108) Concurrent Preclean 1.020ms
[38390.353s][info][gc,start    ] GC(108) Pause Remark
[38390.369s][info][gc          ] GC(108) Pause Remark 564M->564M(8192M) 15.589ms
[38390.369s][info][gc,cpu      ] GC(108) User=0.05s Sys=0.00s Real=0.02s
[38390.369s][info][gc,marking  ] GC(108) Concurrent Mark 560.121ms
[38390.369s][info][gc,marking  ] GC(108) Concurrent Rebuild Remembered Sets and Scrub Regions
[38390.543s][info][gc,marking  ] GC(108) Concurrent Rebuild Remembered Sets and Scrub Regions 174.111ms
[38390.543s][info][gc,start    ] GC(108) Pause Cleanup
[38390.544s][info][gc          ] GC(108) Pause Cleanup 564M->564M(8192M) 0.185ms
[38390.544s][info][gc,cpu      ] GC(108) User=0.00s Sys=0.00s Real=0.00s
[38390.544s][info][gc,marking  ] GC(108) Concurrent Clear Claimed Marks
[38390.544s][info][gc,marking  ] GC(108) Concurrent Clear Claimed Marks 0.186ms
[38390.544s][info][gc,marking  ] GC(108) Concurrent Cleanup for Next Mark
[38390.552s][info][gc,marking  ] GC(108) Concurrent Cleanup for Next Mark 8.141ms
[38390.552s][info][gc          ] GC(108) Concurrent Mark Cycle 766.643ms
[38483.966s][info][gc,start    ] GC(109) Pause Young (Prepare Mixed) (G1 Evacuation Pause)
[38483.966s][info][gc,task     ] GC(109) Using 4 workers of 4 for evacuation
[38483.998s][info][gc,phases   ] GC(109)   Pre Evacuate Collection Set: 0.2ms
[38483.998s][info][gc,phases   ] GC(109)   Merge Heap Roots: 0.2ms
[38483.998s][info][gc,phases   ] GC(109)   Evacuate Collection Set: 30.1ms
[38483.998s][info][gc,phases   ] GC(109)   Post Evacuate Collection Set: 1.1ms
[38483.998s][info][gc,phases   ] GC(109)   Other: 0.1ms
[38483.998s][info][gc,heap     ] GC(109) Eden regions: 605->0(602)
[38483.998s][info][gc,heap     ] GC(109) Survivor regions: 9->12(77)
[38483.998s][info][gc,heap     ] GC(109) Old regions: 51->51
[38483.998s][info][gc,heap     ] GC(109) Humongous regions: 0->0
[38483.998s][info][gc,metaspace] GC(109) Metaspace: 222814K(224512K)->222814K(224512K) NonClass: 190565K(191488K)->190565K(191488K) Class: 32249K(33024K)->32249K(33024K)
[38483.998s][info][gc          ] GC(109) Pause Young (Prepare Mixed) (G1 Evacuation Pause) 5308M->499M(8192M) 31.946ms
[38483.998s][info][gc,cpu      ] GC(109) User=0.12s Sys=0.00s Real=0.03s
[38575.595s][info][gc,start    ] GC(110) Pause Young (Mixed) (G1 Evacuation Pause)
[38575.595s][info][gc,task     ] GC(110) Using 4 workers of 4 for evacuation
[38575.636s][info][gc,phases   ] GC(110)   Pre Evacuate Collection Set: 0.3ms
[38575.637s][info][gc,phases   ] GC(110)   Merge Heap Roots: 0.2ms
[38575.637s][info][gc,phases   ] GC(110)   Evacuate Collection Set: 39.8ms
[38575.637s][info][gc,phases   ] GC(110)   Post Evacuate Collection Set: 1.1ms
[38575.637s][info][gc,phases   ] GC(110)   Other: 0.1ms
[38575.637s][info][gc,heap     ] GC(110) Eden regions: 602->0(603)
[38575.637s][info][gc,heap     ] GC(110) Survivor regions: 12->11(77)
[38575.637s][info][gc,heap     ] GC(110) Old regions: 51->51
[38575.637s][info][gc,heap     ] GC(110) Humongous regions: 0->0
[38575.637s][info][gc,metaspace] GC(110) Metaspace: 222817K(224512K)->222817K(224512K) NonClass: 190568K(191488K)->190568K(191488K) Class: 32249K(33024K)->32249K(33024K)
[38575.637s][info][gc          ] GC(110) Pause Young (Mixed) (G1 Evacuation Pause) 5315M->489M(8192M) 41.635ms
[38575.637s][info][gc,cpu      ] GC(110) User=0.13s Sys=0.00s Real=0.04s
[38612.482s][info][gc,start    ] GC(111) Pause Young (Concurrent Start) (G1 Evacuation Pause)
[38612.482s][info][gc,task     ] GC(111) Using 4 workers of 4 for evacuation
[38612.519s][info][gc,phases   ] GC(111)   Pre Evacuate Collection Set: 0.3ms
[38612.520s][info][gc,phases   ] GC(111)   Merge Heap Roots: 0.2ms
[38612.520s][info][gc,phases   ] GC(111)   Evacuate Collection Set: 36.1ms
[38612.520s][info][gc,phases   ] GC(111)   Post Evacuate Collection Set: 1.0ms
[38612.520s][info][gc,phases   ] GC(111)   Other: 0.1ms
[38612.520s][info][gc,heap     ] GC(111) Eden regions: 603->0(602)
[38612.520s][info][gc,heap     ] GC(111) Survivor regions: 11->12(77)
[38612.520s][info][gc,heap     ] GC(111) Old regions: 51->51
[38612.520s][info][gc,heap     ] GC(111) Humongous regions: 0->0
[38612.520s][info][gc,metaspace] GC(111) Metaspace: 222819K(224512K)->222819K(224512K) NonClass: 190570K(191488K)->190570K(191488K) Class: 32249K(33024K)->32249K(33024K)
[38612.520s][info][gc          ] GC(111) Pause Young (Concurrent Start) (G1 Evacuation Pause) 5313M->495M(8192M) 37.780ms
[38612.520s][info][gc          ] GC(112) Concurrent Mark Cycle
[38612.520s][info][gc,marking  ] GC(112) Concurrent Scan Root Regions
[38612.520s][info][gc,cpu      ] GC(111) User=0.11s Sys=0.00s Real=0.04s
[38612.556s][info][gc,marking  ] GC(112) Concurrent Scan Root Regions 35.909ms
[38612.556s][info][gc,marking  ] GC(112) Concurrent Mark
[38612.556s][info][gc,marking  ] GC(112) Concurrent Mark From Roots
[38612.556s][info][gc,task     ] GC(112) Using 1 workers of 1 for marking
[38613.114s][info][gc,marking  ] GC(112) Concurrent Mark From Roots 558.252ms
[38613.114s][info][gc,marking  ] GC(112) Concurrent Preclean
[38613.115s][info][gc,marking  ] GC(112) Concurrent Preclean 0.976ms
[38613.115s][info][gc,start    ] GC(112) Pause Remark
[38613.131s][info][gc          ] GC(112) Pause Remark 627M->627M(8192M) 15.776ms
[38613.131s][info][gc,cpu      ] GC(112) User=0.04s Sys=0.00s Real=0.02s
[38613.131s][info][gc,marking  ] GC(112) Concurrent Mark 575.478ms
[38613.131s][info][gc,marking  ] GC(112) Concurrent Rebuild Remembered Sets and Scrub Regions
[38613.309s][info][gc,marking  ] GC(112) Concurrent Rebuild Remembered Sets and Scrub Regions 178.160ms
[38613.309s][info][gc,start    ] GC(112) Pause Cleanup
[38613.310s][info][gc          ] GC(112) Pause Cleanup 663M->663M(8192M) 0.216ms
[38613.310s][info][gc,cpu      ] GC(112) User=0.00s Sys=0.00s Real=0.00s
[38613.310s][info][gc,marking  ] GC(112) Concurrent Clear Claimed Marks
[38613.310s][info][gc,marking  ] GC(112) Concurrent Clear Claimed Marks 0.189ms
[38613.310s][info][gc,marking  ] GC(112) Concurrent Cleanup for Next Mark
[38613.318s][info][gc,marking  ] GC(112) Concurrent Cleanup for Next Mark 8.069ms
[38613.318s][info][gc          ] GC(112) Concurrent Mark Cycle 798.342ms
[38640.301s][info][gc,start    ] GC(113) Pause Young (Prepare Mixed) (G1 Evacuation Pause)
[38640.301s][info][gc,task     ] GC(113) Using 4 workers of 4 for evacuation
[38640.339s][info][gc,phases   ] GC(113)   Pre Evacuate Collection Set: 0.2ms
[38640.339s][info][gc,phases   ] GC(113)   Merge Heap Roots: 0.2ms
[38640.339s][info][gc,phases   ] GC(113)   Evacuate Collection Set: 35.8ms
[38640.339s][info][gc,phases   ] GC(113)   Post Evacuate Collection Set: 1.0ms
[38640.339s][info][gc,phases   ] GC(113)   Other: 0.1ms
[38640.339s][info][gc,heap     ] GC(113) Eden regions: 602->0(601)
[38640.339s][info][gc,heap     ] GC(113) Survivor regions: 12->13(77)
[38640.339s][info][gc,heap     ] GC(113) Old regions: 51->51
[38640.339s][info][gc,heap     ] GC(113) Humongous regions: 0->0
[38640.339s][info][gc,metaspace] GC(113) Metaspace: 222830K(224512K)->222830K(224512K) NonClass: 190581K(191488K)->190581K(191488K) Class: 32249K(33024K)->32249K(33024K)
[38640.339s][info][gc          ] GC(113) Pause Young (Prepare Mixed) (G1 Evacuation Pause) 5311M->503M(8192M) 37.454ms
[38640.339s][info][gc,cpu      ] GC(113) User=0.12s Sys=0.00s Real=0.04s
[38670.972s][info][gc,start    ] GC(114) Pause Young (Mixed) (GCLocker Initiated GC)
[38670.972s][info][gc,task     ] GC(114) Using 4 workers of 4 for evacuation
[38671.006s][info][gc,phases   ] GC(114)   Pre Evacuate Collection Set: 0.3ms
[38671.006s][info][gc,phases   ] GC(114)   Merge Heap Roots: 0.1ms
[38671.006s][info][gc,phases   ] GC(114)   Evacuate Collection Set: 31.4ms
[38671.006s][info][gc,phases   ] GC(114)   Post Evacuate Collection Set: 1.1ms
[38671.006s][info][gc,phases   ] GC(114)   Other: 0.1ms
[38671.006s][info][gc,heap     ] GC(114) Eden regions: 601->0(601)
[38671.006s][info][gc,heap     ] GC(114) Survivor regions: 13->13(77)
[38671.006s][info][gc,heap     ] GC(114) Old regions: 51->51
[38671.006s][info][gc,heap     ] GC(114) Humongous regions: 0->0
[38671.006s][info][gc,metaspace] GC(114) Metaspace: 222834K(224512K)->222834K(224512K) NonClass: 190585K(191488K)->190585K(191488K) Class: 32249K(33024K)->32249K(33024K)
[38671.006s][info][gc          ] GC(114) Pause Young (Mixed) (GCLocker Initiated GC) 5311M->503M(8192M) 33.251ms
[38671.006s][info][gc,cpu      ] GC(114) User=0.12s Sys=0.00s Real=0.03s
[38752.479s][info][gc,start    ] GC(115) Pause Young (Concurrent Start) (G1 Evacuation Pause)
[38752.479s][info][gc,task     ] GC(115) Using 4 workers of 4 for evacuation
[38752.509s][info][gc,phases   ] GC(115)   Pre Evacuate Collection Set: 0.3ms
[38752.509s][info][gc,phases   ] GC(115)   Merge Heap Roots: 0.2ms
[38752.509s][info][gc,phases   ] GC(115)   Evacuate Collection Set: 28.5ms
[38752.509s][info][gc,phases   ] GC(115)   Post Evacuate Collection Set: 1.0ms
[38752.509s][info][gc,phases   ] GC(115)   Other: 0.1ms
[38752.509s][info][gc,heap     ] GC(115) Eden regions: 601->0(601)
[38752.509s][info][gc,heap     ] GC(115) Survivor regions: 13->13(77)
[38752.509s][info][gc,heap     ] GC(115) Old regions: 51->51
[38752.509s][info][gc,heap     ] GC(115) Humongous regions: 0->0
[38752.509s][info][gc,metaspace] GC(115) Metaspace: 222841K(224512K)->222841K(224512K) NonClass: 190592K(191488K)->190592K(191488K) Class: 32249K(33024K)->32249K(33024K)
[38752.509s][info][gc          ] GC(115) Pause Young (Concurrent Start) (G1 Evacuation Pause) 5311M->507M(8192M) 30.380ms
[38752.509s][info][gc,cpu      ] GC(115) User=0.12s Sys=0.00s Real=0.03s
[38752.509s][info][gc          ] GC(116) Concurrent Mark Cycle
[38752.509s][info][gc,marking  ] GC(116) Concurrent Scan Root Regions
[38752.548s][info][gc,marking  ] GC(116) Concurrent Scan Root Regions 38.356ms
[38752.548s][info][gc,marking  ] GC(116) Concurrent Mark
[38752.548s][info][gc,marking  ] GC(116) Concurrent Mark From Roots
[38752.548s][info][gc,task     ] GC(116) Using 1 workers of 1 for marking
[38753.100s][info][gc,marking  ] GC(116) Concurrent Mark From Roots 551.986ms
[38753.100s][info][gc,marking  ] GC(116) Concurrent Preclean
[38753.101s][info][gc,marking  ] GC(116) Concurrent Preclean 1.000ms
[38753.101s][info][gc,start    ] GC(116) Pause Remark
[38753.114s][info][gc          ] GC(116) Pause Remark 667M->667M(8192M) 12.832ms
[38753.114s][info][gc,cpu      ] GC(116) User=0.04s Sys=0.00s Real=0.01s
[38753.114s][info][gc,marking  ] GC(116) Concurrent Mark 566.174ms
[38753.114s][info][gc,marking  ] GC(116) Concurrent Rebuild Remembered Sets and Scrub Regions
[38753.290s][info][gc,marking  ] GC(116) Concurrent Rebuild Remembered Sets and Scrub Regions 175.750ms
[38753.290s][info][gc,start    ] GC(116) Pause Cleanup
[38753.290s][info][gc          ] GC(116) Pause Cleanup 695M->695M(8192M) 0.147ms
[38753.290s][info][gc,cpu      ] GC(116) User=0.00s Sys=0.00s Real=0.00s
[38753.290s][info][gc,marking  ] GC(116) Concurrent Clear Claimed Marks
[38753.290s][info][gc,marking  ] GC(116) Concurrent Clear Claimed Marks 0.195ms
[38753.290s][info][gc,marking  ] GC(116) Concurrent Cleanup for Next Mark
[38753.299s][info][gc,marking  ] GC(116) Concurrent Cleanup for Next Mark 8.810ms
[38753.299s][info][gc          ] GC(116) Concurrent Mark Cycle 789.830ms
[38782.329s][info][gc,start    ] GC(117) Pause Young (Prepare Mixed) (GCLocker Initiated GC)
[38782.329s][info][gc,task     ] GC(117) Using 4 workers of 4 for evacuation
[38782.360s][info][gc,phases   ] GC(117)   Pre Evacuate Collection Set: 0.3ms
[38782.360s][info][gc,phases   ] GC(117)   Merge Heap Roots: 0.2ms
[38782.360s][info][gc,phases   ] GC(117)   Evacuate Collection Set: 28.5ms
[38782.360s][info][gc,phases   ] GC(117)   Post Evacuate Collection Set: 1.1ms
[38782.360s][info][gc,phases   ] GC(117)   Other: 0.1ms
[38782.360s][info][gc,heap     ] GC(117) Eden regions: 601->0(602)
[38782.360s][info][gc,heap     ] GC(117) Survivor regions: 13->12(77)
[38782.360s][info][gc,heap     ] GC(117) Old regions: 51->51
[38782.360s][info][gc,heap     ] GC(117) Humongous regions: 0->0
[38782.360s][info][gc,metaspace] GC(117) Metaspace: 222850K(224512K)->222850K(224512K) NonClass: 190601K(191488K)->190601K(191488K) Class: 32249K(33024K)->32249K(33024K)
[38782.360s][info][gc          ] GC(117) Pause Young (Prepare Mixed) (GCLocker Initiated GC) 5315M->499M(8192M) 30.298ms
[38782.360s][info][gc,cpu      ] GC(117) User=0.12s Sys=0.00s Real=0.03s
[38808.731s][info][gc,start    ] GC(118) Pause Young (Mixed) (G1 Evacuation Pause)
[38808.731s][info][gc,task     ] GC(118) Using 4 workers of 4 for evacuation
[38808.774s][info][gc,phases   ] GC(118)   Pre Evacuate Collection Set: 0.3ms
[38808.774s][info][gc,phases   ] GC(118)   Merge Heap Roots: 0.1ms
[38808.774s][info][gc,phases   ] GC(118)   Evacuate Collection Set: 41.4ms
[38808.774s][info][gc,phases   ] GC(118)   Post Evacuate Collection Set: 1.2ms
[38808.774s][info][gc,phases   ] GC(118)   Other: 0.1ms
[38808.774s][info][gc,heap     ] GC(118) Eden regions: 602->0(602)
[38808.774s][info][gc,heap     ] GC(118) Survivor regions: 12->12(77)
[38808.774s][info][gc,heap     ] GC(118) Old regions: 51->51
[38808.774s][info][gc,heap     ] GC(118) Humongous regions: 0->0
[38808.774s][info][gc,metaspace] GC(118) Metaspace: 222899K(224576K)->222899K(224576K) NonClass: 190642K(191552K)->190642K(191552K) Class: 32257K(33024K)->32257K(33024K)
[38808.774s][info][gc          ] GC(118) Pause Young (Mixed) (G1 Evacuation Pause) 5315M->497M(8192M) 43.229ms
[38808.774s][info][gc,cpu      ] GC(118) User=0.13s Sys=0.00s Real=0.04s
[38923.785s][info][gc,start    ] GC(119) Pause Young (Concurrent Start) (G1 Evacuation Pause)
[38923.785s][info][gc,task     ] GC(119) Using 4 workers of 4 for evacuation
[38923.817s][info][gc,phases   ] GC(119)   Pre Evacuate Collection Set: 0.2ms
[38923.817s][info][gc,phases   ] GC(119)   Merge Heap Roots: 0.1ms
[38923.817s][info][gc,phases   ] GC(119)   Evacuate Collection Set: 30.7ms
[38923.817s][info][gc,phases   ] GC(119)   Post Evacuate Collection Set: 1.1ms
[38923.817s][info][gc,phases   ] GC(119)   Other: 0.1ms
[38923.817s][info][gc,heap     ] GC(119) Eden regions: 602->0(601)
[38923.817s][info][gc,heap     ] GC(119) Survivor regions: 12->13(77)
[38923.817s][info][gc,heap     ] GC(119) Old regions: 51->51
[38923.817s][info][gc,heap     ] GC(119) Humongous regions: 0->0
[38923.817s][info][gc,metaspace] GC(119) Metaspace: 223129K(224832K)->223129K(224832K) NonClass: 190833K(191744K)->190833K(191744K) Class: 32295K(33088K)->32295K(33088K)
[38923.818s][info][gc          ] GC(119) Pause Young (Concurrent Start) (G1 Evacuation Pause) 5313M->506M(8192M) 32.449ms
[38923.818s][info][gc          ] GC(120) Concurrent Mark Cycle
[38923.818s][info][gc,cpu      ] GC(119) User=0.13s Sys=0.00s Real=0.03s
[38923.818s][info][gc,marking  ] GC(120) Concurrent Scan Root Regions
[38923.859s][info][gc,marking  ] GC(120) Concurrent Scan Root Regions 40.978ms
[38923.859s][info][gc,marking  ] GC(120) Concurrent Mark
[38923.859s][info][gc,marking  ] GC(120) Concurrent Mark From Roots
[38923.859s][info][gc,task     ] GC(120) Using 1 workers of 1 for marking
[38924.416s][info][gc,marking  ] GC(120) Concurrent Mark From Roots 557.669ms
[38924.416s][info][gc,marking  ] GC(120) Concurrent Preclean
[38924.417s][info][gc,marking  ] GC(120) Concurrent Preclean 1.038ms
[38924.418s][info][gc,start    ] GC(120) Pause Remark
[38924.434s][info][gc          ] GC(120) Pause Remark 538M->538M(8192M) 16.269ms
[38924.434s][info][gc,cpu      ] GC(120) User=0.05s Sys=0.00s Real=0.02s
[38924.434s][info][gc,marking  ] GC(120) Concurrent Mark 575.354ms
[38924.434s][info][gc,marking  ] GC(120) Concurrent Rebuild Remembered Sets and Scrub Regions
[38924.612s][info][gc,marking  ] GC(120) Concurrent Rebuild Remembered Sets and Scrub Regions 177.678ms
[38924.612s][info][gc,start    ] GC(120) Pause Cleanup
[38924.612s][info][gc          ] GC(120) Pause Cleanup 538M->538M(8192M) 0.201ms
[38924.612s][info][gc,cpu      ] GC(120) User=0.00s Sys=0.00s Real=0.00s
[38924.612s][info][gc,marking  ] GC(120) Concurrent Clear Claimed Marks
[38924.612s][info][gc,marking  ] GC(120) Concurrent Clear Claimed Marks 0.195ms
[38924.612s][info][gc,marking  ] GC(120) Concurrent Cleanup for Next Mark
[38924.621s][info][gc,marking  ] GC(120) Concurrent Cleanup for Next Mark 8.761ms
[38924.621s][info][gc          ] GC(120) Concurrent Mark Cycle 803.529ms
[39008.769s][info][gc,start    ] GC(121) Pause Young (Prepare Mixed) (GCLocker Initiated GC)
[39008.769s][info][gc,task     ] GC(121) Using 4 workers of 4 for evacuation
[39008.807s][info][gc,phases   ] GC(121)   Pre Evacuate Collection Set: 0.3ms
[39008.807s][info][gc,phases   ] GC(121)   Merge Heap Roots: 0.2ms
[39008.807s][info][gc,phases   ] GC(121)   Evacuate Collection Set: 36.2ms
[39008.807s][info][gc,phases   ] GC(121)   Post Evacuate Collection Set: 1.2ms
[39008.807s][info][gc,phases   ] GC(121)   Other: 0.1ms
[39008.807s][info][gc,heap     ] GC(121) Eden regions: 601->0(599)
[39008.807s][info][gc,heap     ] GC(121) Survivor regions: 13->15(77)
[39008.807s][info][gc,heap     ] GC(121) Old regions: 51->51
[39008.807s][info][gc,heap     ] GC(121) Humongous regions: 0->0
[39008.807s][info][gc,metaspace] GC(121) Metaspace: 224717K(226624K)->224717K(226624K) NonClass: 192162K(193216K)->192162K(193216K) Class: 32554K(33408K)->32554K(33408K)
[39008.807s][info][gc          ] GC(121) Pause Young (Prepare Mixed) (GCLocker Initiated GC) 5314M->518M(8192M) 38.129ms
[39008.807s][info][gc,cpu      ] GC(121) User=0.14s Sys=0.00s Real=0.03s
[39377.571s][info][gc,start    ] GC(122) Pause Young (Mixed) (G1 Evacuation Pause)
[39377.571s][info][gc,task     ] GC(122) Using 4 workers of 4 for evacuation
[39377.620s][info][gc,phases   ] GC(122)   Pre Evacuate Collection Set: 0.4ms
[39377.620s][info][gc,phases   ] GC(122)   Merge Heap Roots: 0.2ms
[39377.620s][info][gc,phases   ] GC(122)   Evacuate Collection Set: 46.3ms
[39377.620s][info][gc,phases   ] GC(122)   Post Evacuate Collection Set: 1.7ms
[39377.620s][info][gc,phases   ] GC(122)   Other: 0.1ms
[39377.620s][info][gc,heap     ] GC(122) Eden regions: 599->0(599)
[39377.620s][info][gc,heap     ] GC(122) Survivor regions: 15->15(77)
[39377.620s][info][gc,heap     ] GC(122) Old regions: 51->51
[39377.620s][info][gc,heap     ] GC(122) Humongous regions: 0->0
[39377.620s][info][gc,metaspace] GC(122) Metaspace: 225122K(227008K)->225122K(227008K) NonClass: 192529K(193536K)->192529K(193536K) Class: 32593K(33472K)->32593K(33472K)
[39377.620s][info][gc          ] GC(122) Pause Young (Mixed) (G1 Evacuation Pause) 5310M->517M(8192M) 48.785ms
[39377.620s][info][gc,cpu      ] GC(122) User=0.19s Sys=0.00s Real=0.05s
[39980.166s][info][gc,start    ] GC(123) Pause Young (Concurrent Start) (G1 Evacuation Pause)
[39980.166s][info][gc,task     ] GC(123) Using 4 workers of 4 for evacuation
[39980.204s][info][gc,phases   ] GC(123)   Pre Evacuate Collection Set: 0.4ms
[39980.204s][info][gc,phases   ] GC(123)   Merge Heap Roots: 0.3ms
[39980.204s][info][gc,phases   ] GC(123)   Evacuate Collection Set: 36.4ms
[39980.204s][info][gc,phases   ] GC(123)   Post Evacuate Collection Set: 1.2ms
[39980.204s][info][gc,phases   ] GC(123)   Other: 0.2ms
[39980.204s][info][gc,heap     ] GC(123) Eden regions: 599->0(599)
[39980.204s][info][gc,heap     ] GC(123) Survivor regions: 15->15(77)
[39980.204s][info][gc,heap     ] GC(123) Old regions: 51->51
[39980.204s][info][gc,heap     ] GC(123) Humongous regions: 0->0
[39980.204s][info][gc,metaspace] GC(123) Metaspace: 225368K(227264K)->225368K(227264K) NonClass: 192762K(193792K)->192762K(193792K) Class: 32606K(33472K)->32606K(33472K)
[39980.204s][info][gc          ] GC(123) Pause Young (Concurrent Start) (G1 Evacuation Pause) 5309M->522M(8192M) 38.813ms
[39980.204s][info][gc          ] GC(124) Concurrent Mark Cycle
[39980.204s][info][gc,cpu      ] GC(123) User=0.15s Sys=0.00s Real=0.04s
[39980.204s][info][gc,marking  ] GC(124) Concurrent Scan Root Regions
[39980.251s][info][gc,marking  ] GC(124) Concurrent Scan Root Regions 46.890ms
[39980.251s][info][gc,marking  ] GC(124) Concurrent Mark
[39980.251s][info][gc,marking  ] GC(124) Concurrent Mark From Roots
[39980.251s][info][gc,task     ] GC(124) Using 1 workers of 1 for marking
[39980.812s][info][gc,marking  ] GC(124) Concurrent Mark From Roots 560.477ms
[39980.812s][info][gc,marking  ] GC(124) Concurrent Preclean
[39980.813s][info][gc,marking  ] GC(124) Concurrent Preclean 0.995ms
[39980.813s][info][gc,start    ] GC(124) Pause Remark
[39980.829s][info][gc          ] GC(124) Pause Remark 538M->538M(8192M) 15.374ms
[39980.829s][info][gc,cpu      ] GC(124) User=0.05s Sys=0.00s Real=0.02s
[39980.829s][info][gc,marking  ] GC(124) Concurrent Mark 577.311ms
[39980.829s][info][gc,marking  ] GC(124) Concurrent Rebuild Remembered Sets and Scrub Regions
[39981.005s][info][gc,marking  ] GC(124) Concurrent Rebuild Remembered Sets and Scrub Regions 176.229ms
[39981.005s][info][gc,start    ] GC(124) Pause Cleanup
[39981.005s][info][gc          ] GC(124) Pause Cleanup 538M->538M(8192M) 0.208ms
[39981.005s][info][gc,cpu      ] GC(124) User=0.00s Sys=0.00s Real=0.00s
[39981.005s][info][gc,marking  ] GC(124) Concurrent Clear Claimed Marks
[39981.006s][info][gc,marking  ] GC(124) Concurrent Clear Claimed Marks 0.211ms
[39981.006s][info][gc,marking  ] GC(124) Concurrent Cleanup for Next Mark
[39981.014s][info][gc,marking  ] GC(124) Concurrent Cleanup for Next Mark 8.859ms
[39981.015s][info][gc          ] GC(124) Concurrent Mark Cycle 810.112ms
[42292.785s][info][gc,start    ] GC(125) Pause Young (Prepare Mixed) (G1 Evacuation Pause)
[42292.785s][info][gc,task     ] GC(125) Using 4 workers of 4 for evacuation
[42292.819s][info][gc,phases   ] GC(125)   Pre Evacuate Collection Set: 0.5ms
[42292.819s][info][gc,phases   ] GC(125)   Merge Heap Roots: 0.3ms
[42292.819s][info][gc,phases   ] GC(125)   Evacuate Collection Set: 31.7ms
[42292.819s][info][gc,phases   ] GC(125)   Post Evacuate Collection Set: 1.2ms
[42292.819s][info][gc,phases   ] GC(125)   Other: 0.1ms
[42292.819s][info][gc,heap     ] GC(125) Eden regions: 599->0(602)
[42292.819s][info][gc,heap     ] GC(125) Survivor regions: 15->12(77)
[42292.819s][info][gc,heap     ] GC(125) Old regions: 51->51
[42292.819s][info][gc,heap     ] GC(125) Humongous regions: 0->0
[42292.819s][info][gc,metaspace] GC(125) Metaspace: 225418K(227264K)->225418K(227264K) NonClass: 192809K(193792K)->192809K(193792K) Class: 32608K(33472K)->32608K(33472K)
[42292.819s][info][gc          ] GC(125) Pause Young (Prepare Mixed) (G1 Evacuation Pause) 5314M->495M(8192M) 33.968ms
[42292.819s][info][gc,cpu      ] GC(125) User=0.13s Sys=0.00s Real=0.04s
[42674.501s][info][gc,start    ] GC(126) Pause Young (Mixed) (G1 Evacuation Pause)
[42674.501s][info][gc,task     ] GC(126) Using 4 workers of 4 for evacuation
[42674.539s][info][gc,phases   ] GC(126)   Pre Evacuate Collection Set: 0.2ms
[42674.539s][info][gc,phases   ] GC(126)   Merge Heap Roots: 0.3ms
[42674.539s][info][gc,phases   ] GC(126)   Evacuate Collection Set: 35.9ms
[42674.539s][info][gc,phases   ] GC(126)   Post Evacuate Collection Set: 1.2ms
[42674.539s][info][gc,phases   ] GC(126)   Other: 0.1ms
[42674.539s][info][gc,heap     ] GC(126) Eden regions: 602->0(602)
[42674.539s][info][gc,heap     ] GC(126) Survivor regions: 12->12(77)
[42674.539s][info][gc,heap     ] GC(126) Old regions: 51->51
[42674.539s][info][gc,heap     ] GC(126) Humongous regions: 0->0
[42674.539s][info][gc,metaspace] GC(126) Metaspace: 225442K(227328K)->225442K(227328K) NonClass: 192832K(193856K)->192832K(193856K) Class: 32609K(33472K)->32609K(33472K)
[42674.539s][info][gc          ] GC(126) Pause Young (Mixed) (G1 Evacuation Pause) 5311M->498M(8192M) 37.935ms
[42674.539s][info][gc,cpu      ] GC(126) User=0.14s Sys=0.00s Real=0.04s
[42873.330s][info][gc,start    ] GC(127) Pause Young (Normal) (G1 Evacuation Pause)
[42873.330s][info][gc,task     ] GC(127) Using 4 workers of 4 for evacuation
[42873.373s][info][gc,phases   ] GC(127)   Pre Evacuate Collection Set: 0.3ms
[42873.374s][info][gc,phases   ] GC(127)   Merge Heap Roots: 0.2ms
[42873.374s][info][gc,phases   ] GC(127)   Evacuate Collection Set: 41.6ms
[42873.374s][info][gc,phases   ] GC(127)   Post Evacuate Collection Set: 1.2ms
[42873.374s][info][gc,phases   ] GC(127)   Other: 0.1ms
[42873.374s][info][gc,heap     ] GC(127) Eden regions: 602->0(599)
[42873.374s][info][gc,heap     ] GC(127) Survivor regions: 12->15(77)
[42873.374s][info][gc,heap     ] GC(127) Old regions: 51->51
[42873.374s][info][gc,heap     ] GC(127) Humongous regions: 0->0
[42873.374s][info][gc,metaspace] GC(127) Metaspace: 225512K(227392K)->225512K(227392K) NonClass: 192892K(193920K)->192892K(193920K) Class: 32619K(33472K)->32619K(33472K)
[42873.374s][info][gc          ] GC(127) Pause Young (Normal) (G1 Evacuation Pause) 5314M->519M(8192M) 43.645ms
[42873.374s][info][gc,cpu      ] GC(127) User=0.15s Sys=0.00s Real=0.04s
[42965.471s][info][gc,start    ] GC(128) Pause Young (Concurrent Start) (G1 Evacuation Pause)
[42965.471s][info][gc,task     ] GC(128) Using 4 workers of 4 for evacuation
[42965.507s][info][gc,phases   ] GC(128)   Pre Evacuate Collection Set: 0.5ms
[42965.507s][info][gc,phases   ] GC(128)   Merge Heap Roots: 0.2ms
[42965.507s][info][gc,phases   ] GC(128)   Evacuate Collection Set: 34.3ms
[42965.507s][info][gc,phases   ] GC(128)   Post Evacuate Collection Set: 1.1ms
[42965.507s][info][gc,phases   ] GC(128)   Other: 0.2ms
[42965.507s][info][gc,heap     ] GC(128) Eden regions: 599->0(602)
[42965.507s][info][gc,heap     ] GC(128) Survivor regions: 15->12(77)
[42965.507s][info][gc,heap     ] GC(128) Old regions: 51->51
[42965.507s][info][gc,heap     ] GC(128) Humongous regions: 0->0
[42965.508s][info][gc,metaspace] GC(128) Metaspace: 225536K(227392K)->225536K(227392K) NonClass: 192916K(193920K)->192916K(193920K) Class: 32619K(33472K)->32619K(33472K)
[42965.508s][info][gc          ] GC(128) Pause Young (Concurrent Start) (G1 Evacuation Pause) 5311M->495M(8192M) 36.567ms
[42965.508s][info][gc,cpu      ] GC(128) User=0.12s Sys=0.00s Real=0.03s
[42965.508s][info][gc          ] GC(129) Concurrent Mark Cycle
[42965.508s][info][gc,marking  ] GC(129) Concurrent Scan Root Regions
[42965.548s][info][gc,marking  ] GC(129) Concurrent Scan Root Regions 40.303ms
[42965.548s][info][gc,marking  ] GC(129) Concurrent Mark
[42965.548s][info][gc,marking  ] GC(129) Concurrent Mark From Roots
[42965.548s][info][gc,task     ] GC(129) Using 1 workers of 1 for marking
[42966.104s][info][gc,marking  ] GC(129) Concurrent Mark From Roots 556.365ms
[42966.104s][info][gc,marking  ] GC(129) Concurrent Preclean
[42966.105s][info][gc,marking  ] GC(129) Concurrent Preclean 1.025ms
[42966.106s][info][gc,start    ] GC(129) Pause Remark
[42966.128s][info][gc          ] GC(129) Pause Remark 519M->519M(8192M) 22.232ms
[42966.128s][info][gc,cpu      ] GC(129) User=0.06s Sys=0.00s Real=0.02s
[42966.128s][info][gc,marking  ] GC(129) Concurrent Mark 579.944ms
[42966.128s][info][gc,marking  ] GC(129) Concurrent Rebuild Remembered Sets and Scrub Regions
[42966.307s][info][gc,marking  ] GC(129) Concurrent Rebuild Remembered Sets and Scrub Regions 178.738ms
[42966.307s][info][gc,start    ] GC(129) Pause Cleanup
[42966.307s][info][gc          ] GC(129) Pause Cleanup 523M->523M(8192M) 0.215ms
[42966.307s][info][gc,cpu      ] GC(129) User=0.00s Sys=0.00s Real=0.00s
[42966.307s][info][gc,marking  ] GC(129) Concurrent Clear Claimed Marks
[42966.307s][info][gc,marking  ] GC(129) Concurrent Clear Claimed Marks 0.230ms
[42966.307s][info][gc,marking  ] GC(129) Concurrent Cleanup for Next Mark
[42966.315s][info][gc,marking  ] GC(129) Concurrent Cleanup for Next Mark 7.649ms
[42966.315s][info][gc          ] GC(129) Concurrent Mark Cycle 807.462ms
[43327.265s][info][gc,start    ] GC(130) Pause Young (Prepare Mixed) (G1 Evacuation Pause)
[43327.265s][info][gc,task     ] GC(130) Using 4 workers of 4 for evacuation
[43327.300s][info][gc,phases   ] GC(130)   Pre Evacuate Collection Set: 0.6ms
[43327.300s][info][gc,phases   ] GC(130)   Merge Heap Roots: 0.3ms
[43327.300s][info][gc,phases   ] GC(130)   Evacuate Collection Set: 32.3ms
[43327.300s][info][gc,phases   ] GC(130)   Post Evacuate Collection Set: 1.5ms
[43327.300s][info][gc,phases   ] GC(130)   Other: 0.1ms
[43327.300s][info][gc,heap     ] GC(130) Eden regions: 602->0(600)
[43327.300s][info][gc,heap     ] GC(130) Survivor regions: 12->14(77)
[43327.300s][info][gc,heap     ] GC(130) Old regions: 51->51
[43327.300s][info][gc,heap     ] GC(130) Humongous regions: 0->0
[43327.300s][info][gc,metaspace] GC(130) Metaspace: 225679K(227584K)->225679K(227584K) NonClass: 193034K(194048K)->193034K(194048K) Class: 32645K(33536K)->32645K(33536K)
[43327.300s][info][gc          ] GC(130) Pause Young (Prepare Mixed) (G1 Evacuation Pause) 5311M->511M(8192M) 34.972ms
[43327.300s][info][gc,cpu      ] GC(130) User=0.13s Sys=0.00s Real=0.04s
[43662.136s][info][gc,start    ] GC(131) Pause Young (Mixed) (G1 Evacuation Pause)
[43662.136s][info][gc,task     ] GC(131) Using 4 workers of 4 for evacuation
[43662.185s][info][gc,phases   ] GC(131)   Pre Evacuate Collection Set: 0.3ms
[43662.185s][info][gc,phases   ] GC(131)   Merge Heap Roots: 0.3ms
[43662.185s][info][gc,phases   ] GC(131)   Evacuate Collection Set: 47.5ms
[43662.185s][info][gc,phases   ] GC(131)   Post Evacuate Collection Set: 1.2ms
[43662.185s][info][gc,phases   ] GC(131)   Other: 0.1ms
[43662.185s][info][gc,heap     ] GC(131) Eden regions: 600->0(600)
[43662.185s][info][gc,heap     ] GC(131) Survivor regions: 14->14(77)
[43662.185s][info][gc,heap     ] GC(131) Old regions: 51->51
[43662.185s][info][gc,heap     ] GC(131) Humongous regions: 0->0
[43662.185s][info][gc,metaspace] GC(131) Metaspace: 225767K(227648K)->225767K(227648K) NonClass: 193108K(194112K)->193108K(194112K) Class: 32659K(33536K)->32659K(33536K)
[43662.185s][info][gc          ] GC(131) Pause Young (Mixed) (G1 Evacuation Pause) 5311M->508M(8192M) 49.597ms
[43662.185s][info][gc,cpu      ] GC(131) User=0.15s Sys=0.00s Real=0.05s
[43731.404s][info][gc,start    ] GC(132) Pause Young (Normal) (G1 Evacuation Pause)
[43731.404s][info][gc,task     ] GC(132) Using 4 workers of 4 for evacuation
[43731.447s][info][gc,phases   ] GC(132)   Pre Evacuate Collection Set: 0.5ms
[43731.447s][info][gc,phases   ] GC(132)   Merge Heap Roots: 0.2ms
[43731.447s][info][gc,phases   ] GC(132)   Evacuate Collection Set: 40.9ms
[43731.447s][info][gc,phases   ] GC(132)   Post Evacuate Collection Set: 1.1ms
[43731.447s][info][gc,phases   ] GC(132)   Other: 0.1ms
[43731.447s][info][gc,heap     ] GC(132) Eden regions: 600->0(599)
[43731.447s][info][gc,heap     ] GC(132) Survivor regions: 14->15(77)
[43731.447s][info][gc,heap     ] GC(132) Old regions: 51->51
[43731.447s][info][gc,heap     ] GC(132) Humongous regions: 0->0
[43731.447s][info][gc,metaspace] GC(132) Metaspace: 225776K(227712K)->225776K(227712K) NonClass: 193117K(194176K)->193117K(194176K) Class: 32659K(33536K)->32659K(33536K)
[43731.447s][info][gc          ] GC(132) Pause Young (Normal) (G1 Evacuation Pause) 5308M->521M(8192M) 42.908ms
[43731.447s][info][gc,cpu      ] GC(132) User=0.16s Sys=0.00s Real=0.04s
[43786.148s][info][gc,start    ] GC(133) Pause Young (Normal) (G1 Evacuation Pause)
[43786.149s][info][gc,task     ] GC(133) Using 4 workers of 4 for evacuation
[43786.183s][info][gc,phases   ] GC(133)   Pre Evacuate Collection Set: 0.5ms
[43786.184s][info][gc,phases   ] GC(133)   Merge Heap Roots: 0.2ms
[43786.184s][info][gc,phases   ] GC(133)   Evacuate Collection Set: 32.2ms
[43786.184s][info][gc,phases   ] GC(133)   Post Evacuate Collection Set: 1.3ms
[43786.184s][info][gc,phases   ] GC(133)   Other: 0.1ms
[43786.184s][info][gc,heap     ] GC(133) Eden regions: 599->0(600)
[43786.184s][info][gc,heap     ] GC(133) Survivor regions: 15->14(77)
[43786.184s][info][gc,heap     ] GC(133) Old regions: 51->51
[43786.184s][info][gc,heap     ] GC(133) Humongous regions: 0->0
[43786.184s][info][gc,metaspace] GC(133) Metaspace: 225780K(227712K)->225780K(227712K) NonClass: 193121K(194176K)->193121K(194176K) Class: 32659K(33536K)->32659K(33536K)
[43786.184s][info][gc          ] GC(133) Pause Young (Normal) (G1 Evacuation Pause) 5313M->513M(8192M) 35.823ms
[43786.184s][info][gc,cpu      ] GC(133) User=0.14s Sys=0.00s Real=0.04s
[43838.807s][info][gc,start    ] GC(134) Pause Young (Normal) (G1 Evacuation Pause)
[43838.807s][info][gc,task     ] GC(134) Using 4 workers of 4 for evacuation
[43838.842s][info][gc,phases   ] GC(134)   Pre Evacuate Collection Set: 0.3ms
[43838.842s][info][gc,phases   ] GC(134)   Merge Heap Roots: 0.2ms
[43838.842s][info][gc,phases   ] GC(134)   Evacuate Collection Set: 33.5ms
[43838.842s][info][gc,phases   ] GC(134)   Post Evacuate Collection Set: 1.2ms
[43838.842s][info][gc,phases   ] GC(134)   Other: 0.1ms
[43838.842s][info][gc,heap     ] GC(134) Eden regions: 600->0(600)
[43838.842s][info][gc,heap     ] GC(134) Survivor regions: 14->14(77)
[43838.842s][info][gc,heap     ] GC(134) Old regions: 51->51
[43838.842s][info][gc,heap     ] GC(134) Humongous regions: 0->0
[43838.842s][info][gc,metaspace] GC(134) Metaspace: 225785K(227712K)->225785K(227712K) NonClass: 193126K(194176K)->193126K(194176K) Class: 32659K(33536K)->32659K(33536K)
[43838.842s][info][gc          ] GC(134) Pause Young (Normal) (G1 Evacuation Pause) 5313M->509M(8192M) 35.493ms
[43838.842s][info][gc,cpu      ] GC(134) User=0.14s Sys=0.00s Real=0.04s
[43871.644s][info][gc,start    ] GC(135) Pause Young (Normal) (GCLocker Initiated GC)
[43871.644s][info][gc,task     ] GC(135) Using 4 workers of 4 for evacuation
[43871.682s][info][gc,phases   ] GC(135)   Pre Evacuate Collection Set: 0.2ms
[43871.682s][info][gc,phases   ] GC(135)   Merge Heap Roots: 0.1ms
[43871.682s][info][gc,phases   ] GC(135)   Evacuate Collection Set: 35.4ms
[43871.682s][info][gc,phases   ] GC(135)   Post Evacuate Collection Set: 1.4ms
[43871.682s][info][gc,phases   ] GC(135)   Other: 0.1ms
[43871.682s][info][gc,heap     ] GC(135) Eden regions: 600->0(599)
[43871.682s][info][gc,heap     ] GC(135) Survivor regions: 14->15(77)
[43871.682s][info][gc,heap     ] GC(135) Old regions: 51->51
[43871.682s][info][gc,heap     ] GC(135) Humongous regions: 0->0
[43871.682s][info][gc,metaspace] GC(135) Metaspace: 225795K(227712K)->225795K(227712K) NonClass: 193136K(194176K)->193136K(194176K) Class: 32659K(33536K)->32659K(33536K)
[43871.682s][info][gc          ] GC(135) Pause Young (Normal) (GCLocker Initiated GC) 5309M->517M(8192M) 37.468ms
[43871.682s][info][gc,cpu      ] GC(135) User=0.14s Sys=0.00s Real=0.04s
[43979.831s][info][gc,start    ] GC(136) Pause Young (Normal) (G1 Evacuation Pause)
[43979.831s][info][gc,task     ] GC(136) Using 4 workers of 4 for evacuation
[43979.843s][info][gc,phases   ] GC(136)   Pre Evacuate Collection Set: 0.3ms
[43979.843s][info][gc,phases   ] GC(136)   Merge Heap Roots: 0.2ms
[43979.843s][info][gc,phases   ] GC(136)   Evacuate Collection Set: 10.6ms
[43979.843s][info][gc,phases   ] GC(136)   Post Evacuate Collection Set: 1.4ms
[43979.843s][info][gc,phases   ] GC(136)   Other: 0.1ms
[43979.843s][info][gc,heap     ] GC(136) Eden regions: 599->0(611)
[43979.843s][info][gc,heap     ] GC(136) Survivor regions: 15->3(77)
[43979.843s][info][gc,heap     ] GC(136) Old regions: 51->51
[43979.843s][info][gc,heap     ] GC(136) Humongous regions: 0->0
[43979.843s][info][gc,metaspace] GC(136) Metaspace: 225822K(227712K)->225822K(227712K) NonClass: 193162K(194176K)->193162K(194176K) Class: 32659K(33536K)->32659K(33536K)
[43979.843s][info][gc          ] GC(136) Pause Young (Normal) (G1 Evacuation Pause) 5309M->426M(8192M) 12.809ms
[43979.843s][info][gc,cpu      ] GC(136) User=0.05s Sys=0.00s Real=0.01s
[45429.863s][info][gc,start    ] GC(137) Pause Young (Normal) (G1 Evacuation Pause)
[45429.863s][info][gc,task     ] GC(137) Using 4 workers of 4 for evacuation
[45429.888s][info][gc,phases   ] GC(137)   Pre Evacuate Collection Set: 0.4ms
[45429.888s][info][gc,phases   ] GC(137)   Merge Heap Roots: 0.1ms
[45429.888s][info][gc,phases   ] GC(137)   Evacuate Collection Set: 22.4ms
[45429.888s][info][gc,phases   ] GC(137)   Post Evacuate Collection Set: 1.3ms
[45429.888s][info][gc,phases   ] GC(137)   Other: 0.1ms
[45429.888s][info][gc,heap     ] GC(137) Eden regions: 611->0(607)
[45429.888s][info][gc,heap     ] GC(137) Survivor regions: 3->7(77)
[45429.888s][info][gc,heap     ] GC(137) Old regions: 51->51
[45429.888s][info][gc,heap     ] GC(137) Humongous regions: 0->0
[45429.888s][info][gc,metaspace] GC(137) Metaspace: 225972K(227904K)->225972K(227904K) NonClass: 193310K(194368K)->193310K(194368K) Class: 32662K(33536K)->32662K(33536K)
[45429.888s][info][gc          ] GC(137) Pause Young (Normal) (G1 Evacuation Pause) 5314M->459M(8192M) 24.461ms
[45429.888s][info][gc,cpu      ] GC(137) User=0.09s Sys=0.00s Real=0.02s
[46051.414s][info][gc,start    ] GC(138) Pause Young (Normal) (G1 Evacuation Pause)
[46051.414s][info][gc,task     ] GC(138) Using 4 workers of 4 for evacuation
[46051.436s][info][gc,phases   ] GC(138)   Pre Evacuate Collection Set: 0.3ms
[46051.436s][info][gc,phases   ] GC(138)   Merge Heap Roots: 0.1ms
[46051.436s][info][gc,phases   ] GC(138)   Evacuate Collection Set: 19.9ms
[46051.436s][info][gc,phases   ] GC(138)   Post Evacuate Collection Set: 1.1ms
[46051.436s][info][gc,phases   ] GC(138)   Other: 0.1ms
[46051.436s][info][gc,heap     ] GC(138) Eden regions: 607->0(608)
[46051.436s][info][gc,heap     ] GC(138) Survivor regions: 7->6(77)
[46051.436s][info][gc,heap     ] GC(138) Old regions: 51->51
[46051.436s][info][gc,heap     ] GC(138) Humongous regions: 0->0
[46051.436s][info][gc,metaspace] GC(138) Metaspace: 226112K(228096K)->226112K(228096K) NonClass: 193437K(194496K)->193437K(194496K) Class: 32674K(33600K)->32674K(33600K)
[46051.436s][info][gc          ] GC(138) Pause Young (Normal) (G1 Evacuation Pause) 5315M->450M(8192M) 21.830ms
[46051.436s][info][gc,cpu      ] GC(138) User=0.08s Sys=0.00s Real=0.02s
[49719.163s][info][gc,start    ] GC(139) Pause Young (Normal) (G1 Evacuation Pause)
[49719.163s][info][gc,task     ] GC(139) Using 4 workers of 4 for evacuation
[49719.178s][info][gc,phases   ] GC(139)   Pre Evacuate Collection Set: 0.5ms
[49719.179s][info][gc,phases   ] GC(139)   Merge Heap Roots: 0.2ms
[49719.179s][info][gc,phases   ] GC(139)   Evacuate Collection Set: 13.3ms
[49719.179s][info][gc,phases   ] GC(139)   Post Evacuate Collection Set: 1.4ms
[49719.179s][info][gc,phases   ] GC(139)   Other: 0.2ms
[49719.179s][info][gc,heap     ] GC(139) Eden regions: 608->0(612)
[49719.179s][info][gc,heap     ] GC(139) Survivor regions: 6->2(77)
[49719.179s][info][gc,heap     ] GC(139) Old regions: 51->51
[49719.179s][info][gc,heap     ] GC(139) Humongous regions: 0->0
[49719.179s][info][gc,metaspace] GC(139) Metaspace: 226132K(228096K)->226132K(228096K) NonClass: 193458K(194496K)->193458K(194496K) Class: 32674K(33600K)->32674K(33600K)
[49719.179s][info][gc          ] GC(139) Pause Young (Normal) (G1 Evacuation Pause) 5314M->419M(8192M) 16.035ms
[49719.179s][info][gc,cpu      ] GC(139) User=0.06s Sys=0.00s Real=0.02s
[53791.563s][info][gc,start    ] GC(140) Pause Young (Normal) (G1 Evacuation Pause)
[53791.563s][info][gc,task     ] GC(140) Using 4 workers of 4 for evacuation
[53791.582s][info][gc,phases   ] GC(140)   Pre Evacuate Collection Set: 0.6ms
[53791.582s][info][gc,phases   ] GC(140)   Merge Heap Roots: 0.1ms
[53791.582s][info][gc,phases   ] GC(140)   Evacuate Collection Set: 17.1ms
[53791.582s][info][gc,phases   ] GC(140)   Post Evacuate Collection Set: 1.6ms
[53791.582s][info][gc,phases   ] GC(140)   Other: 0.1ms
[53791.582s][info][gc,heap     ] GC(140) Eden regions: 612->0(612)
[53791.582s][info][gc,heap     ] GC(140) Survivor regions: 2->2(77)
[53791.582s][info][gc,heap     ] GC(140) Old regions: 51->51
[53791.582s][info][gc,heap     ] GC(140) Humongous regions: 0->0
[53791.582s][info][gc,metaspace] GC(140) Metaspace: 226179K(228160K)->226179K(228160K) NonClass: 193505K(194560K)->193505K(194560K) Class: 32674K(33600K)->32674K(33600K)
[53791.582s][info][gc          ] GC(140) Pause Young (Normal) (G1 Evacuation Pause) 5315M->415M(8192M) 19.718ms
[53791.582s][info][gc,cpu      ] GC(140) User=0.07s Sys=0.00s Real=0.02s
[57850.761s][info][gc,start    ] GC(141) Pause Young (Normal) (G1 Evacuation Pause)
[57850.761s][info][gc,task     ] GC(141) Using 4 workers of 4 for evacuation
[57850.790s][info][gc,phases   ] GC(141)   Pre Evacuate Collection Set: 1.0ms
[57850.790s][info][gc,phases   ] GC(141)   Merge Heap Roots: 0.2ms
[57850.790s][info][gc,phases   ] GC(141)   Evacuate Collection Set: 26.4ms
[57850.790s][info][gc,phases   ] GC(141)   Post Evacuate Collection Set: 1.5ms
[57850.791s][info][gc,phases   ] GC(141)   Other: 0.2ms
[57850.791s][info][gc,heap     ] GC(141) Eden regions: 612->0(613)
[57850.791s][info][gc,heap     ] GC(141) Survivor regions: 2->1(77)
[57850.791s][info][gc,heap     ] GC(141) Old regions: 51->51
[57850.791s][info][gc,heap     ] GC(141) Humongous regions: 0->0
[57850.791s][info][gc,metaspace] GC(141) Metaspace: 226198K(228160K)->226198K(228160K) NonClass: 193524K(194560K)->193524K(194560K) Class: 32674K(33600K)->32674K(33600K)
[57850.791s][info][gc          ] GC(141) Pause Young (Normal) (G1 Evacuation Pause) 5311M->414M(8192M) 29.509ms
[57850.791s][info][gc,cpu      ] GC(141) User=0.10s Sys=0.00s Real=0.03s
[61916.910s][info][gc,start    ] GC(142) Pause Young (Normal) (G1 Evacuation Pause)
[61916.911s][info][gc,task     ] GC(142) Using 4 workers of 4 for evacuation
[61916.934s][info][gc,phases   ] GC(142)   Pre Evacuate Collection Set: 1.3ms
[61916.934s][info][gc,phases   ] GC(142)   Merge Heap Roots: 0.3ms
[61916.934s][info][gc,phases   ] GC(142)   Evacuate Collection Set: 19.9ms
[61916.934s][info][gc,phases   ] GC(142)   Post Evacuate Collection Set: 2.0ms
[61916.934s][info][gc,phases   ] GC(142)   Other: 0.3ms
[61916.934s][info][gc,heap     ] GC(142) Eden regions: 613->0(613)
[61916.934s][info][gc,heap     ] GC(142) Survivor regions: 1->1(77)
[61916.934s][info][gc,heap     ] GC(142) Old regions: 51->52
[61916.934s][info][gc,heap     ] GC(142) Humongous regions: 0->0
[61916.934s][info][gc,metaspace] GC(142) Metaspace: 226278K(228288K)->226278K(228288K) NonClass: 193603K(194688K)->193603K(194688K) Class: 32674K(33600K)->32674K(33600K)
[61916.934s][info][gc          ] GC(142) Pause Young (Normal) (G1 Evacuation Pause) 5318M->415M(8192M) 23.999ms
[61916.934s][info][gc,cpu      ] GC(142) User=0.08s Sys=0.00s Real=0.02s
[65990.863s][info][gc,start    ] GC(143) Pause Young (Normal) (G1 Evacuation Pause)
[65990.863s][info][gc,task     ] GC(143) Using 4 workers of 4 for evacuation
[65990.882s][info][gc,phases   ] GC(143)   Pre Evacuate Collection Set: 1.5ms
[65990.882s][info][gc,phases   ] GC(143)   Merge Heap Roots: 0.2ms
[65990.882s][info][gc,phases   ] GC(143)   Evacuate Collection Set: 14.9ms
[65990.882s][info][gc,phases   ] GC(143)   Post Evacuate Collection Set: 1.6ms
[65990.882s][info][gc,phases   ] GC(143)   Other: 0.2ms
[65990.882s][info][gc,heap     ] GC(143) Eden regions: 613->0(613)
[65990.882s][info][gc,heap     ] GC(143) Survivor regions: 1->1(77)
[65990.882s][info][gc,heap     ] GC(143) Old regions: 52->52
[65990.882s][info][gc,heap     ] GC(143) Humongous regions: 0->0
[65990.882s][info][gc,metaspace] GC(143) Metaspace: 226319K(228288K)->226319K(228288K) NonClass: 193645K(194688K)->193645K(194688K) Class: 32674K(33600K)->32674K(33600K)
[65990.882s][info][gc          ] GC(143) Pause Young (Normal) (G1 Evacuation Pause) 5319M->414M(8192M) 18.691ms
[65990.882s][info][gc,cpu      ] GC(143) User=0.06s Sys=0.00s Real=0.02s
[70075.600s][info][gc,start    ] GC(144) Pause Young (Normal) (G1 Evacuation Pause)
[70075.600s][info][gc,task     ] GC(144) Using 4 workers of 4 for evacuation
[70075.634s][info][gc,phases   ] GC(144)   Pre Evacuate Collection Set: 1.6ms
[70075.634s][info][gc,phases   ] GC(144)   Merge Heap Roots: 0.2ms
[70075.634s][info][gc,phases   ] GC(144)   Evacuate Collection Set: 29.8ms
[70075.634s][info][gc,phases   ] GC(144)   Post Evacuate Collection Set: 1.5ms
[70075.634s][info][gc,phases   ] GC(144)   Other: 0.3ms
[70075.634s][info][gc,heap     ] GC(144) Eden regions: 613->0(613)
[70075.634s][info][gc,heap     ] GC(144) Survivor regions: 1->1(77)
[70075.634s][info][gc,heap     ] GC(144) Old regions: 52->52
[70075.634s][info][gc,heap     ] GC(144) Humongous regions: 0->0
[70075.634s][info][gc,metaspace] GC(144) Metaspace: 226338K(228288K)->226338K(228288K) NonClass: 193664K(194688K)->193664K(194688K) Class: 32674K(33600K)->32674K(33600K)
[70075.634s][info][gc          ] GC(144) Pause Young (Normal) (G1 Evacuation Pause) 5318M->414M(8192M) 33.677ms
[70075.634s][info][gc,cpu      ] GC(144) User=0.12s Sys=0.00s Real=0.03s
[74132.963s][info][gc,start    ] GC(145) Pause Young (Normal) (G1 Evacuation Pause)
[74132.963s][info][gc,task     ] GC(145) Using 4 workers of 4 for evacuation
[74132.977s][info][gc,phases   ] GC(145)   Pre Evacuate Collection Set: 0.3ms
[74132.977s][info][gc,phases   ] GC(145)   Merge Heap Roots: 0.2ms
[74132.977s][info][gc,phases   ] GC(145)   Evacuate Collection Set: 11.3ms
[74132.977s][info][gc,phases   ] GC(145)   Post Evacuate Collection Set: 2.2ms
[74132.977s][info][gc,phases   ] GC(145)   Other: 0.2ms
[74132.977s][info][gc,heap     ] GC(145) Eden regions: 613->0(613)
[74132.977s][info][gc,heap     ] GC(145) Survivor regions: 1->1(77)
[74132.977s][info][gc,heap     ] GC(145) Old regions: 52->52
[74132.977s][info][gc,heap     ] GC(145) Humongous regions: 0->0
[74132.977s][info][gc,metaspace] GC(145) Metaspace: 226341K(228288K)->226341K(228288K) NonClass: 193667K(194688K)->193667K(194688K) Class: 32674K(33600K)->32674K(33600K)
[74132.977s][info][gc          ] GC(145) Pause Young (Normal) (G1 Evacuation Pause) 5318M->414M(8192M) 14.871ms
[74132.977s][info][gc,cpu      ] GC(145) User=0.05s Sys=0.00s Real=0.01s
[78207.024s][info][gc,start    ] GC(146) Pause Young (Normal) (G1 Evacuation Pause)
[78207.024s][info][gc,task     ] GC(146) Using 4 workers of 4 for evacuation
[78207.043s][info][gc,phases   ] GC(146)   Pre Evacuate Collection Set: 0.6ms
[78207.043s][info][gc,phases   ] GC(146)   Merge Heap Roots: 0.1ms
[78207.043s][info][gc,phases   ] GC(146)   Evacuate Collection Set: 17.2ms
[78207.043s][info][gc,phases   ] GC(146)   Post Evacuate Collection Set: 1.4ms
[78207.043s][info][gc,phases   ] GC(146)   Other: 0.2ms
[78207.043s][info][gc,heap     ] GC(146) Eden regions: 613->0(613)
[78207.043s][info][gc,heap     ] GC(146) Survivor regions: 1->1(77)
[78207.043s][info][gc,heap     ] GC(146) Old regions: 52->52
[78207.043s][info][gc,heap     ] GC(146) Humongous regions: 0->0
[78207.043s][info][gc,metaspace] GC(146) Metaspace: 226361K(228352K)->226361K(228352K) NonClass: 193687K(194752K)->193687K(194752K) Class: 32674K(33600K)->32674K(33600K)
[78207.043s][info][gc          ] GC(146) Pause Young (Normal) (G1 Evacuation Pause) 5318M->415M(8192M) 19.837ms
[78207.043s][info][gc,cpu      ] GC(146) User=0.07s Sys=0.00s Real=0.02s
[82287.016s][info][gc,start    ] GC(147) Pause Young (Normal) (G1 Evacuation Pause)
[82287.017s][info][gc,task     ] GC(147) Using 4 workers of 4 for evacuation
[82287.036s][info][gc,phases   ] GC(147)   Pre Evacuate Collection Set: 0.7ms
[82287.036s][info][gc,phases   ] GC(147)   Merge Heap Roots: 0.2ms
[82287.036s][info][gc,phases   ] GC(147)   Evacuate Collection Set: 16.4ms
[82287.036s][info][gc,phases   ] GC(147)   Post Evacuate Collection Set: 1.6ms
[82287.036s][info][gc,phases   ] GC(147)   Other: 0.2ms
[82287.036s][info][gc,heap     ] GC(147) Eden regions: 613->0(613)
[82287.036s][info][gc,heap     ] GC(147) Survivor regions: 1->1(77)
[82287.036s][info][gc,heap     ] GC(147) Old regions: 52->52
[82287.036s][info][gc,heap     ] GC(147) Humongous regions: 0->0
[82287.036s][info][gc,metaspace] GC(147) Metaspace: 226394K(228352K)->226394K(228352K) NonClass: 193720K(194752K)->193720K(194752K) Class: 32674K(33600K)->32674K(33600K)
[82287.036s][info][gc          ] GC(147) Pause Young (Normal) (G1 Evacuation Pause) 5319M->415M(8192M) 19.306ms
[82287.036s][info][gc,cpu      ] GC(147) User=0.07s Sys=0.00s Real=0.02s
[86356.653s][info][gc,start    ] GC(148) Pause Young (Normal) (G1 Evacuation Pause)
[86356.653s][info][gc,task     ] GC(148) Using 4 workers of 4 for evacuation
[86356.687s][info][gc,phases   ] GC(148)   Pre Evacuate Collection Set: 1.3ms
[86356.687s][info][gc,phases   ] GC(148)   Merge Heap Roots: 0.2ms
[86356.687s][info][gc,phases   ] GC(148)   Evacuate Collection Set: 29.9ms
[86356.687s][info][gc,phases   ] GC(148)   Post Evacuate Collection Set: 1.9ms
[86356.687s][info][gc,phases   ] GC(148)   Other: 0.2ms
[86356.687s][info][gc,heap     ] GC(148) Eden regions: 613->0(613)
[86356.687s][info][gc,heap     ] GC(148) Survivor regions: 1->1(77)
[86356.687s][info][gc,heap     ] GC(148) Old regions: 52->52
[86356.687s][info][gc,heap     ] GC(148) Humongous regions: 0->0
[86356.687s][info][gc,metaspace] GC(148) Metaspace: 226395K(228352K)->226395K(228352K) NonClass: 193721K(194752K)->193721K(194752K) Class: 32674K(33600K)->32674K(33600K)
[86356.687s][info][gc          ] GC(148) Pause Young (Normal) (G1 Evacuation Pause) 5319M->414M(8192M) 33.871ms
[86356.687s][info][gc,cpu      ] GC(148) User=0.13s Sys=0.00s Real=0.03s
