[0.030s][info][gc,init] CardTable entry size: 512
[0.031s][info][gc     ] Using G1
[2.740s][info][gc,init] Version: 21.0.6+7-LTS (release)
[2.740s][info][gc,init] CPUs: 4 total, 4 available
[2.740s][info][gc,init] Memory: 23980M
[2.740s][info][gc,init] Large Page Support: Disabled
[2.740s][info][gc,init] NUMA Support: Disabled
[2.740s][info][gc,init] Compressed Oops: Enabled (Zero based)
[2.740s][info][gc,init] Heap Region Size: 8M
[2.740s][info][gc,init] Heap Min Capacity: 8G
[2.740s][info][gc,init] Heap Initial Capacity: 8G
[2.740s][info][gc,init] Heap Max Capacity: 8G
[2.740s][info][gc,init] Pre-touch: Enabled
[2.740s][info][gc,init] Parallel Workers: 4
[2.740s][info][gc,init] Concurrent Workers: 1
[2.740s][info][gc,init] Concurrent Refinement Workers: 4
[2.740s][info][gc,init] Periodic GC: Disabled
[2.752s][info][gc,metaspace] CDS archive(s) mapped at: [0x000000c000000000-0x000000c000ca0000-0x000000c000ca0000), size 13238272, SharedBaseAddress: 0x000000c000000000, ArchiveRelocationMode: 1.
[2.752s][info][gc,metaspace] Compressed class space mapped at: 0x000000c001000000-0x000000c041000000, reserved size: 1073741824
[2.752s][info][gc,metaspace] Narrow klass base: 0x000000c000000000, Narrow klass shift: 0, Narrow klass range: 0x100000000
[4.631s][info][gc,start    ] GC(0) Pause Young (Concurrent Start) (Metadata GC Threshold)
[4.631s][info][gc,task     ] GC(0) Using 4 workers of 4 for evacuation
[4.638s][info][gc,phases   ] GC(0)   Pre Evacuate Collection Set: 0.2ms
[4.638s][info][gc,phases   ] GC(0)   Merge Heap Roots: 0.1ms
[4.638s][info][gc,phases   ] GC(0)   Evacuate Collection Set: 5.6ms
[4.638s][info][gc,phases   ] GC(0)   Post Evacuate Collection Set: 0.9ms
[4.638s][info][gc,phases   ] GC(0)   Other: 0.1ms
[4.638s][info][gc,heap     ] GC(0) Eden regions: 30->0(202)
[4.638s][info][gc,heap     ] GC(0) Survivor regions: 0->2(26)
[4.638s][info][gc,heap     ] GC(0) Old regions: 1->1
[4.638s][info][gc,heap     ] GC(0) Humongous regions: 68->0
[4.638s][info][gc,metaspace] GC(0) Metaspace: 21053K(21504K)->21053K(21504K) NonClass: 18734K(19008K)->18734K(19008K) Class: 2318K(2496K)->2318K(2496K)
[4.638s][info][gc          ] GC(0) Pause Young (Concurrent Start) (Metadata GC Threshold) 781M->14M(8192M) 7.096ms
[4.638s][info][gc,cpu      ] GC(0) User=0.02s Sys=0.01s Real=0.01s
[4.638s][info][gc          ] GC(1) Concurrent Mark Cycle
[4.638s][info][gc,marking  ] GC(1) Concurrent Scan Root Regions
[4.643s][info][gc,marking  ] GC(1) Concurrent Scan Root Regions 5.146ms
[4.643s][info][gc,marking  ] GC(1) Concurrent Mark
[4.643s][info][gc,marking  ] GC(1) Concurrent Mark From Roots
[4.643s][info][gc,task     ] GC(1) Using 1 workers of 1 for marking
[4.645s][info][gc,marking  ] GC(1) Concurrent Mark From Roots 1.796ms
[4.645s][info][gc,marking  ] GC(1) Concurrent Preclean
[4.645s][info][gc,marking  ] GC(1) Concurrent Preclean 0.010ms
[4.645s][info][gc,start    ] GC(1) Pause Remark
[4.647s][info][gc          ] GC(1) Pause Remark 22M->22M(8192M) 2.369ms
[4.647s][info][gc,cpu      ] GC(1) User=0.00s Sys=0.00s Real=0.00s
[4.647s][info][gc,marking  ] GC(1) Concurrent Mark 4.422ms
[4.647s][info][gc,marking  ] GC(1) Concurrent Rebuild Remembered Sets and Scrub Regions
[4.648s][info][gc,marking  ] GC(1) Concurrent Rebuild Remembered Sets and Scrub Regions 0.674ms
[4.648s][info][gc,start    ] GC(1) Pause Cleanup
[4.648s][info][gc          ] GC(1) Pause Cleanup 22M->22M(8192M) 0.192ms
[4.649s][info][gc,cpu      ] GC(1) User=0.00s Sys=0.00s Real=0.00s
[4.649s][info][gc,marking  ] GC(1) Concurrent Clear Claimed Marks
[4.649s][info][gc,marking  ] GC(1) Concurrent Clear Claimed Marks 0.029ms
[4.649s][info][gc,marking  ] GC(1) Concurrent Cleanup for Next Mark
[4.656s][info][gc,marking  ] GC(1) Concurrent Cleanup for Next Mark 7.594ms
[4.656s][info][gc          ] GC(1) Concurrent Mark Cycle 18.410ms
[8.349s][info][gc,start    ] GC(2) Pause Young (Prepare Mixed) (Metadata GC Threshold)
[8.349s][info][gc,task     ] GC(2) Using 4 workers of 4 for evacuation
[8.385s][info][gc,phases   ] GC(2)   Pre Evacuate Collection Set: 0.2ms
[8.385s][info][gc,phases   ] GC(2)   Merge Heap Roots: 0.1ms
[8.385s][info][gc,phases   ] GC(2)   Evacuate Collection Set: 33.1ms
[8.385s][info][gc,phases   ] GC(2)   Post Evacuate Collection Set: 2.3ms
[8.385s][info][gc,phases   ] GC(2)   Other: 0.1ms
[8.385s][info][gc,heap     ] GC(2) Eden regions: 132->0(195)
[8.385s][info][gc,heap     ] GC(2) Survivor regions: 2->9(26)
[8.385s][info][gc,heap     ] GC(2) Old regions: 1->1
[8.385s][info][gc,heap     ] GC(2) Humongous regions: 0->0
[8.385s][info][gc,metaspace] GC(2) Metaspace: 35617K(36160K)->35617K(36160K) NonClass: 31638K(32000K)->31638K(32000K) Class: 3979K(4160K)->3979K(4160K)
[8.385s][info][gc          ] GC(2) Pause Young (Prepare Mixed) (Metadata GC Threshold) 1069M->70M(8192M) 36.015ms
[8.385s][info][gc,cpu      ] GC(2) User=0.11s Sys=0.00s Real=0.04s
[8.413s][info][gc,start    ] GC(3) Pause Young (Mixed) (Metadata GC Threshold)
[8.413s][info][gc,task     ] GC(3) Using 4 workers of 4 for evacuation
[8.439s][info][gc,phases   ] GC(3)   Pre Evacuate Collection Set: 0.2ms
[8.439s][info][gc,phases   ] GC(3)   Merge Heap Roots: 0.1ms
[8.439s][info][gc,phases   ] GC(3)   Evacuate Collection Set: 23.4ms
[8.439s][info][gc,phases   ] GC(3)   Post Evacuate Collection Set: 1.6ms
[8.439s][info][gc,phases   ] GC(3)   Other: 0.1ms
[8.439s][info][gc,heap     ] GC(3) Eden regions: 1->0(196)
[8.439s][info][gc,heap     ] GC(3) Survivor regions: 9->8(26)
[8.439s][info][gc,heap     ] GC(3) Old regions: 1->1
[8.439s][info][gc,heap     ] GC(3) Humongous regions: 0->0
[8.439s][info][gc,metaspace] GC(3) Metaspace: 35987K(36480K)->35987K(36480K) NonClass: 31966K(32256K)->31966K(32256K) Class: 4020K(4224K)->4020K(4224K)
[8.439s][info][gc          ] GC(3) Pause Young (Mixed) (Metadata GC Threshold) 74M->64M(8192M) 25.443ms
[8.439s][info][gc,cpu      ] GC(3) User=0.09s Sys=0.00s Real=0.02s
[8.457s][info][gc,start    ] GC(4) Pause Young (Concurrent Start) (Metadata GC Threshold)
[8.457s][info][gc,task     ] GC(4) Using 4 workers of 4 for evacuation
[8.479s][info][gc,phases   ] GC(4)   Pre Evacuate Collection Set: 0.2ms
[8.479s][info][gc,phases   ] GC(4)   Merge Heap Roots: 0.0ms
[8.479s][info][gc,phases   ] GC(4)   Evacuate Collection Set: 19.8ms
[8.479s][info][gc,phases   ] GC(4)   Post Evacuate Collection Set: 1.7ms
[8.479s][info][gc,phases   ] GC(4)   Other: 0.1ms
[8.479s][info][gc,heap     ] GC(4) Eden regions: 1->0(196)
[8.479s][info][gc,heap     ] GC(4) Survivor regions: 8->8(26)
[8.479s][info][gc,heap     ] GC(4) Old regions: 1->1
[8.479s][info][gc,heap     ] GC(4) Humongous regions: 0->0
[8.479s][info][gc,metaspace] GC(4) Metaspace: 36292K(36800K)->36292K(36800K) NonClass: 32223K(32512K)->32223K(32512K) Class: 4069K(4288K)->4069K(4288K)
[8.479s][info][gc          ] GC(4) Pause Young (Concurrent Start) (Metadata GC Threshold) 69M->64M(8192M) 22.002ms
[8.479s][info][gc,cpu      ] GC(4) User=0.08s Sys=0.00s Real=0.02s
[8.479s][info][gc          ] GC(5) Concurrent Mark Cycle
[8.479s][info][gc,marking  ] GC(5) Concurrent Scan Root Regions
[8.499s][info][gc,marking  ] GC(5) Concurrent Scan Root Regions 19.598ms
[8.499s][info][gc,marking  ] GC(5) Concurrent Mark
[8.499s][info][gc,marking  ] GC(5) Concurrent Mark From Roots
[8.499s][info][gc,task     ] GC(5) Using 1 workers of 1 for marking
[8.501s][info][gc,marking  ] GC(5) Concurrent Mark From Roots 1.770ms
[8.501s][info][gc,marking  ] GC(5) Concurrent Preclean
[8.501s][info][gc,marking  ] GC(5) Concurrent Preclean 0.011ms
[8.502s][info][gc,start    ] GC(5) Pause Remark
[8.508s][info][gc          ] GC(5) Pause Remark 69M->69M(8192M) 6.722ms
[8.508s][info][gc,cpu      ] GC(5) User=0.02s Sys=0.00s Real=0.01s
[8.508s][info][gc,marking  ] GC(5) Concurrent Mark 9.419ms
[8.508s][info][gc,marking  ] GC(5) Concurrent Rebuild Remembered Sets and Scrub Regions
[8.509s][info][gc,marking  ] GC(5) Concurrent Rebuild Remembered Sets and Scrub Regions 0.610ms
[8.509s][info][gc,start    ] GC(5) Pause Cleanup
[8.509s][info][gc          ] GC(5) Pause Cleanup 69M->69M(8192M) 0.153ms
[8.509s][info][gc,cpu      ] GC(5) User=0.00s Sys=0.00s Real=0.00s
[8.509s][info][gc,marking  ] GC(5) Concurrent Clear Claimed Marks
[8.509s][info][gc,marking  ] GC(5) Concurrent Clear Claimed Marks 0.052ms
[8.509s][info][gc,marking  ] GC(5) Concurrent Cleanup for Next Mark
[8.518s][info][gc,marking  ] GC(5) Concurrent Cleanup for Next Mark 8.480ms
[8.518s][info][gc          ] GC(5) Concurrent Mark Cycle 38.649ms
[11.433s][info][gc,start    ] GC(6) Pause Young (Concurrent Start) (Metadata GC Threshold)
[11.433s][info][gc,task     ] GC(6) Using 4 workers of 4 for evacuation
[11.531s][info][gc,phases   ] GC(6)   Pre Evacuate Collection Set: 0.6ms
[11.531s][info][gc,phases   ] GC(6)   Merge Heap Roots: 0.1ms
[11.531s][info][gc,phases   ] GC(6)   Evacuate Collection Set: 92.3ms
[11.531s][info][gc,phases   ] GC(6)   Post Evacuate Collection Set: 4.6ms
[11.531s][info][gc,phases   ] GC(6)   Other: 0.1ms
[11.531s][info][gc,heap     ] GC(6) Eden regions: 83->0(181)
[11.531s][info][gc,heap     ] GC(6) Survivor regions: 8->23(26)
[11.531s][info][gc,heap     ] GC(6) Old regions: 1->1
[11.531s][info][gc,heap     ] GC(6) Humongous regions: 0->0
[11.531s][info][gc,metaspace] GC(6) Metaspace: 61050K(61760K)->61050K(61760K) NonClass: 52777K(53184K)->52777K(53184K) Class: 8273K(8576K)->8273K(8576K)
[11.531s][info][gc          ] GC(6) Pause Young (Concurrent Start) (Metadata GC Threshold) 727M->184M(8192M) 97.865ms
[11.531s][info][gc,cpu      ] GC(6) User=0.36s Sys=0.00s Real=0.09s
[11.532s][info][gc          ] GC(7) Concurrent Mark Cycle
[11.532s][info][gc,marking  ] GC(7) Concurrent Scan Root Regions
[11.622s][info][gc,marking  ] GC(7) Concurrent Scan Root Regions 89.840ms
[11.622s][info][gc,marking  ] GC(7) Concurrent Mark
[11.622s][info][gc,marking  ] GC(7) Concurrent Mark From Roots
[11.622s][info][gc,task     ] GC(7) Using 1 workers of 1 for marking
[11.624s][info][gc,marking  ] GC(7) Concurrent Mark From Roots 1.768ms
[11.624s][info][gc,marking  ] GC(7) Concurrent Preclean
[11.624s][info][gc,marking  ] GC(7) Concurrent Preclean 0.009ms
[11.624s][info][gc,start    ] GC(7) Pause Remark
[11.631s][info][gc          ] GC(7) Pause Remark 192M->192M(8192M) 7.608ms
[11.631s][info][gc,cpu      ] GC(7) User=0.02s Sys=0.00s Real=0.00s
[11.632s][info][gc,marking  ] GC(7) Concurrent Mark 9.719ms
[11.632s][info][gc,marking  ] GC(7) Concurrent Rebuild Remembered Sets and Scrub Regions
[11.633s][info][gc,marking  ] GC(7) Concurrent Rebuild Remembered Sets and Scrub Regions 1.567ms
[11.634s][info][gc,start    ] GC(7) Pause Cleanup
[11.634s][info][gc          ] GC(7) Pause Cleanup 192M->192M(8192M) 0.157ms
[11.634s][info][gc,cpu      ] GC(7) User=0.00s Sys=0.00s Real=0.00s
[11.634s][info][gc,marking  ] GC(7) Concurrent Clear Claimed Marks
[11.634s][info][gc,marking  ] GC(7) Concurrent Clear Claimed Marks 0.090ms
[11.634s][info][gc,marking  ] GC(7) Concurrent Cleanup for Next Mark
[11.641s][info][gc,marking  ] GC(7) Concurrent Cleanup for Next Mark 6.828ms
[11.641s][info][gc          ] GC(7) Concurrent Mark Cycle 108.820ms
[16.669s][info][gc,start    ] GC(8) Pause Young (Concurrent Start) (Metadata GC Threshold)
[16.669s][info][gc,task     ] GC(8) Using 4 workers of 4 for evacuation
[16.784s][info][gc,mmu      ] GC(8) MMU target violated: 101.0ms (100.0ms/101.0ms)
[16.784s][info][gc,phases   ] GC(8)   Pre Evacuate Collection Set: 0.2ms
[16.784s][info][gc,phases   ] GC(8)   Merge Heap Roots: 0.1ms
[16.784s][info][gc,phases   ] GC(8)   Evacuate Collection Set: 109.7ms
[16.784s][info][gc,phases   ] GC(8)   Post Evacuate Collection Set: 4.5ms
[16.784s][info][gc,phases   ] GC(8)   Other: 0.1ms
[16.784s][info][gc,heap     ] GC(8) Eden regions: 128->0(196)
[16.784s][info][gc,heap     ] GC(8) Survivor regions: 23->8(26)
[16.784s][info][gc,heap     ] GC(8) Old regions: 1->22
[16.784s][info][gc,heap     ] GC(8) Humongous regions: 0->0
[16.784s][info][gc,metaspace] GC(8) Metaspace: 103978K(104960K)->103978K(104960K) NonClass: 90344K(90880K)->90344K(90880K) Class: 13634K(14080K)->13634K(14080K)
[16.784s][info][gc          ] GC(8) Pause Young (Concurrent Start) (Metadata GC Threshold) 1208M->236M(8192M) 114.821ms
[16.784s][info][gc,cpu      ] GC(8) User=0.41s Sys=0.01s Real=0.12s
[16.784s][info][gc          ] GC(9) Concurrent Mark Cycle
[16.787s][info][gc,marking  ] GC(9) Concurrent Scan Root Regions
[16.917s][info][gc,marking  ] GC(9) Concurrent Scan Root Regions 130.104ms
[16.917s][info][gc,marking  ] GC(9) Concurrent Mark
[16.917s][info][gc,marking  ] GC(9) Concurrent Mark From Roots
[16.917s][info][gc,task     ] GC(9) Using 1 workers of 1 for marking
[16.919s][info][gc,marking  ] GC(9) Concurrent Mark From Roots 1.834ms
[16.919s][info][gc,marking  ] GC(9) Concurrent Preclean
[16.919s][info][gc,marking  ] GC(9) Concurrent Preclean 0.009ms
[16.919s][info][gc,start    ] GC(9) Pause Remark
[16.932s][info][gc          ] GC(9) Pause Remark 252M->252M(8192M) 13.070ms
[16.932s][info][gc,cpu      ] GC(9) User=0.04s Sys=0.00s Real=0.02s
[16.932s][info][gc,marking  ] GC(9) Concurrent Mark 15.259ms
[16.932s][info][gc,marking  ] GC(9) Concurrent Rebuild Remembered Sets and Scrub Regions
[16.964s][info][gc,marking  ] GC(9) Concurrent Rebuild Remembered Sets and Scrub Regions 31.327ms
[16.964s][info][gc,start    ] GC(9) Pause Cleanup
[16.964s][info][gc          ] GC(9) Pause Cleanup 257M->257M(8192M) 0.038ms
[16.964s][info][gc,cpu      ] GC(9) User=0.00s Sys=0.00s Real=0.00s
[16.965s][info][gc,marking  ] GC(9) Concurrent Clear Claimed Marks
[16.965s][info][gc,marking  ] GC(9) Concurrent Clear Claimed Marks 0.133ms
[16.965s][info][gc,marking  ] GC(9) Concurrent Cleanup for Next Mark
[16.972s][info][gc,marking  ] GC(9) Concurrent Cleanup for Next Mark 6.787ms
[16.972s][info][gc          ] GC(9) Concurrent Mark Cycle 187.726ms
[23.476s][info][gc,start    ] GC(10) Pause Young (Normal) (G1 Evacuation Pause)
[23.477s][info][gc,task     ] GC(10) Using 4 workers of 4 for evacuation
[23.532s][info][gc,phases   ] GC(10)   Pre Evacuate Collection Set: 0.2ms
[23.532s][info][gc,phases   ] GC(10)   Merge Heap Roots: 0.2ms
[23.532s][info][gc,phases   ] GC(10)   Evacuate Collection Set: 51.3ms
[23.532s][info][gc,phases   ] GC(10)   Post Evacuate Collection Set: 3.9ms
[23.532s][info][gc,phases   ] GC(10)   Other: 0.1ms
[23.532s][info][gc,heap     ] GC(10) Eden regions: 196->0(191)
[23.532s][info][gc,heap     ] GC(10) Survivor regions: 8->13(26)
[23.532s][info][gc,heap     ] GC(10) Old regions: 22->22
[23.532s][info][gc,heap     ] GC(10) Humongous regions: 0->0
[23.532s][info][gc,metaspace] GC(10) Metaspace: 155659K(157056K)->155659K(157056K) NonClass: 134470K(135296K)->134470K(135296K) Class: 21188K(21760K)->21188K(21760K)
[23.532s][info][gc          ] GC(10) Pause Young (Normal) (G1 Evacuation Pause) 1804M->280M(8192M) 55.943ms
[23.533s][info][gc,cpu      ] GC(10) User=0.21s Sys=0.00s Real=0.06s
[27.429s][info][gc,start    ] GC(11) Pause Young (Concurrent Start) (Metadata GC Threshold)
[27.429s][info][gc,task     ] GC(11) Using 4 workers of 4 for evacuation
[27.548s][info][gc,mmu      ] GC(11) MMU target violated: 101.0ms (100.0ms/101.0ms)
[27.549s][info][gc,phases   ] GC(11)   Pre Evacuate Collection Set: 0.2ms
[27.549s][info][gc,phases   ] GC(11)   Merge Heap Roots: 0.3ms
[27.549s][info][gc,phases   ] GC(11)   Evacuate Collection Set: 115.3ms
[27.549s][info][gc,phases   ] GC(11)   Post Evacuate Collection Set: 3.1ms
[27.549s][info][gc,phases   ] GC(11)   Other: 0.2ms
[27.549s][info][gc,heap     ] GC(11) Eden regions: 123->0(178)
[27.549s][info][gc,heap     ] GC(11) Survivor regions: 13->26(26)
[27.549s][info][gc,heap     ] GC(11) Old regions: 22->24
[27.549s][info][gc,heap     ] GC(11) Humongous regions: 0->0
[27.549s][info][gc,metaspace] GC(11) Metaspace: 177035K(178688K)->177035K(178688K) NonClass: 150853K(151808K)->150853K(151808K) Class: 26181K(26880K)->26181K(26880K)
[27.549s][info][gc          ] GC(11) Pause Young (Concurrent Start) (Metadata GC Threshold) 1260M->397M(8192M) 119.275ms
[27.549s][info][gc,cpu      ] GC(11) User=0.42s Sys=0.00s Real=0.12s
[27.549s][info][gc          ] GC(12) Concurrent Mark Cycle
[27.549s][info][gc,marking  ] GC(12) Concurrent Scan Root Regions
[27.673s][info][gc,marking  ] GC(12) Concurrent Scan Root Regions 124.064ms
[27.673s][info][gc,marking  ] GC(12) Concurrent Mark
[27.673s][info][gc,marking  ] GC(12) Concurrent Mark From Roots
[27.673s][info][gc,task     ] GC(12) Using 1 workers of 1 for marking
[27.970s][info][gc,marking  ] GC(12) Concurrent Mark From Roots 296.807ms
[27.970s][info][gc,marking  ] GC(12) Concurrent Preclean
[27.970s][info][gc,marking  ] GC(12) Concurrent Preclean 0.293ms
[27.971s][info][gc,start    ] GC(12) Pause Remark
[27.989s][info][gc          ] GC(12) Pause Remark 453M->453M(8192M) 18.197ms
[27.989s][info][gc,cpu      ] GC(12) User=0.05s Sys=0.00s Real=0.02s
[27.989s][info][gc,marking  ] GC(12) Concurrent Mark 315.992ms
[27.989s][info][gc,marking  ] GC(12) Concurrent Rebuild Remembered Sets and Scrub Regions
[28.100s][info][gc,marking  ] GC(12) Concurrent Rebuild Remembered Sets and Scrub Regions 110.855ms
[28.101s][info][gc,start    ] GC(12) Pause Cleanup
[28.101s][info][gc          ] GC(12) Pause Cleanup 477M->477M(8192M) 0.281ms
[28.101s][info][gc,cpu      ] GC(12) User=0.00s Sys=0.00s Real=0.00s
[28.102s][info][gc,marking  ] GC(12) Concurrent Clear Claimed Marks
[28.102s][info][gc,marking  ] GC(12) Concurrent Clear Claimed Marks 0.168ms
[28.102s][info][gc,marking  ] GC(12) Concurrent Cleanup for Next Mark
[28.118s][info][gc,marking  ] GC(12) Concurrent Cleanup for Next Mark 15.721ms
[28.118s][info][gc          ] GC(12) Concurrent Mark Cycle 568.907ms
[76.849s][info][gc,start    ] GC(13) Pause Young (Prepare Mixed) (G1 Evacuation Pause)
[76.849s][info][gc,task     ] GC(13) Using 4 workers of 4 for evacuation
[77.016s][info][gc,mmu      ] GC(13) MMU target violated: 101.0ms (100.0ms/101.0ms)
[77.016s][info][gc,phases   ] GC(13)   Pre Evacuate Collection Set: 0.3ms
[77.016s][info][gc,phases   ] GC(13)   Merge Heap Roots: 0.3ms
[77.016s][info][gc,phases   ] GC(13)   Evacuate Collection Set: 162.9ms
[77.016s][info][gc,phases   ] GC(13)   Post Evacuate Collection Set: 3.6ms
[77.016s][info][gc,phases   ] GC(13)   Other: 0.2ms
[77.016s][info][gc,heap     ] GC(13) Eden regions: 178->0(196)
[77.016s][info][gc,heap     ] GC(13) Survivor regions: 26->8(26)
[77.016s][info][gc,heap     ] GC(13) Old regions: 24->50
[77.016s][info][gc,heap     ] GC(13) Humongous regions: 0->0
[77.016s][info][gc,metaspace] GC(13) Metaspace: 205764K(207808K)->205764K(207808K) NonClass: 174727K(175872K)->174727K(175872K) Class: 31037K(31936K)->31037K(31936K)
[77.017s][info][gc          ] GC(13) Pause Young (Prepare Mixed) (G1 Evacuation Pause) 1821M->460M(8192M) 167.500ms
[77.017s][info][gc,cpu      ] GC(13) User=0.60s Sys=0.00s Real=0.17s
[80.197s][info][gc,start    ] GC(14) Pause Young (Concurrent Start) (CodeCache GC Threshold)
[80.197s][info][gc,task     ] GC(14) Using 4 workers of 4 for evacuation
[80.228s][info][gc,phases   ] GC(14)   Pre Evacuate Collection Set: 0.3ms
[80.228s][info][gc,phases   ] GC(14)   Merge Heap Roots: 0.1ms
[80.228s][info][gc,phases   ] GC(14)   Evacuate Collection Set: 28.0ms
[80.228s][info][gc,phases   ] GC(14)   Post Evacuate Collection Set: 1.5ms
[80.228s][info][gc,phases   ] GC(14)   Other: 0.2ms
[80.228s][info][gc,heap     ] GC(14) Eden regions: 73->0(194)
[80.228s][info][gc,heap     ] GC(14) Survivor regions: 8->10(26)
[80.228s][info][gc,heap     ] GC(14) Old regions: 50->50
[80.228s][info][gc,heap     ] GC(14) Humongous regions: 0->0
[80.228s][info][gc,metaspace] GC(14) Metaspace: 216721K(218752K)->216721K(218752K) NonClass: 184031K(185152K)->184031K(185152K) Class: 32689K(33600K)->32689K(33600K)
[80.228s][info][gc          ] GC(14) Pause Young (Concurrent Start) (CodeCache GC Threshold) 1044M->480M(8192M) 30.878ms
[80.228s][info][gc,cpu      ] GC(14) User=0.11s Sys=0.00s Real=0.03s
[80.228s][info][gc          ] GC(15) Concurrent Mark Cycle
[80.228s][info][gc,marking  ] GC(15) Concurrent Scan Root Regions
[80.274s][info][gc,marking  ] GC(15) Concurrent Scan Root Regions 45.894ms
[80.274s][info][gc,marking  ] GC(15) Concurrent Mark
[80.274s][info][gc,marking  ] GC(15) Concurrent Mark From Roots
[80.274s][info][gc,task     ] GC(15) Using 1 workers of 1 for marking
[80.869s][info][gc,marking  ] GC(15) Concurrent Mark From Roots 595.233ms
[80.869s][info][gc,marking  ] GC(15) Concurrent Preclean
[80.870s][info][gc,marking  ] GC(15) Concurrent Preclean 0.543ms
[80.870s][info][gc,start    ] GC(15) Pause Remark
[80.916s][info][gc          ] GC(15) Pause Remark 582M->558M(8192M) 45.716ms
[80.916s][info][gc,cpu      ] GC(15) User=0.12s Sys=0.00s Real=0.05s
[80.917s][info][gc,marking  ] GC(15) Concurrent Mark 643.119ms
[80.917s][info][gc,marking  ] GC(15) Concurrent Rebuild Remembered Sets and Scrub Regions
[81.139s][info][gc,marking  ] GC(15) Concurrent Rebuild Remembered Sets and Scrub Regions 221.807ms
[81.140s][info][gc,start    ] GC(15) Pause Cleanup
[81.140s][info][gc          ] GC(15) Pause Cleanup 563M->563M(8192M) 0.191ms
[81.140s][info][gc,cpu      ] GC(15) User=0.00s Sys=0.00s Real=0.00s
[81.140s][info][gc,marking  ] GC(15) Concurrent Clear Claimed Marks
[81.140s][info][gc,marking  ] GC(15) Concurrent Clear Claimed Marks 0.214ms
[81.140s][info][gc,marking  ] GC(15) Concurrent Cleanup for Next Mark
[81.147s][info][gc,marking  ] GC(15) Concurrent Cleanup for Next Mark 7.087ms
[81.147s][info][gc          ] GC(15) Concurrent Mark Cycle 919.003ms
[146.153s][info][gc,start    ] GC(16) Pause Young (Concurrent Start) (CodeCache GC Threshold)
[146.153s][info][gc,task     ] GC(16) Using 4 workers of 4 for evacuation
[146.199s][info][gc,phases   ] GC(16)   Pre Evacuate Collection Set: 0.3ms
[146.199s][info][gc,phases   ] GC(16)   Merge Heap Roots: 0.2ms
[146.199s][info][gc,phases   ] GC(16)   Evacuate Collection Set: 44.1ms
[146.199s][info][gc,phases   ] GC(16)   Post Evacuate Collection Set: 1.7ms
[146.199s][info][gc,phases   ] GC(16)   Other: 0.1ms
[146.199s][info][gc,heap     ] GC(16) Eden regions: 95->0(192)
[146.199s][info][gc,heap     ] GC(16) Survivor regions: 10->12(26)
[146.199s][info][gc,heap     ] GC(16) Old regions: 47->47
[146.199s][info][gc,heap     ] GC(16) Humongous regions: 0->0
[146.199s][info][gc,metaspace] GC(16) Metaspace: 219160K(221184K)->219160K(221184K) NonClass: 186344K(187456K)->186344K(187456K) Class: 32815K(33728K)->32815K(33728K)
[146.199s][info][gc          ] GC(16) Pause Young (Concurrent Start) (CodeCache GC Threshold) 1216M->467M(8192M) 46.645ms
[146.199s][info][gc          ] GC(17) Concurrent Mark Cycle
[146.200s][info][gc,marking  ] GC(17) Concurrent Scan Root Regions
[146.200s][info][gc,cpu      ] GC(16) User=0.15s Sys=0.00s Real=0.04s
[146.243s][info][gc,marking  ] GC(17) Concurrent Scan Root Regions 43.826ms
[146.243s][info][gc,marking  ] GC(17) Concurrent Mark
[146.243s][info][gc,marking  ] GC(17) Concurrent Mark From Roots
[146.243s][info][gc,task     ] GC(17) Using 1 workers of 1 for marking
[146.826s][info][gc,marking  ] GC(17) Concurrent Mark From Roots 582.510ms
[146.826s][info][gc,marking  ] GC(17) Concurrent Preclean
[146.826s][info][gc,marking  ] GC(17) Concurrent Preclean 0.468ms
[146.827s][info][gc,start    ] GC(17) Pause Remark
[146.854s][info][gc          ] GC(17) Pause Remark 483M->483M(8192M) 26.987ms
[146.854s][info][gc,cpu      ] GC(17) User=0.09s Sys=0.00s Real=0.03s
[146.854s][info][gc,marking  ] GC(17) Concurrent Mark 610.467ms
[146.854s][info][gc,marking  ] GC(17) Concurrent Rebuild Remembered Sets and Scrub Regions
[147.025s][info][gc,marking  ] GC(17) Concurrent Rebuild Remembered Sets and Scrub Regions 171.490ms
[147.026s][info][gc,start    ] GC(17) Pause Cleanup
[147.026s][info][gc          ] GC(17) Pause Cleanup 483M->483M(8192M) 0.176ms
[147.026s][info][gc,cpu      ] GC(17) User=0.00s Sys=0.00s Real=0.00s
[147.026s][info][gc,marking  ] GC(17) Concurrent Clear Claimed Marks
[147.026s][info][gc,marking  ] GC(17) Concurrent Clear Claimed Marks 0.187ms
[147.026s][info][gc,marking  ] GC(17) Concurrent Cleanup for Next Mark
[147.035s][info][gc,marking  ] GC(17) Concurrent Cleanup for Next Mark 9.031ms
[147.035s][info][gc          ] GC(17) Concurrent Mark Cycle 835.632ms
[331.435s][info][gc,start    ] GC(18) Pause Young (Prepare Mixed) (G1 Evacuation Pause)
[331.435s][info][gc,task     ] GC(18) Using 4 workers of 4 for evacuation
[331.497s][info][gc,phases   ] GC(18)   Pre Evacuate Collection Set: 0.5ms
[331.497s][info][gc,phases   ] GC(18)   Merge Heap Roots: 0.1ms
[331.497s][info][gc,phases   ] GC(18)   Evacuate Collection Set: 58.9ms
[331.497s][info][gc,phases   ] GC(18)   Post Evacuate Collection Set: 2.1ms
[331.497s][info][gc,phases   ] GC(18)   Other: 0.2ms
[331.497s][info][gc,heap     ] GC(18) Eden regions: 192->0(189)
[331.497s][info][gc,heap     ] GC(18) Survivor regions: 12->15(26)
[331.497s][info][gc,heap     ] GC(18) Old regions: 47->47
[331.497s][info][gc,heap     ] GC(18) Humongous regions: 0->0
[331.497s][info][gc,metaspace] GC(18) Metaspace: 223102K(225216K)->223102K(225216K) NonClass: 189813K(190976K)->189813K(190976K) Class: 33289K(34240K)->33289K(34240K)
[331.497s][info][gc          ] GC(18) Pause Young (Prepare Mixed) (G1 Evacuation Pause) 2003M->492M(8192M) 62.076ms
[331.497s][info][gc,cpu      ] GC(18) User=0.20s Sys=0.00s Real=0.06s
[339.235s][info][gc,start    ] GC(19) Pause Young (Concurrent Start) (CodeCache GC Threshold)
[339.235s][info][gc,task     ] GC(19) Using 4 workers of 4 for evacuation
[339.294s][info][gc,phases   ] GC(19)   Pre Evacuate Collection Set: 0.2ms
[339.294s][info][gc,phases   ] GC(19)   Merge Heap Roots: 0.1ms
[339.294s][info][gc,phases   ] GC(19)   Evacuate Collection Set: 57.3ms
[339.294s][info][gc,phases   ] GC(19)   Post Evacuate Collection Set: 1.7ms
[339.294s][info][gc,phases   ] GC(19)   Other: 0.1ms
[339.294s][info][gc,heap     ] GC(19) Eden regions: 83->0(193)
[339.294s][info][gc,heap     ] GC(19) Survivor regions: 15->11(26)
[339.294s][info][gc,heap     ] GC(19) Old regions: 47->54
[339.294s][info][gc,heap     ] GC(19) Humongous regions: 0->0
[339.294s][info][gc,metaspace] GC(19) Metaspace: 224133K(226368K)->224133K(226368K) NonClass: 190708K(191936K)->190708K(191936K) Class: 33425K(34432K)->33425K(34432K)
[339.294s][info][gc          ] GC(19) Pause Young (Concurrent Start) (CodeCache GC Threshold) 1155M->518M(8192M) 59.567ms
[339.294s][info][gc,cpu      ] GC(19) User=0.23s Sys=0.01s Real=0.06s
[339.295s][info][gc          ] GC(20) Concurrent Mark Cycle
[339.295s][info][gc,marking  ] GC(20) Concurrent Scan Root Regions
[339.362s][info][gc,marking  ] GC(20) Concurrent Scan Root Regions 67.550ms
[339.362s][info][gc,marking  ] GC(20) Concurrent Mark
[339.362s][info][gc,marking  ] GC(20) Concurrent Mark From Roots
[339.362s][info][gc,task     ] GC(20) Using 1 workers of 1 for marking
[339.951s][info][gc,marking  ] GC(20) Concurrent Mark From Roots 588.609ms
[339.951s][info][gc,marking  ] GC(20) Concurrent Preclean
[339.951s][info][gc,marking  ] GC(20) Concurrent Preclean 0.472ms
[339.952s][info][gc,start    ] GC(20) Pause Remark
[339.982s][info][gc          ] GC(20) Pause Remark 582M->582M(8192M) 30.555ms
[339.982s][info][gc,cpu      ] GC(20) User=0.10s Sys=0.00s Real=0.04s
[339.982s][info][gc,marking  ] GC(20) Concurrent Mark 620.094ms
[339.982s][info][gc,marking  ] GC(20) Concurrent Rebuild Remembered Sets and Scrub Regions
[340.186s][info][gc,marking  ] GC(20) Concurrent Rebuild Remembered Sets and Scrub Regions 203.998ms
[340.187s][info][gc,start    ] GC(20) Pause Cleanup
[340.187s][info][gc          ] GC(20) Pause Cleanup 598M->598M(8192M) 0.170ms
[340.187s][info][gc,cpu      ] GC(20) User=0.00s Sys=0.00s Real=0.00s
[340.187s][info][gc,marking  ] GC(20) Concurrent Clear Claimed Marks
[340.187s][info][gc,marking  ] GC(20) Concurrent Clear Claimed Marks 0.212ms
[340.187s][info][gc,marking  ] GC(20) Concurrent Cleanup for Next Mark
[340.198s][info][gc,marking  ] GC(20) Concurrent Cleanup for Next Mark 10.731ms
[340.198s][info][gc          ] GC(20) Concurrent Mark Cycle 903.374ms
[347.592s][info][gc,start    ] GC(21) Pause Young (Prepare Mixed) (G1 Evacuation Pause)
[347.592s][info][gc,task     ] GC(21) Using 4 workers of 4 for evacuation
[347.634s][info][gc,phases   ] GC(21)   Pre Evacuate Collection Set: 0.2ms
[347.634s][info][gc,phases   ] GC(21)   Merge Heap Roots: 0.3ms
[347.634s][info][gc,phases   ] GC(21)   Evacuate Collection Set: 39.3ms
[347.634s][info][gc,phases   ] GC(21)   Post Evacuate Collection Set: 1.8ms
[347.634s][info][gc,phases   ] GC(21)   Other: 0.1ms
[347.634s][info][gc,heap     ] GC(21) Eden regions: 193->0(194)
[347.634s][info][gc,heap     ] GC(21) Survivor regions: 11->10(26)
[347.634s][info][gc,heap     ] GC(21) Old regions: 54->54
[347.634s][info][gc,heap     ] GC(21) Humongous regions: 0->0
[347.634s][info][gc,metaspace] GC(21) Metaspace: 225343K(227520K)->225343K(227520K) NonClass: 191772K(192960K)->191772K(192960K) Class: 33570K(34560K)->33570K(34560K)
[347.634s][info][gc          ] GC(21) Pause Young (Prepare Mixed) (G1 Evacuation Pause) 2062M->510M(8192M) 41.855ms
[347.634s][info][gc,cpu      ] GC(21) User=0.16s Sys=0.00s Real=0.04s
[364.001s][info][gc,start    ] GC(22) Pause Young (Mixed) (G1 Evacuation Pause)
[364.001s][info][gc,task     ] GC(22) Using 4 workers of 4 for evacuation
[364.051s][info][gc,phases   ] GC(22)   Pre Evacuate Collection Set: 0.3ms
[364.051s][info][gc,phases   ] GC(22)   Merge Heap Roots: 0.3ms
[364.051s][info][gc,phases   ] GC(22)   Evacuate Collection Set: 47.9ms
[364.051s][info][gc,phases   ] GC(22)   Post Evacuate Collection Set: 1.6ms
[364.051s][info][gc,phases   ] GC(22)   Other: 0.1ms
[364.051s][info][gc,heap     ] GC(22) Eden regions: 194->0(192)
[364.051s][info][gc,heap     ] GC(22) Survivor regions: 10->12(26)
[364.051s][info][gc,heap     ] GC(22) Old regions: 54->54
[364.051s][info][gc,heap     ] GC(22) Humongous regions: 0->0
[364.051s][info][gc,metaspace] GC(22) Metaspace: 225944K(228160K)->225944K(228160K) NonClass: 192328K(193536K)->192328K(193536K) Class: 33616K(34624K)->33616K(34624K)
[364.051s][info][gc          ] GC(22) Pause Young (Mixed) (G1 Evacuation Pause) 2062M->516M(8192M) 50.389ms
[364.051s][info][gc,cpu      ] GC(22) User=0.17s Sys=0.00s Real=0.05s
[436.786s][info][gc,start    ] GC(23) Pause Young (Concurrent Start) (CodeCache GC Threshold)
[436.786s][info][gc,task     ] GC(23) Using 4 workers of 4 for evacuation
[436.845s][info][gc,phases   ] GC(23)   Pre Evacuate Collection Set: 0.4ms
[436.845s][info][gc,phases   ] GC(23)   Merge Heap Roots: 0.1ms
[436.845s][info][gc,phases   ] GC(23)   Evacuate Collection Set: 56.7ms
[436.845s][info][gc,phases   ] GC(23)   Post Evacuate Collection Set: 1.7ms
[436.845s][info][gc,phases   ] GC(23)   Other: 0.2ms
[436.845s][info][gc,heap     ] GC(23) Eden regions: 166->0(189)
[436.845s][info][gc,heap     ] GC(23) Survivor regions: 12->15(26)
[436.845s][info][gc,heap     ] GC(23) Old regions: 54->54
[436.845s][info][gc,heap     ] GC(23) Humongous regions: 0->0
[436.845s][info][gc,metaspace] GC(23) Metaspace: 226545K(228864K)->226545K(228864K) NonClass: 192866K(194112K)->192866K(194112K) Class: 33678K(34752K)->33678K(34752K)
[436.846s][info][gc          ] GC(23) Pause Young (Concurrent Start) (CodeCache GC Threshold) 1840M->544M(8192M) 59.296ms
[436.846s][info][gc          ] GC(24) Concurrent Mark Cycle
[436.846s][info][gc,marking  ] GC(24) Concurrent Scan Root Regions
[436.846s][info][gc,cpu      ] GC(23) User=0.23s Sys=0.01s Real=0.06s
[436.909s][info][gc,marking  ] GC(24) Concurrent Scan Root Regions 62.986ms
[436.909s][info][gc,marking  ] GC(24) Concurrent Mark
[436.909s][info][gc,marking  ] GC(24) Concurrent Mark From Roots
[436.909s][info][gc,task     ] GC(24) Using 1 workers of 1 for marking
[437.565s][info][gc,marking  ] GC(24) Concurrent Mark From Roots 656.774ms
[437.565s][info][gc,marking  ] GC(24) Concurrent Preclean
[437.566s][info][gc,marking  ] GC(24) Concurrent Preclean 0.566ms
[437.566s][info][gc,start    ] GC(24) Pause Remark
[437.617s][info][gc          ] GC(24) Pause Remark 568M->568M(8192M) 50.900ms
[437.617s][info][gc,cpu      ] GC(24) User=0.16s Sys=0.01s Real=0.05s
[437.618s][info][gc,marking  ] GC(24) Concurrent Mark 709.096ms
[437.618s][info][gc,marking  ] GC(24) Concurrent Rebuild Remembered Sets and Scrub Regions
[437.813s][info][gc,marking  ] GC(24) Concurrent Rebuild Remembered Sets and Scrub Regions 194.801ms
[437.813s][info][gc,start    ] GC(24) Pause Cleanup
[437.813s][info][gc          ] GC(24) Pause Cleanup 582M->582M(8192M) 0.177ms
[437.813s][info][gc,cpu      ] GC(24) User=0.00s Sys=0.00s Real=0.00s
[437.813s][info][gc,marking  ] GC(24) Concurrent Clear Claimed Marks
[437.813s][info][gc,marking  ] GC(24) Concurrent Clear Claimed Marks 0.241ms
[437.813s][info][gc,marking  ] GC(24) Concurrent Cleanup for Next Mark
[437.822s][info][gc,marking  ] GC(24) Concurrent Cleanup for Next Mark 8.947ms
[437.822s][info][gc          ] GC(24) Concurrent Mark Cycle 976.762ms
[648.405s][info][gc,start    ] GC(25) Pause Young (Prepare Mixed) (GCLocker Initiated GC)
[648.405s][info][gc,task     ] GC(25) Using 4 workers of 4 for evacuation
[648.472s][info][gc,phases   ] GC(25)   Pre Evacuate Collection Set: 0.4ms
[648.472s][info][gc,phases   ] GC(25)   Merge Heap Roots: 0.2ms
[648.472s][info][gc,phases   ] GC(25)   Evacuate Collection Set: 64.7ms
[648.472s][info][gc,phases   ] GC(25)   Post Evacuate Collection Set: 1.5ms
[648.472s][info][gc,phases   ] GC(25)   Other: 0.1ms
[648.472s][info][gc,heap     ] GC(25) Eden regions: 189->0(185)
[648.472s][info][gc,heap     ] GC(25) Survivor regions: 15->19(26)
[648.472s][info][gc,heap     ] GC(25) Old regions: 54->55
[648.472s][info][gc,heap     ] GC(25) Humongous regions: 0->0
[648.472s][info][gc,metaspace] GC(25) Metaspace: 227454K(229760K)->227454K(229760K) NonClass: 193695K(194944K)->193695K(194944K) Class: 33758K(34816K)->33758K(34816K)
[648.472s][info][gc          ] GC(25) Pause Young (Prepare Mixed) (GCLocker Initiated GC) 2056M->586M(8192M) 67.033ms
[648.472s][info][gc,cpu      ] GC(25) User=0.25s Sys=0.00s Real=0.06s
[913.773s][info][gc,start    ] GC(26) Pause Young (Mixed) (G1 Evacuation Pause)
[913.773s][info][gc,task     ] GC(26) Using 4 workers of 4 for evacuation
[913.834s][info][gc,phases   ] GC(26)   Pre Evacuate Collection Set: 0.7ms
[913.834s][info][gc,phases   ] GC(26)   Merge Heap Roots: 0.2ms
[913.834s][info][gc,phases   ] GC(26)   Evacuate Collection Set: 59.0ms
[913.834s][info][gc,phases   ] GC(26)   Post Evacuate Collection Set: 1.4ms
[913.834s][info][gc,phases   ] GC(26)   Other: 0.1ms
[913.834s][info][gc,heap     ] GC(26) Eden regions: 185->0(192)
[913.834s][info][gc,heap     ] GC(26) Survivor regions: 19->12(26)
[913.834s][info][gc,heap     ] GC(26) Old regions: 55->60
[913.834s][info][gc,heap     ] GC(26) Humongous regions: 0->0
[913.834s][info][gc,metaspace] GC(26) Metaspace: 227640K(229952K)->227640K(229952K) NonClass: 193874K(195136K)->193874K(195136K) Class: 33765K(34816K)->33765K(34816K)
[913.834s][info][gc          ] GC(26) Pause Young (Mixed) (G1 Evacuation Pause) 2066M->576M(8192M) 61.596ms
[913.834s][info][gc,cpu      ] GC(26) User=0.00s Sys=0.24s Real=0.06s
[1052.891s][info][gc,start    ] GC(27) Pause Young (Normal) (GCLocker Initiated GC)
[1052.891s][info][gc,task     ] GC(27) Using 4 workers of 4 for evacuation
[1052.924s][info][gc,phases   ] GC(27)   Pre Evacuate Collection Set: 0.4ms
[1052.924s][info][gc,phases   ] GC(27)   Merge Heap Roots: 0.1ms
[1052.924s][info][gc,phases   ] GC(27)   Evacuate Collection Set: 31.3ms
[1052.924s][info][gc,phases   ] GC(27)   Post Evacuate Collection Set: 1.8ms
[1052.924s][info][gc,phases   ] GC(27)   Other: 0.1ms
[1052.924s][info][gc,heap     ] GC(27) Eden regions: 192->0(191)
[1052.924s][info][gc,heap     ] GC(27) Survivor regions: 12->13(26)
[1052.924s][info][gc,heap     ] GC(27) Old regions: 60->60
[1052.924s][info][gc,heap     ] GC(27) Humongous regions: 0->0
[1052.924s][info][gc,metaspace] GC(27) Metaspace: 228198K(230592K)->228198K(230592K) NonClass: 194380K(195712K)->194380K(195712K) Class: 33818K(34880K)->33818K(34880K)
[1052.924s][info][gc          ] GC(27) Pause Young (Normal) (GCLocker Initiated GC) 2112M->584M(8192M) 33.931ms
[1052.924s][info][gc,cpu      ] GC(27) User=0.11s Sys=0.00s Real=0.04s
[1127.747s][info][gc,start    ] GC(28) Pause Young (Normal) (G1 Evacuation Pause)
[1127.747s][info][gc,task     ] GC(28) Using 4 workers of 4 for evacuation
[1127.783s][info][gc,phases   ] GC(28)   Pre Evacuate Collection Set: 0.3ms
[1127.783s][info][gc,phases   ] GC(28)   Merge Heap Roots: 0.1ms
[1127.783s][info][gc,phases   ] GC(28)   Evacuate Collection Set: 34.0ms
[1127.783s][info][gc,phases   ] GC(28)   Post Evacuate Collection Set: 1.2ms
[1127.783s][info][gc,phases   ] GC(28)   Other: 0.1ms
[1127.783s][info][gc,heap     ] GC(28) Eden regions: 191->0(189)
[1127.783s][info][gc,heap     ] GC(28) Survivor regions: 13->15(26)
[1127.783s][info][gc,heap     ] GC(28) Old regions: 60->60
[1127.783s][info][gc,heap     ] GC(28) Humongous regions: 0->0
[1127.783s][info][gc,metaspace] GC(28) Metaspace: 229558K(232000K)->229558K(232000K) NonClass: 195540K(196864K)->195540K(196864K) Class: 34018K(35136K)->34018K(35136K)
[1127.783s][info][gc          ] GC(28) Pause Young (Normal) (G1 Evacuation Pause) 2112M->597M(8192M) 35.924ms
[1127.783s][info][gc,cpu      ] GC(28) User=0.14s Sys=0.00s Real=0.04s
[1133.387s][info][gc,start    ] GC(29) Pause Young (Concurrent Start) (CodeCache GC Threshold)
[1133.387s][info][gc,task     ] GC(29) Using 4 workers of 4 for evacuation
[1133.428s][info][gc,phases   ] GC(29)   Pre Evacuate Collection Set: 0.2ms
[1133.429s][info][gc,phases   ] GC(29)   Merge Heap Roots: 0.1ms
[1133.429s][info][gc,phases   ] GC(29)   Evacuate Collection Set: 40.0ms
[1133.429s][info][gc,phases   ] GC(29)   Post Evacuate Collection Set: 0.9ms
[1133.429s][info][gc,phases   ] GC(29)   Other: 0.1ms
[1133.429s][info][gc,heap     ] GC(29) Eden regions: 137->0(188)
[1133.429s][info][gc,heap     ] GC(29) Survivor regions: 15->16(26)
[1133.429s][info][gc,heap     ] GC(29) Old regions: 60->63
[1133.429s][info][gc,heap     ] GC(29) Humongous regions: 0->0
[1133.429s][info][gc,metaspace] GC(29) Metaspace: 229783K(232320K)->229783K(232320K) NonClass: 195741K(197120K)->195741K(197120K) Class: 34042K(35200K)->34042K(35200K)
[1133.429s][info][gc          ] GC(29) Pause Young (Concurrent Start) (CodeCache GC Threshold) 1693M->628M(8192M) 41.719ms
[1133.429s][info][gc          ] GC(30) Concurrent Mark Cycle
[1133.429s][info][gc,marking  ] GC(30) Concurrent Scan Root Regions
[1133.429s][info][gc,cpu      ] GC(29) User=0.16s Sys=0.00s Real=0.04s
[1133.498s][info][gc,marking  ] GC(30) Concurrent Scan Root Regions 68.952ms
[1133.498s][info][gc,marking  ] GC(30) Concurrent Mark
[1133.498s][info][gc,marking  ] GC(30) Concurrent Mark From Roots
[1133.498s][info][gc,task     ] GC(30) Using 1 workers of 1 for marking
[1134.241s][info][gc,marking  ] GC(30) Concurrent Mark From Roots 743.446ms
[1134.242s][info][gc,marking  ] GC(30) Concurrent Preclean
[1134.242s][info][gc,marking  ] GC(30) Concurrent Preclean 0.723ms
[1134.243s][info][gc,start    ] GC(30) Pause Remark
[1134.282s][info][gc          ] GC(30) Pause Remark 764M->764M(8192M) 39.309ms
[1134.282s][info][gc,cpu      ] GC(30) User=0.14s Sys=0.00s Real=0.04s
[1134.282s][info][gc,marking  ] GC(30) Concurrent Mark 784.361ms
[1134.282s][info][gc,marking  ] GC(30) Concurrent Rebuild Remembered Sets and Scrub Regions
[1134.519s][info][gc,marking  ] GC(30) Concurrent Rebuild Remembered Sets and Scrub Regions 236.982ms
[1134.520s][info][gc,start    ] GC(30) Pause Cleanup
[1134.520s][info][gc          ] GC(30) Pause Cleanup 816M->816M(8192M) 0.160ms
[1134.520s][info][gc,cpu      ] GC(30) User=0.00s Sys=0.00s Real=0.00s
[1134.520s][info][gc,marking  ] GC(30) Concurrent Clear Claimed Marks
[1134.520s][info][gc,marking  ] GC(30) Concurrent Clear Claimed Marks 0.228ms
[1134.520s][info][gc,marking  ] GC(30) Concurrent Cleanup for Next Mark
[1134.529s][info][gc,marking  ] GC(30) Concurrent Cleanup for Next Mark 9.250ms
[1134.529s][info][gc          ] GC(30) Concurrent Mark Cycle 1100.504ms
[1187.025s][info][gc,start    ] GC(31) Pause Young (Prepare Mixed) (G1 Evacuation Pause)
[1187.025s][info][gc,task     ] GC(31) Using 4 workers of 4 for evacuation
[1187.066s][info][gc,phases   ] GC(31)   Pre Evacuate Collection Set: 0.4ms
[1187.066s][info][gc,phases   ] GC(31)   Merge Heap Roots: 0.1ms
[1187.066s][info][gc,phases   ] GC(31)   Evacuate Collection Set: 39.5ms
[1187.066s][info][gc,phases   ] GC(31)   Post Evacuate Collection Set: 1.1ms
[1187.066s][info][gc,phases   ] GC(31)   Other: 0.1ms
[1187.066s][info][gc,heap     ] GC(31) Eden regions: 188->0(216)
[1187.066s][info][gc,heap     ] GC(31) Survivor regions: 16->15(26)
[1187.066s][info][gc,heap     ] GC(31) Old regions: 63->66
[1187.066s][info][gc,heap     ] GC(31) Humongous regions: 0->0
[1187.066s][info][gc,metaspace] GC(31) Metaspace: 229952K(232448K)->229952K(232448K) NonClass: 195915K(197248K)->195915K(197248K) Class: 34037K(35200K)->34037K(35200K)
[1187.066s][info][gc          ] GC(31) Pause Young (Prepare Mixed) (G1 Evacuation Pause) 2132M->642M(8192M) 41.401ms
[1187.066s][info][gc,cpu      ] GC(31) User=0.16s Sys=0.00s Real=0.04s
[1195.824s][info][gc,start    ] GC(32) Pause Young (Mixed) (G1 Evacuation Pause)
[1195.824s][info][gc,task     ] GC(32) Using 4 workers of 4 for evacuation
[1195.868s][info][gc,phases   ] GC(32)   Pre Evacuate Collection Set: 0.3ms
[1195.868s][info][gc,phases   ] GC(32)   Merge Heap Roots: 0.1ms
[1195.868s][info][gc,phases   ] GC(32)   Evacuate Collection Set: 42.7ms
[1195.868s][info][gc,phases   ] GC(32)   Post Evacuate Collection Set: 1.0ms
[1195.868s][info][gc,phases   ] GC(32)   Other: 0.1ms
[1195.868s][info][gc,heap     ] GC(32) Eden regions: 229->0(187)
[1195.868s][info][gc,heap     ] GC(32) Survivor regions: 15->17(31)
[1195.868s][info][gc,heap     ] GC(32) Old regions: 66->66
[1195.868s][info][gc,heap     ] GC(32) Humongous regions: 0->0
[1195.868s][info][gc,metaspace] GC(32) Metaspace: 230062K(232576K)->230062K(232576K) NonClass: 196016K(197376K)->196016K(197376K) Class: 34046K(35200K)->34046K(35200K)
[1195.868s][info][gc          ] GC(32) Pause Young (Mixed) (G1 Evacuation Pause) 2474M->661M(8192M) 44.378ms
[1195.868s][info][gc,cpu      ] GC(32) User=0.15s Sys=0.00s Real=0.04s
[1212.487s][info][gc,start    ] GC(33) Pause Young (Normal) (G1 Evacuation Pause)
[1212.487s][info][gc,task     ] GC(33) Using 4 workers of 4 for evacuation
[1212.530s][info][gc,phases   ] GC(33)   Pre Evacuate Collection Set: 0.2ms
[1212.530s][info][gc,phases   ] GC(33)   Merge Heap Roots: 0.1ms
[1212.530s][info][gc,phases   ] GC(33)   Evacuate Collection Set: 41.2ms
[1212.530s][info][gc,phases   ] GC(33)   Post Evacuate Collection Set: 1.1ms
[1212.530s][info][gc,phases   ] GC(33)   Other: 0.1ms
[1212.530s][info][gc,heap     ] GC(33) Eden regions: 187->0(250)
[1212.530s][info][gc,heap     ] GC(33) Survivor regions: 17->14(26)
[1212.530s][info][gc,heap     ] GC(33) Old regions: 66->71
[1212.530s][info][gc,heap     ] GC(33) Humongous regions: 0->0
[1212.530s][info][gc,metaspace] GC(33) Metaspace: 230155K(232640K)->230155K(232640K) NonClass: 196102K(197440K)->196102K(197440K) Class: 34052K(35200K)->34052K(35200K)
[1212.530s][info][gc          ] GC(33) Pause Young (Normal) (G1 Evacuation Pause) 2157M->676M(8192M) 42.864ms
[1212.530s][info][gc,cpu      ] GC(33) User=0.16s Sys=0.00s Real=0.04s
[1249.142s][info][gc,start    ] GC(34) Pause Young (Normal) (G1 Evacuation Pause)
[1249.142s][info][gc,task     ] GC(34) Using 4 workers of 4 for evacuation
[1249.182s][info][gc,phases   ] GC(34)   Pre Evacuate Collection Set: 0.2ms
[1249.182s][info][gc,phases   ] GC(34)   Merge Heap Roots: 0.1ms
[1249.182s][info][gc,phases   ] GC(34)   Evacuate Collection Set: 38.3ms
[1249.182s][info][gc,phases   ] GC(34)   Post Evacuate Collection Set: 0.8ms
[1249.182s][info][gc,phases   ] GC(34)   Other: 0.1ms
[1249.182s][info][gc,heap     ] GC(34) Eden regions: 260->0(286)
[1249.182s][info][gc,heap     ] GC(34) Survivor regions: 14->16(35)
[1249.182s][info][gc,heap     ] GC(34) Old regions: 71->71
[1249.182s][info][gc,heap     ] GC(34) Humongous regions: 0->0
[1249.182s][info][gc,metaspace] GC(34) Metaspace: 230278K(232768K)->230278K(232768K) NonClass: 196213K(197568K)->196213K(197568K) Class: 34064K(35200K)->34064K(35200K)
[1249.182s][info][gc          ] GC(34) Pause Young (Normal) (G1 Evacuation Pause) 2756M->696M(8192M) 39.836ms
[1249.182s][info][gc,cpu      ] GC(34) User=0.16s Sys=0.00s Real=0.03s
[1389.736s][info][gc,start    ] GC(35) Pause Young (Normal) (G1 Evacuation Pause)
[1389.736s][info][gc,task     ] GC(35) Using 4 workers of 4 for evacuation
[1389.780s][info][gc,phases   ] GC(35)   Pre Evacuate Collection Set: 0.7ms
[1389.780s][info][gc,phases   ] GC(35)   Merge Heap Roots: 0.2ms
[1389.780s][info][gc,phases   ] GC(35)   Evacuate Collection Set: 42.1ms
[1389.780s][info][gc,phases   ] GC(35)   Post Evacuate Collection Set: 1.0ms
[1389.780s][info][gc,phases   ] GC(35)   Other: 0.1ms
[1389.780s][info][gc,heap     ] GC(35) Eden regions: 294->0(342)
[1389.780s][info][gc,heap     ] GC(35) Survivor regions: 16->17(39)
[1389.780s][info][gc,heap     ] GC(35) Old regions: 71->71
[1389.780s][info][gc,heap     ] GC(35) Humongous regions: 0->0
[1389.780s][info][gc,metaspace] GC(35) Metaspace: 230545K(233024K)->230545K(233024K) NonClass: 196461K(197824K)->196461K(197824K) Class: 34084K(35200K)->34084K(35200K)
[1389.780s][info][gc          ] GC(35) Pause Young (Normal) (G1 Evacuation Pause) 3048M->700M(8192M) 44.252ms
[1389.780s][info][gc,cpu      ] GC(35) User=0.16s Sys=0.00s Real=0.04s
[1770.244s][info][gc,start    ] GC(36) Pause Young (Normal) (G1 Evacuation Pause)
[1770.244s][info][gc,task     ] GC(36) Using 4 workers of 4 for evacuation
[1770.299s][info][gc,phases   ] GC(36)   Pre Evacuate Collection Set: 0.5ms
[1770.299s][info][gc,phases   ] GC(36)   Merge Heap Roots: 0.2ms
[1770.299s][info][gc,phases   ] GC(36)   Evacuate Collection Set: 52.9ms
[1770.299s][info][gc,phases   ] GC(36)   Post Evacuate Collection Set: 1.5ms
[1770.299s][info][gc,phases   ] GC(36)   Other: 0.1ms
[1770.299s][info][gc,heap     ] GC(36) Eden regions: 343->0(597)
[1770.299s][info][gc,heap     ] GC(36) Survivor regions: 17->17(45)
[1770.299s][info][gc,heap     ] GC(36) Old regions: 71->71
[1770.299s][info][gc,heap     ] GC(36) Humongous regions: 0->0
[1770.299s][info][gc,metaspace] GC(36) Metaspace: 231498K(233920K)->231498K(233920K) NonClass: 197330K(198656K)->197330K(198656K) Class: 34167K(35264K)->34167K(35264K)
[1770.299s][info][gc          ] GC(36) Pause Young (Normal) (G1 Evacuation Pause) 3444M->700M(8192M) 55.364ms
[1770.299s][info][gc,cpu      ] GC(36) User=0.21s Sys=0.00s Real=0.05s
[1826.305s][info][gc,start    ] GC(37) Pause Young (Concurrent Start) (CodeCache GC Threshold)
[1826.305s][info][gc,task     ] GC(37) Using 4 workers of 4 for evacuation
[1826.351s][info][gc,phases   ] GC(37)   Pre Evacuate Collection Set: 0.4ms
[1826.351s][info][gc,phases   ] GC(37)   Merge Heap Roots: 0.2ms
[1826.351s][info][gc,phases   ] GC(37)   Evacuate Collection Set: 43.7ms
[1826.351s][info][gc,phases   ] GC(37)   Post Evacuate Collection Set: 1.1ms
[1826.351s][info][gc,phases   ] GC(37)   Other: 0.1ms
[1826.351s][info][gc,heap     ] GC(37) Eden regions: 280->0(596)
[1826.351s][info][gc,heap     ] GC(37) Survivor regions: 17->18(77)
[1826.351s][info][gc,heap     ] GC(37) Old regions: 71->71
[1826.351s][info][gc,heap     ] GC(37) Humongous regions: 0->0
[1826.351s][info][gc,metaspace] GC(37) Metaspace: 231652K(234048K)->231652K(234048K) NonClass: 197461K(198784K)->197461K(198784K) Class: 34191K(35264K)->34191K(35264K)
[1826.351s][info][gc          ] GC(37) Pause Young (Concurrent Start) (CodeCache GC Threshold) 2936M->712M(8192M) 45.650ms
[1826.351s][info][gc          ] GC(38) Concurrent Mark Cycle
[1826.351s][info][gc,cpu      ] GC(37) User=0.18s Sys=0.00s Real=0.04s
[1826.351s][info][gc,marking  ] GC(38) Concurrent Scan Root Regions
[1826.410s][info][gc,marking  ] GC(38) Concurrent Scan Root Regions 59.354ms
[1826.410s][info][gc,marking  ] GC(38) Concurrent Mark
[1826.410s][info][gc,marking  ] GC(38) Concurrent Mark From Roots
[1826.410s][info][gc,task     ] GC(38) Using 1 workers of 1 for marking
[1827.246s][info][gc,marking  ] GC(38) Concurrent Mark From Roots 835.843ms
[1827.246s][info][gc,marking  ] GC(38) Concurrent Preclean
[1827.247s][info][gc,marking  ] GC(38) Concurrent Preclean 0.731ms
[1827.247s][info][gc,start    ] GC(38) Pause Remark
[1827.298s][info][gc          ] GC(38) Pause Remark 728M->728M(8192M) 50.788ms
[1827.298s][info][gc,cpu      ] GC(38) User=0.15s Sys=0.00s Real=0.05s
[1827.298s][info][gc,marking  ] GC(38) Concurrent Mark 887.670ms
[1827.298s][info][gc,marking  ] GC(38) Concurrent Rebuild Remembered Sets and Scrub Regions
[1827.562s][info][gc,marking  ] GC(38) Concurrent Rebuild Remembered Sets and Scrub Regions 264.362ms
[1827.563s][info][gc,start    ] GC(38) Pause Cleanup
[1827.563s][info][gc          ] GC(38) Pause Cleanup 728M->728M(8192M) 0.179ms
[1827.563s][info][gc,cpu      ] GC(38) User=0.00s Sys=0.00s Real=0.00s
[1827.563s][info][gc,marking  ] GC(38) Concurrent Clear Claimed Marks
[1827.563s][info][gc,marking  ] GC(38) Concurrent Clear Claimed Marks 0.240ms
[1827.563s][info][gc,marking  ] GC(38) Concurrent Cleanup for Next Mark
[1827.572s][info][gc,marking  ] GC(38) Concurrent Cleanup for Next Mark 8.823ms
[1827.572s][info][gc          ] GC(38) Concurrent Mark Cycle 1221.071ms
[1995.903s][info][gc,start    ] GC(39) Pause Young (Prepare Mixed) (G1 Evacuation Pause)
[1995.904s][info][gc,task     ] GC(39) Using 4 workers of 4 for evacuation
[1995.955s][info][gc,phases   ] GC(39)   Pre Evacuate Collection Set: 0.4ms
[1995.955s][info][gc,phases   ] GC(39)   Merge Heap Roots: 0.1ms
[1995.955s][info][gc,phases   ] GC(39)   Evacuate Collection Set: 48.9ms
[1995.955s][info][gc,phases   ] GC(39)   Post Evacuate Collection Set: 1.3ms
[1995.955s][info][gc,phases   ] GC(39)   Other: 0.2ms
[1995.955s][info][gc,heap     ] GC(39) Eden regions: 556->0(593)
[1995.955s][info][gc,heap     ] GC(39) Survivor regions: 18->21(72)
[1995.955s][info][gc,heap     ] GC(39) Old regions: 71->71
[1995.955s][info][gc,heap     ] GC(39) Humongous regions: 0->0
[1995.955s][info][gc,metaspace] GC(39) Metaspace: 231986K(234368K)->231986K(234368K) NonClass: 197779K(199104K)->197779K(199104K) Class: 34207K(35264K)->34207K(35264K)
[1995.955s][info][gc          ] GC(39) Pause Young (Prepare Mixed) (G1 Evacuation Pause) 5160M->736M(8192M) 51.271ms
[1995.955s][info][gc,cpu      ] GC(39) User=0.20s Sys=0.00s Real=0.05s
[2044.875s][info][gc,start    ] GC(40) Pause Young (Mixed) (G1 Evacuation Pause)
[2044.875s][info][gc,task     ] GC(40) Using 4 workers of 4 for evacuation
[2044.939s][info][gc,phases   ] GC(40)   Pre Evacuate Collection Set: 0.5ms
[2044.939s][info][gc,phases   ] GC(40)   Merge Heap Roots: 0.2ms
[2044.939s][info][gc,phases   ] GC(40)   Evacuate Collection Set: 62.1ms
[2044.939s][info][gc,phases   ] GC(40)   Post Evacuate Collection Set: 1.3ms
[2044.939s][info][gc,phases   ] GC(40)   Other: 0.1ms
[2044.939s][info][gc,heap     ] GC(40) Eden regions: 593->0(301)
[2044.939s][info][gc,heap     ] GC(40) Survivor regions: 21->26(77)
[2044.939s][info][gc,heap     ] GC(40) Old regions: 71->71
[2044.939s][info][gc,heap     ] GC(40) Humongous regions: 0->0
[2044.939s][info][gc,metaspace] GC(40) Metaspace: 232337K(234688K)->232337K(234688K) NonClass: 198080K(199360K)->198080K(199360K) Class: 34257K(35328K)->34257K(35328K)
[2044.939s][info][gc          ] GC(40) Pause Young (Mixed) (G1 Evacuation Pause) 5480M->770M(8192M) 64.379ms
[2044.939s][info][gc,cpu      ] GC(40) User=0.25s Sys=0.00s Real=0.06s
[2056.465s][info][gc,start    ] GC(41) Pause Young (Normal) (G1 Evacuation Pause)
[2056.465s][info][gc,task     ] GC(41) Using 4 workers of 4 for evacuation
[2056.522s][info][gc,phases   ] GC(41)   Pre Evacuate Collection Set: 0.2ms
[2056.522s][info][gc,phases   ] GC(41)   Merge Heap Roots: 0.2ms
[2056.522s][info][gc,phases   ] GC(41)   Evacuate Collection Set: 55.1ms
[2056.522s][info][gc,phases   ] GC(41)   Post Evacuate Collection Set: 1.2ms
[2056.522s][info][gc,phases   ] GC(41)   Other: 0.1ms
[2056.522s][info][gc,heap     ] GC(41) Eden regions: 319->0(524)
[2056.522s][info][gc,heap     ] GC(41) Survivor regions: 26->24(44)
[2056.522s][info][gc,heap     ] GC(41) Old regions: 71->74
[2056.522s][info][gc,heap     ] GC(41) Humongous regions: 0->0
[2056.522s][info][gc,metaspace] GC(41) Metaspace: 232379K(234752K)->232379K(234752K) NonClass: 198113K(199424K)->198113K(199424K) Class: 34265K(35328K)->34265K(35328K)
[2056.522s][info][gc          ] GC(41) Pause Young (Normal) (G1 Evacuation Pause) 3322M->778M(8192M) 56.994ms
[2056.522s][info][gc,cpu      ] GC(41) User=0.22s Sys=0.00s Real=0.06s
[2201.147s][info][gc,start    ] GC(42) Pause Young (Normal) (G1 Evacuation Pause)
[2201.148s][info][gc,task     ] GC(42) Using 4 workers of 4 for evacuation
[2201.205s][info][gc,phases   ] GC(42)   Pre Evacuate Collection Set: 0.2ms
[2201.205s][info][gc,phases   ] GC(42)   Merge Heap Roots: 0.2ms
[2201.205s][info][gc,phases   ] GC(42)   Evacuate Collection Set: 55.8ms
[2201.205s][info][gc,phases   ] GC(42)   Post Evacuate Collection Set: 1.2ms
[2201.205s][info][gc,phases   ] GC(42)   Other: 0.1ms
[2201.205s][info][gc,heap     ] GC(42) Eden regions: 500->0(590)
[2201.205s][info][gc,heap     ] GC(42) Survivor regions: 24->24(66)
[2201.205s][info][gc,heap     ] GC(42) Old regions: 74->74
[2201.205s][info][gc,heap     ] GC(42) Humongous regions: 0->0
[2201.205s][info][gc,metaspace] GC(42) Metaspace: 232803K(235264K)->232803K(235264K) NonClass: 198506K(199872K)->198506K(199872K) Class: 34296K(35392K)->34296K(35392K)
[2201.205s][info][gc          ] GC(42) Pause Young (Normal) (G1 Evacuation Pause) 4778M->782M(8192M) 57.861ms
[2201.205s][info][gc,cpu      ] GC(42) User=0.23s Sys=0.01s Real=0.06s
[2598.359s][info][gc,start    ] GC(43) Pause Young (Normal) (G1 Evacuation Pause)
[2598.359s][info][gc,task     ] GC(43) Using 4 workers of 4 for evacuation
[2598.398s][info][gc,phases   ] GC(43)   Pre Evacuate Collection Set: 0.3ms
[2598.398s][info][gc,phases   ] GC(43)   Merge Heap Roots: 0.2ms
[2598.398s][info][gc,phases   ] GC(43)   Evacuate Collection Set: 37.3ms
[2598.398s][info][gc,phases   ] GC(43)   Post Evacuate Collection Set: 1.2ms
[2598.398s][info][gc,phases   ] GC(43)   Other: 0.1ms
[2598.398s][info][gc,heap     ] GC(43) Eden regions: 585->0(599)
[2598.398s][info][gc,heap     ] GC(43) Survivor regions: 24->15(77)
[2598.398s][info][gc,heap     ] GC(43) Old regions: 74->74
[2598.398s][info][gc,heap     ] GC(43) Humongous regions: 0->0
[2598.398s][info][gc,metaspace] GC(43) Metaspace: 233570K(236032K)->233570K(236032K) NonClass: 199233K(200576K)->199233K(200576K) Class: 34336K(35456K)->34336K(35456K)
[2598.398s][info][gc          ] GC(43) Pause Young (Normal) (G1 Evacuation Pause) 5462M->710M(8192M) 39.193ms
[2598.398s][info][gc,cpu      ] GC(43) User=0.15s Sys=0.00s Real=0.04s
[2602.198s][info][gc,start    ] GC(44) Pause Young (Concurrent Start) (CodeCache GC Threshold)
[2602.198s][info][gc,task     ] GC(44) Using 4 workers of 4 for evacuation
[2602.238s][info][gc,phases   ] GC(44)   Pre Evacuate Collection Set: 0.3ms
[2602.238s][info][gc,phases   ] GC(44)   Merge Heap Roots: 0.1ms
[2602.238s][info][gc,phases   ] GC(44)   Evacuate Collection Set: 38.8ms
[2602.238s][info][gc,phases   ] GC(44)   Post Evacuate Collection Set: 1.1ms
[2602.238s][info][gc,phases   ] GC(44)   Other: 0.1ms
[2602.238s][info][gc,heap     ] GC(44) Eden regions: 95->0(597)
[2602.238s][info][gc,heap     ] GC(44) Survivor regions: 15->17(77)
[2602.238s][info][gc,heap     ] GC(44) Old regions: 74->74
[2602.238s][info][gc,heap     ] GC(44) Humongous regions: 0->0
[2602.238s][info][gc,metaspace] GC(44) Metaspace: 233618K(236032K)->233618K(236032K) NonClass: 199274K(200576K)->199274K(200576K) Class: 34344K(35456K)->34344K(35456K)
[2602.238s][info][gc          ] GC(44) Pause Young (Concurrent Start) (CodeCache GC Threshold) 1470M->726M(8192M) 40.694ms
[2602.238s][info][gc,cpu      ] GC(44) User=0.16s Sys=0.00s Real=0.04s
[2602.238s][info][gc          ] GC(45) Concurrent Mark Cycle
[2602.238s][info][gc,marking  ] GC(45) Concurrent Scan Root Regions
[2602.300s][info][gc,marking  ] GC(45) Concurrent Scan Root Regions 61.439ms
[2602.300s][info][gc,marking  ] GC(45) Concurrent Mark
[2602.300s][info][gc,marking  ] GC(45) Concurrent Mark From Roots
[2602.300s][info][gc,task     ] GC(45) Using 1 workers of 1 for marking
[2603.157s][info][gc,marking  ] GC(45) Concurrent Mark From Roots 857.053ms
[2603.157s][info][gc,marking  ] GC(45) Concurrent Preclean
[2603.158s][info][gc,marking  ] GC(45) Concurrent Preclean 0.732ms
[2603.158s][info][gc,start    ] GC(45) Pause Remark
[2603.209s][info][gc          ] GC(45) Pause Remark 830M->830M(8192M) 50.858ms
[2603.209s][info][gc,cpu      ] GC(45) User=0.15s Sys=0.01s Real=0.05s
[2603.215s][info][gc,marking  ] GC(45) Concurrent Mark 914.963ms
[2603.215s][info][gc,marking  ] GC(45) Concurrent Rebuild Remembered Sets and Scrub Regions
[2603.491s][info][gc,marking  ] GC(45) Concurrent Rebuild Remembered Sets and Scrub Regions 276.636ms
[2603.492s][info][gc,start    ] GC(45) Pause Cleanup
[2603.492s][info][gc          ] GC(45) Pause Cleanup 834M->834M(8192M) 0.182ms
[2603.492s][info][gc,cpu      ] GC(45) User=0.00s Sys=0.00s Real=0.00s
[2603.492s][info][gc,marking  ] GC(45) Concurrent Clear Claimed Marks
[2603.492s][info][gc,marking  ] GC(45) Concurrent Clear Claimed Marks 0.255ms
[2603.492s][info][gc,marking  ] GC(45) Concurrent Cleanup for Next Mark
[2603.501s][info][gc,marking  ] GC(45) Concurrent Cleanup for Next Mark 8.971ms
[2603.501s][info][gc          ] GC(45) Concurrent Mark Cycle 1263.058ms
[2784.170s][info][gc,start    ] GC(46) Pause Young (Prepare Mixed) (G1 Evacuation Pause)
[2784.170s][info][gc,task     ] GC(46) Using 4 workers of 4 for evacuation
[2784.215s][info][gc,phases   ] GC(46)   Pre Evacuate Collection Set: 0.3ms
[2784.215s][info][gc,phases   ] GC(46)   Merge Heap Roots: 0.2ms
[2784.215s][info][gc,phases   ] GC(46)   Evacuate Collection Set: 42.5ms
[2784.215s][info][gc,phases   ] GC(46)   Post Evacuate Collection Set: 1.2ms
[2784.215s][info][gc,phases   ] GC(46)   Other: 0.1ms
[2784.215s][info][gc,heap     ] GC(46) Eden regions: 597->0(597)
[2784.215s][info][gc,heap     ] GC(46) Survivor regions: 17->17(77)
[2784.215s][info][gc,heap     ] GC(46) Old regions: 74->74
[2784.215s][info][gc,heap     ] GC(46) Humongous regions: 0->0
[2784.215s][info][gc,metaspace] GC(46) Metaspace: 233762K(236160K)->233762K(236160K) NonClass: 199422K(200704K)->199422K(200704K) Class: 34340K(35456K)->34340K(35456K)
[2784.215s][info][gc          ] GC(46) Pause Young (Prepare Mixed) (G1 Evacuation Pause) 5502M->726M(8192M) 44.656ms
[2784.215s][info][gc,cpu      ] GC(46) User=0.17s Sys=0.00s Real=0.05s
[3271.159s][info][gc,start    ] GC(47) Pause Young (Mixed) (G1 Evacuation Pause)
[3271.160s][info][gc,task     ] GC(47) Using 4 workers of 4 for evacuation
[3271.217s][info][gc,phases   ] GC(47)   Pre Evacuate Collection Set: 0.4ms
[3271.217s][info][gc,phases   ] GC(47)   Merge Heap Roots: 0.3ms
[3271.217s][info][gc,phases   ] GC(47)   Evacuate Collection Set: 55.4ms
[3271.217s][info][gc,phases   ] GC(47)   Post Evacuate Collection Set: 1.2ms
[3271.217s][info][gc,phases   ] GC(47)   Other: 0.1ms
[3271.217s][info][gc,heap     ] GC(47) Eden regions: 597->0(594)
[3271.217s][info][gc,heap     ] GC(47) Survivor regions: 17->20(77)
[3271.217s][info][gc,heap     ] GC(47) Old regions: 74->74
[3271.217s][info][gc,heap     ] GC(47) Humongous regions: 0->0
[3271.217s][info][gc,metaspace] GC(47) Metaspace: 235039K(237440K)->235039K(237440K) NonClass: 200570K(201856K)->200570K(201856K) Class: 34468K(35584K)->34468K(35584K)
[3271.217s][info][gc          ] GC(47) Pause Young (Mixed) (G1 Evacuation Pause) 5502M->743M(8192M) 58.526ms
[3271.217s][info][gc,cpu      ] GC(47) User=0.22s Sys=0.00s Real=0.06s
[3393.003s][info][gc,start    ] GC(48) Pause Young (Normal) (G1 Evacuation Pause)
[3393.003s][info][gc,task     ] GC(48) Using 4 workers of 4 for evacuation
[3393.041s][info][gc,phases   ] GC(48)   Pre Evacuate Collection Set: 0.3ms
[3393.041s][info][gc,phases   ] GC(48)   Merge Heap Roots: 0.3ms
[3393.041s][info][gc,phases   ] GC(48)   Evacuate Collection Set: 36.0ms
[3393.041s][info][gc,phases   ] GC(48)   Post Evacuate Collection Set: 1.3ms
[3393.041s][info][gc,phases   ] GC(48)   Other: 0.1ms
[3393.041s][info][gc,heap     ] GC(48) Eden regions: 594->0(599)
[3393.041s][info][gc,heap     ] GC(48) Survivor regions: 20->15(77)
[3393.041s][info][gc,heap     ] GC(48) Old regions: 74->75
[3393.041s][info][gc,heap     ] GC(48) Humongous regions: 0->0
[3393.041s][info][gc,metaspace] GC(48) Metaspace: 236528K(238976K)->236528K(238976K) NonClass: 201865K(203200K)->201865K(203200K) Class: 34663K(35776K)->34663K(35776K)
[3393.041s][info][gc          ] GC(48) Pause Young (Normal) (G1 Evacuation Pause) 5495M->715M(8192M) 38.205ms
[3393.041s][info][gc,cpu      ] GC(48) User=0.15s Sys=0.00s Real=0.03s
[4042.582s][info][gc,heap,exit] Heap
[4042.582s][info][gc,heap,exit]  garbage-first heap   total 8388608K, used 3803382K [0x0000000600000000, 0x0000000800000000)
[4042.582s][info][gc,heap,exit]   region size 8192K, 390 young (3194880K), 15 survivors (122880K)
[4042.582s][info][gc,heap,exit]  Metaspace       used 237024K, committed 239424K, reserved 1310720K
[4042.582s][info][gc,heap,exit]   class space    used 34692K, committed 35776K, reserved 1048576K
