[13:20:03] [ServerMain/INFO]: [bootstrap] Running Java 21 (OpenJDK 64-Bit Server VM 21.0.6+7-LTS; Eclipse Adoptium Temurin-21.0.6+7) on Linux 6.8.0-1023-oracle (aarch64)
[13:20:03] [ServerMain/INFO]: [bootstrap] Loading Purpur 1.21.1-2329-ver/1.21.1@803bf62 (2024-10-31T20:25:04Z) for Minecraft 1.21.1
[13:20:03] [ServerMain/INFO]: [PluginInitializerManager] Initializing plugins...
[13:20:04] [ServerMain/INFO]: [PluginInitializerManager] Initialized 11 plugins
[13:20:04] [ServerMain/INFO]: [PluginInitializerManager] Bukkit plugins (11):
 - AuthMe (5.7.0-SNAPSHOT-b2642), BetterTeams (4.12.0), BountySeekers (2.0.0), Chunky (1.4.36), Essentials (2.21.0), LuckPerms (5.4.145), Vault (2.10.0), ViaBackwards (5.3.2), ViaRewind (4.0.7), ViaRewind-Legacy-Support (1.5.2), ViaVersion (5.3.2)
[13:20:08] [ServerMain/INFO]: Environment: Environment[sessionHost=https://sessionserver.mojang.com, servicesHost=https://api.minecraftservices.com, name=PROD]
[13:20:10] [ServerMain/INFO]: Loaded 1290 recipes
[13:20:10] [ServerMain/INFO]: Loaded 1399 advancements
[13:20:10] [Server thread/INFO]: Starting minecraft server version 1.21.1
[13:20:10] [Server thread/INFO]: Loading properties
[13:20:10] [Server thread/INFO]: This server is running Purpur version 1.21.1-2329-ver/1.21.1@803bf62 (2024-10-31T20:25:04Z) (Implementing API version 1.21.1-R0.1-SNAPSHOT)
[13:20:11] [Server thread/INFO]: [spark] This server bundles the spark profiler. For more information please visit https://docs.papermc.io/paper/profiling
[13:20:11] [Server thread/INFO]: Server Ping Player Sample Count: 12
[13:20:11] [Server thread/INFO]: Using 4 threads for Netty based IO
[13:20:12] [Server thread/INFO]: [ChunkTaskScheduler] Chunk system is using 1 I/O threads, 1 worker threads, and population gen parallelism of 1 threads
[13:20:12] [Server console handler/ERROR]: [TerminalConsole] Failed to read console input
java.io.IOException: Bad file descriptor
	at java.base/java.io.FileInputStream.readBytes(Native Method) ~[?:?]
	at java.base/java.io.FileInputStream.read(FileInputStream.java:287) ~[?:?]
	at java.base/java.io.BufferedInputStream.read1(BufferedInputStream.java:345) ~[?:?]
	at java.base/java.io.BufferedInputStream.implRead(BufferedInputStream.java:420) ~[?:?]
	at java.base/java.io.BufferedInputStream.read(BufferedInputStream.java:399) ~[?:?]
	at java.base/sun.nio.cs.StreamDecoder.readBytes(StreamDecoder.java:350) ~[?:?]
	at java.base/sun.nio.cs.StreamDecoder.implRead(StreamDecoder.java:393) ~[?:?]
	at java.base/sun.nio.cs.StreamDecoder.lockedRead(StreamDecoder.java:217) ~[?:?]
	at java.base/sun.nio.cs.StreamDecoder.read(StreamDecoder.java:171) ~[?:?]
	at java.base/java.io.InputStreamReader.read(InputStreamReader.java:188) ~[?:?]
	at java.base/java.io.BufferedReader.fill(BufferedReader.java:160) ~[?:?]
	at java.base/java.io.BufferedReader.implReadLine(BufferedReader.java:370) ~[?:?]
	at java.base/java.io.BufferedReader.readLine(BufferedReader.java:347) ~[?:?]
	at java.base/java.io.BufferedReader.readLine(BufferedReader.java:436) ~[?:?]
	at net.minecrell.terminalconsole.SimpleTerminalConsole.readCommands(SimpleTerminalConsole.java:180) ~[terminalconsoleappender-1.3.0.jar:?]
	at net.minecrell.terminalconsole.SimpleTerminalConsole.start(SimpleTerminalConsole.java:143) ~[terminalconsoleappender-1.3.0.jar:?]
	at net.minecraft.server.dedicated.DedicatedServer$1.run(DedicatedServer.java:118) ~[purpur-1.21.1.jar:1.21.1-2329-803bf62]
[13:20:12] [Server thread/INFO]: [Pufferfish] Max SIMD vector size on this system is 128 bits (int)
[13:20:12] [Server thread/INFO]: [Pufferfish] Max SIMD vector size on this system is 128 bits (float)
[13:20:12] [Server thread/INFO]: [Pufferfish] SIMD operations detected as functional. Will replace some operations with faster versions.
[13:20:12] [Server thread/INFO]: Default game type: SURVIVAL
[13:20:12] [Server thread/INFO]: Generating keypair
[13:20:12] [Server thread/INFO]: Starting Minecraft server on 0.0.0.0:25567
[13:20:13] [Server thread/INFO]: Using epoll channel type
[13:20:13] [Server thread/INFO]: Paper: Using libdeflate (Linux aarch64) compression from Velocity.
[13:20:13] [Server thread/INFO]: Paper: Using OpenSSL 3.x.x (Linux aarch64) cipher from Velocity.
[13:20:13] [Server thread/INFO]: [SpigotLibraryLoader] [AuthMe] Loading 17 libraries... please wait
[13:20:14] [Server thread/INFO]: [SpigotLibraryLoader] [AuthMe] Loaded library /home/ubuntu/server/mc/main/libraries/ch/jalu/injector/1.0/injector-1.0.jar
[13:20:14] [Server thread/INFO]: [SpigotLibraryLoader] [AuthMe] Loaded library /home/ubuntu/server/mc/main/libraries/javax/inject/javax.inject/1/javax.inject-1.jar
[13:20:14] [Server thread/INFO]: [SpigotLibraryLoader] [AuthMe] Loaded library /home/ubuntu/server/mc/main/libraries/javax/annotation/javax.annotation-api/1.3.1/javax.annotation-api-1.3.1.jar
[13:20:14] [Server thread/INFO]: [SpigotLibraryLoader] [AuthMe] Loaded library /home/ubuntu/server/mc/main/libraries/net/ricecode/string-similarity/1.0.0/string-similarity-1.0.0.jar
[13:20:14] [Server thread/INFO]: [SpigotLibraryLoader] [AuthMe] Loaded library /home/ubuntu/server/mc/main/libraries/com/maxmind/geoip2/geoip2/4.2.0/geoip2-4.2.0.jar
[13:20:14] [Server thread/INFO]: [SpigotLibraryLoader] [AuthMe] Loaded library /home/ubuntu/server/mc/main/libraries/com/maxmind/db/maxmind-db/3.1.0/maxmind-db-3.1.0.jar
[13:20:14] [Server thread/INFO]: [SpigotLibraryLoader] [AuthMe] Loaded library /home/ubuntu/server/mc/main/libraries/com/fasterxml/jackson/core/jackson-databind/2.16.0/jackson-databind-2.16.0.jar
[13:20:14] [Server thread/INFO]: [SpigotLibraryLoader] [AuthMe] Loaded library /home/ubuntu/server/mc/main/libraries/com/fasterxml/jackson/core/jackson-core/2.16.0/jackson-core-2.16.0.jar
[13:20:14] [Server thread/INFO]: [SpigotLibraryLoader] [AuthMe] Loaded library /home/ubuntu/server/mc/main/libraries/com/fasterxml/jackson/core/jackson-annotations/2.16.0/jackson-annotations-2.16.0.jar
[13:20:14] [Server thread/INFO]: [SpigotLibraryLoader] [AuthMe] Loaded library /home/ubuntu/server/mc/main/libraries/javatar/javatar/2.5/javatar-2.5.jar
[13:20:14] [Server thread/INFO]: [SpigotLibraryLoader] [AuthMe] Loaded library /home/ubuntu/server/mc/main/libraries/org/apache/commons/commons-email/1.6.0/commons-email-1.6.0.jar
[13:20:14] [Server thread/INFO]: [SpigotLibraryLoader] [AuthMe] Loaded library /home/ubuntu/server/mc/main/libraries/com/sun/mail/jakarta.mail/1.6.7/jakarta.mail-1.6.7.jar
[13:20:14] [Server thread/INFO]: [SpigotLibraryLoader] [AuthMe] Loaded library /home/ubuntu/server/mc/main/libraries/com/sun/activation/jakarta.activation/1.2.1/jakarta.activation-1.2.1.jar
[13:20:14] [Server thread/INFO]: [SpigotLibraryLoader] [AuthMe] Loaded library /home/ubuntu/server/mc/main/libraries/com/zaxxer/HikariCP/5.1.0/HikariCP-5.1.0.jar
[13:20:14] [Server thread/INFO]: [SpigotLibraryLoader] [AuthMe] Loaded library /home/ubuntu/server/mc/main/libraries/org/slf4j/slf4j-api/1.7.36/slf4j-api-1.7.36.jar
[13:20:14] [Server thread/INFO]: [SpigotLibraryLoader] [AuthMe] Loaded library /home/ubuntu/server/mc/main/libraries/org/slf4j/slf4j-simple/2.0.13/slf4j-simple-2.0.13.jar
[13:20:14] [Server thread/INFO]: [SpigotLibraryLoader] [AuthMe] Loaded library /home/ubuntu/server/mc/main/libraries/ch/jalu/datasourcecolumns/0.1.2/datasourcecolumns-0.1.2.jar
[13:20:14] [Server thread/INFO]: [SpigotLibraryLoader] [AuthMe] Loaded library /home/ubuntu/server/mc/main/libraries/com/mysql/mysql-connector-j/8.4.0/mysql-connector-j-8.4.0.jar
[13:20:14] [Server thread/INFO]: [SpigotLibraryLoader] [AuthMe] Loaded library /home/ubuntu/server/mc/main/libraries/com/google/protobuf/protobuf-java/3.25.1/protobuf-java-3.25.1.jar
[13:20:14] [Server thread/INFO]: [SpigotLibraryLoader] [AuthMe] Loaded library /home/ubuntu/server/mc/main/libraries/org/mariadb/jdbc/mariadb-java-client/3.4.0/mariadb-java-client-3.4.0.jar
[13:20:14] [Server thread/INFO]: [SpigotLibraryLoader] [AuthMe] Loaded library /home/ubuntu/server/mc/main/libraries/com/github/waffle/waffle-jna/3.3.0/waffle-jna-3.3.0.jar
[13:20:14] [Server thread/INFO]: [SpigotLibraryLoader] [AuthMe] Loaded library /home/ubuntu/server/mc/main/libraries/net/java/dev/jna/jna-platform/5.13.0/jna-platform-5.13.0.jar
[13:20:14] [Server thread/INFO]: [SpigotLibraryLoader] [AuthMe] Loaded library /home/ubuntu/server/mc/main/libraries/org/slf4j/jcl-over-slf4j/2.0.7/jcl-over-slf4j-2.0.7.jar
[13:20:14] [Server thread/INFO]: [SpigotLibraryLoader] [AuthMe] Loaded library /home/ubuntu/server/mc/main/libraries/com/github/ben-manes/caffeine/caffeine/2.9.3/caffeine-2.9.3.jar
[13:20:14] [Server thread/INFO]: [SpigotLibraryLoader] [AuthMe] Loaded library /home/ubuntu/server/mc/main/libraries/com/google/errorprone/error_prone_annotations/2.10.0/error_prone_annotations-2.10.0.jar
[13:20:14] [Server thread/INFO]: [SpigotLibraryLoader] [AuthMe] Loaded library /home/ubuntu/server/mc/main/libraries/org/postgresql/postgresql/42.7.3/postgresql-42.7.3.jar
[13:20:14] [Server thread/INFO]: [SpigotLibraryLoader] [AuthMe] Loaded library /home/ubuntu/server/mc/main/libraries/org/checkerframework/checker-qual/3.42.0/checker-qual-3.42.0.jar
[13:20:14] [Server thread/INFO]: [SpigotLibraryLoader] [AuthMe] Loaded library /home/ubuntu/server/mc/main/libraries/de/rtner/PBKDF2/1.1.4/PBKDF2-1.1.4.jar
[13:20:14] [Server thread/INFO]: [SpigotLibraryLoader] [AuthMe] Loaded library /home/ubuntu/server/mc/main/libraries/org/picketbox/picketbox/4.0.21.Final/picketbox-4.0.21.Final.jar
[13:20:14] [Server thread/INFO]: [SpigotLibraryLoader] [AuthMe] Loaded library /home/ubuntu/server/mc/main/libraries/de/mkammerer/argon2-jvm-nolibs/2.11/argon2-jvm-nolibs-2.11.jar
[13:20:14] [Server thread/INFO]: [SpigotLibraryLoader] [AuthMe] Loaded library /home/ubuntu/server/mc/main/libraries/net/java/dev/jna/jna/5.8.0/jna-5.8.0.jar
[13:20:14] [Server thread/INFO]: [SpigotLibraryLoader] [AuthMe] Loaded library /home/ubuntu/server/mc/main/libraries/at/favre/lib/bcrypt/0.10.2/bcrypt-0.10.2.jar
[13:20:14] [Server thread/INFO]: [SpigotLibraryLoader] [AuthMe] Loaded library /home/ubuntu/server/mc/main/libraries/at/favre/lib/bytes/1.5.0/bytes-1.5.0.jar
[13:20:14] [Server thread/INFO]: [SpigotLibraryLoader] [AuthMe] Loaded library /home/ubuntu/server/mc/main/libraries/com/warrenstrange/googleauth/1.5.0/googleauth-1.5.0.jar
[13:20:14] [Server thread/INFO]: [SpigotLibraryLoader] [AuthMe] Loaded library /home/ubuntu/server/mc/main/libraries/commons-codec/commons-codec/1.14/commons-codec-1.14.jar
[13:20:14] [Server thread/INFO]: [SpigotLibraryLoader] [AuthMe] Loaded library /home/ubuntu/server/mc/main/libraries/org/apache/httpcomponents/httpclient/4.5.12/httpclient-4.5.12.jar
[13:20:14] [Server thread/INFO]: [SpigotLibraryLoader] [AuthMe] Loaded library /home/ubuntu/server/mc/main/libraries/org/apache/httpcomponents/httpcore/4.4.13/httpcore-4.4.13.jar
[13:20:14] [Server thread/INFO]: [SpigotLibraryLoader] [AuthMe] Loaded library /home/ubuntu/server/mc/main/libraries/commons-logging/commons-logging/1.2/commons-logging-1.2.jar
[13:20:14] [Server thread/INFO]: [SpigotLibraryLoader] [AuthMe] Loaded library /home/ubuntu/server/mc/main/libraries/ch/jalu/configme/1.3.1/configme-1.3.1.jar
[13:20:14] [Server thread/INFO]: [SpigotLibraryLoader] [AuthMe] Loaded library /home/ubuntu/server/mc/main/libraries/org/yaml/snakeyaml/2.0/snakeyaml-2.0.jar
[13:20:14] [Server thread/INFO]: [SpigotLibraryLoader] [AuthMe] Loaded library /home/ubuntu/server/mc/main/libraries/org/bstats/bstats-bukkit/3.0.2/bstats-bukkit-3.0.2.jar
[13:20:14] [Server thread/INFO]: [SpigotLibraryLoader] [AuthMe] Loaded library /home/ubuntu/server/mc/main/libraries/org/bstats/bstats-base/3.0.2/bstats-base-3.0.2.jar
[13:20:14] [Server thread/INFO]: [ViaVersion] Loading server plugin ViaVersion v5.3.2
[13:20:14] [Server thread/INFO]: [ViaVersion] ViaVersion 5.3.2 is now loaded. Registering protocol transformers and injecting...
[13:20:14] [Via-Mappingloader-0/INFO]: [ViaVersion] Loading block connection mappings ...
[13:20:14] [Via-Mappingloader-0/INFO]: [ViaVersion] Using FastUtil Long2ObjectOpenHashMap for block connections
[13:20:15] [Server thread/INFO]: [ViaBackwards] Loading translations...
[13:20:15] [Server thread/INFO]: [ViaBackwards] Registering protocols...
[13:20:15] [Server thread/INFO]: [ViaRewind] Registering protocols...
[13:20:15] [Server thread/INFO]: [LuckPerms] Loading server plugin LuckPerms v5.4.145
[13:20:16] [Server thread/INFO]: [ViaBackwards] Loading server plugin ViaBackwards v5.3.2
[13:20:16] [Server thread/INFO]: [Vault] Loading server plugin Vault v2.10.0
[13:20:16] [Server thread/INFO]: [ViaRewind] Loading server plugin ViaRewind v4.0.7
[13:20:16] [Server thread/INFO]: [Essentials] Loading server plugin Essentials v2.21.0
[13:20:16] [Server thread/INFO]: [ViaRewind-Legacy-Support] Loading server plugin ViaRewind-Legacy-Support v1.5.2
[13:20:16] [Server thread/INFO]: [AuthMe] Loading server plugin AuthMe v5.7.0-SNAPSHOT-b2642
[13:20:16] [Server thread/INFO]: [BetterTeams] Loading server plugin BetterTeams v4.12.0
[13:20:16] [Server thread/INFO]: [BetterTeams] [BetterTeams] Checking if the file config.yml is up to date
[13:20:16] [Server thread/INFO]: [BetterTeams] [BetterTeams] File is up to date
[13:20:16] [Server thread/INFO]: [BountySeekers] Loading server plugin BountySeekers v2.0.0
[13:20:16] [Server thread/INFO]: [Chunky] Loading server plugin Chunky v1.4.36
[13:20:16] [Server thread/INFO]: Server permissions file permissions.yml is empty, ignoring it
[13:20:16] [Server thread/INFO]: [LuckPerms] Enabling LuckPerms v5.4.145
[13:20:16] [Server thread/INFO]:         __    
[13:20:16] [Server thread/INFO]:   |    |__)   LuckPerms v5.4.145
[13:20:16] [Server thread/INFO]:   |___ |      Running on Bukkit - Purpur
[13:20:16] [Server thread/INFO]: 
[13:20:16] [Server thread/INFO]: [LuckPerms] Loading configuration...
[13:20:16] [Server thread/INFO]: [LuckPerms] Loading storage provider... [H2]
[13:20:17] [Server thread/INFO]: [LuckPerms] Loading internal permission managers...
[13:20:17] [Server thread/INFO]: [LuckPerms] Performing initial data load...
[13:20:17] [Server thread/INFO]: [LuckPerms] Successfully enabled. (took 1379ms)
[13:20:17] [Server thread/INFO]: [Vault] Enabling Vault v2.10.0
[13:20:17] [Server thread/INFO]: [Vault] Enabled Version 2.10.0
[13:20:17] [Server thread/INFO]: [LuckPerms] Registered Vault permission & chat hook.
[13:20:17] [Server thread/INFO]: [ViaRewind] Enabling ViaRewind v4.0.7
[13:20:17] [Server thread/WARN]: **** SERVER IS RUNNING IN OFFLINE/INSECURE MODE!
[13:20:17] [Server thread/WARN]: The server will make no attempt to authenticate usernames. Beware.
[13:20:17] [Server thread/WARN]: Whilst this makes it possible to use BungeeCord, unless access to your server is properly restricted, it also opens up the ability for hackers to connect with any username they choose.
[13:20:17] [Server thread/WARN]: Please see http://www.spigotmc.org/wiki/firewall-guide/ for further information.
[13:20:17] [Server thread/WARN]: To change this, set "online-mode" to "true" in the server.properties file.
[13:20:17] [Server thread/INFO]: Preparing level "world"
[13:20:18] [Server thread/INFO]: Preparing start region for dimension minecraft:overworld
[13:20:19] [Server thread/INFO]: Time elapsed: 1123 ms
[13:20:19] [Server thread/INFO]: Preparing start region for dimension minecraft:the_nether
[13:20:19] [Server thread/INFO]: Time elapsed: 180 ms
[13:20:19] [Server thread/INFO]: Preparing start region for dimension minecraft:the_end
[13:20:19] [Server thread/INFO]: Time elapsed: 127 ms
[13:20:19] [Server thread/INFO]: [ViaVersion] Enabling ViaVersion v5.3.2
[13:20:19] [Server thread/INFO]: [ViaVersion] ViaVersion detected server version: 1.21-1.21.1 (767)
[13:20:19] [Server thread/INFO]: [ViaBackwards] Enabling ViaBackwards v5.3.2
[13:20:19] [Server thread/INFO]: [Essentials] Enabling Essentials v2.21.0
[13:20:20] [Server thread/ERROR]: [Essentials] You are running an unsupported server version!
[13:20:20] [Server thread/INFO]: [Essentials] Attempting to convert old kits in config.yml to new kits.yml
[13:20:20] [Server thread/INFO]: [Essentials] No kits found to migrate.
[13:20:20] [Server thread/INFO]: [Essentials] Selected 1.13+ Spawn Egg Provider as the provider for SpawnEggProvider
[13:20:20] [Server thread/INFO]: [Essentials] Selected Reflection Online Mode Provider as the provider for OnlineModeProvider
[13:20:20] [Server thread/INFO]: [Essentials] Selected Reflection Sync Commands Provider as the provider for SyncCommandsProvider
[13:20:20] [Server thread/INFO]: [Essentials] Selected Paper Known Commands Provider as the provider for KnownCommandsProvider
[13:20:20] [Server thread/INFO]: [Essentials] Selected 1.14+ Sign Data Provider as the provider for SignDataProvider
[13:20:20] [Server thread/INFO]: [Essentials] Selected 1.12.2+ Player Locale Provider as the provider for PlayerLocaleProvider
[13:20:20] [Server thread/INFO]: [Essentials] Selected Paper Tick Count Provider as the provider for TickCountProvider
[13:20:20] [Server thread/INFO]: [Essentials] Selected Reflection Formatted Command Alias Provider as the provider for FormattedCommandAliasProvider
[13:20:20] [Server thread/INFO]: [Essentials] Selected Paper Server State Provider as the provider for ServerStateProvider
[13:20:20] [Server thread/INFO]: [Essentials] Selected 1.21+ InventoryView Interface ABI Provider as the provider for InventoryViewProvider
[13:20:20] [Server thread/INFO]: [Essentials] Selected 1.14.4+ Persistent Data Container Provider as the provider for PersistentDataProvider
[13:20:20] [Server thread/INFO]: [Essentials] Selected Paper Serialization Provider as the provider for SerializationProvider
[13:20:20] [Server thread/INFO]: [Essentials] Selected 1.20.5+ Banner Data Provider as the provider for BannerDataProvider
[13:20:20] [Server thread/INFO]: [Essentials] Selected 1.11+ Item Unbreakable Provider as the provider for ItemUnbreakableProvider
[13:20:20] [Server thread/INFO]: [Essentials] Selected 1.8.3+ Spawner Item Provider as the provider for SpawnerItemProvider
[13:20:20] [Server thread/INFO]: [Essentials] Selected Paper Material Tag Provider as the provider for MaterialTagProvider
[13:20:20] [Server thread/INFO]: [Essentials] Selected Paper Biome Key Provider as the provider for BiomeKeyProvider
[13:20:20] [Server thread/INFO]: [Essentials] Selected Paper Container Provider as the provider for ContainerProvider
[13:20:20] [Server thread/INFO]: [Essentials] Selected 1.20.4+ Damage Event Provider as the provider for DamageEventProvider
[13:20:20] [Server thread/INFO]: [Essentials] Selected 1.17.1+ World Info Provider as the provider for WorldInfoProvider
[13:20:20] [Server thread/INFO]: [Essentials] Selected 1.12+ Spawner Block Provider as the provider for SpawnerBlockProvider
[13:20:20] [Server thread/INFO]: [Essentials] Selected 1.20.6+ Potion Meta Provider as the provider for PotionMetaProvider
[13:20:21] [Server thread/INFO]: [Essentials] Loaded 43465 items from items.json.
[13:20:21] [Server thread/INFO]: [Essentials] Using locale en
[13:20:21] [Server thread/INFO]: [Essentials] ServerListPingEvent: Spigot iterator API
[13:20:21] [Server thread/INFO]: [Essentials] Starting Metrics. Opt-out using the global bStats config.
[13:20:21] [Server thread/INFO]: [Essentials] Using Vault based permissions (LuckPerms)
[13:20:21] [Server thread/INFO]: [ViaRewind-Legacy-Support] Enabling ViaRewind-Legacy-Support v1.5.2
[13:20:21] [Server thread/INFO]: [AuthMe] Enabling AuthMe v5.7.0-SNAPSHOT-b2642
[13:20:21] [Server thread/INFO]: [AuthMe] SQLite Setup finished
[13:20:21] [Server thread/INFO]: [AuthMe] Hooked into LuckPerms!
[13:20:22] [Server thread/INFO]: [AuthMe] Hooked successfully into Essentials
[13:20:22] [Server thread/INFO]: [AuthMe] Essentials spawn file not found: '/home/ubuntu/server/mc/main/plugins/Essentials/spawn.yml'
[13:20:22] [Server thread/WARN]: [AuthMe] WARNING! The protectInventory feature requires ProtocolLib! Disabling it...
[13:20:22] [Server thread/INFO]: [AuthMe] AuthMe 5.7.0-SNAPSHOT build n.2642 successfully enabled!
[13:20:22] [Server thread/INFO]: [BetterTeams] Enabling BetterTeams v4.12.0
[13:20:22] [Server thread/INFO]: [BetterTeams] [BetterTeams] Checking if the file messages.yml is up to date
[13:20:22] [Server thread/INFO]: [BetterTeams] [BetterTeams] File is up to date
[13:20:22] [Server thread/INFO]: [BetterTeams] Display team name config value: prefix
[13:20:22] [Server thread/INFO]: [BetterTeams] Loading below name. Type: PREFIX
[13:20:22] [Server thread/INFO]: [BetterTeams] teamManagement declared: com.booksaw.betterTeams.events.MCTeamManagement@4d139d67
[13:20:22] [Server thread/INFO]: [BountySeekers] Enabling BountySeekers v2.0.0
[13:20:22] [Server thread/INFO]: Enabled BountySeekers v2.0.0
[13:20:22] [Server thread/INFO]: Placeholder API not found - Skipping hook.
[13:20:22] [Server thread/INFO]: [Chunky] Enabling Chunky v1.4.36
[13:20:22] [Server thread/WARN]: Could not register alias sell because it contains commands that do not exist: economyshopgui:sellall $1-
[13:20:22] [Server thread/INFO]: [spark] Starting background profiler...
[13:20:22] [Server thread/INFO]: Done preparing level "world" (5.257s)
[13:20:22] [Server thread/INFO]: Running delayed init tasks
[13:20:22] [Server thread/INFO]: [Essentials] Essentials found a compatible payment resolution method: Vault Compatibility Layer (v2.10.0)!
[13:20:22] [Craft Scheduler Thread - 3 - ViaVersion/INFO]: [ViaVersion] Finished mapping loading, shutting down loader executor.
[13:20:22] [Craft Scheduler Thread - 2 - Essentials/INFO]: [Essentials] Fetching version information...
[13:20:22] [Server thread/INFO]: [Chunky] No tasks to continue.
[13:20:22] [Server thread/INFO]: Done (20.821s)! For help, type "help"
[13:20:23] [User Authenticator #0/INFO]: UUID of player asdfasdfasdf1234 is 944b1b71-76b5-3162-84a3-3faa03a2472d
[13:20:24] [Server thread/INFO]: asdfasdfasdf1234 joined the game
[13:20:24] [Server thread/INFO]: asdfasdfasdf1234[/64.150.15.14:38892] logged in with entity id 34 at ([world]661.6435179802824, 57.0, -1387.3243155228092)
[13:20:25] [Netty Epoll Server IO #1/WARN]: [ViaVersion] (1.13->1.12.2) Ignoring plugin channel in serverbound REGISTER: EAG|GetDomain
[13:20:25] [Netty Epoll Server IO #1/WARN]: [ViaVersion] (1.13->1.12.2) Ignoring plugin channel in serverbound REGISTER: EAG|1.8
[13:20:25] [Netty Epoll Server IO #1/WARN]: [ViaVersion] (1.13->1.12.2) Ignoring plugin channel in serverbound REGISTER: EAG|Voice-1.8
[13:20:25] [Netty Epoll Server IO #1/WARN]: [ViaVersion] (1.13->1.12.2) Ignoring plugin channel in serverbound REGISTER: EAG|UpdateCert-1.8
[13:20:25] [Netty Epoll Server IO #1/WARN]: [ViaVersion] (1.13->1.12.2) Ignoring plugin channel in serverbound REGISTER: EAG|1.8-RPC
[13:20:25] [Netty Epoll Server IO #1/WARN]: [ViaVersion] (1.13->1.12.2) Ignoring plugin channel in serverbound REGISTER: EAG|Skins-1.8
[13:20:25] [Netty Epoll Server IO #1/WARN]: [ViaVersion] (1.13->1.12.2) Ignoring plugin channel in serverbound REGISTER: EAG|1.8-Ready
[13:20:25] [Netty Epoll Server IO #1/WARN]: [ViaVersion] (1.13->1.12.2) Ignoring plugin channel in serverbound REGISTER: EAG|FNAWSEn-1.8
[13:20:25] [Netty Epoll Server IO #1/WARN]: [ViaVersion] (1.13->1.12.2) Ignoring plugin channel in serverbound REGISTER: EAG|Capes-1.8
[13:20:25] [Netty Epoll Server IO #1/WARN]: [ViaVersion] (1.13->1.12.2) Ignoring serverbound plugin message with channel: EAG|1.8-Ready
[13:20:25] [Server thread/WARN]: [Essentials] Permissions lag notice with (LuckPermsHandler). Response took 54.860149ms. Summary: Getting group for asdfasdfasdf1234
[13:20:53] [Server thread/INFO]: asdfasdfasdf1234 lost connection: Login timeout exceeded, you have been kicked from the server, please try again!
[13:20:53] [Server thread/INFO]: asdfasdfasdf1234 left the game
[13:21:01] [User Authenticator #0/INFO]: UUID of player asdfasdfasdf1234 is 944b1b71-76b5-3162-84a3-3faa03a2472d
[13:21:01] [Server thread/INFO]: asdfasdfasdf1234 joined the game
[13:21:01] [Server thread/INFO]: asdfasdfasdf1234[/64.150.15.14:49706] logged in with entity id 60 at ([world]661.6435179802824, 57.0, -1387.3243155228092)
[13:21:02] [Netty Epoll Server IO #2/WARN]: [ViaVersion] (1.13->1.12.2) Ignoring plugin channel in serverbound REGISTER: EAG|GetDomain
[13:21:02] [Netty Epoll Server IO #2/WARN]: [ViaVersion] (1.13->1.12.2) Ignoring plugin channel in serverbound REGISTER: EAG|1.8
[13:21:02] [Netty Epoll Server IO #2/WARN]: [ViaVersion] (1.13->1.12.2) Ignoring plugin channel in serverbound REGISTER: EAG|Voice-1.8
[13:21:02] [Netty Epoll Server IO #2/WARN]: [ViaVersion] (1.13->1.12.2) Ignoring plugin channel in serverbound REGISTER: EAG|UpdateCert-1.8
[13:21:02] [Netty Epoll Server IO #2/WARN]: [ViaVersion] (1.13->1.12.2) Ignoring plugin channel in serverbound REGISTER: EAG|1.8-RPC
[13:21:02] [Netty Epoll Server IO #2/WARN]: [ViaVersion] (1.13->1.12.2) Ignoring plugin channel in serverbound REGISTER: EAG|Skins-1.8
[13:21:02] [Netty Epoll Server IO #2/WARN]: [ViaVersion] (1.13->1.12.2) Ignoring plugin channel in serverbound REGISTER: EAG|1.8-Ready
[13:21:02] [Netty Epoll Server IO #2/WARN]: [ViaVersion] (1.13->1.12.2) Ignoring plugin channel in serverbound REGISTER: EAG|FNAWSEn-1.8
[13:21:02] [Netty Epoll Server IO #2/WARN]: [ViaVersion] (1.13->1.12.2) Ignoring plugin channel in serverbound REGISTER: EAG|Capes-1.8
[13:21:02] [Netty Epoll Server IO #2/WARN]: [ViaVersion] (1.13->1.12.2) Ignoring serverbound plugin message with channel: EAG|1.8-Ready
[13:21:10] [Craft Scheduler Thread - 2 - AuthMe/INFO]: [AuthMe] asdfasdfasdf1234 used the wrong password
[13:21:10] [Server thread/INFO]: asdfasdfasdf1234 lost connection: Wrong password!
[13:21:10] [Server thread/INFO]: asdfasdfasdf1234 left the game
[13:21:16] [User Authenticator #0/INFO]: UUID of player asdfasdfasdf1234 is 944b1b71-76b5-3162-84a3-3faa03a2472d
[13:21:16] [Server thread/INFO]: asdfasdfasdf1234 joined the game
[13:21:16] [Server thread/INFO]: asdfasdfasdf1234[/64.150.15.14:36162] logged in with entity id 86 at ([world]661.6435179802824, 57.0, -1387.3243155228092)
[13:21:16] [Netty Epoll Server IO #3/WARN]: [ViaVersion] (1.13->1.12.2) Ignoring plugin channel in serverbound REGISTER: EAG|GetDomain
[13:21:16] [Netty Epoll Server IO #3/WARN]: [ViaVersion] (1.13->1.12.2) Ignoring plugin channel in serverbound REGISTER: EAG|1.8
[13:21:16] [Netty Epoll Server IO #3/WARN]: [ViaVersion] (1.13->1.12.2) Ignoring plugin channel in serverbound REGISTER: EAG|Voice-1.8
[13:21:16] [Netty Epoll Server IO #3/WARN]: [ViaVersion] (1.13->1.12.2) Ignoring plugin channel in serverbound REGISTER: EAG|UpdateCert-1.8
[13:21:16] [Netty Epoll Server IO #3/WARN]: [ViaVersion] (1.13->1.12.2) Ignoring plugin channel in serverbound REGISTER: EAG|1.8-RPC
[13:21:16] [Netty Epoll Server IO #3/WARN]: [ViaVersion] (1.13->1.12.2) Ignoring plugin channel in serverbound REGISTER: EAG|Skins-1.8
[13:21:16] [Netty Epoll Server IO #3/WARN]: [ViaVersion] (1.13->1.12.2) Ignoring plugin channel in serverbound REGISTER: EAG|1.8-Ready
[13:21:16] [Netty Epoll Server IO #3/WARN]: [ViaVersion] (1.13->1.12.2) Ignoring plugin channel in serverbound REGISTER: EAG|FNAWSEn-1.8
[13:21:16] [Netty Epoll Server IO #3/WARN]: [ViaVersion] (1.13->1.12.2) Ignoring plugin channel in serverbound REGISTER: EAG|Capes-1.8
[13:21:16] [Netty Epoll Server IO #3/WARN]: [ViaVersion] (1.13->1.12.2) Ignoring serverbound plugin message with channel: EAG|1.8-Ready
[13:21:19] [Craft Scheduler Thread - 5 - AuthMe/INFO]: [AuthMe] The user asdfasdfasdf1234 has 2 accounts:
[13:21:19] [Craft Scheduler Thread - 5 - AuthMe/INFO]: [AuthMe] §7§aasdfasdfasdf1234§7, asdfasdf.
[13:21:19] [Craft Scheduler Thread - 5 - AuthMe/INFO]: [AuthMe] asdfasdfasdf1234 logged in 64.150.15.14
[13:22:29] [Async Chat Thread - #0/INFO]: [Not Secure] <asdfasdfasdf1234> this is an alt
[13:22:47] [Server thread/INFO]: asdfasdfasdf1234 issued server command: /gamemode s
[13:22:49] [Server thread/INFO]: asdfasdfasdf1234 fell from a high place
[13:22:54] [Server thread/INFO]: asdfasdfasdf1234 issued server command: /back
[13:23:03] [Server thread/INFO]: asdfasdfasdf1234 issued server command: /gamemode c
[13:23:22] [Server thread/INFO]: asdfasdfasdf1234 issued server command: /gamemode s
[13:23:26] [Server thread/INFO]: asdfasdfasdf1234 issued server command: /gamemode c
[13:23:28] [Server thread/INFO]: asdfasdfasdf1234 issued server command: /heal
[13:23:35] [Server thread/INFO]: asdfasdfasdf1234 issued server command: /gamemode s
[13:23:43] [Server thread/INFO]: asdfasdfasdf1234 issued server command: /gamemode c
[13:24:35] [Server thread/INFO]: asdfasdfasdf1234 issued server command: /gamemode c
[13:24:43] [Server thread/INFO]: asdfasdfasdf1234 issued server command: /gamemode s
[13:24:48] [Server thread/INFO]: asdfasdfasdf1234 issued server command: /heal
[13:24:49] [Server thread/INFO]: asdfasdfasdf1234 issued server command: /gamemode c
[13:24:55] [Server thread/INFO]: asdfasdfasdf1234 issued server command: /gamemode s
[13:24:57] [Server thread/INFO]: asdfasdfasdf1234 fell from a high place
[13:25:00] [Server thread/INFO]: asdfasdfasdf1234 issued server command: /back
[13:25:07] [Server thread/INFO]: asdfasdfasdf1234 issued server command: /give asdfasdfasdf1234 elytra
[13:25:07] [Server thread/INFO]: asdfasdfasdf1234 has reached the goal [Sky's the Limit]
[13:25:20] [Server thread/INFO]: asdfasdfasdf1234 issued server command: /give asdfasdfasdf1234 firework
[13:25:24] [Server thread/INFO]: asdfasdfasdf1234 issued server command: /give asdfasdfasdf1234
[13:25:28] [Server thread/INFO]: asdfasdfasdf1234 issued server command: /gamemode c
[13:26:15] [Server thread/INFO]: asdfasdfasdf1234 issued server command: /gamemode s
[13:26:29] [Server thread/WARN]: asdfasdfasdf1234 moved too quickly! -9.079307104067368,-6.766367993957516,8.391887315713575
[13:26:43] [Server thread/INFO]: asdfasdfasdf1234 fell from a high place
[13:26:58] [Server thread/INFO]: asdfasdfasdf1234 issued server command: /locate structure ancient_city
[13:26:58] [Server thread/INFO]: Locating element minecraft:ancient_city took 288 ms
[13:28:25] [Server thread/INFO]: asdfasdfasdf1234 drowned
[13:28:40] [Server thread/INFO]: asdfasdfasdf1234 lost connection: Disconnected
[13:28:40] [Server thread/INFO]: asdfasdfasdf1234 left the game
[17:53:55] [User Authenticator #1/INFO]: UUID of player iatepancakes is 0f941c54-ac6d-3f20-b2bc-54be40e3bfda
[17:53:56] [Server thread/INFO]: iatepancakes joined the game
[17:53:56] [Server thread/INFO]: iatepancakes[/64.150.2.25:34490] logged in with entity id 1021 at ([world]347.195362892385, 62.9375, -2647.091562468237)
[17:54:08] [Craft Scheduler Thread - 498 - AuthMe/INFO]: [AuthMe] iatepancakes logged in 64.150.2.25
[17:56:39] [User Authenticator #2/INFO]: UUID of player bruv1000000 is 340982f7-da83-3cc3-af64-61a64286037a
[17:56:40] [Server thread/INFO]: bruv1000000 joined the game
[17:56:40] [Server thread/INFO]: bruv1000000[/64.150.2.26:41468] logged in with entity id 1417 at ([world]-2996.6934901208856, 67.9375, 536.2616340970055)
[17:56:48] [Craft Scheduler Thread - 510 - AuthMe/INFO]: [AuthMe] bruv1000000 used the wrong password
[17:56:48] [Server thread/INFO]: bruv1000000 lost connection: Wrong password!
[17:56:48] [Server thread/INFO]: bruv1000000 left the game
[17:56:51] [User Authenticator #2/INFO]: UUID of player bruv1000000 is 340982f7-da83-3cc3-af64-61a64286037a
[17:56:52] [Server thread/INFO]: bruv1000000 joined the game
[17:56:52] [Server thread/INFO]: bruv1000000[/64.150.2.26:39294] logged in with entity id 1550 at ([world]-2996.6934901208856, 67.9375, 536.2616340970055)
[17:56:59] [Craft Scheduler Thread - 514 - AuthMe/INFO]: [AuthMe] bruv1000000 used the wrong password
[17:56:59] [Server thread/INFO]: bruv1000000 lost connection: Wrong password!
[17:56:59] [Server thread/INFO]: bruv1000000 left the game
[17:57:01] [User Authenticator #2/INFO]: UUID of player bruv1000000 is 340982f7-da83-3cc3-af64-61a64286037a
[17:57:02] [Server thread/INFO]: bruv1000000 joined the game
[17:57:02] [Server thread/INFO]: bruv1000000[/64.150.2.26:54582] logged in with entity id 1583 at ([world]-2996.6934901208856, 67.9375, 536.2616340970055)
[17:57:04] [User Authenticator #2/INFO]: UUID of player Iwontgrief is 548ae2d0-0ba6-349c-9e18-44efa316b465
[17:57:05] [Server thread/INFO]: Iwontgrief joined the game
[17:57:05] [Server thread/INFO]: Iwontgrief[/64.150.2.24:54604] logged in with entity id 1590 at ([world]3959.371184409968, -38.0, -4943.937646472497)
[17:57:09] [Craft Scheduler Thread - 511 - AuthMe/INFO]: [AuthMe] The user bruv1000000 has 2 accounts:
[17:57:09] [Craft Scheduler Thread - 511 - AuthMe/INFO]: [AuthMe] §7§abruv1000000§7, cc588.
[17:57:09] [Craft Scheduler Thread - 511 - AuthMe/INFO]: [AuthMe] bruv1000000 logged in 64.150.2.26
[17:57:12] [Craft Scheduler Thread - 514 - AuthMe/INFO]: [AuthMe] The user Iwontgrief has 3 accounts:
[17:57:12] [Craft Scheduler Thread - 514 - AuthMe/INFO]: [AuthMe] §7§aIwontgrief§7, mundoispluh, ath818.
[17:57:12] [Craft Scheduler Thread - 514 - AuthMe/INFO]: [AuthMe] Iwontgrief logged in 64.150.2.24
[17:58:06] [User Authenticator #3/INFO]: UUID of player Yuvrajxd is f435e6d7-a032-3164-a81a-10125e1f4cb2
[17:58:07] [Server thread/INFO]: Yuvrajxd joined the game
[17:58:07] [Server thread/INFO]: Yuvrajxd[/64.150.2.25:42396] logged in with entity id 1944 at ([world]-2681.9004079647325, 68.5625, 1815.699999988079)
[17:58:11] [Craft Scheduler Thread - 512 - AuthMe/INFO]: [AuthMe] The user Yuvrajxd has 2 accounts:
[17:58:11] [Craft Scheduler Thread - 512 - AuthMe/INFO]: [AuthMe] §7§aYuvrajxd§7, §aiatepancakes§7.
[17:58:11] [Craft Scheduler Thread - 512 - AuthMe/INFO]: [AuthMe] Yuvrajxd logged in 64.150.2.25
[17:58:28] [Server thread/INFO]: Yuvrajxd issued server command: /team delete
[17:58:49] [Async Chat Thread - #1/INFO]: [Not Secure] [fdsa] <iatepancakes> titobi sucks begger L
[17:58:55] [Async Chat Thread - #1/INFO]: [Not Secure] [Sigma] <Yuvrajxd> :skull
[17:58:58] [Server thread/INFO]: bruv1000000 issued server command: /hi
[17:59:03] [Server thread/INFO]: Yuvrajxd issued server command: /team delete
[17:59:07] [Server thread/INFO]: Yuvrajxd issued server command: /team delhome
[17:59:10] [Server thread/INFO]: Yuvrajxd issued server command: /teammake
[17:59:13] [Server thread/INFO]: Yuvrajxd issued server command: /team create
[17:59:32] [Server thread/INFO]: Villager Villager['Leatherworker'/1436, uuid='7853eb2c-e692-4755-a25f-1d7936ed9f78', l='ServerLevel[world]', x=-2965.48, y=64.00, z=493.66, cpos=[-186, 30], tl=23577, v=true] died, message: 'Leatherworker was slain by Zombie'
[17:59:43] [Server thread/INFO]: Yuvrajxd issued server command: /team create Central Investigation of Minecraft
[17:59:46] [Server thread/INFO]: Yuvrajxd issued server command: /team leave
[17:59:53] [Server thread/INFO]: Yuvrajxd issued server command: /team create Central Investigation of Minecraft
[17:59:58] [Server thread/INFO]: Yuvrajxd issued server command: /team disband
[18:00:04] [User Authenticator #4/INFO]: UUID of player Semiboi is e6dc84f2-fb3f-3adf-aec2-71b99da4947f
[18:00:05] [Server thread/INFO]: Semiboi joined the game
[18:00:05] [Server thread/INFO]: Semiboi[/64.150.2.26:52782] logged in with entity id 2906 at ([world]7.5, 73.0, -2097.5)
[18:00:06] [Server thread/INFO]: Yuvrajxd issued server command: /team create Central Investigation of Minecraft
[18:00:09] [Server thread/INFO]: Yuvrajxd issued server command: /team disband
[18:00:11] [Craft Scheduler Thread - 518 - AuthMe/INFO]: [AuthMe] The user Semiboi has 3 accounts:
[18:00:11] [Craft Scheduler Thread - 518 - AuthMe/INFO]: [AuthMe] §7§aSemiboi§7, §abruv1000000§7, cc588.
[18:00:11] [Craft Scheduler Thread - 518 - AuthMe/INFO]: [AuthMe] Semiboi logged in 64.150.2.26
[18:00:13] [Server thread/INFO]: Yuvrajxd issued server command: /team disband
[18:00:21] [Server thread/INFO]: Yuvrajxd issued server command: /team create Central Investigation of Minecraft
[18:00:35] [Server thread/INFO]: Yuvrajxd issued server command: /team create Central Investigation
[18:00:42] [Server thread/INFO]: Yuvrajxd issued server command: /team create CIM
[18:00:48] [Server thread/INFO]: Semiboi lost connection: Timed out
[18:00:48] [Server thread/INFO]: Semiboi left the game
[18:01:48] [Async Chat Thread - #3/INFO]: [Not Secure] [CIM] <Yuvrajxd> i am the central investigation of minecraft
[18:01:54] [Async Chat Thread - #3/INFO]: [Not Secure] [fdsa] <iatepancakes> CIM
[18:01:56] [Server thread/INFO]: Villager Villager['Villager'/2901, uuid='c95c288d-7da9-45eb-81cc-c37d729074ee', l='ServerLevel[world]', x=-2974.64, y=88.00, z=282.30, cpos=[-186, 17], tl=1679, v=true] died, message: 'Villager was slain by Zombie'
[18:01:57] [Async Chat Thread - #3/INFO]: [Not Secure] [CIM] <Yuvrajxd> uh huh
[18:01:59] [Async Chat Thread - #3/INFO]: [Not Secure] [fdsa] <iatepancakes> I -> u
[18:02:01] [Async Chat Thread - #3/INFO]: [Not Secure] [fdsa] <iatepancakes> CUMMM
[18:02:42] [Async Chat Thread - #3/INFO]: [Not Secure] [CIM] <Yuvrajxd> GLOBAL ALERT: KILAS IS FR
[18:03:14] [Async Chat Thread - #3/INFO]: [Not Secure] [CIM] <Yuvrajxd> kai can we send a swat team over to your base
[18:03:33] [Server thread/INFO]: Yuvrajxd issued server command: /msg bruv1000000 can i send a swat team to ur base
[18:04:05] [Async Chat Thread - #3/INFO]: [Not Secure] [CIM] <Yuvrajxd> -2909 176
[18:04:07] [Async Chat Thread - #3/INFO]: [Not Secure] [CIM] <Yuvrajxd> kai coords
[18:04:10] [Async Chat Thread - #3/INFO]: [Not Secure] [fdsa] <iatepancakes> lol
[18:04:24] [Async Chat Thread - #3/INFO]: [Not Secure] [CIM] <Yuvrajxd> lolmao
[18:04:27] [Async Chat Thread - #3/INFO]: [Not Secure] [fdsa] <iatepancakes> fr
[18:06:02] [User Authenticator #5/INFO]: UUID of player Semiboi is e6dc84f2-fb3f-3adf-aec2-71b99da4947f
[18:06:03] [Server thread/INFO]: Semiboi joined the game
[18:06:03] [Server thread/INFO]: Semiboi[/64.150.2.26:55098] logged in with entity id 5419 at ([world]7.5851968870728745, 73.0, -2096.649027995008)
[18:06:10] [Craft Scheduler Thread - 526 - AuthMe/INFO]: [AuthMe] The user Semiboi has 3 accounts:
[18:06:10] [Craft Scheduler Thread - 526 - AuthMe/INFO]: [AuthMe] §7§aSemiboi§7, §abruv1000000§7, cc588.
[18:06:10] [Craft Scheduler Thread - 526 - AuthMe/INFO]: [AuthMe] Semiboi logged in 64.150.2.26
[18:06:11] [Server thread/INFO]: Iwontgrief has made the advancement [Not Today, Thank You]
[18:07:42] [Async Chat Thread - #5/INFO]: [Not Secure] [CIM] <Yuvrajxd> imagine caving rn
[18:07:45] [Async Chat Thread - #5/INFO]: [Not Secure] [fdsa] <iatepancakes> fr
[18:07:51] [Async Chat Thread - #5/INFO]: [Not Secure] [fdsa] <iatepancakes> jonas:
[18:08:02] [Async Chat Thread - #5/INFO]: [Not Secure] [fdsa] <iatepancakes> :skull:
[18:08:13] [Server thread/INFO]: Semiboi issued server command: /tpa Yuvrajxd
[18:09:08] [Server thread/INFO]: Yuvrajxd issued server command: /tpaccept
[18:11:03] [Server thread/INFO]: Semiboi issued server command: /home
[18:11:59] [Server thread/INFO]: Semiboi issued server command: /tpa Yuvrajxd
[18:12:07] [Server thread/INFO]: Yuvrajxd issued server command: /tpaccept
[18:14:22] [Server thread/INFO]: Semiboi has made the advancement [What a Deal!]
[18:14:57] [Async Chat Thread - #7/INFO]: [Not Secure] <Iwontgrief> admins give me 69 neherite blocks
[18:15:09] [Server thread/INFO]: iatepancakes lost connection: Disconnected
[18:15:09] [Server thread/INFO]: fdsa iatepancakes left the game
[18:16:04] [Server thread/INFO]: Yuvrajxd issued server command: /tpa Iwontgrief
[18:16:09] [User Authenticator #6/INFO]: UUID of player iatepancakes is 0f941c54-ac6d-3f20-b2bc-54be40e3bfda
[18:16:09] [Server thread/INFO]: iatepancakes joined the game
[18:16:09] [Server thread/INFO]: iatepancakes[/64.150.2.25:50988] logged in with entity id 10288 at ([world]1187.5475416082334, 69.53584062504456, -3250.071392130165)
[18:16:14] [Craft Scheduler Thread - 550 - AuthMe/INFO]: [AuthMe] The user iatepancakes has 2 accounts:
[18:16:14] [Craft Scheduler Thread - 550 - AuthMe/INFO]: [AuthMe] §7§aYuvrajxd§7, §aiatepancakes§7.
[18:16:14] [Craft Scheduler Thread - 550 - AuthMe/INFO]: [AuthMe] iatepancakes logged in 64.150.2.25
[18:20:35] [Server thread/INFO]: bruv1000000 issued server command: /seed
[18:21:57] [Server thread/INFO]: Semiboi issued server command: /tpa Yuvrajxd
[18:22:00] [Server thread/INFO]: Yuvrajxd issued server command: /tpaccept
[18:22:04] [Server thread/INFO]: iatepancakes issued server command: /tpa Semiboi
[18:23:03] [Server thread/INFO]: iatepancakes issued server command: /tpahere Semiboi
[18:24:14] [Server thread/INFO]: iatepancakes issued server command: /home base
[18:24:14] [Server thread/WARN]: iatepancakes moved too quickly! -150.4709712478969,0.0,1298.659255585881
[18:24:22] [Async Chat Thread - #9/INFO]: [Not Secure] [CIM] <Yuvrajxd> taxes pls
[18:24:27] [Async Chat Thread - #9/INFO]: [Not Secure] [CIM] <Yuvrajxd> pay up at 0 0 0
[18:25:33] [Server thread/INFO]: Yuvrajxd issued server command: /tpahere Semiboi
[18:25:35] [Server thread/INFO]: Semiboi issued server command: /tpa Yuvrajxd
[18:25:46] [Server thread/INFO]: Yuvrajxd issued server command: /tpaccept
[18:26:28] [Async Chat Thread - #11/INFO]: [Not Secure] [CIM] <Yuvrajxd> um sir it seems like there is some inconvenice going on at your location mr. iwontgrief
[18:26:36] [Async Chat Thread - #11/INFO]: [Not Secure] [CIM] <Yuvrajxd> we heard some very sus stuff
[18:26:39] [Async Chat Thread - #11/INFO]: [Not Secure] [fdsa] <iatepancakes> some vibrations and fast movement
[18:26:43] [Async Chat Thread - #11/INFO]: [Not Secure] [CIM] <Yuvrajxd> allg ood?a
[18:26:48] [Async Chat Thread - #11/INFO]: [Not Secure] [fdsa] <iatepancakes> allg ood
[18:27:06] [Server thread/INFO]: iatepancakes issued server command: /home base
[18:27:06] [Server thread/WARN]: iatepancakes moved too quickly! -191.93719663714893,-8.0,-78.9811038509838
[18:27:24] [Async Chat Thread - #11/INFO]: [Not Secure] [CIM] <Yuvrajxd> all ood sir?
[18:27:36] [Server thread/INFO]: Semiboi issued server command: /help
[18:27:48] [Server thread/INFO]: Semiboi issued server command: /help2
[18:27:54] [Server thread/INFO]: Semiboi issued server command: /help 2
[18:29:30] [Server thread/INFO]: Semiboi issued server command: /home
[18:29:54] [Server thread/INFO]: Iwontgrief has made the advancement [Best Friends Forever]
[18:29:58] [Server thread/INFO]: Villager Villager['Farmer'/15012, uuid='30b7eefb-66ad-4426-8363-12e3c918ea03', l='ServerLevel[world]', x=334.30, y=64.56, z=-2638.54, cpos=[20, -165], tl=71202, v=true] died, message: 'Farmer was slain by Zombie'
[18:30:21] [Server thread/INFO]: fdsa iatepancakes has made the advancement [Hot Stuff]
[18:30:29] [Async Chat Thread - #14/INFO]: [Not Secure] [CIM] <Yuvrajxd> silas is cheating
[18:30:33] [Async Chat Thread - #14/INFO]: [Not Secure] [fdsa] <iatepancakes> cap
[18:30:36] [Async Chat Thread - #13/INFO]: [Not Secure] [fdsa] <iatepancakes> ni-
[18:30:37] [Async Chat Thread - #13/INFO]: [Not Secure] [CIM] <Yuvrajxd> ./report iatepancakes hack
[18:33:23] [Server thread/INFO]: Semiboi issued server command: /home
[18:33:47] [Server thread/INFO]: Semiboi issued server command: /tpa Iwontgrief
[18:33:51] [Server thread/INFO]: Iwontgrief issued server command: /tpaccept
[18:33:51] [Server thread/WARN]: Semiboi moved too quickly! 3993.030796141392,-3.0,-2286.8349802986195
[18:34:27] [Server thread/INFO]: Semiboi issued server command: /home
[18:34:42] [Server thread/INFO]: Semiboi issued server command: /tpa Iwontgrief
[18:34:45] [Server thread/INFO]: Iwontgrief issued server command: /tpaccept
[18:34:45] [Server thread/WARN]: Semiboi moved too quickly! 3986.4440467350737,-2.0,-2279.5554859728772
[18:34:55] [Server thread/INFO]: Semiboi issued server command: /home\
[18:34:56] [Server thread/INFO]: Yuvrajxd issued server command: /home home
[18:34:57] [Server thread/INFO]: Semiboi issued server command: /home
[18:35:21] [Server thread/INFO]: bruv1000000 issued server command: /tpa Iwontgrief
[18:35:24] [Server thread/INFO]: Yuvrajxd issued server command: /tpa Iwontgrief
[18:35:27] [Server thread/INFO]: Iwontgrief issued server command: /tpaccept
[18:35:27] [Server thread/WARN]: Yuvrajxd moved too quickly! 6720.600982627877,30.0,-6182.361968702078
[18:35:36] [Server thread/INFO]: Yuvrajxd issued server command: /home home
[18:35:36] [Server thread/WARN]: Yuvrajxd moved too quickly! -6721.7552954437015,-30.0,6183.146867985526
[18:35:40] [Server thread/INFO]: Iwontgrief issued server command: /tpaccept bruv1000000
[18:35:45] [Async Chat Thread - #15/INFO]: [Not Secure] [fdsa] <iatepancakes> a
[18:36:08] [Server thread/INFO]: Yuvrajxd issued server command: /tpa
[18:36:18] [Server thread/INFO]: Semiboi issued server command: /tpa Iwontgrief
[18:36:29] [Server thread/INFO]: iatepancakes lost connection: Disconnected
[18:36:29] [Server thread/INFO]: fdsa iatepancakes left the game
[18:36:36] [Server thread/INFO]: Yuvrajxd issued server command: /tpa\
[18:36:37] [Server thread/INFO]: Iwontgrief was slain by asdf bruv1000000
[18:36:52] [User Authenticator #7/INFO]: UUID of player iatepancakes is 0f941c54-ac6d-3f20-b2bc-54be40e3bfda
[18:36:52] [Server thread/INFO]: iatepancakes joined the game
[18:36:52] [Server thread/INFO]: iatepancakes[/64.150.2.25:35588] logged in with entity id 22818 at ([world]975.5174811085586, 65.0, -2225.4497764367948)
[18:36:56] [Async Chat Thread - #17/INFO]: [Not Secure] <Iwontgrief> KILL KAI FOR 24 DIAMONDS
[18:36:56] [Server thread/INFO]: Yuvrajxd issued server command: /tpa iw
[18:36:58] [Craft Scheduler Thread - 589 - AuthMe/INFO]: [AuthMe] The user iatepancakes has 2 accounts:
[18:36:58] [Craft Scheduler Thread - 589 - AuthMe/INFO]: [AuthMe] §7§aYuvrajxd§7, §aiatepancakes§7.
[18:36:58] [Craft Scheduler Thread - 589 - AuthMe/INFO]: [AuthMe] iatepancakes logged in 64.150.2.25
[18:36:58] [Server thread/INFO]: Iwontgrief issued server command: /tpaccept
[18:37:07] [Server thread/INFO]: Iwontgrief was slain by CIM Yuvrajxd
[18:37:08] [Server thread/INFO]: Semiboi issued server command: /tpa iatepancakes
[18:37:11] [Server thread/INFO]: Iwontgrief issued server command: /tpa bruv1000000
[18:37:15] [Server thread/INFO]: bruv1000000 issued server command: /tpaccept
[18:37:15] [Server thread/INFO]: Semiboi issued server command: /tpacancel
[18:37:17] [Server thread/INFO]: iatepancakes issued server command: /tpaccept
[18:37:21] [Server thread/INFO]: Iwontgrief was slain by asdf bruv1000000
[18:37:41] [Server thread/INFO]: Iwontgrief was slain by CIM Yuvrajxd
[18:37:49] [Server thread/INFO]: iatepancakes issued server command: /tpahere Semiboi
[18:37:55] [Server thread/INFO]: Iwontgrief issued server command: /tpa bruv1000000
[18:37:55] [Server thread/INFO]: Yuvrajxd issued server command: /homes
[18:37:56] [Server thread/INFO]: bruv1000000 issued server command: /tpaccept
[18:37:56] [Server thread/WARN]: Iwontgrief moved too quickly! 3884.053981031845,-37.0,-3997.357963236215
[18:37:56] [Server thread/WARN]: Iwontgrief moved too quickly! 3884.053981031845,-37.0,-3997.357963236215
[18:37:57] [Server thread/INFO]: Semiboi issued server command: /tpaccept
[18:38:33] [Server thread/INFO]: Yuvrajxd issued server command: /home home
[18:38:33] [Server thread/WARN]: Yuvrajxd moved too quickly! -2844.1962520700476,-31.0,2137.3105457562215
[18:38:37] [Server thread/INFO]: Yuvrajxd issued server command: /team echest
[18:38:38] [Server thread/INFO]: Semiboi issued server command: /home
[18:38:43] [Server thread/INFO]: Villager Villager['Armorer'/23553, uuid='e909d79b-a4e3-40ac-9500-a6a6ef10a280', l='ServerLevel[world]', x=-2683.10, y=68.00, z=1815.42, cpos=[-168, 113], tl=154555, v=true] died, message: 'Armorer was slain by Zombie'
[18:38:56] [Server thread/INFO]: Yuvrajxd issued server command: /team echest
[18:39:02] [Server thread/INFO]: Iwontgrief was shot by Skeleton
[18:39:20] [Server thread/INFO]: Iwontgrief issued server command: /tpa Yuvrajxd
[18:39:27] [Server thread/INFO]: Yuvrajxd issued server command: /tpdeny
[18:39:27] [Server thread/INFO]: [Essentials] Yuvrajxd was denied access to command.
[18:39:32] [Server thread/INFO]: iatepancakes issued server command: /tpahere Yuvrajxd
[18:39:37] [Server thread/INFO]: Iwontgrief lost connection: Disconnected
[18:39:37] [Server thread/INFO]: Iwontgrief left the game
[18:39:42] [Server thread/INFO]: Yuvrajxd lost connection: Disconnected
[18:39:42] [Server thread/INFO]: CIM Yuvrajxd left the game
[18:40:12] [Server thread/INFO]: iatepancakes issued server command: /home base
[18:40:32] [Server thread/INFO]: Semiboi issued server command: /home
[18:41:52] [Server thread/INFO]: bruv1000000 lost connection: Disconnected
[18:41:52] [Server thread/INFO]: asdf bruv1000000 left the game
[18:41:53] [Server thread/INFO]: iatepancakes lost connection: Disconnected
[18:41:53] [Server thread/INFO]: fdsa iatepancakes left the game
[18:41:59] [Server thread/INFO]: Semiboi lost connection: Disconnected
[18:41:59] [Server thread/INFO]: Semiboi left the game
[20:19:16] [User Authenticator #8/INFO]: UUID of player mundoispluh is f3d50001-5a5f-381b-ae5d-981c0d9d0f1f
[20:19:17] [Server thread/INFO]: mundoispluh joined the game
[20:19:17] [Server thread/INFO]: mundoispluh[/64.150.2.24:45160] logged in with entity id 25639 at ([world]12.434191472312053, 67.0, -2095.300000011921)
[20:19:34] [Server thread/INFO]: mundoispluh lost connection: Disconnected
[20:19:34] [Server thread/INFO]: mundoispluh left the game
[20:19:58] [User Authenticator #8/INFO]: UUID of player mundoispluh is f3d50001-5a5f-381b-ae5d-981c0d9d0f1f
[20:19:58] [User Authenticator #8/INFO]: UUID of player Semiboi is e6dc84f2-fb3f-3adf-aec2-71b99da4947f
[20:19:59] [Server thread/INFO]: mundoispluh joined the game
[20:19:59] [Server thread/INFO]: mundoispluh[/64.150.2.24:39654] logged in with entity id 25816 at ([world]12.434191472312053, 67.0, -2095.300000011921)
[20:19:59] [Server thread/INFO]: Semiboi joined the game
[20:19:59] [Server thread/INFO]: Semiboi[/64.150.2.26:39658] logged in with entity id 25817 at ([world]1.6156556599798186, 73.0, -2097.4924469334937)
[20:20:16] [Craft Scheduler Thread - 774 - AuthMe/INFO]: [AuthMe] The user mundoispluh has 3 accounts:
[20:20:16] [Craft Scheduler Thread - 774 - AuthMe/INFO]: [AuthMe] §7iwontgrief, §amundoispluh§7, ath818.
[20:20:16] [Craft Scheduler Thread - 774 - AuthMe/INFO]: [AuthMe] mundoispluh logged in 64.150.2.24
[20:20:24] [Craft Scheduler Thread - 774 - AuthMe/INFO]: [AuthMe] The user Semiboi has 3 accounts:
[20:20:24] [Craft Scheduler Thread - 774 - AuthMe/INFO]: [AuthMe] §7§aSemiboi§7, bruv1000000, cc588.
[20:20:24] [Craft Scheduler Thread - 774 - AuthMe/INFO]: [AuthMe] Semiboi logged in 64.150.2.26
[20:21:45] [User Authenticator #9/INFO]: UUID of player bruv1000000 is 340982f7-da83-3cc3-af64-61a64286037a
[20:21:46] [Server thread/INFO]: bruv1000000 joined the game
[20:21:46] [Server thread/INFO]: bruv1000000[/64.150.2.26:40588] logged in with entity id 26201 at ([world]4014.2550660240154, -46.0, -4362.96805297578)
[20:21:51] [Craft Scheduler Thread - 776 - AuthMe/INFO]: [AuthMe] The user bruv1000000 has 3 accounts:
[20:21:51] [Craft Scheduler Thread - 776 - AuthMe/INFO]: [AuthMe] §7§aSemiboi§7, §abruv1000000§7, cc588.
[20:21:51] [Craft Scheduler Thread - 776 - AuthMe/INFO]: [AuthMe] bruv1000000 logged in 64.150.2.26
[20:22:02] [Server thread/INFO]: bruv1000000 issued server command: /w
[20:22:20] [Server thread/INFO]: bruv1000000 issued server command: /w mundoispluh can i tp to you so i can jump titobi
[20:24:40] [User Authenticator #10/INFO]: UUID of player iatepancakes is 0f941c54-ac6d-3f20-b2bc-54be40e3bfda
[20:24:41] [Server thread/INFO]: iatepancakes joined the game
[20:24:41] [Server thread/INFO]: iatepancakes[/64.150.2.25:41778] logged in with entity id 27382 at ([world]341.54363215928726, 63.0, -2648.699999988079)
[20:24:46] [Craft Scheduler Thread - 783 - AuthMe/INFO]: [AuthMe] The user iatepancakes has 2 accounts:
[20:24:46] [Craft Scheduler Thread - 783 - AuthMe/INFO]: [AuthMe] §7yuvrajxd, §aiatepancakes§7.
[20:24:46] [Craft Scheduler Thread - 783 - AuthMe/INFO]: [AuthMe] iatepancakes logged in 64.150.2.25
[20:28:35] [Server thread/INFO]: iatepancakes lost connection: Disconnected
[20:28:35] [Server thread/INFO]: fdsa iatepancakes left the game
[20:28:53] [User Authenticator #11/INFO]: UUID of player iatepancakes is 0f941c54-ac6d-3f20-b2bc-54be40e3bfda
[20:28:54] [Server thread/INFO]: iatepancakes joined the game
[20:28:54] [Server thread/INFO]: iatepancakes[/64.150.2.25:46120] logged in with entity id 29207 at ([world]475.78769460621515, 74.0, -2476.0233949974195)
[20:29:02] [Craft Scheduler Thread - 793 - AuthMe/INFO]: [AuthMe] The user iatepancakes has 2 accounts:
[20:29:02] [Craft Scheduler Thread - 793 - AuthMe/INFO]: [AuthMe] §7yuvrajxd, §aiatepancakes§7.
[20:29:02] [Craft Scheduler Thread - 793 - AuthMe/INFO]: [AuthMe] iatepancakes logged in 64.150.2.25
[20:29:45] [Server thread/INFO]: iatepancakes issued server command: /tpa mundoispluh
[20:29:56] [Async Chat Thread - #19/INFO]: [Not Secure] [fdsa] <iatepancakes> accept
[20:36:47] [Server thread/INFO]: Semiboi lost connection: Disconnected
[20:36:47] [Server thread/INFO]: Semiboi left the game
[20:37:04] [User Authenticator #12/INFO]: UUID of player Semiboi is e6dc84f2-fb3f-3adf-aec2-71b99da4947f
[20:37:04] [Server thread/INFO]: Semiboi joined the game
[20:37:04] [Server thread/INFO]: Semiboi[/64.150.2.26:36806] logged in with entity id 31967 at ([world]5.10383485697864, 73.0, -2088.6804133655596)
[20:37:12] [Craft Scheduler Thread - 808 - AuthMe/INFO]: [AuthMe] The user Semiboi has 3 accounts:
[20:37:12] [Craft Scheduler Thread - 808 - AuthMe/INFO]: [AuthMe] §7§aSemiboi§7, §abruv1000000§7, cc588.
[20:37:12] [Craft Scheduler Thread - 808 - AuthMe/INFO]: [AuthMe] Semiboi logged in 64.150.2.26
[20:41:25] [Server thread/INFO]: bruv1000000 lost connection: Disconnected
[20:41:25] [Server thread/INFO]: asdf bruv1000000 left the game
[20:41:27] [User Authenticator #13/INFO]: UUID of player bruv1000000 is 340982f7-da83-3cc3-af64-61a64286037a
[20:41:28] [Server thread/INFO]: bruv1000000 joined the game
[20:41:28] [Server thread/INFO]: bruv1000000[/64.150.2.26:37410] logged in with entity id 32968 at ([world]3986.447884452113, -49.0, -4224.293623065862)
[20:41:32] [Craft Scheduler Thread - 807 - AuthMe/INFO]: [AuthMe] bruv1000000 used the wrong password
[20:41:32] [Server thread/INFO]: bruv1000000 lost connection: Wrong password!
[20:41:32] [Server thread/INFO]: bruv1000000 left the game
[20:41:34] [User Authenticator #13/INFO]: UUID of player bruv1000000 is 340982f7-da83-3cc3-af64-61a64286037a
[20:41:34] [Server thread/INFO]: bruv1000000 joined the game
[20:41:34] [Server thread/INFO]: bruv1000000[/64.150.2.26:60472] logged in with entity id 33002 at ([world]3986.447884452113, -49.0, -4224.293623065862)
[20:41:38] [Craft Scheduler Thread - 814 - AuthMe/INFO]: [AuthMe] The user bruv1000000 has 3 accounts:
[20:41:38] [Craft Scheduler Thread - 814 - AuthMe/INFO]: [AuthMe] §7§aSemiboi§7, §abruv1000000§7, cc588.
[20:41:38] [Craft Scheduler Thread - 814 - AuthMe/INFO]: [AuthMe] bruv1000000 logged in 64.150.2.26
[20:46:20] [Async Chat Thread - #21/INFO]: [Not Secure] <mundoispluh> jimmy has a pink gyatt and is a nigg4r
[20:46:24] [Async Chat Thread - #21/INFO]: [Not Secure] [fdsa] <iatepancakes> REAL
[20:47:08] [Server thread/INFO]: iatepancakes lost connection: Disconnected
[20:47:08] [Server thread/INFO]: fdsa iatepancakes left the game
[20:47:16] [Async Chat Thread - #21/INFO]: [Not Secure] <mundoispluh> jimmy likes cock
[20:47:21] [Async Chat Thread - #21/INFO]: [Not Secure] <mundoispluh> (the chicken ofc)
[20:47:24] [User Authenticator #14/INFO]: UUID of player iatepancakes is 0f941c54-ac6d-3f20-b2bc-54be40e3bfda
[20:47:25] [Server thread/INFO]: iatepancakes joined the game
[20:47:25] [Server thread/INFO]: iatepancakes[/64.150.2.25:54100] logged in with entity id 34677 at ([world]344.1586827253932, 63.0, -2648.000764535088)
[20:47:29] [Craft Scheduler Thread - 828 - AuthMe/INFO]: [AuthMe] The user iatepancakes has 2 accounts:
[20:47:29] [Craft Scheduler Thread - 828 - AuthMe/INFO]: [AuthMe] §7yuvrajxd, §aiatepancakes§7.
[20:47:29] [Craft Scheduler Thread - 828 - AuthMe/INFO]: [AuthMe] iatepancakes logged in 64.150.2.25
[20:47:49] [Async Chat Thread - #22/INFO]: [Not Secure] <mundoispluh> pluhhhhhhhhhhhhhhhhhhhhhhhhhhhhhhhhhhhhhhhhhhhhhhhhhhhhhhhhhhhhhhhhhhhhhhhhhhhhhhhhhhhhhhhhhhhhhhhhhhhhhhhhhhhhhhhhhhhhhhhhhhhhhhhhhhhhhhhhhhhhhhhhhhhhhhhhhhhhhhhhhhhhhhhhhhhhhhhhhhhhhhhhhhhhhhhhhhhhhhhhhhhhhhhhhhhhhhhhhhhhhhhhhhhhhhhhhhhhhhhhhhhhhhhhhhhhh
[20:50:06] [Server thread/INFO]: iatepancakes issued server command: /home base
[20:50:06] [Server thread/WARN]: iatepancakes moved too quickly! -79.76660467267106,-7.0,-52.76775829303324
[20:50:06] [Server thread/WARN]: iatepancakes moved too quickly! -79.76660467267106,-7.0,-52.76775829303324
[20:52:37] [Server thread/INFO]: mundoispluh has made the advancement [A Terrible Fortress]
[20:52:49] [Server thread/INFO]: iatepancakes issued server command: /tpa mundoispluh
[20:53:34] [Server thread/INFO]: mundoispluh has made the advancement [Into Fire]
[20:54:11] [Server thread/INFO]: Semiboi issued server command: /home
[20:54:18] [Server thread/INFO]: bruv1000000 issued server command: /top
[20:54:18] [Server thread/INFO]: [Essentials] bruv1000000 was denied access to command.
[20:54:32] [Server thread/INFO]: bruv1000000 issued server command: /tpa spawn
[20:54:34] [Server thread/INFO]: bruv1000000 issued server command: /spawn
[20:54:38] [Server thread/INFO]: bruv1000000 issued server command: /warp smp
[20:55:06] [Server thread/INFO]: iatepancakes issued server command: /tpa mundoispluh
[20:55:06] [Server thread/INFO]: Semiboi fell from a high place
[20:55:07] [Server thread/INFO]: iatepancakes issued server command: /home base
[20:55:07] [Server thread/WARN]: iatepancakes moved too quickly! -555.9110748408438,0.0,187.9584975827015
[20:55:09] [Server thread/INFO]: Semiboi issued server command: /back
[20:57:18] [Server thread/INFO]: Semiboi issued server command: /tpa mundoispluh
[20:57:36] [Server thread/INFO]: mundoispluh issued server command: /tpaccept
[20:57:36] [Server thread/WARN]: Semiboi moved too quickly! -43.38551343998404,0.0,16.15480650241281
[20:58:25] [Server thread/INFO]: Villager Villager['Fletcher'/38737, uuid='484919b2-ac30-493f-8265-bf53690292b6', l='ServerLevel[world]', x=377.70, y=70.00, z=-2607.30, cpos=[23, -163], tl=107894, v=true] died, message: 'Fletcher was slain by Zombie Villager'
[21:00:29] [Server thread/INFO]: Semiboi lost connection: Disconnected
[21:00:29] [Server thread/INFO]: Semiboi left the game
[21:00:44] [Server thread/INFO]: bruv1000000 lost connection: Disconnected
[21:00:44] [Server thread/INFO]: asdf bruv1000000 left the game
[21:04:56] [User Authenticator #15/INFO]: UUID of player bruv1000000 is 340982f7-da83-3cc3-af64-61a64286037a
[21:04:57] [Server thread/INFO]: bruv1000000 joined the game
[21:04:57] [Server thread/INFO]: bruv1000000[/64.150.2.26:44434] logged in with entity id 42185 at ([world]242.30000001192093, -20.0, -947.6999999880791)
[21:05:02] [Server thread/INFO]: bruv1000000 lost connection: Disconnected
[21:05:02] [Server thread/INFO]: asdf bruv1000000 left the game
[21:05:10] [User Authenticator #15/INFO]: UUID of player bruv1000000 is 340982f7-da83-3cc3-af64-61a64286037a
[21:05:10] [Server thread/INFO]: bruv1000000 joined the game
[21:05:10] [Server thread/INFO]: bruv1000000[/64.150.2.26:33342] logged in with entity id 42301 at ([world]242.30000001192093, -20.0, -947.6999999880791)
[21:05:14] [Craft Scheduler Thread - 856 - AuthMe/INFO]: [AuthMe] The user bruv1000000 has 3 accounts:
[21:05:14] [Craft Scheduler Thread - 856 - AuthMe/INFO]: [AuthMe] §7semiboi, §abruv1000000§7, cc588.
[21:05:14] [Craft Scheduler Thread - 856 - AuthMe/INFO]: [AuthMe] bruv1000000 logged in 64.150.2.26
[21:08:48] [Server thread/INFO]: mundoispluh has made the advancement [Enchanter]
[21:09:09] [Server thread/INFO]: iatepancakes issued server command: /tpa bruv1000000
[21:09:12] [Server thread/INFO]: bruv1000000 issued server command: /tpaccept
[21:13:26] [Server thread/INFO]: iatepancakes issued server command: /tpa bruv1000000
[21:13:34] [Server thread/INFO]: bruv1000000 issued server command: /tpaccept
[21:14:03] [Server thread/INFO]: iatepancakes issued server command: /home base
[21:14:03] [Server thread/WARN]: iatepancakes moved too quickly! 25.020128615597912,90.0,-1651.647870743707
[21:15:38] [Server thread/INFO]: iatepancakes lost connection: Disconnected
[21:15:38] [Server thread/INFO]: fdsa iatepancakes left the game
[21:17:52] [Async Chat Thread - #24/INFO]: [Not Secure] <mundoispluh> Pigstep, NAHHHHH. Niggstep
[21:18:31] [User Authenticator #16/INFO]: UUID of player iatepancakes is 0f941c54-ac6d-3f20-b2bc-54be40e3bfda
[21:18:31] [Server thread/INFO]: iatepancakes joined the game
[21:18:31] [Server thread/INFO]: iatepancakes[/64.150.2.25:52116] logged in with entity id 45925 at ([world]344.16176881806047, 63.0, -2671.3683756118453)
[21:18:36] [Craft Scheduler Thread - 888 - AuthMe/INFO]: [AuthMe] The user iatepancakes has 2 accounts:
[21:18:36] [Craft Scheduler Thread - 888 - AuthMe/INFO]: [AuthMe] §7yuvrajxd, §aiatepancakes§7.
[21:18:36] [Craft Scheduler Thread - 888 - AuthMe/INFO]: [AuthMe] iatepancakes logged in 64.150.2.25
[21:20:07] [Server thread/INFO]: bruv1000000 lost connection: Disconnected
[21:20:07] [Server thread/INFO]: asdf bruv1000000 left the game
[21:20:09] [User Authenticator #17/INFO]: UUID of player Semiboi is e6dc84f2-fb3f-3adf-aec2-71b99da4947f
[21:20:10] [Server thread/INFO]: Semiboi joined the game
[21:20:10] [Server thread/INFO]: Semiboi[/64.150.2.24:52620] logged in with entity id 46782 at ([world_nether]-2.5837138937133557, 60.0, -220.4035919410277)
[21:20:17] [Craft Scheduler Thread - 893 - AuthMe/INFO]: [AuthMe] The user Semiboi has 4 accounts:
[21:20:17] [Craft Scheduler Thread - 893 - AuthMe/INFO]: [AuthMe] §7§aSemiboi§7, iwontgrief, §amundoispluh§7, ath818.
[21:20:17] [Craft Scheduler Thread - 893 - AuthMe/INFO]: [AuthMe] Semiboi logged in 64.150.2.24
[21:20:46] [Server thread/INFO]: Semiboi issued server command: /tpa mundoispluh
[21:20:56] [Server thread/INFO]: mundoispluh issued server command: /tpaccept
[21:28:42] [Server thread/INFO]: fdsa iatepancakes was doomed to fall
[21:28:50] [Server thread/INFO]: iatepancakes issued server command: /back
[21:30:42] [Server thread/INFO]: iatepancakes issued server command: /tpahere Semiboi
[21:30:54] [Server thread/INFO]: Semiboi issued server command: /tpaccept
[21:31:21] [Server thread/INFO]: Semiboi issued server command: /home
[21:31:49] [Server thread/INFO]: mundoispluh has made the advancement [Glow and Behold!]
[21:32:40] [Server thread/INFO]: Semiboi issued server command: /tpa iatepancakes
[21:32:45] [Server thread/INFO]: iatepancakes issued server command: /tpacce
[21:32:47] [Server thread/INFO]: iatepancakes issued server command: /tpaccept
[21:34:30] [Server thread/INFO]: Semiboi issued server command: /hopme
[21:34:32] [Server thread/INFO]: Semiboi was slain by Piglin Brute
[21:34:36] [Server thread/INFO]: Semiboi issued server command: /back
[21:34:39] [Server thread/INFO]: Semiboi was slain by Piglin Brute
[21:34:42] [Server thread/INFO]: Semiboi issued server command: /back
[21:34:55] [Server thread/INFO]: Semiboi issued server command: /home
[21:35:07] [Server thread/INFO]: iatepancakes issued server command: /home base
[21:35:18] [Server thread/INFO]: Semiboi issued server command: /back
[21:35:29] [Server thread/INFO]: Semiboi issued server command: /hoem
[21:35:30] [Server thread/INFO]: Semiboi was slain by Piglin Brute
[21:35:33] [Server thread/INFO]: Semiboi issued server command: /back
[21:35:34] [Server thread/INFO]: Semiboi was slain by Piglin Brute
[21:35:38] [Server thread/INFO]: Semiboi issued server command: /bck
[21:35:41] [Server thread/INFO]: Semiboi issued server command: /back
[21:35:48] [Server thread/INFO]: Semiboi was slain by Hoglin
[21:35:52] [Server thread/INFO]: Semiboi issued server command: /bacbk
[21:35:54] [Server thread/INFO]: Semiboi issued server command: /back
[21:36:00] [Server thread/INFO]: Semiboi was slain by Hoglin
[21:36:03] [Server thread/INFO]: Semiboi issued server command: /back
[21:36:19] [Server thread/INFO]: Semiboi was slain by Hoglin
[21:36:19] [Server thread/INFO]: mundoispluh issued server command: /sethome
[21:36:21] [Server thread/INFO]: Semiboi issued server command: /back
[21:36:22] [Server thread/INFO]: mundoispluh issued server command: /home
[21:36:26] [Server thread/INFO]: Semiboi was slain by Hoglin
[21:36:29] [Server thread/INFO]: Semiboi issued server command: /back
[21:36:32] [Server thread/INFO]: mundoispluh issued server command: /tpa Semiboi
[21:36:34] [Server thread/INFO]: Semiboi issued server command: /tpaccept
[21:36:34] [Server thread/INFO]: mundoispluh has made the advancement [Those Were the Days]
[21:36:45] [Server thread/INFO]: Semiboi was slain by Hoglin
[21:36:48] [Server thread/INFO]: Semiboi issued server command: /back
[21:36:54] [Server thread/INFO]: mundoispluh was slain by Piglin Brute
[21:36:57] [Async Chat Thread - #25/INFO]: [Not Secure] [fdsa] <iatepancakes> LMAO
[21:36:59] [Server thread/INFO]: mundoispluh issued server command: /BACK
[21:37:01] [Server thread/INFO]: Semiboi issued server command: /home
[21:37:02] [Server thread/INFO]: mundoispluh issued server command: /back
[21:37:18] [Server thread/INFO]: Semiboi issued server command: /back
[21:37:22] [Server thread/INFO]: mundoispluh was slain by Hoglin
[21:37:27] [Server thread/INFO]: mundoispluh issued server command: /back
[21:37:27] [Server thread/INFO]: Semiboi was slain by Piglin Brute
[21:37:29] [Async Chat Thread - #25/INFO]: [Not Secure] [fdsa] <iatepancakes> death counter error
[21:37:31] [Server thread/INFO]: Semiboi issued server command: /back
[21:37:40] [Server thread/INFO]: Semiboi issued server command: /home
[21:37:52] [Server thread/INFO]: mundoispluh was slain by Piglin
[21:37:57] [Server thread/INFO]: mundoispluh issued server command: /back
[21:38:12] [Server thread/INFO]: iatepancakes issued server command: /tpa mundoispluh
[21:38:17] [Server thread/INFO]: mundoispluh issued server command: /home'
[21:38:18] [Server thread/INFO]: mundoispluh was slain by Piglin Brute
[21:38:32] [Server thread/INFO]: mundoispluh issued server command: /back
[21:38:37] [Server thread/INFO]: Semiboi issued server command: /back
[21:38:40] [Server thread/INFO]: mundoispluh was slain by Piglin Brute
[21:38:45] [Server thread/INFO]: Semiboi was slain by Piglin Brute
[21:38:48] [Server thread/INFO]: mundoispluh issued server command: /back
[21:38:49] [Server thread/INFO]: Semiboi issued server command: /back
[21:39:09] [Server thread/INFO]: iatepancakes issued server command: /tpa mundoispluh
[21:39:11] [Server thread/INFO]: mundoispluh issued server command: /home
[21:39:22] [Server thread/INFO]: Villager Villager['Nitwit'/50097, uuid='893d9e4a-f256-4704-8c1c-6bb6f13bea97', l='ServerLevel[world]', x=350.68, y=68.00, z=-2625.44, cpos=[21, -165], tl=117774, v=true] died, message: 'Nitwit was slain by Zombie'
[21:39:23] [Server thread/INFO]: Semiboi has made the advancement [War Pigs]
[21:39:27] [Server thread/INFO]: iatepancakes issued server command: /tpa Semiboi
[21:39:37] [Server thread/INFO]: Semiboi issued server command: /back
[21:39:55] [Server thread/INFO]: mundoispluh issued server command: /tpa iatepancakes
[21:39:59] [Server thread/INFO]: iatepancakes issued server command: /tpa mundoispluh
[21:40:00] [Server thread/INFO]: Semiboi issued server command: /back
[21:40:07] [Server thread/INFO]: mundoispluh issued server command: /tpa Semiboi
[21:40:17] [Server thread/INFO]: Semiboi issued server command: /tpaccept
[21:40:20] [Server thread/INFO]: Semiboi was slain by Hoglin
[21:40:21] [Server thread/INFO]: iatepancakes issued server command: /tpa mundoispluh
[21:40:23] [Server thread/INFO]: Semiboi issued server command: /back
[21:40:32] [Server thread/INFO]: mundoispluh issued server command: /home
[21:40:32] [Server thread/INFO]: iatepancakes issued server command: /tpa Semiboi
[21:41:19] [Server thread/INFO]: Semiboi was slain by Piglin Brute
[21:41:22] [Server thread/INFO]: Semiboi issued server command: /back
[21:41:24] [Server thread/INFO]: Semiboi was slain by Piglin Brute
[21:41:28] [Server thread/INFO]: Semiboi issued server command: /back
[21:41:37] [Server thread/INFO]: Semiboi issued server command: /back
[21:41:51] [Server thread/INFO]: iatepancakes lost connection: Disconnected
[21:41:51] [Server thread/INFO]: fdsa iatepancakes left the game
[21:42:01] [Server thread/INFO]: mundoispluh lost connection: Disconnected
[21:42:01] [Server thread/INFO]: mundoispluh left the game
[21:42:03] [Server thread/INFO]: Semiboi lost connection: Disconnected
[21:42:03] [Server thread/INFO]: Semiboi left the game
